2026-09-17 20:30:24.421 - system_controller - INFO - Registered Worker Manager (id: 'worker_manager')
2026-09-17 20:30:24.431 - server_metrics_manager - INFO - Server Metrics: Discovered 1 endpoints: ['http://localhost:8000/metrics']
2026-09-17 20:30:24.440 - system_controller - INFO - Registered Gpu Telemetry Manager (id: 'gpu_telemetry_manager')
2026-09-17 20:30:24.446 - system_controller - INFO - Registered Dataset Manager (id: 'dataset_manager')
2026-09-17 20:30:24.452 - GPUTelemetryJSONLWriter_9770bf1c - INFO - GPU telemetry export enabled: /root/llm_perf/artifacts/20260917_203021_RedHatAI_GLM-5.3-Flash-NVFP4_c1,4,16,32/profile_runs/trial_0001/concurrency_1/gpu_telemetry_export.jsonl
2026-09-17 20:30:24.458 - OTelMetricsResultsProcessor_8bf71863 - INFO - Telemetry streaming is disabled (set --otel-url and/or --mlflow-tracking-uri to enable)
2026-09-17 20:30:24.459 - RecordExportJSONLWriter_1784a395 - INFO - Record metrics export enabled: /root/llm_perf/artifacts/20260917_203021_RedHatAI_GLM-5.3-Flash-NVFP4_c1,4,16,32/profile_runs/trial_0001/concurrency_1/profile_export.jsonl
2026-09-17 20:30:24.483 - system_controller - INFO - Registered Records Manager (id: 'records_manager')
2026-09-17 20:30:24.514 - system_controller - INFO - Registered Timing Manager (id: 'timing_manager')
2026-09-17 20:30:24.525 - system_controller - INFO - Registered Worker (id: 'worker_b3533238')
2026-09-17 20:30:24.558 - system_controller - INFO - Registered Record Processor (id: 'record_processor_eb1f9e79')
2026-09-17 20:30:24.558 - system_controller - INFO - Registered Server Metrics Manager (id: 'server_metrics_manager')
2026-09-17 20:30:24.917 - system_controller - INFO - AIPerf System is CONFIGURING
2026-09-17 20:30:24.917 - system_controller - INFO - Configuring all services to start profiling
2026-09-17 20:30:24.918 - timing_manager - INFO - Waiting for dataset to be configured before configuring timing
2026-09-17 20:30:24.918 - InferenceResultParser_a5c94725 - INFO - Tokenization is disabled for this endpoint, skipping tokenizer configuration
2026-09-17 20:30:24.918 - dataset_manager - INFO - Configuring tokenizer(s) for dataset manager
2026-09-17 20:30:24.927 - server_metrics_manager - INFO - Server Metrics: Capturing baseline metrics...
2026-09-17 20:30:24.929 - gpu_telemetry_manager - INFO - GPU Telemetry: Capturing baseline metrics from pynvml://localhost
2026-09-17 20:30:24.937 - pynvml_collector - INFO - PyNVML initialized with 1 GPU(s) (1 with GPM support)
2026-09-17 20:30:24.950 - system_controller - INFO - DCGM telemetry enabled - 1/1 endpoint(s) reachable
2026-09-17 20:30:24.950 - system_controller - INFO - Waiting for result domains: profile, server_metrics, telemetry
2026-09-17 20:30:24.979 - http://localhost:8000/metrics - INFO - Skipping unsupported summary metric: http_request_size_bytes
2026-09-17 20:30:24.980 - http://localhost:8000/metrics - INFO - Skipping unsupported summary metric: http_response_size_bytes
2026-09-17 20:30:24.981 - system_controller - INFO - Server metrics enabled - 1/1 endpoint(s) reachable.
2026-09-17 20:30:26.063 - httpx - INFO - HTTP Request: HEAD https://huggingface.co/RedHatAI/GLM-5.3-Flash-NVFP4/resolve/main/config.json "HTTP/1.1 307 Temporary Redirect"
2026-09-17 20:30:26.279 - httpx - INFO - HTTP Request: HEAD https://huggingface.co/api/resolve-cache/models/RedHatAI/GLM-5.3-Flash-NVFP4/c245560b6d7e62c329cd3042343b358a4279affd/config.json?%2FRedHatAI%2FGLM-5.3-Flash-NVFP4%2Fresolve%2Fmain%2Fconfig.json=&etag=%22e62581648d702e1d270189b4efdc001ac2844279%22 "HTTP/1.1 200 OK"
2026-09-17 20:30:26.512 - httpx - INFO - HTTP Request: HEAD https://huggingface.co/RedHatAI/GLM-5.3-Flash-NVFP4/resolve/main/tokenizer_config.json "HTTP/1.1 307 Temporary Redirect"
2026-09-17 20:30:26.709 - httpx - INFO - HTTP Request: HEAD https://huggingface.co/api/resolve-cache/models/RedHatAI/GLM-5.3-Flash-NVFP4/c245560b6d7e62c329cd3042343b358a4279affd/tokenizer_config.json?%2FRedHatAI%2FGLM-5.3-Flash-NVFP4%2Fresolve%2Fmain%2Ftokenizer_config.json=&etag=%220891a18eef6fc3d26dd2e87796ed39c7f91e3a77%22 "HTTP/1.1 200 OK"
2026-09-17 20:30:26.914 - httpx - INFO - HTTP Request: GET https://huggingface.co/api/models/RedHatAI/GLM-5.3-Flash-NVFP4/tree/main/additional_chat_templates?recursive=false&expand=false "HTTP/1.1 404 Not Found"
2026-09-17 20:30:27.123 - httpx - INFO - HTTP Request: GET https://huggingface.co/api/models/RedHatAI/GLM-5.3-Flash-NVFP4/tree/main?recursive=true&expand=false "HTTP/1.1 200 OK"
2026-09-17 20:30:27.332 - httpx - INFO - HTTP Request: HEAD https://huggingface.co/RedHatAI/GLM-5.3-Flash-NVFP4/resolve/main/tokenizer.model "HTTP/1.1 404 Not Found"
2026-09-17 20:30:27.536 - httpx - INFO - HTTP Request: HEAD https://huggingface.co/RedHatAI/GLM-5.3-Flash-NVFP4/resolve/main/added_tokens.json "HTTP/1.1 404 Not Found"
2026-09-17 20:30:27.735 - httpx - INFO - HTTP Request: HEAD https://huggingface.co/RedHatAI/GLM-5.3-Flash-NVFP4/resolve/main/special_tokens_map.json "HTTP/1.1 404 Not Found"
2026-09-17 20:30:28.871 - httpx - INFO - HTTP Request: GET https://huggingface.co/api/models/RedHatAI/GLM-5.3-Flash-NVFP4 "HTTP/1.1 200 OK"
2026-09-17 20:30:28.925 - dataset_manager - INFO - Tokenizer(s) configured in 4.01 seconds
2026-09-17 20:30:28.926 - dataset_manager - INFO - Configuring dataset for dataset_manager
2026-09-17 20:30:29.228 - MemoryMapDatasetBackingStore_827aa61f - INFO - Memory-mapped backing store initialized (streaming to /tmp/aiperf_mmap_15d7dd8d57e343bfae48c7589baeeffc/dataset.dat)
2026-09-17 20:30:29.234 - MemoryMapDatasetBackingStore_827aa61f - INFO - Data file finalized: 100 conversations, 0.50 MB
2026-09-17 20:30:29.236 - MemoryMapDatasetBackingStore_827aa61f - INFO - Index file created: /tmp/aiperf_mmap_15d7dd8d57e343bfae48c7589baeeffc/index.dat
2026-09-17 20:30:29.236 - dataset_manager - INFO - Backing store finalized: client_type=DatasetClientStoreType.MEMORY_MAP format=MemoryMapFormat.CONVERSATION data_file_path=PosixPath('/tmp/aiperf_mmap_15d7dd8d57e343bfae48c7589baeeffc/dataset.dat') index_file_path=PosixPath('/tmp/aiperf_mmap_15d7dd8d57e343bfae48c7589baeeffc/index.dat') conversation_count=100 total_size_bytes=526821 compressed=False compressed_data_file_path=None compressed_index_file_path=None compressed_size_bytes=0
2026-09-17 20:30:29.239 - dataset_manager - INFO - sampling strategy: sequential, unique conversations: 100, unique turn count: 100
2026-09-17 20:30:29.240 - dataset_manager - INFO - Generating inputs.json file at /root/llm_perf/artifacts/20260917_203021_RedHatAI_GLM-5.3-Flash-NVFP4_c1,4,16,32/profile_runs/trial_0001/concurrency_1/inputs.json
2026-09-17 20:30:29.241 - PhaseOrchestrator_c2e52d18 - INFO - Initialized 1 phase(s): ['Profiling']
2026-09-17 20:30:29.243 - dataset_manager - INFO - inputs.json file generated in 0.00 seconds
2026-09-17 20:30:29.305 - dataset_manager - INFO - Dataset client initialized and freed 100 conversations from memory
2026-09-17 20:30:29.306 - dataset_manager - INFO - Dataset configured in 0.38 seconds
2026-09-17 20:30:29.306 - system_controller - INFO - All services configured in 4.39 seconds
2026-09-17 20:30:29.307 - system_controller - INFO - AIPerf System is CONFIGURED
2026-09-17 20:30:29.308 - server_metrics_manager - INFO - Server Metrics: Started 1 collector(s) successfully
2026-09-17 20:30:29.309 - system_controller - INFO - All services started profiling successfully
2026-09-17 20:30:29.309 - system_controller - INFO - AIPerf System is PROFILING
2026-09-17 20:30:29.309 - RateTiming - INFO - Creating interval generator: pattern=concurrency_burst, rate=None, smoothness=None
2026-09-17 20:30:29.310 - PhaseRunner - NOTICE - Phase profiling (profiling) started | phase_index=0 | profiling_index=0 | target: 300.0s duration
2026-09-17 20:30:29.311 - PhaseRunner - INFO - Waiting for event 'profiling phase sending' with timeout of 299.9991735s
2026-09-17 20:30:29.311 - records_manager - INFO - Credit phase start: profiling
2026-09-17 20:35:29.310 - PhaseRunner - INFO - Timeout of 299.9991735s elapsed for event 'profiling phase sending'
2026-09-17 20:35:29.311 - PhaseRunner - NOTICE - Phase profiling (profiling) sending complete | sent=76, completed=75, in_flight=1 | sessions: sent=76, completed=75 | timeout_triggered=True
2026-09-17 20:35:29.311 - PhaseRunner - INFO - Waiting for event 'profiling phase credits returned' with timeout of 29.998611787000016s
2026-09-17 20:35:29.312 - records_manager - INFO - Sent 76 requests. Waiting for all to complete...
2026-09-17 20:35:29.359 - PhaseRunner - NOTICE - Phase profiling (profiling) complete | completed=76, cancelled=0, errors=0 | sessions: completed=76, cancelled=0 | elapsed=300.05s
2026-09-17 20:35:29.360 - PhaseOrchestrator_c2e52d18 - NOTICE - All credits completed
2026-09-17 20:35:29.360 - system_controller - INFO - Received credits complete from 'timing_manager'
2026-09-17 20:35:29.360 - records_manager - INFO - Received CREDIT_PHASE_COMPLETE message, Phase complete: PhaseRecordsStats(phase=CreditPhase.PROFILING, phase_index=0, profiling_index=0, phase_name='profiling', phase_kind='profiling', start_ns=1789648229310521507, sent_end_ns=1789648529311056404, requests_end_ns=1789648529359279810, baseline_start_ns=1789648229310508963, baseline_end_ns=1789648529359287042, total_expected_requests=None, expected_duration_sec=None, expected_num_sessions=None, expected_grace_period_sec=None, final_requests_sent=None, final_requests_completed=76, final_requests_cancelled=0, final_request_errors=0, final_sent_sessions=None, final_completed_sessions=None, final_cancelled_sessions=None, timeout_triggered=True, grace_period_timeout_triggered=False, was_cancelled=False, records_end_ns=None, success_records=75, error_records=0)
2026-09-17 20:35:29.362 - records_manager - NOTICE - All requests have completed, please wait for the results to be processed (currently 75 of 76 records processed)...
2026-09-17 20:35:29.363 - records_manager - INFO - All credits complete, please wait for the results to be processed...
2026-09-17 20:35:29.364 - records_manager - INFO - Processed 76 valid requests and 0 errors (76 total).
2026-09-17 20:35:29.364 - records_manager - INFO - Received all records, processing now...
2026-09-17 20:35:29.365 - gpu_telemetry_manager - INFO - GPU Telemetry: Profiling complete, capturing final metrics...
2026-09-17 20:35:29.365 - records_manager - INFO - Waiting 2.0s for server metrics flush period...
2026-09-17 20:35:29.369 - server_metrics_manager - INFO - Server Metrics: Profiling complete, capturing final metrics...
2026-09-17 20:35:31.360 - records_manager - INFO - Processing records results...
2026-09-17 20:35:31.499 - system_controller - INFO - Waiting for result domains: server_metrics, telemetry
2026-09-17 20:35:31.500 - system_controller - INFO - Waiting for result domains: server_metrics
2026-09-17 20:35:31.799 - records_manager - INFO - _finalize_and_process_results completed
2026-09-17 20:35:31.802 - system_controller - INFO - All results received, initiating shutdown
2026-09-17 20:35:32.428 - ExporterManager - INFO - Exporting all records
2026-09-17 20:35:32.534 - ExporterManager - INFO - Exporting console data
