2026-09-16 23:51:20.912 - system_controller - INFO - Registered Worker Manager (id: 'worker_manager')
2026-09-16 23:51:20.926 - server_metrics_manager - INFO - Server Metrics: Discovered 1 endpoints: ['http://localhost:8000/metrics']
2026-09-16 23:51:20.953 - GPUTelemetryJSONLWriter_0cf60791 - INFO - GPU telemetry export enabled: /root/llm_perf/artifacts/20260916_234041_nvidia_NVIDIA-Nemotron-3.5-Lightning-30B-A3B-NVFP4_c1,4,16,32,64,128,256/profile_runs/trial_0001/concurrency_16/gpu_telemetry_export.jsonl
2026-09-16 23:51:20.961 - OTelMetricsResultsProcessor_2c857ba1 - INFO - Telemetry streaming is disabled (set --otel-url and/or --mlflow-tracking-uri to enable)
2026-09-16 23:51:20.963 - RecordExportJSONLWriter_35d4f9c1 - INFO - Record metrics export enabled: /root/llm_perf/artifacts/20260916_234041_nvidia_NVIDIA-Nemotron-3.5-Lightning-30B-A3B-NVFP4_c1,4,16,32,64,128,256/profile_runs/trial_0001/concurrency_16/profile_export.jsonl
2026-09-16 23:51:20.995 - system_controller - INFO - Registered Records Manager (id: 'records_manager')
2026-09-16 23:51:21.012 - system_controller - INFO - Registered Record Processor (id: 'record_processor_c58a330b')
2026-09-16 23:51:21.014 - system_controller - INFO - Registered Record Processor (id: 'record_processor_c3a97125')
2026-09-16 23:51:21.016 - system_controller - INFO - Registered Record Processor (id: 'record_processor_67d19abd')
2026-09-16 23:51:21.016 - system_controller - INFO - Registered Record Processor (id: 'record_processor_9e545d61')
2026-09-16 23:51:21.035 - system_controller - INFO - Registered Gpu Telemetry Manager (id: 'gpu_telemetry_manager')
2026-09-16 23:51:21.046 - system_controller - INFO - Registered Dataset Manager (id: 'dataset_manager')
2026-09-16 23:51:21.053 - system_controller - INFO - Registered Server Metrics Manager (id: 'server_metrics_manager')
2026-09-16 23:51:21.312 - system_controller - INFO - Registered Timing Manager (id: 'timing_manager')
2026-09-16 23:51:21.332 - system_controller - INFO - Registered Worker (id: 'worker_68101db1')
2026-09-16 23:51:21.339 - system_controller - INFO - Registered Worker (id: 'worker_e8d05a10')
2026-09-16 23:51:21.342 - system_controller - INFO - Registered Worker (id: 'worker_59abc8f5')
2026-09-16 23:51:21.363 - system_controller - INFO - Registered Worker (id: 'worker_23c1871a')
2026-09-16 23:51:21.365 - system_controller - INFO - Registered Worker (id: 'worker_f1e98a79')
2026-09-16 23:51:21.368 - system_controller - INFO - Registered Worker (id: 'worker_cf9294cf')
2026-09-16 23:51:21.368 - system_controller - INFO - Registered Worker (id: 'worker_b6d62e1c')
2026-09-16 23:51:21.370 - system_controller - INFO - Registered Worker (id: 'worker_1dd1941a')
2026-09-16 23:51:21.406 - system_controller - INFO - AIPerf System is CONFIGURING
2026-09-16 23:51:21.406 - system_controller - INFO - Configuring all services to start profiling
2026-09-16 23:51:21.407 - timing_manager - INFO - Waiting for dataset to be configured before configuring timing
2026-09-16 23:51:21.407 - InferenceResultParser_6a786bb2 - INFO - Tokenization is disabled for this endpoint, skipping tokenizer configuration
2026-09-16 23:51:21.407 - InferenceResultParser_dd5bb82a - INFO - Tokenization is disabled for this endpoint, skipping tokenizer configuration
2026-09-16 23:51:21.407 - InferenceResultParser_e5b5fcb5 - INFO - Tokenization is disabled for this endpoint, skipping tokenizer configuration
2026-09-16 23:51:21.407 - InferenceResultParser_368ea67c - INFO - Tokenization is disabled for this endpoint, skipping tokenizer configuration
2026-09-16 23:51:21.408 - dataset_manager - INFO - Configuring tokenizer(s) for dataset manager
2026-09-16 23:51:21.417 - server_metrics_manager - INFO - Server Metrics: Capturing baseline metrics...
2026-09-16 23:51:21.420 - gpu_telemetry_manager - INFO - GPU Telemetry: Capturing baseline metrics from pynvml://localhost
2026-09-16 23:51:21.430 - pynvml_collector - INFO - PyNVML initialized with 1 GPU(s) (1 with GPM support)
2026-09-16 23:51:21.432 - http://localhost:8000/metrics - INFO - Skipping unsupported summary metric: http_request_size_bytes
2026-09-16 23:51:21.432 - http://localhost:8000/metrics - INFO - Skipping unsupported summary metric: http_response_size_bytes
2026-09-16 23:51:21.433 - system_controller - INFO - Server metrics enabled - 1/1 endpoint(s) reachable.
2026-09-16 23:51:21.434 - system_controller - INFO - Waiting for result domains: profile, server_metrics, telemetry
2026-09-16 23:51:21.440 - system_controller - INFO - DCGM telemetry enabled - 1/1 endpoint(s) reachable
2026-09-16 23:51:21.445 - system_controller - INFO - Registered Worker (id: 'worker_f00acefe')
2026-09-16 23:51:21.452 - system_controller - INFO - Registered Worker (id: 'worker_402cc49d')
2026-09-16 23:51:21.452 - system_controller - INFO - Registered Worker (id: 'worker_86f0a80b')
2026-09-16 23:51:21.456 - system_controller - INFO - Registered Worker (id: 'worker_43668590')
2026-09-16 23:51:21.459 - system_controller - INFO - Registered Worker (id: 'worker_82f232f0')
2026-09-16 23:51:21.459 - system_controller - INFO - Registered Worker (id: 'worker_9acc1f9f')
2026-09-16 23:51:21.460 - system_controller - INFO - Registered Worker (id: 'worker_79c74b7a')
2026-09-16 23:51:21.460 - system_controller - INFO - Registered Worker (id: 'worker_b20ffe59')
2026-09-16 23:51:22.619 - httpx - INFO - HTTP Request: HEAD https://huggingface.co/nvidia/NVIDIA-Nemotron-3.5-Lightning-30B-A3B-NVFP4/resolve/main/config.json "HTTP/1.1 307 Temporary Redirect"
2026-09-16 23:51:22.633 - httpx - INFO - HTTP Request: HEAD https://huggingface.co/api/resolve-cache/models/nvidia/NVIDIA-Nemotron-3.5-Lightning-30B-A3B-NVFP4/bee7596271d1495f6992ae224aefde4410e816b8/config.json?%2Fnvidia%2FNVIDIA-Nemotron-3.5-Lightning-30B-A3B-NVFP4%2Fresolve%2Fmain%2Fconfig.json=&etag=%22ec1c51734e6cc510664d8a989861644d1f4b60f9%22 "HTTP/1.1 200 OK"
2026-09-16 23:51:22.972 - httpx - INFO - HTTP Request: HEAD https://huggingface.co/nvidia/NVIDIA-Nemotron-3.5-Lightning-30B-A3B-NVFP4/resolve/main/tokenizer_config.json "HTTP/1.1 307 Temporary Redirect"
2026-09-16 23:51:22.987 - httpx - INFO - HTTP Request: HEAD https://huggingface.co/api/resolve-cache/models/nvidia/NVIDIA-Nemotron-3.5-Lightning-30B-A3B-NVFP4/bee7596271d1495f6992ae224aefde4410e816b8/tokenizer_config.json?%2Fnvidia%2FNVIDIA-Nemotron-3.5-Lightning-30B-A3B-NVFP4%2Fresolve%2Fmain%2Ftokenizer_config.json=&etag=%22c96e5ad00986bfa0b666d4bc425666f1c51d6d1b%22 "HTTP/1.1 200 OK"
2026-09-16 23:51:23.199 - httpx - INFO - HTTP Request: GET https://huggingface.co/api/models/nvidia/NVIDIA-Nemotron-3.5-Lightning-30B-A3B-NVFP4/tree/main/additional_chat_templates?recursive=false&expand=false "HTTP/1.1 404 Not Found"
2026-09-16 23:51:23.430 - httpx - INFO - HTTP Request: GET https://huggingface.co/api/models/nvidia/NVIDIA-Nemotron-3.5-Lightning-30B-A3B-NVFP4/tree/main?recursive=true&expand=false "HTTP/1.1 200 OK"
2026-09-16 23:51:24.645 - httpx - INFO - HTTP Request: GET https://huggingface.co/api/models/nvidia/NVIDIA-Nemotron-3.5-Lightning-30B-A3B-NVFP4 "HTTP/1.1 200 OK"
2026-09-16 23:51:24.750 - dataset_manager - INFO - Tokenizer(s) configured in 3.34 seconds
2026-09-16 23:51:24.750 - dataset_manager - INFO - Configuring dataset for dataset_manager
2026-09-16 23:51:25.174 - MemoryMapDatasetBackingStore_7a5ceee5 - INFO - Memory-mapped backing store initialized (streaming to /tmp/aiperf_mmap_b56c64fdbb7e4e8e855a526ce91935f3/dataset.dat)
2026-09-16 23:51:25.181 - MemoryMapDatasetBackingStore_7a5ceee5 - INFO - Data file finalized: 100 conversations, 0.49 MB
2026-09-16 23:51:25.184 - MemoryMapDatasetBackingStore_7a5ceee5 - INFO - Index file created: /tmp/aiperf_mmap_b56c64fdbb7e4e8e855a526ce91935f3/index.dat
2026-09-16 23:51:25.184 - dataset_manager - INFO - Backing store finalized: client_type=DatasetClientStoreType.MEMORY_MAP format=MemoryMapFormat.CONVERSATION data_file_path=PosixPath('/tmp/aiperf_mmap_b56c64fdbb7e4e8e855a526ce91935f3/dataset.dat') index_file_path=PosixPath('/tmp/aiperf_mmap_b56c64fdbb7e4e8e855a526ce91935f3/index.dat') conversation_count=100 total_size_bytes=518532 compressed=False compressed_data_file_path=None compressed_index_file_path=None compressed_size_bytes=0
2026-09-16 23:51:25.187 - dataset_manager - INFO - sampling strategy: sequential, unique conversations: 100, unique turn count: 100
2026-09-16 23:51:25.188 - dataset_manager - INFO - Generating inputs.json file at /root/llm_perf/artifacts/20260916_234041_nvidia_NVIDIA-Nemotron-3.5-Lightning-30B-A3B-NVFP4_c1,4,16,32,64,128,256/profile_runs/trial_0001/concurrency_16/inputs.json
2026-09-16 23:51:25.191 - system_controller - WARNING - Received command response for service we were not expecting: worker_f00acefe. Ignoring.
2026-09-16 23:51:25.191 - PhaseOrchestrator_07c61419 - INFO - Initialized 1 phase(s): ['Profiling']
2026-09-16 23:51:25.192 - system_controller - WARNING - Received command response for service we were not expecting: worker_79c74b7a. Ignoring.
2026-09-16 23:51:25.193 - system_controller - WARNING - Received command response for service we were not expecting: worker_43668590. Ignoring.
2026-09-16 23:51:25.193 - system_controller - WARNING - Received command response for service we were not expecting: worker_86f0a80b. Ignoring.
2026-09-16 23:51:25.194 - system_controller - WARNING - Received command response for service we were not expecting: worker_82f232f0. Ignoring.
2026-09-16 23:51:25.194 - system_controller - WARNING - Received command response for service we were not expecting: worker_9acc1f9f. Ignoring.
2026-09-16 23:51:25.195 - system_controller - WARNING - Received command response for service we were not expecting: worker_402cc49d. Ignoring.
2026-09-16 23:51:25.195 - system_controller - WARNING - Received command response for service we were not expecting: worker_b20ffe59. Ignoring.
2026-09-16 23:51:25.197 - dataset_manager - INFO - inputs.json file generated in 0.01 seconds
2026-09-16 23:51:25.303 - dataset_manager - INFO - Dataset client initialized and freed 100 conversations from memory
2026-09-16 23:51:25.303 - dataset_manager - INFO - Dataset configured in 0.55 seconds
2026-09-16 23:51:25.304 - system_controller - INFO - All services configured in 3.90 seconds
2026-09-16 23:51:25.305 - system_controller - INFO - AIPerf System is CONFIGURED
2026-09-16 23:51:25.306 - server_metrics_manager - INFO - Server Metrics: Started 1 collector(s) successfully
2026-09-16 23:51:25.308 - system_controller - INFO - All services started profiling successfully
2026-09-16 23:51:25.308 - system_controller - INFO - AIPerf System is PROFILING
2026-09-16 23:51:25.309 - RateTiming - INFO - Creating interval generator: pattern=concurrency_burst, rate=None, smoothness=None
2026-09-16 23:51:25.310 - PhaseRunner - NOTICE - Phase profiling (profiling) started | phase_index=0 | profiling_index=0 | target: 300.0s duration
2026-09-16 23:51:25.311 - PhaseRunner - INFO - Waiting for event 'profiling phase sending' with timeout of 299.998926231s
2026-09-16 23:51:25.312 - records_manager - INFO - Credit phase start: profiling
2026-09-16 23:53:25.813 - EventLoopMonitor - WARNING - Event loop for worker_68101db1 is taking too long to run. Overhead: 33.44ms
2026-09-16 23:53:25.814 - EventLoopMonitor - WARNING - Event loop for worker_82f232f0 is taking too long to run. Overhead: 35.15ms
2026-09-16 23:56:25.310 - PhaseRunner - INFO - Timeout of 299.998926231s elapsed for event 'profiling phase sending'
2026-09-16 23:56:25.312 - PhaseRunner - NOTICE - Phase profiling (profiling) sending complete | sent=1,792, completed=1,776, in_flight=16 | sessions: sent=1,792, completed=1,776 | timeout_triggered=True
2026-09-16 23:56:25.313 - PhaseRunner - INFO - Waiting for event 'profiling phase credits returned' with timeout of 29.997306288999994s
2026-09-16 23:56:25.314 - records_manager - INFO - Sent 1,792 requests. Waiting for all to complete...
2026-09-16 23:56:26.297 - PhaseRunner - NOTICE - Phase profiling (profiling) complete | completed=1,792, cancelled=0, errors=0 | sessions: completed=1,792, cancelled=0 | elapsed=300.99s
2026-09-16 23:56:26.299 - PhaseOrchestrator_07c61419 - NOTICE - All credits completed
2026-09-16 23:56:26.300 - system_controller - INFO - Received credits complete from 'timing_manager'
2026-09-16 23:56:26.299 - records_manager - INFO - Received CREDIT_PHASE_COMPLETE message, Phase complete: PhaseRecordsStats(phase=CreditPhase.PROFILING, phase_index=0, profiling_index=0, phase_name='profiling', phase_kind='profiling', start_ns=1789573885310700444, sent_end_ns=1789574185311872669, requests_end_ns=1789574186297102754, baseline_start_ns=1789573885310683867, baseline_end_ns=1789574186297123234, total_expected_requests=None, expected_duration_sec=None, expected_num_sessions=None, expected_grace_period_sec=None, final_requests_sent=None, final_requests_completed=1792, final_requests_cancelled=0, final_request_errors=0, final_sent_sessions=None, final_completed_sessions=None, final_cancelled_sessions=None, timeout_triggered=True, grace_period_timeout_triggered=False, was_cancelled=False, records_end_ns=None, success_records=1777, error_records=0)
2026-09-16 23:56:26.303 - records_manager - NOTICE - All requests have completed, please wait for the results to be processed (currently 1,777 of 1,792 records processed)...
2026-09-16 23:56:26.303 - records_manager - INFO - All credits complete, please wait for the results to be processed...
2026-09-16 23:56:26.382 - records_manager - INFO - Processed 1792 valid requests and 0 errors (1792 total).
2026-09-16 23:56:26.383 - records_manager - INFO - Received all records, processing now...
2026-09-16 23:56:26.384 - records_manager - INFO - Waiting 1.9s for server metrics flush period...
2026-09-16 23:56:26.384 - server_metrics_manager - INFO - Server Metrics: Profiling complete, capturing final metrics...
2026-09-16 23:56:26.384 - gpu_telemetry_manager - INFO - GPU Telemetry: Profiling complete, capturing final metrics...
2026-09-16 23:56:28.296 - records_manager - INFO - Processing records results...
2026-09-16 23:56:29.924 - system_controller - INFO - Waiting for result domains: server_metrics, telemetry
2026-09-16 23:56:29.925 - system_controller - INFO - Waiting for result domains: server_metrics
2026-09-16 23:56:30.228 - records_manager - INFO - _finalize_and_process_results completed
2026-09-16 23:56:30.232 - system_controller - INFO - All results received, initiating shutdown
2026-09-16 23:56:30.836 - ExporterManager - INFO - Exporting all records
2026-09-16 23:56:30.953 - ExporterManager - INFO - Exporting console data
