2026-09-17 00:23:50.233 - system_controller - INFO - Registered Worker Manager (id: 'worker_manager')
2026-09-17 00:23:50.244 - server_metrics_manager - INFO - Server Metrics: Discovered 1 endpoints: ['http://localhost:8000/metrics']
2026-09-17 00:23:50.267 - GPUTelemetryJSONLWriter_b2a8f207 - INFO - GPU telemetry export enabled: /root/llm_perf/artifacts/20260916_234041_nvidia_NVIDIA-Nemotron-3.5-Lightning-30B-A3B-NVFP4_c1,4,16,32,64,128,256/profile_runs/trial_0002/concurrency_4/gpu_telemetry_export.jsonl
2026-09-17 00:23:50.267 - system_controller - INFO - Registered Server Metrics Manager (id: 'server_metrics_manager')
2026-09-17 00:23:50.273 - OTelMetricsResultsProcessor_c02901c4 - INFO - Telemetry streaming is disabled (set --otel-url and/or --mlflow-tracking-uri to enable)
2026-09-17 00:23:50.275 - RecordExportJSONLWriter_9c84b7a4 - INFO - Record metrics export enabled: /root/llm_perf/artifacts/20260916_234041_nvidia_NVIDIA-Nemotron-3.5-Lightning-30B-A3B-NVFP4_c1,4,16,32,64,128,256/profile_runs/trial_0002/concurrency_4/profile_export.jsonl
2026-09-17 00:23:50.276 - system_controller - INFO - Registered Record Processor (id: 'record_processor_a38e69d5')
2026-09-17 00:23:50.297 - system_controller - INFO - Registered Records Manager (id: 'records_manager')
2026-09-17 00:23:50.359 - system_controller - INFO - Registered Dataset Manager (id: 'dataset_manager')
2026-09-17 00:23:50.361 - system_controller - INFO - Registered Gpu Telemetry Manager (id: 'gpu_telemetry_manager')
2026-09-17 00:23:50.367 - system_controller - INFO - Registered Timing Manager (id: 'timing_manager')
2026-09-17 00:23:50.377 - system_controller - INFO - Registered Worker (id: 'worker_012a2ff7')
2026-09-17 00:23:50.388 - system_controller - INFO - Registered Worker (id: 'worker_a587ead3')
2026-09-17 00:23:50.389 - system_controller - INFO - Registered Worker (id: 'worker_d759cb3d')
2026-09-17 00:23:50.389 - system_controller - INFO - Registered Worker (id: 'worker_cc8b1db6')
2026-09-17 00:23:50.730 - system_controller - INFO - AIPerf System is CONFIGURING
2026-09-17 00:23:50.730 - system_controller - INFO - Configuring all services to start profiling
2026-09-17 00:23:50.731 - timing_manager - INFO - Waiting for dataset to be configured before configuring timing
2026-09-17 00:23:50.731 - InferenceResultParser_cb34476d - INFO - Tokenization is disabled for this endpoint, skipping tokenizer configuration
2026-09-17 00:23:50.732 - dataset_manager - INFO - Configuring tokenizer(s) for dataset manager
2026-09-17 00:23:50.739 - server_metrics_manager - INFO - Server Metrics: Capturing baseline metrics...
2026-09-17 00:23:50.742 - gpu_telemetry_manager - INFO - GPU Telemetry: Capturing baseline metrics from pynvml://localhost
2026-09-17 00:23:50.751 - pynvml_collector - INFO - PyNVML initialized with 1 GPU(s) (1 with GPM support)
2026-09-17 00:23:50.753 - http://localhost:8000/metrics - INFO - Skipping unsupported summary metric: http_request_size_bytes
2026-09-17 00:23:50.753 - http://localhost:8000/metrics - INFO - Skipping unsupported summary metric: http_response_size_bytes
2026-09-17 00:23:50.754 - system_controller - INFO - Server metrics enabled - 1/1 endpoint(s) reachable.
2026-09-17 00:23:50.755 - system_controller - INFO - Waiting for result domains: profile, server_metrics, telemetry
2026-09-17 00:23:50.760 - system_controller - INFO - DCGM telemetry enabled - 1/1 endpoint(s) reachable
2026-09-17 00:23:51.882 - httpx - INFO - HTTP Request: HEAD https://huggingface.co/nvidia/NVIDIA-Nemotron-3.5-Lightning-30B-A3B-NVFP4/resolve/main/config.json "HTTP/1.1 307 Temporary Redirect"
2026-09-17 00:23:51.888 - httpx - INFO - HTTP Request: HEAD https://huggingface.co/api/resolve-cache/models/nvidia/NVIDIA-Nemotron-3.5-Lightning-30B-A3B-NVFP4/bee7596271d1495f6992ae224aefde4410e816b8/config.json?%2Fnvidia%2FNVIDIA-Nemotron-3.5-Lightning-30B-A3B-NVFP4%2Fresolve%2Fmain%2Fconfig.json=&etag=%22ec1c51734e6cc510664d8a989861644d1f4b60f9%22 "HTTP/1.1 200 OK"
2026-09-17 00:23:52.160 - httpx - INFO - HTTP Request: HEAD https://huggingface.co/nvidia/NVIDIA-Nemotron-3.5-Lightning-30B-A3B-NVFP4/resolve/main/tokenizer_config.json "HTTP/1.1 307 Temporary Redirect"
2026-09-17 00:23:52.166 - httpx - INFO - HTTP Request: HEAD https://huggingface.co/api/resolve-cache/models/nvidia/NVIDIA-Nemotron-3.5-Lightning-30B-A3B-NVFP4/bee7596271d1495f6992ae224aefde4410e816b8/tokenizer_config.json?%2Fnvidia%2FNVIDIA-Nemotron-3.5-Lightning-30B-A3B-NVFP4%2Fresolve%2Fmain%2Ftokenizer_config.json=&etag=%22c96e5ad00986bfa0b666d4bc425666f1c51d6d1b%22 "HTTP/1.1 200 OK"
2026-09-17 00:23:52.369 - httpx - INFO - HTTP Request: GET https://huggingface.co/api/models/nvidia/NVIDIA-Nemotron-3.5-Lightning-30B-A3B-NVFP4/tree/main/additional_chat_templates?recursive=false&expand=false "HTTP/1.1 404 Not Found"
2026-09-17 00:23:52.575 - httpx - INFO - HTTP Request: GET https://huggingface.co/api/models/nvidia/NVIDIA-Nemotron-3.5-Lightning-30B-A3B-NVFP4/tree/main?recursive=true&expand=false "HTTP/1.1 200 OK"
2026-09-17 00:23:53.499 - httpx - INFO - HTTP Request: GET https://huggingface.co/api/models/nvidia/NVIDIA-Nemotron-3.5-Lightning-30B-A3B-NVFP4 "HTTP/1.1 200 OK"
2026-09-17 00:23:53.548 - dataset_manager - INFO - Tokenizer(s) configured in 2.82 seconds
2026-09-17 00:23:53.548 - dataset_manager - INFO - Configuring dataset for dataset_manager
2026-09-17 00:23:53.891 - MemoryMapDatasetBackingStore_320dacc6 - INFO - Memory-mapped backing store initialized (streaming to /tmp/aiperf_mmap_3f3294b90e4a429e81b8cde76c385ab4/dataset.dat)
2026-09-17 00:23:53.897 - MemoryMapDatasetBackingStore_320dacc6 - INFO - Data file finalized: 100 conversations, 0.49 MB
2026-09-17 00:23:53.899 - MemoryMapDatasetBackingStore_320dacc6 - INFO - Index file created: /tmp/aiperf_mmap_3f3294b90e4a429e81b8cde76c385ab4/index.dat
2026-09-17 00:23:53.899 - dataset_manager - INFO - Backing store finalized: client_type=DatasetClientStoreType.MEMORY_MAP format=MemoryMapFormat.CONVERSATION data_file_path=PosixPath('/tmp/aiperf_mmap_3f3294b90e4a429e81b8cde76c385ab4/dataset.dat') index_file_path=PosixPath('/tmp/aiperf_mmap_3f3294b90e4a429e81b8cde76c385ab4/index.dat') conversation_count=100 total_size_bytes=517705 compressed=False compressed_data_file_path=None compressed_index_file_path=None compressed_size_bytes=0
2026-09-17 00:23:53.901 - dataset_manager - INFO - sampling strategy: sequential, unique conversations: 100, unique turn count: 100
2026-09-17 00:23:53.902 - dataset_manager - INFO - Generating inputs.json file at /root/llm_perf/artifacts/20260916_234041_nvidia_NVIDIA-Nemotron-3.5-Lightning-30B-A3B-NVFP4_c1,4,16,32,64,128,256/profile_runs/trial_0002/concurrency_4/inputs.json
2026-09-17 00:23:53.904 - PhaseOrchestrator_59c68a10 - INFO - Initialized 1 phase(s): ['Profiling']
2026-09-17 00:23:53.907 - dataset_manager - INFO - inputs.json file generated in 0.00 seconds
2026-09-17 00:23:53.969 - dataset_manager - INFO - Dataset client initialized and freed 100 conversations from memory
2026-09-17 00:23:53.970 - dataset_manager - INFO - Dataset configured in 0.42 seconds
2026-09-17 00:23:53.971 - system_controller - INFO - All services configured in 3.24 seconds
2026-09-17 00:23:53.971 - system_controller - INFO - AIPerf System is CONFIGURED
2026-09-17 00:23:53.972 - server_metrics_manager - INFO - Server Metrics: Started 1 collector(s) successfully
2026-09-17 00:23:53.973 - system_controller - INFO - All services started profiling successfully
2026-09-17 00:23:53.973 - system_controller - INFO - AIPerf System is PROFILING
2026-09-17 00:23:53.974 - RateTiming - INFO - Creating interval generator: pattern=concurrency_burst, rate=None, smoothness=None
2026-09-17 00:23:53.974 - PhaseRunner - NOTICE - Phase profiling (profiling) started | phase_index=0 | profiling_index=0 | target: 300.0s duration
2026-09-17 00:23:53.975 - PhaseRunner - INFO - Waiting for event 'profiling phase sending' with timeout of 299.999276698s
2026-09-17 00:23:53.975 - records_manager - INFO - Credit phase start: profiling
2026-09-17 00:28:53.974 - PhaseRunner - INFO - Timeout of 299.999276698s elapsed for event 'profiling phase sending'
2026-09-17 00:28:53.975 - PhaseRunner - NOTICE - Phase profiling (profiling) sending complete | sent=688, completed=684, in_flight=4 | sessions: sent=688, completed=684 | timeout_triggered=True
2026-09-17 00:28:53.975 - PhaseRunner - INFO - Waiting for event 'profiling phase credits returned' with timeout of 29.99876498200001s
2026-09-17 00:28:53.976 - records_manager - INFO - Sent 688 requests. Waiting for all to complete...
2026-09-17 00:28:54.628 - PhaseRunner - NOTICE - Phase profiling (profiling) complete | completed=688, cancelled=0, errors=0 | sessions: completed=688, cancelled=0 | elapsed=300.65s
2026-09-17 00:28:54.629 - PhaseOrchestrator_59c68a10 - NOTICE - All credits completed
2026-09-17 00:28:54.629 - system_controller - INFO - Received credits complete from 'timing_manager'
2026-09-17 00:28:54.629 - records_manager - INFO - Received CREDIT_PHASE_COMPLETE message, Phase complete: PhaseRecordsStats(phase=CreditPhase.PROFILING, phase_index=0, profiling_index=0, phase_name='profiling', phase_kind='profiling', start_ns=1789575833974632818, sent_end_ns=1789576133975024724, requests_end_ns=1789576134628037359, baseline_start_ns=1789575833974621330, baseline_end_ns=1789576134628044399, total_expected_requests=None, expected_duration_sec=None, expected_num_sessions=None, expected_grace_period_sec=None, final_requests_sent=None, final_requests_completed=688, final_requests_cancelled=0, final_request_errors=0, final_sent_sessions=None, final_completed_sessions=None, final_cancelled_sessions=None, timeout_triggered=True, grace_period_timeout_triggered=False, was_cancelled=False, records_end_ns=None, success_records=684, error_records=0)
2026-09-17 00:28:54.631 - records_manager - NOTICE - All requests have completed, please wait for the results to be processed (currently 684 of 688 records processed)...
2026-09-17 00:28:54.632 - records_manager - INFO - All credits complete, please wait for the results to be processed...
2026-09-17 00:28:54.638 - records_manager - INFO - Processed 688 valid requests and 0 errors (688 total).
2026-09-17 00:28:54.638 - records_manager - INFO - Received all records, processing now...
2026-09-17 00:28:54.639 - server_metrics_manager - INFO - Server Metrics: Profiling complete, capturing final metrics...
2026-09-17 00:28:54.639 - gpu_telemetry_manager - INFO - GPU Telemetry: Profiling complete, capturing final metrics...
2026-09-17 00:28:54.640 - records_manager - INFO - Waiting 2.0s for server metrics flush period...
2026-09-17 00:28:56.628 - records_manager - INFO - Processing records results...
2026-09-17 00:28:57.215 - system_controller - INFO - Waiting for result domains: server_metrics, telemetry
2026-09-17 00:28:57.216 - system_controller - INFO - Waiting for result domains: server_metrics
2026-09-17 00:28:57.512 - records_manager - INFO - _finalize_and_process_results completed
2026-09-17 00:28:57.515 - system_controller - INFO - All results received, initiating shutdown
2026-09-17 00:28:58.118 - ExporterManager - INFO - Exporting all records
2026-09-17 00:28:58.225 - ExporterManager - INFO - Exporting console data
