2026-09-16 23:23:59.090 - system_controller - INFO - Registered Worker Manager (id: 'worker_manager')
2026-09-16 23:23:59.101 - server_metrics_manager - INFO - Server Metrics: Discovered 1 endpoints: ['http://localhost:8000/metrics']
2026-09-16 23:23:59.123 - GPUTelemetryJSONLWriter_66632b89 - INFO - GPU telemetry export enabled: /root/llm_perf/artifacts/20260916_223047_nvidia_NVIDIA-Nemotron-3-Super-120B-A12B-NVFP4_c1,4,16,32,64,128/profile_runs/trial_0002/concurrency_64/gpu_telemetry_export.jsonl
2026-09-16 23:23:59.129 - OTelMetricsResultsProcessor_9b2ee3d0 - INFO - Telemetry streaming is disabled (set --otel-url and/or --mlflow-tracking-uri to enable)
2026-09-16 23:23:59.131 - RecordExportJSONLWriter_83c1ad82 - INFO - Record metrics export enabled: /root/llm_perf/artifacts/20260916_223047_nvidia_NVIDIA-Nemotron-3-Super-120B-A12B-NVFP4_c1,4,16,32,64,128/profile_runs/trial_0002/concurrency_64/profile_export.jsonl
2026-09-16 23:23:59.216 - system_controller - INFO - Registered Gpu Telemetry Manager (id: 'gpu_telemetry_manager')
2026-09-16 23:23:59.218 - system_controller - INFO - Registered Dataset Manager (id: 'dataset_manager')
2026-09-16 23:23:59.221 - system_controller - INFO - Registered Record Processor (id: 'record_processor_a3675418')
2026-09-16 23:23:59.222 - system_controller - INFO - Registered Server Metrics Manager (id: 'server_metrics_manager')
2026-09-16 23:23:59.224 - system_controller - INFO - Registered Record Processor (id: 'record_processor_6a83c727')
2026-09-16 23:23:59.227 - system_controller - INFO - Registered Record Processor (id: 'record_processor_1c8c5062')
2026-09-16 23:23:59.229 - system_controller - INFO - Registered Record Processor (id: 'record_processor_c6d3e260')
2026-09-16 23:23:59.232 - system_controller - INFO - Registered Record Processor (id: 'record_processor_1e2012e6')
2026-09-16 23:23:59.233 - system_controller - INFO - Registered Record Processor (id: 'record_processor_d0a10a5a')
2026-09-16 23:23:59.253 - system_controller - INFO - Registered Records Manager (id: 'records_manager')
2026-09-16 23:23:59.313 - system_controller - INFO - Registered Timing Manager (id: 'timing_manager')
2026-09-16 23:23:59.320 - system_controller - INFO - Registered Record Processor (id: 'record_processor_efad729b')
2026-09-16 23:23:59.321 - system_controller - INFO - Registered Record Processor (id: 'record_processor_dba411f9')
2026-09-16 23:23:59.342 - system_controller - INFO - Registered Worker (id: 'worker_78a64421')
2026-09-16 23:23:59.351 - system_controller - INFO - Registered Worker (id: 'worker_db8b7a83')
2026-09-16 23:23:59.353 - system_controller - INFO - Registered Worker (id: 'worker_6efa4ad9')
2026-09-16 23:23:59.354 - system_controller - INFO - Registered Worker (id: 'worker_874a6183')
2026-09-16 23:23:59.356 - system_controller - INFO - Registered Worker (id: 'worker_44e32eb0')
2026-09-16 23:23:59.359 - system_controller - INFO - Registered Worker (id: 'worker_c89f7267')
2026-09-16 23:23:59.361 - system_controller - INFO - Registered Worker (id: 'worker_f327825e')
2026-09-16 23:23:59.361 - system_controller - INFO - Registered Worker (id: 'worker_42836ae8')
2026-09-16 23:23:59.362 - system_controller - INFO - Registered Worker (id: 'worker_881f16c5')
2026-09-16 23:23:59.363 - system_controller - INFO - Registered Worker (id: 'worker_844428fb')
2026-09-16 23:23:59.368 - system_controller - INFO - Registered Worker (id: 'worker_ddc264c6')
2026-09-16 23:23:59.369 - system_controller - INFO - Registered Worker (id: 'worker_6fa7f66e')
2026-09-16 23:23:59.369 - system_controller - INFO - Registered Worker (id: 'worker_52bced42')
2026-09-16 23:23:59.372 - system_controller - INFO - Registered Worker (id: 'worker_10b220dd')
2026-09-16 23:23:59.375 - system_controller - INFO - Registered Worker (id: 'worker_31838956')
2026-09-16 23:23:59.378 - system_controller - INFO - Registered Worker (id: 'worker_2df83ebb')
2026-09-16 23:23:59.380 - system_controller - INFO - Registered Worker (id: 'worker_b61128f6')
2026-09-16 23:23:59.405 - system_controller - INFO - Registered Worker (id: 'worker_d1029dab')
2026-09-16 23:23:59.406 - system_controller - INFO - Registered Worker (id: 'worker_3d2ed76c')
2026-09-16 23:23:59.415 - system_controller - INFO - Registered Worker (id: 'worker_4770630a')
2026-09-16 23:23:59.417 - system_controller - INFO - Registered Worker (id: 'worker_6c8443b7')
2026-09-16 23:23:59.472 - system_controller - INFO - Registered Worker (id: 'worker_24f79f49')
2026-09-16 23:23:59.477 - system_controller - INFO - Registered Worker (id: 'worker_902a2872')
2026-09-16 23:23:59.490 - system_controller - INFO - Registered Worker (id: 'worker_9a187db6')
2026-09-16 23:23:59.493 - system_controller - INFO - Registered Worker (id: 'worker_dc0ddfa8')
2026-09-16 23:23:59.501 - system_controller - INFO - Registered Worker (id: 'worker_a1024b2f')
2026-09-16 23:23:59.501 - system_controller - INFO - Registered Worker (id: 'worker_969a2b5e')
2026-09-16 23:23:59.502 - system_controller - INFO - Registered Worker (id: 'worker_d5acff4d')
2026-09-16 23:23:59.503 - system_controller - INFO - Registered Worker (id: 'worker_12ef926c')
2026-09-16 23:23:59.506 - system_controller - INFO - Registered Worker (id: 'worker_ddc053f7')
2026-09-16 23:23:59.506 - system_controller - INFO - Registered Worker (id: 'worker_afe6b21d')
2026-09-16 23:23:59.507 - system_controller - INFO - Registered Worker (id: 'worker_71456445')
2026-09-16 23:23:59.586 - system_controller - INFO - AIPerf System is CONFIGURING
2026-09-16 23:23:59.587 - system_controller - INFO - Configuring all services to start profiling
2026-09-16 23:23:59.587 - timing_manager - INFO - Waiting for dataset to be configured before configuring timing
2026-09-16 23:23:59.587 - InferenceResultParser_c9a19f12 - INFO - Tokenization is disabled for this endpoint, skipping tokenizer configuration
2026-09-16 23:23:59.587 - InferenceResultParser_fb4db41d - INFO - Tokenization is disabled for this endpoint, skipping tokenizer configuration
2026-09-16 23:23:59.587 - InferenceResultParser_6a5c1292 - INFO - Tokenization is disabled for this endpoint, skipping tokenizer configuration
2026-09-16 23:23:59.587 - InferenceResultParser_5da501f0 - INFO - Tokenization is disabled for this endpoint, skipping tokenizer configuration
2026-09-16 23:23:59.587 - InferenceResultParser_4f9b7fb5 - INFO - Tokenization is disabled for this endpoint, skipping tokenizer configuration
2026-09-16 23:23:59.587 - InferenceResultParser_afc16915 - INFO - Tokenization is disabled for this endpoint, skipping tokenizer configuration
2026-09-16 23:23:59.587 - InferenceResultParser_dd85e4fb - INFO - Tokenization is disabled for this endpoint, skipping tokenizer configuration
2026-09-16 23:23:59.587 - InferenceResultParser_d4c979d2 - INFO - Tokenization is disabled for this endpoint, skipping tokenizer configuration
2026-09-16 23:23:59.588 - dataset_manager - INFO - Configuring tokenizer(s) for dataset manager
2026-09-16 23:23:59.597 - server_metrics_manager - INFO - Server Metrics: Capturing baseline metrics...
2026-09-16 23:23:59.598 - gpu_telemetry_manager - INFO - GPU Telemetry: Capturing baseline metrics from pynvml://localhost
2026-09-16 23:23:59.607 - pynvml_collector - INFO - PyNVML initialized with 1 GPU(s) (1 with GPM support)
2026-09-16 23:23:59.610 - http://localhost:8000/metrics - INFO - Skipping unsupported summary metric: http_request_size_bytes
2026-09-16 23:23:59.610 - http://localhost:8000/metrics - INFO - Skipping unsupported summary metric: http_response_size_bytes
2026-09-16 23:23:59.611 - system_controller - INFO - Server metrics enabled - 1/1 endpoint(s) reachable.
2026-09-16 23:23:59.612 - system_controller - INFO - Waiting for result domains: profile, server_metrics, telemetry
2026-09-16 23:23:59.617 - system_controller - INFO - DCGM telemetry enabled - 1/1 endpoint(s) reachable
2026-09-16 23:24:00.798 - httpx - INFO - HTTP Request: HEAD https://huggingface.co/nvidia/NVIDIA-Nemotron-3-Super-120B-A12B-NVFP4/resolve/main/config.json "HTTP/1.1 307 Temporary Redirect"
2026-09-16 23:24:00.807 - httpx - INFO - HTTP Request: HEAD https://huggingface.co/api/resolve-cache/models/nvidia/NVIDIA-Nemotron-3-Super-120B-A12B-NVFP4/ff433f5493e25d631c9f12b5d55c674229923d02/config.json?%2Fnvidia%2FNVIDIA-Nemotron-3-Super-120B-A12B-NVFP4%2Fresolve%2Fmain%2Fconfig.json=&etag=%2225fdfa00f468ad953fc5516aeab78a128332da1a%22 "HTTP/1.1 200 OK"
2026-09-16 23:24:01.483 - httpx - INFO - HTTP Request: HEAD https://huggingface.co/nvidia/NVIDIA-Nemotron-3-Super-120B-A12B-NVFP4/resolve/main/tokenizer_config.json "HTTP/1.1 307 Temporary Redirect"
2026-09-16 23:24:01.492 - httpx - INFO - HTTP Request: HEAD https://huggingface.co/api/resolve-cache/models/nvidia/NVIDIA-Nemotron-3-Super-120B-A12B-NVFP4/ff433f5493e25d631c9f12b5d55c674229923d02/tokenizer_config.json?%2Fnvidia%2FNVIDIA-Nemotron-3-Super-120B-A12B-NVFP4%2Fresolve%2Fmain%2Ftokenizer_config.json=&etag=%22c96e5ad00986bfa0b666d4bc425666f1c51d6d1b%22 "HTTP/1.1 200 OK"
2026-09-16 23:24:01.704 - httpx - INFO - HTTP Request: GET https://huggingface.co/api/models/nvidia/NVIDIA-Nemotron-3-Super-120B-A12B-NVFP4/tree/main/additional_chat_templates?recursive=false&expand=false "HTTP/1.1 404 Not Found"
2026-09-16 23:24:01.911 - httpx - INFO - HTTP Request: GET https://huggingface.co/api/models/nvidia/NVIDIA-Nemotron-3-Super-120B-A12B-NVFP4/tree/main?recursive=true&expand=false "HTTP/1.1 200 OK"
2026-09-16 23:24:02.895 - httpx - INFO - HTTP Request: GET https://huggingface.co/api/models/nvidia/NVIDIA-Nemotron-3-Super-120B-A12B-NVFP4 "HTTP/1.1 200 OK"
2026-09-16 23:24:03.233 - dataset_manager - INFO - Tokenizer(s) configured in 3.64 seconds
2026-09-16 23:24:03.233 - dataset_manager - INFO - Configuring dataset for dataset_manager
2026-09-16 23:24:03.578 - MemoryMapDatasetBackingStore_a919af8d - INFO - Memory-mapped backing store initialized (streaming to /tmp/aiperf_mmap_677817c05bbf4401aca9d735b4ef584a/dataset.dat)
2026-09-16 23:24:03.584 - MemoryMapDatasetBackingStore_a919af8d - INFO - Data file finalized: 100 conversations, 0.50 MB
2026-09-16 23:24:03.585 - MemoryMapDatasetBackingStore_a919af8d - INFO - Index file created: /tmp/aiperf_mmap_677817c05bbf4401aca9d735b4ef584a/index.dat
2026-09-16 23:24:03.586 - dataset_manager - INFO - Backing store finalized: client_type=DatasetClientStoreType.MEMORY_MAP format=MemoryMapFormat.CONVERSATION data_file_path=PosixPath('/tmp/aiperf_mmap_677817c05bbf4401aca9d735b4ef584a/dataset.dat') index_file_path=PosixPath('/tmp/aiperf_mmap_677817c05bbf4401aca9d735b4ef584a/index.dat') conversation_count=100 total_size_bytes=519382 compressed=False compressed_data_file_path=None compressed_index_file_path=None compressed_size_bytes=0
2026-09-16 23:24:03.588 - dataset_manager - INFO - sampling strategy: sequential, unique conversations: 100, unique turn count: 100
2026-09-16 23:24:03.589 - dataset_manager - INFO - Generating inputs.json file at /root/llm_perf/artifacts/20260916_223047_nvidia_NVIDIA-Nemotron-3-Super-120B-A12B-NVFP4_c1,4,16,32,64,128/profile_runs/trial_0002/concurrency_64/inputs.json
2026-09-16 23:24:03.591 - PhaseOrchestrator_fa17170d - INFO - Initialized 1 phase(s): ['Profiling']
2026-09-16 23:24:03.595 - dataset_manager - INFO - inputs.json file generated in 0.01 seconds
2026-09-16 23:24:03.661 - dataset_manager - INFO - Dataset client initialized and freed 100 conversations from memory
2026-09-16 23:24:03.662 - dataset_manager - INFO - Dataset configured in 0.43 seconds
2026-09-16 23:24:03.663 - system_controller - INFO - All services configured in 4.08 seconds
2026-09-16 23:24:03.663 - system_controller - INFO - AIPerf System is CONFIGURED
2026-09-16 23:24:03.664 - server_metrics_manager - INFO - Server Metrics: Started 1 collector(s) successfully
2026-09-16 23:24:03.665 - system_controller - INFO - All services started profiling successfully
2026-09-16 23:24:03.665 - system_controller - INFO - AIPerf System is PROFILING
2026-09-16 23:24:03.666 - RateTiming - INFO - Creating interval generator: pattern=concurrency_burst, rate=None, smoothness=None
2026-09-16 23:24:03.667 - PhaseRunner - NOTICE - Phase profiling (profiling) started | phase_index=0 | profiling_index=0 | target: 300.0s duration
2026-09-16 23:24:03.667 - PhaseRunner - INFO - Waiting for event 'profiling phase sending' with timeout of 299.99928953s
2026-09-16 23:24:03.668 - records_manager - INFO - Credit phase start: profiling
2026-09-16 23:29:03.666 - PhaseRunner - INFO - Timeout of 299.99928953s elapsed for event 'profiling phase sending'
2026-09-16 23:29:03.667 - PhaseRunner - NOTICE - Phase profiling (profiling) sending complete | sent=2,048, completed=1,984, in_flight=64 | sessions: sent=2,048, completed=1,984 | timeout_triggered=True
2026-09-16 23:29:03.668 - PhaseRunner - INFO - Waiting for event 'profiling phase credits returned' with timeout of 29.999048661000018s
2026-09-16 23:29:03.668 - records_manager - INFO - Sent 2,048 requests. Waiting for all to complete...
2026-09-16 23:29:06.413 - PhaseRunner - NOTICE - Phase profiling (profiling) complete | completed=2,048, cancelled=0, errors=0 | sessions: completed=2,048, cancelled=0 | elapsed=302.75s
2026-09-16 23:29:06.414 - PhaseOrchestrator_fa17170d - NOTICE - All credits completed
2026-09-16 23:29:06.414 - system_controller - INFO - Received credits complete from 'timing_manager'
2026-09-16 23:29:06.416 - records_manager - INFO - Received CREDIT_PHASE_COMPLETE message, Phase complete: PhaseRecordsStats(phase=CreditPhase.PROFILING, phase_index=0, profiling_index=0, phase_name='profiling', phase_kind='profiling', start_ns=1789572243667126070, sent_end_ns=1789572543667050136, requests_end_ns=1789572546412979513, baseline_start_ns=1789572243667113366, baseline_end_ns=1789572546412988857, total_expected_requests=None, expected_duration_sec=None, expected_num_sessions=None, expected_grace_period_sec=None, final_requests_sent=None, final_requests_completed=2048, final_requests_cancelled=0, final_request_errors=0, final_sent_sessions=None, final_completed_sessions=None, final_cancelled_sessions=None, timeout_triggered=True, grace_period_timeout_triggered=False, was_cancelled=False, records_end_ns=None, success_records=2031, error_records=0)
2026-09-16 23:29:06.418 - records_manager - NOTICE - All requests have completed, please wait for the results to be processed (currently 2,031 of 2,048 records processed)...
2026-09-16 23:29:06.419 - records_manager - INFO - All credits complete, please wait for the results to be processed...
2026-09-16 23:29:06.427 - records_manager - INFO - Processed 2048 valid requests and 0 errors (2048 total).
2026-09-16 23:29:06.427 - records_manager - INFO - Received all records, processing now...
2026-09-16 23:29:06.428 - server_metrics_manager - INFO - Server Metrics: Profiling complete, capturing final metrics...
2026-09-16 23:29:06.428 - gpu_telemetry_manager - INFO - GPU Telemetry: Profiling complete, capturing final metrics...
2026-09-16 23:29:06.429 - records_manager - INFO - Waiting 2.0s for server metrics flush period...
2026-09-16 23:29:08.413 - records_manager - INFO - Processing records results...
2026-09-16 23:29:10.000 - system_controller - INFO - Waiting for result domains: server_metrics, telemetry
2026-09-16 23:29:10.000 - system_controller - INFO - Waiting for result domains: server_metrics
2026-09-16 23:29:10.312 - records_manager - INFO - _finalize_and_process_results completed
2026-09-16 23:29:10.316 - system_controller - INFO - All results received, initiating shutdown
2026-09-16 23:29:10.920 - ExporterManager - INFO - Exporting all records
2026-09-16 23:29:11.026 - ExporterManager - INFO - Exporting console data
