2026-09-17 20:57:21.677 - system_controller - INFO - Registered Worker Manager (id: 'worker_manager')
2026-09-17 20:57:21.688 - server_metrics_manager - INFO - Server Metrics: Discovered 1 endpoints: ['http://localhost:8000/metrics']
2026-09-17 20:57:21.710 - GPUTelemetryJSONLWriter_56475c8a - INFO - GPU telemetry export enabled: /root/llm_perf/artifacts/20260917_203021_RedHatAI_GLM-5.3-Flash-NVFP4_c1,4,16,32/profile_runs/trial_0002/concurrency_4/gpu_telemetry_export.jsonl
2026-09-17 20:57:21.710 - system_controller - INFO - Registered Server Metrics Manager (id: 'server_metrics_manager')
2026-09-17 20:57:21.716 - OTelMetricsResultsProcessor_4bbb5ef6 - INFO - Telemetry streaming is disabled (set --otel-url and/or --mlflow-tracking-uri to enable)
2026-09-17 20:57:21.717 - RecordExportJSONLWriter_bbb5812b - INFO - Record metrics export enabled: /root/llm_perf/artifacts/20260917_203021_RedHatAI_GLM-5.3-Flash-NVFP4_c1,4,16,32/profile_runs/trial_0002/concurrency_4/profile_export.jsonl
2026-09-17 20:57:21.719 - system_controller - INFO - Registered Record Processor (id: 'record_processor_f02f931e')
2026-09-17 20:57:21.751 - system_controller - INFO - Registered Records Manager (id: 'records_manager')
2026-09-17 20:57:21.793 - system_controller - INFO - Registered Gpu Telemetry Manager (id: 'gpu_telemetry_manager')
2026-09-17 20:57:21.802 - system_controller - INFO - Registered Dataset Manager (id: 'dataset_manager')
2026-09-17 20:57:21.809 - system_controller - INFO - Registered Timing Manager (id: 'timing_manager')
2026-09-17 20:57:21.834 - system_controller - INFO - Registered Worker (id: 'worker_432330ff')
2026-09-17 20:57:21.835 - system_controller - INFO - Registered Worker (id: 'worker_c7d3725f')
2026-09-17 20:57:21.835 - system_controller - INFO - Registered Worker (id: 'worker_7cee12a3')
2026-09-17 20:57:21.835 - system_controller - INFO - Registered Worker (id: 'worker_9acb7bed')
2026-09-17 20:57:22.173 - system_controller - INFO - AIPerf System is CONFIGURING
2026-09-17 20:57:22.173 - system_controller - INFO - Configuring all services to start profiling
2026-09-17 20:57:22.174 - InferenceResultParser_915722cd - INFO - Tokenization is disabled for this endpoint, skipping tokenizer configuration
2026-09-17 20:57:22.174 - timing_manager - INFO - Waiting for dataset to be configured before configuring timing
2026-09-17 20:57:22.174 - dataset_manager - INFO - Configuring tokenizer(s) for dataset manager
2026-09-17 20:57:22.182 - server_metrics_manager - INFO - Server Metrics: Capturing baseline metrics...
2026-09-17 20:57:22.184 - gpu_telemetry_manager - INFO - GPU Telemetry: Capturing baseline metrics from pynvml://localhost
2026-09-17 20:57:22.193 - pynvml_collector - INFO - PyNVML initialized with 1 GPU(s) (1 with GPM support)
2026-09-17 20:57:22.195 - http://localhost:8000/metrics - INFO - Skipping unsupported summary metric: http_request_size_bytes
2026-09-17 20:57:22.195 - http://localhost:8000/metrics - INFO - Skipping unsupported summary metric: http_response_size_bytes
2026-09-17 20:57:22.196 - system_controller - INFO - Server metrics enabled - 1/1 endpoint(s) reachable.
2026-09-17 20:57:22.197 - system_controller - INFO - Waiting for result domains: profile, server_metrics, telemetry
2026-09-17 20:57:22.203 - system_controller - INFO - DCGM telemetry enabled - 1/1 endpoint(s) reachable
2026-09-17 20:57:23.345 - httpx - INFO - HTTP Request: HEAD https://huggingface.co/RedHatAI/GLM-5.3-Flash-NVFP4/resolve/main/config.json "HTTP/1.1 307 Temporary Redirect"
2026-09-17 20:57:23.350 - httpx - INFO - HTTP Request: HEAD https://huggingface.co/api/resolve-cache/models/RedHatAI/GLM-5.3-Flash-NVFP4/c245560b6d7e62c329cd3042343b358a4279affd/config.json?%2FRedHatAI%2FGLM-5.3-Flash-NVFP4%2Fresolve%2Fmain%2Fconfig.json=&etag=%22e62581648d702e1d270189b4efdc001ac2844279%22 "HTTP/1.1 200 OK"
2026-09-17 20:57:23.575 - httpx - INFO - HTTP Request: HEAD https://huggingface.co/RedHatAI/GLM-5.3-Flash-NVFP4/resolve/main/tokenizer_config.json "HTTP/1.1 307 Temporary Redirect"
2026-09-17 20:57:23.581 - httpx - INFO - HTTP Request: HEAD https://huggingface.co/api/resolve-cache/models/RedHatAI/GLM-5.3-Flash-NVFP4/c245560b6d7e62c329cd3042343b358a4279affd/tokenizer_config.json?%2FRedHatAI%2FGLM-5.3-Flash-NVFP4%2Fresolve%2Fmain%2Ftokenizer_config.json=&etag=%220891a18eef6fc3d26dd2e87796ed39c7f91e3a77%22 "HTTP/1.1 200 OK"
2026-09-17 20:57:23.788 - httpx - INFO - HTTP Request: GET https://huggingface.co/api/models/RedHatAI/GLM-5.3-Flash-NVFP4/tree/main/additional_chat_templates?recursive=false&expand=false "HTTP/1.1 404 Not Found"
2026-09-17 20:57:23.992 - httpx - INFO - HTTP Request: GET https://huggingface.co/api/models/RedHatAI/GLM-5.3-Flash-NVFP4/tree/main?recursive=true&expand=false "HTTP/1.1 200 OK"
2026-09-17 20:57:25.115 - httpx - INFO - HTTP Request: GET https://huggingface.co/api/models/RedHatAI/GLM-5.3-Flash-NVFP4 "HTTP/1.1 200 OK"
2026-09-17 20:57:25.170 - dataset_manager - INFO - Tokenizer(s) configured in 2.99 seconds
2026-09-17 20:57:25.170 - dataset_manager - INFO - Configuring dataset for dataset_manager
2026-09-17 20:57:25.469 - MemoryMapDatasetBackingStore_5ecedb4b - INFO - Memory-mapped backing store initialized (streaming to /tmp/aiperf_mmap_e0b0bf7222bc44cea5659a4b343c518c/dataset.dat)
2026-09-17 20:57:25.475 - MemoryMapDatasetBackingStore_5ecedb4b - INFO - Data file finalized: 100 conversations, 0.50 MB
2026-09-17 20:57:25.477 - MemoryMapDatasetBackingStore_5ecedb4b - INFO - Index file created: /tmp/aiperf_mmap_e0b0bf7222bc44cea5659a4b343c518c/index.dat
2026-09-17 20:57:25.477 - dataset_manager - INFO - Backing store finalized: client_type=DatasetClientStoreType.MEMORY_MAP format=MemoryMapFormat.CONVERSATION data_file_path=PosixPath('/tmp/aiperf_mmap_e0b0bf7222bc44cea5659a4b343c518c/dataset.dat') index_file_path=PosixPath('/tmp/aiperf_mmap_e0b0bf7222bc44cea5659a4b343c518c/index.dat') conversation_count=100 total_size_bytes=526937 compressed=False compressed_data_file_path=None compressed_index_file_path=None compressed_size_bytes=0
2026-09-17 20:57:25.480 - dataset_manager - INFO - sampling strategy: sequential, unique conversations: 100, unique turn count: 100
2026-09-17 20:57:25.481 - dataset_manager - INFO - Generating inputs.json file at /root/llm_perf/artifacts/20260917_203021_RedHatAI_GLM-5.3-Flash-NVFP4_c1,4,16,32/profile_runs/trial_0002/concurrency_4/inputs.json
2026-09-17 20:57:25.482 - PhaseOrchestrator_e6e97f20 - INFO - Initialized 1 phase(s): ['Profiling']
2026-09-17 20:57:25.484 - dataset_manager - INFO - inputs.json file generated in 0.00 seconds
2026-09-17 20:57:25.547 - dataset_manager - INFO - Dataset client initialized and freed 100 conversations from memory
2026-09-17 20:57:25.548 - dataset_manager - INFO - Dataset configured in 0.38 seconds
2026-09-17 20:57:25.549 - system_controller - INFO - All services configured in 3.38 seconds
2026-09-17 20:57:25.549 - system_controller - INFO - AIPerf System is CONFIGURED
2026-09-17 20:57:25.550 - server_metrics_manager - INFO - Server Metrics: Started 1 collector(s) successfully
2026-09-17 20:57:25.551 - system_controller - INFO - All services started profiling successfully
2026-09-17 20:57:25.551 - system_controller - INFO - AIPerf System is PROFILING
2026-09-17 20:57:25.552 - RateTiming - INFO - Creating interval generator: pattern=concurrency_burst, rate=None, smoothness=None
2026-09-17 20:57:25.552 - PhaseRunner - NOTICE - Phase profiling (profiling) started | phase_index=0 | profiling_index=0 | target: 300.0s duration
2026-09-17 20:57:25.553 - PhaseRunner - INFO - Waiting for event 'profiling phase sending' with timeout of 299.999173104s
2026-09-17 20:57:25.553 - records_manager - INFO - Credit phase start: profiling
2026-09-17 21:02:25.552 - PhaseRunner - INFO - Timeout of 299.999173104s elapsed for event 'profiling phase sending'
2026-09-17 21:02:25.553 - PhaseRunner - NOTICE - Phase profiling (profiling) sending complete | sent=244, completed=240, in_flight=4 | sessions: sent=244, completed=240 | timeout_triggered=True
2026-09-17 21:02:25.553 - PhaseRunner - INFO - Waiting for event 'profiling phase credits returned' with timeout of 29.998911980999992s
2026-09-17 21:02:25.554 - records_manager - INFO - Sent 244 requests. Waiting for all to complete...
2026-09-17 21:02:30.558 - PhaseRunner - NOTICE - Phase profiling (profiling) complete | completed=244, cancelled=0, errors=0 | sessions: completed=244, cancelled=0 | elapsed=305.01s
2026-09-17 21:02:30.559 - PhaseOrchestrator_e6e97f20 - NOTICE - All credits completed
2026-09-17 21:02:30.560 - system_controller - INFO - Received credits complete from 'timing_manager'
2026-09-17 21:02:30.560 - records_manager - INFO - Received CREDIT_PHASE_COMPLETE message, Phase complete: PhaseRecordsStats(phase=CreditPhase.PROFILING, phase_index=0, profiling_index=0, phase_name='profiling', phase_kind='profiling', start_ns=1789649845552774543, sent_end_ns=1789650145553019572, requests_end_ns=1789650150558764167, baseline_start_ns=1789649845552762318, baseline_end_ns=1789650150558772776, total_expected_requests=None, expected_duration_sec=None, expected_num_sessions=None, expected_grace_period_sec=None, final_requests_sent=None, final_requests_completed=244, final_requests_cancelled=0, final_request_errors=0, final_sent_sessions=None, final_completed_sessions=None, final_cancelled_sessions=None, timeout_triggered=True, grace_period_timeout_triggered=False, was_cancelled=False, records_end_ns=None, success_records=241, error_records=0)
2026-09-17 21:02:30.562 - records_manager - NOTICE - All requests have completed, please wait for the results to be processed (currently 241 of 244 records processed)...
2026-09-17 21:02:30.562 - records_manager - INFO - All credits complete, please wait for the results to be processed...
2026-09-17 21:02:30.605 - records_manager - INFO - Processed 244 valid requests and 0 errors (244 total).
2026-09-17 21:02:30.606 - records_manager - INFO - Received all records, processing now...
2026-09-17 21:02:30.606 - server_metrics_manager - INFO - Server Metrics: Profiling complete, capturing final metrics...
2026-09-17 21:02:30.606 - gpu_telemetry_manager - INFO - GPU Telemetry: Profiling complete, capturing final metrics...
2026-09-17 21:02:30.607 - records_manager - INFO - Waiting 2.0s for server metrics flush period...
2026-09-17 21:02:32.560 - records_manager - INFO - Processing records results...
2026-09-17 21:02:32.822 - system_controller - INFO - Waiting for result domains: server_metrics, telemetry
2026-09-17 21:02:32.823 - system_controller - INFO - Waiting for result domains: server_metrics
2026-09-17 21:02:33.132 - records_manager - INFO - _finalize_and_process_results completed
2026-09-17 21:02:33.135 - system_controller - INFO - All results received, initiating shutdown
2026-09-17 21:02:33.738 - ExporterManager - INFO - Exporting all records
2026-09-17 21:02:33.845 - ExporterManager - INFO - Exporting console data
