2026-09-16 16:07:09.912 - system_controller - INFO - Registered Worker Manager (id: 'worker_manager')
2026-09-16 16:07:09.922 - server_metrics_manager - INFO - Server Metrics: Discovered 1 endpoints: ['http://localhost:8000/metrics']
2026-09-16 16:07:09.936 - system_controller - INFO - Registered Gpu Telemetry Manager (id: 'gpu_telemetry_manager')
2026-09-16 16:07:09.938 - system_controller - INFO - Registered Dataset Manager (id: 'dataset_manager')
2026-09-16 16:07:09.943 - GPUTelemetryJSONLWriter_9d5f46cf - INFO - GPU telemetry export enabled: /root/llm_perf/artifacts/20260916_160706_google_gemma-4-26B-A4B-it_c1,4,16,32,64,128/profile_runs/trial_0001/concurrency_1/gpu_telemetry_export.jsonl
2026-09-16 16:07:09.944 - system_controller - INFO - Registered Server Metrics Manager (id: 'server_metrics_manager')
2026-09-16 16:07:09.950 - OTelMetricsResultsProcessor_e0f63d05 - INFO - Telemetry streaming is disabled (set --otel-url and/or --mlflow-tracking-uri to enable)
2026-09-16 16:07:09.951 - RecordExportJSONLWriter_058dcffe - INFO - Record metrics export enabled: /root/llm_perf/artifacts/20260916_160706_google_gemma-4-26B-A4B-it_c1,4,16,32,64,128/profile_runs/trial_0001/concurrency_1/profile_export.jsonl
2026-09-16 16:07:09.974 - system_controller - INFO - Registered Records Manager (id: 'records_manager')
2026-09-16 16:07:10.005 - system_controller - INFO - Registered Timing Manager (id: 'timing_manager')
2026-09-16 16:07:10.013 - system_controller - INFO - Registered Worker (id: 'worker_324baf8a')
2026-09-16 16:07:10.053 - system_controller - INFO - Registered Record Processor (id: 'record_processor_546310ac')
2026-09-16 16:07:10.408 - system_controller - INFO - AIPerf System is CONFIGURING
2026-09-16 16:07:10.408 - system_controller - INFO - Configuring all services to start profiling
2026-09-16 16:07:10.409 - timing_manager - INFO - Waiting for dataset to be configured before configuring timing
2026-09-16 16:07:10.409 - InferenceResultParser_162b51eb - INFO - Tokenization is disabled for this endpoint, skipping tokenizer configuration
2026-09-16 16:07:10.409 - dataset_manager - INFO - Configuring tokenizer(s) for dataset manager
2026-09-16 16:07:10.417 - server_metrics_manager - INFO - Server Metrics: Capturing baseline metrics...
2026-09-16 16:07:10.419 - gpu_telemetry_manager - INFO - GPU Telemetry: Capturing baseline metrics from pynvml://localhost
2026-09-16 16:07:10.428 - pynvml_collector - INFO - PyNVML initialized with 1 GPU(s) (1 with GPM support)
2026-09-16 16:07:10.439 - system_controller - INFO - DCGM telemetry enabled - 1/1 endpoint(s) reachable
2026-09-16 16:07:10.440 - system_controller - INFO - Waiting for result domains: profile, server_metrics, telemetry
2026-09-16 16:07:10.440 - http://localhost:8000/metrics - INFO - Skipping unsupported summary metric: http_request_size_bytes
2026-09-16 16:07:10.440 - http://localhost:8000/metrics - INFO - Skipping unsupported summary metric: http_response_size_bytes
2026-09-16 16:07:10.441 - system_controller - INFO - Server metrics enabled - 1/1 endpoint(s) reachable.
2026-09-16 16:07:11.581 - httpx - INFO - HTTP Request: HEAD https://huggingface.co/google/gemma-4-26B-A4B-it/resolve/main/config.json "HTTP/1.1 307 Temporary Redirect"
2026-09-16 16:07:11.587 - httpx - INFO - HTTP Request: HEAD https://huggingface.co/api/resolve-cache/models/google/gemma-4-26B-A4B-it/4d7ae4984b7db7de8f8457170b3f1a419ee76d52/config.json?%2Fgoogle%2Fgemma-4-26B-A4B-it%2Fresolve%2Fmain%2Fconfig.json=&etag=%22f42adcca257bb0865c506947671e7d0af52ac9c4%22 "HTTP/1.1 200 OK"
2026-09-16 16:07:11.800 - httpx - INFO - HTTP Request: HEAD https://huggingface.co/google/gemma-4-26B-A4B-it/resolve/main/tokenizer_config.json "HTTP/1.1 307 Temporary Redirect"
2026-09-16 16:07:11.805 - httpx - INFO - HTTP Request: HEAD https://huggingface.co/api/resolve-cache/models/google/gemma-4-26B-A4B-it/4d7ae4984b7db7de8f8457170b3f1a419ee76d52/tokenizer_config.json?%2Fgoogle%2Fgemma-4-26B-A4B-it%2Fresolve%2Fmain%2Ftokenizer_config.json=&etag=%226068e357379d36f823c377e30efb101fa2c67fe4%22 "HTTP/1.1 200 OK"
2026-09-16 16:07:12.011 - httpx - INFO - HTTP Request: GET https://huggingface.co/api/models/google/gemma-4-26B-A4B-it/tree/main/additional_chat_templates?recursive=false&expand=false "HTTP/1.1 404 Not Found"
2026-09-16 16:07:12.219 - httpx - INFO - HTTP Request: GET https://huggingface.co/api/models/google/gemma-4-26B-A4B-it/tree/main?recursive=true&expand=false "HTTP/1.1 200 OK"
2026-09-16 16:07:13.339 - httpx - INFO - HTTP Request: GET https://huggingface.co/api/models/google/gemma-4-26B-A4B-it "HTTP/1.1 200 OK"
2026-09-16 16:07:13.367 - dataset_manager - INFO - Tokenizer(s) configured in 2.96 seconds
2026-09-16 16:07:13.368 - dataset_manager - INFO - Configuring dataset for dataset_manager
2026-09-16 16:07:13.680 - MemoryMapDatasetBackingStore_44b20eb6 - INFO - Memory-mapped backing store initialized (streaming to /tmp/aiperf_mmap_c226e50fa9994efca3ec3b378ed5db28/dataset.dat)
2026-09-16 16:07:13.686 - MemoryMapDatasetBackingStore_44b20eb6 - INFO - Data file finalized: 100 conversations, 0.53 MB
2026-09-16 16:07:13.687 - MemoryMapDatasetBackingStore_44b20eb6 - INFO - Index file created: /tmp/aiperf_mmap_c226e50fa9994efca3ec3b378ed5db28/index.dat
2026-09-16 16:07:13.687 - dataset_manager - INFO - Backing store finalized: client_type=DatasetClientStoreType.MEMORY_MAP format=MemoryMapFormat.CONVERSATION data_file_path=PosixPath('/tmp/aiperf_mmap_c226e50fa9994efca3ec3b378ed5db28/dataset.dat') index_file_path=PosixPath('/tmp/aiperf_mmap_c226e50fa9994efca3ec3b378ed5db28/index.dat') conversation_count=100 total_size_bytes=553827 compressed=False compressed_data_file_path=None compressed_index_file_path=None compressed_size_bytes=0
2026-09-16 16:07:13.689 - dataset_manager - INFO - sampling strategy: sequential, unique conversations: 100, unique turn count: 100
2026-09-16 16:07:13.690 - dataset_manager - INFO - Generating inputs.json file at /root/llm_perf/artifacts/20260916_160706_google_gemma-4-26B-A4B-it_c1,4,16,32,64,128/profile_runs/trial_0001/concurrency_1/inputs.json
2026-09-16 16:07:13.692 - PhaseOrchestrator_85c68e0c - INFO - Initialized 1 phase(s): ['Profiling']
2026-09-16 16:07:13.694 - dataset_manager - INFO - inputs.json file generated in 0.00 seconds
2026-09-16 16:07:13.771 - dataset_manager - INFO - Dataset client initialized and freed 100 conversations from memory
2026-09-16 16:07:13.772 - dataset_manager - INFO - Dataset configured in 0.40 seconds
2026-09-16 16:07:13.772 - system_controller - INFO - All services configured in 3.36 seconds
2026-09-16 16:07:13.773 - system_controller - INFO - AIPerf System is CONFIGURED
2026-09-16 16:07:13.774 - server_metrics_manager - INFO - Server Metrics: Started 1 collector(s) successfully
2026-09-16 16:07:13.775 - system_controller - INFO - All services started profiling successfully
2026-09-16 16:07:13.775 - system_controller - INFO - AIPerf System is PROFILING
2026-09-16 16:07:13.775 - RateTiming - INFO - Creating interval generator: pattern=concurrency_burst, rate=None, smoothness=None
2026-09-16 16:07:13.776 - PhaseRunner - NOTICE - Phase profiling (profiling) started | phase_index=0 | profiling_index=0 | target: 300.0s duration
2026-09-16 16:07:13.777 - PhaseRunner - INFO - Waiting for event 'profiling phase sending' with timeout of 299.999277884s
2026-09-16 16:07:13.777 - records_manager - INFO - Credit phase start: profiling
2026-09-16 16:12:13.776 - PhaseRunner - INFO - Timeout of 299.999277884s elapsed for event 'profiling phase sending'
2026-09-16 16:12:13.777 - PhaseRunner - NOTICE - Phase profiling (profiling) sending complete | sent=140, completed=139, in_flight=1 | sessions: sent=140, completed=139 | timeout_triggered=True
2026-09-16 16:12:13.778 - PhaseRunner - INFO - Waiting for event 'profiling phase credits returned' with timeout of 29.998553957000013s
2026-09-16 16:12:13.778 - records_manager - INFO - Sent 140 requests. Waiting for all to complete...
2026-09-16 16:12:14.104 - PhaseRunner - NOTICE - Phase profiling (profiling) complete | completed=140, cancelled=0, errors=0 | sessions: completed=140, cancelled=0 | elapsed=300.33s
2026-09-16 16:12:14.104 - PhaseOrchestrator_85c68e0c - NOTICE - All credits completed
2026-09-16 16:12:14.105 - system_controller - INFO - Received credits complete from 'timing_manager'
2026-09-16 16:12:14.105 - records_manager - INFO - Received CREDIT_PHASE_COMPLETE message, Phase complete: PhaseRecordsStats(phase=CreditPhase.PROFILING, phase_index=0, profiling_index=0, phase_name='profiling', phase_kind='profiling', start_ns=1789546033776644852, sent_end_ns=1789546333777215946, requests_end_ns=1789546334104051714, baseline_start_ns=1789546033776632468, baseline_end_ns=1789546334104059042, total_expected_requests=None, expected_duration_sec=None, expected_num_sessions=None, expected_grace_period_sec=None, final_requests_sent=None, final_requests_completed=140, final_requests_cancelled=0, final_request_errors=0, final_sent_sessions=None, final_completed_sessions=None, final_cancelled_sessions=None, timeout_triggered=True, grace_period_timeout_triggered=False, was_cancelled=False, records_end_ns=None, success_records=139, error_records=0)
2026-09-16 16:12:14.107 - records_manager - NOTICE - All requests have completed, please wait for the results to be processed (currently 139 of 140 records processed)...
2026-09-16 16:12:14.107 - records_manager - INFO - All credits complete, please wait for the results to be processed...
2026-09-16 16:12:14.109 - records_manager - INFO - Processed 140 valid requests and 0 errors (140 total).
2026-09-16 16:12:14.109 - records_manager - INFO - Received all records, processing now...
2026-09-16 16:12:14.110 - records_manager - INFO - Waiting 2.0s for server metrics flush period...
2026-09-16 16:12:14.110 - gpu_telemetry_manager - INFO - GPU Telemetry: Profiling complete, capturing final metrics...
2026-09-16 16:12:14.115 - server_metrics_manager - INFO - Server Metrics: Profiling complete, capturing final metrics...
2026-09-16 16:12:16.104 - records_manager - INFO - Processing records results...
2026-09-16 16:12:16.288 - system_controller - INFO - Waiting for result domains: server_metrics, telemetry
2026-09-16 16:12:16.288 - system_controller - INFO - Waiting for result domains: server_metrics
2026-09-16 16:12:16.610 - records_manager - INFO - _finalize_and_process_results completed
2026-09-16 16:12:16.616 - system_controller - INFO - All results received, initiating shutdown
2026-09-16 16:12:17.219 - ExporterManager - INFO - Exporting all records
2026-09-16 16:12:17.331 - ExporterManager - INFO - Exporting console data
