2026-09-17 19:27:35.728 - system_controller - INFO - Registered Worker Manager (id: 'worker_manager')
2026-09-17 19:27:35.739 - server_metrics_manager - INFO - Server Metrics: Discovered 1 endpoints: ['http://localhost:8000/metrics']
2026-09-17 19:27:35.761 - GPUTelemetryJSONLWriter_62e137c8 - INFO - GPU telemetry export enabled: /root/llm_perf/artifacts/20260917_184420_MiniMaxAI_MiniMax-M2.7_c1,4,16,32,64/profile_runs/trial_0002/concurrency_32/gpu_telemetry_export.jsonl
2026-09-17 19:27:35.767 - OTelMetricsResultsProcessor_79c68820 - INFO - Telemetry streaming is disabled (set --otel-url and/or --mlflow-tracking-uri to enable)
2026-09-17 19:27:35.769 - RecordExportJSONLWriter_258a58f2 - INFO - Record metrics export enabled: /root/llm_perf/artifacts/20260917_184420_MiniMaxAI_MiniMax-M2.7_c1,4,16,32,64/profile_runs/trial_0002/concurrency_32/profile_export.jsonl
2026-09-17 19:27:35.857 - system_controller - INFO - Registered Records Manager (id: 'records_manager')
2026-09-17 19:27:35.860 - system_controller - INFO - Registered Dataset Manager (id: 'dataset_manager')
2026-09-17 19:27:35.860 - system_controller - INFO - Registered Gpu Telemetry Manager (id: 'gpu_telemetry_manager')
2026-09-17 19:27:35.861 - system_controller - INFO - Registered Server Metrics Manager (id: 'server_metrics_manager')
2026-09-17 19:27:35.862 - system_controller - INFO - Registered Record Processor (id: 'record_processor_c7e69e39')
2026-09-17 19:27:35.863 - system_controller - INFO - Registered Record Processor (id: 'record_processor_4310340f')
2026-09-17 19:27:35.864 - system_controller - INFO - Registered Record Processor (id: 'record_processor_1e78016a')
2026-09-17 19:27:35.867 - system_controller - INFO - Registered Record Processor (id: 'record_processor_ee941a7e')
2026-09-17 19:27:35.869 - system_controller - INFO - Registered Record Processor (id: 'record_processor_53faa525')
2026-09-17 19:27:35.872 - system_controller - INFO - Registered Record Processor (id: 'record_processor_9be7cbcf')
2026-09-17 19:27:35.875 - system_controller - INFO - Registered Record Processor (id: 'record_processor_38b9bc2a')
2026-09-17 19:27:35.875 - system_controller - INFO - Registered Record Processor (id: 'record_processor_a0adc943')
2026-09-17 19:27:35.958 - system_controller - INFO - Registered Timing Manager (id: 'timing_manager')
2026-09-17 19:27:35.976 - system_controller - INFO - Registered Worker (id: 'worker_c43b3f4f')
2026-09-17 19:27:35.998 - system_controller - INFO - Registered Worker (id: 'worker_ff8f9571')
2026-09-17 19:27:35.999 - system_controller - INFO - Registered Worker (id: 'worker_d0ee2acb')
2026-09-17 19:27:35.999 - system_controller - INFO - Registered Worker (id: 'worker_795858da')
2026-09-17 19:27:36.001 - system_controller - INFO - Registered Worker (id: 'worker_e1ab3540')
2026-09-17 19:27:36.008 - system_controller - INFO - Registered Worker (id: 'worker_e09ff085')
2026-09-17 19:27:36.008 - system_controller - INFO - Registered Worker (id: 'worker_0c9d7940')
2026-09-17 19:27:36.013 - system_controller - INFO - Registered Worker (id: 'worker_81517805')
2026-09-17 19:27:36.014 - system_controller - INFO - Registered Worker (id: 'worker_c8154f7c')
2026-09-17 19:27:36.014 - system_controller - INFO - Registered Worker (id: 'worker_bc2abe72')
2026-09-17 19:27:36.016 - system_controller - INFO - Registered Worker (id: 'worker_2dec6f8f')
2026-09-17 19:27:36.021 - system_controller - INFO - Registered Worker (id: 'worker_7efdcc12')
2026-09-17 19:27:36.022 - system_controller - INFO - Registered Worker (id: 'worker_91c367a7')
2026-09-17 19:27:36.025 - system_controller - INFO - Registered Worker (id: 'worker_e0597317')
2026-09-17 19:27:36.027 - system_controller - INFO - Registered Worker (id: 'worker_fe9058d2')
2026-09-17 19:27:36.029 - system_controller - INFO - Registered Worker (id: 'worker_5a6347bf')
2026-09-17 19:27:36.031 - system_controller - INFO - Registered Worker (id: 'worker_3ea82dd9')
2026-09-17 19:27:36.059 - system_controller - INFO - Registered Worker (id: 'worker_b99e3f96')
2026-09-17 19:27:36.061 - system_controller - INFO - Registered Worker (id: 'worker_db8afd72')
2026-09-17 19:27:36.064 - system_controller - INFO - Registered Worker (id: 'worker_6d827894')
2026-09-17 19:27:36.116 - system_controller - INFO - Registered Worker (id: 'worker_2121239a')
2026-09-17 19:27:36.122 - system_controller - INFO - Registered Worker (id: 'worker_a6b675fc')
2026-09-17 19:27:36.127 - system_controller - INFO - Registered Worker (id: 'worker_910ea0f2')
2026-09-17 19:27:36.129 - system_controller - INFO - Registered Worker (id: 'worker_40011201')
2026-09-17 19:27:36.147 - system_controller - INFO - Registered Worker (id: 'worker_ffeb0cd3')
2026-09-17 19:27:36.148 - system_controller - INFO - Registered Worker (id: 'worker_6f55aa6d')
2026-09-17 19:27:36.151 - system_controller - INFO - Registered Worker (id: 'worker_33ec7ca4')
2026-09-17 19:27:36.151 - system_controller - INFO - Registered Worker (id: 'worker_e0623a63')
2026-09-17 19:27:36.156 - system_controller - INFO - Registered Worker (id: 'worker_7b2bcf65')
2026-09-17 19:27:36.157 - system_controller - INFO - Registered Worker (id: 'worker_2457802a')
2026-09-17 19:27:36.158 - system_controller - INFO - Registered Worker (id: 'worker_0677409c')
2026-09-17 19:27:36.158 - system_controller - INFO - Registered Worker (id: 'worker_532c3fda')
2026-09-17 19:27:36.224 - system_controller - INFO - AIPerf System is CONFIGURING
2026-09-17 19:27:36.224 - system_controller - INFO - Configuring all services to start profiling
2026-09-17 19:27:36.225 - timing_manager - INFO - Waiting for dataset to be configured before configuring timing
2026-09-17 19:27:36.225 - InferenceResultParser_4194ff7b - INFO - Tokenization is disabled for this endpoint, skipping tokenizer configuration
2026-09-17 19:27:36.225 - InferenceResultParser_4ae21adb - INFO - Tokenization is disabled for this endpoint, skipping tokenizer configuration
2026-09-17 19:27:36.225 - InferenceResultParser_ce227818 - INFO - Tokenization is disabled for this endpoint, skipping tokenizer configuration
2026-09-17 19:27:36.225 - InferenceResultParser_5737764e - INFO - Tokenization is disabled for this endpoint, skipping tokenizer configuration
2026-09-17 19:27:36.225 - InferenceResultParser_efa75d89 - INFO - Tokenization is disabled for this endpoint, skipping tokenizer configuration
2026-09-17 19:27:36.225 - InferenceResultParser_935bb1ad - INFO - Tokenization is disabled for this endpoint, skipping tokenizer configuration
2026-09-17 19:27:36.225 - InferenceResultParser_d404da55 - INFO - Tokenization is disabled for this endpoint, skipping tokenizer configuration
2026-09-17 19:27:36.225 - InferenceResultParser_fd6a9072 - INFO - Tokenization is disabled for this endpoint, skipping tokenizer configuration
2026-09-17 19:27:36.226 - dataset_manager - INFO - Configuring tokenizer(s) for dataset manager
2026-09-17 19:27:36.234 - server_metrics_manager - INFO - Server Metrics: Capturing baseline metrics...
2026-09-17 19:27:36.236 - gpu_telemetry_manager - INFO - GPU Telemetry: Capturing baseline metrics from pynvml://localhost
2026-09-17 19:27:36.245 - pynvml_collector - INFO - PyNVML initialized with 1 GPU(s) (1 with GPM support)
2026-09-17 19:27:36.247 - http://localhost:8000/metrics - INFO - Skipping unsupported summary metric: http_request_size_bytes
2026-09-17 19:27:36.248 - http://localhost:8000/metrics - INFO - Skipping unsupported summary metric: http_response_size_bytes
2026-09-17 19:27:36.249 - system_controller - INFO - Server metrics enabled - 1/1 endpoint(s) reachable.
2026-09-17 19:27:36.249 - system_controller - INFO - Waiting for result domains: profile, server_metrics, telemetry
2026-09-17 19:27:36.255 - system_controller - INFO - DCGM telemetry enabled - 1/1 endpoint(s) reachable
2026-09-17 19:27:37.423 - httpx - INFO - HTTP Request: HEAD https://huggingface.co/MiniMaxAI/MiniMax-M2.7/resolve/main/config.json "HTTP/1.1 307 Temporary Redirect"
2026-09-17 19:27:37.429 - httpx - INFO - HTTP Request: HEAD https://huggingface.co/api/resolve-cache/models/MiniMaxAI/MiniMax-M2.7/d494266a4affc0d2995ba1fa35c8481cbd84294b/config.json?%2FMiniMaxAI%2FMiniMax-M2.7%2Fresolve%2Fmain%2Fconfig.json=&etag=%22ba213004c5c8e8a10e7d47b7453cdc31827c840b%22 "HTTP/1.1 200 OK"
2026-09-17 19:27:37.630 - httpx - INFO - HTTP Request: HEAD https://huggingface.co/MiniMaxAI/MiniMax-M2.7/resolve/main/tokenizer_config.json "HTTP/1.1 307 Temporary Redirect"
2026-09-17 19:27:37.635 - httpx - INFO - HTTP Request: HEAD https://huggingface.co/api/resolve-cache/models/MiniMaxAI/MiniMax-M2.7/d494266a4affc0d2995ba1fa35c8481cbd84294b/tokenizer_config.json?%2FMiniMaxAI%2FMiniMax-M2.7%2Fresolve%2Fmain%2Ftokenizer_config.json=&etag=%22ff8e2ebcbdb03324603c0a734e459ec9968096ae%22 "HTTP/1.1 200 OK"
2026-09-17 19:27:37.834 - httpx - INFO - HTTP Request: HEAD https://huggingface.co/MiniMaxAI/MiniMax-M2.7/resolve/main/tokenizer_config.json "HTTP/1.1 307 Temporary Redirect"
2026-09-17 19:27:37.840 - httpx - INFO - HTTP Request: HEAD https://huggingface.co/api/resolve-cache/models/MiniMaxAI/MiniMax-M2.7/d494266a4affc0d2995ba1fa35c8481cbd84294b/tokenizer_config.json?%2FMiniMaxAI%2FMiniMax-M2.7%2Fresolve%2Fmain%2Ftokenizer_config.json=&etag=%22ff8e2ebcbdb03324603c0a734e459ec9968096ae%22 "HTTP/1.1 200 OK"
2026-09-17 19:27:38.044 - httpx - INFO - HTTP Request: GET https://huggingface.co/api/models/MiniMaxAI/MiniMax-M2.7/tree/main/additional_chat_templates?recursive=false&expand=false "HTTP/1.1 404 Not Found"
2026-09-17 19:27:38.246 - httpx - INFO - HTTP Request: GET https://huggingface.co/api/models/MiniMaxAI/MiniMax-M2.7/tree/main?recursive=true&expand=false "HTTP/1.1 200 OK"
2026-09-17 19:27:39.117 - httpx - INFO - HTTP Request: GET https://huggingface.co/api/models/MiniMaxAI/MiniMax-M2.7 "HTTP/1.1 200 OK"
2026-09-17 19:27:39.161 - dataset_manager - INFO - Tokenizer(s) configured in 2.93 seconds
2026-09-17 19:27:39.161 - dataset_manager - INFO - Configuring dataset for dataset_manager
2026-09-17 19:27:39.511 - MemoryMapDatasetBackingStore_71762e00 - INFO - Memory-mapped backing store initialized (streaming to /tmp/aiperf_mmap_4c32fc2a3f754bec86f6b3361496a25c/dataset.dat)
2026-09-17 19:27:39.517 - MemoryMapDatasetBackingStore_71762e00 - INFO - Data file finalized: 100 conversations, 0.52 MB
2026-09-17 19:27:39.519 - MemoryMapDatasetBackingStore_71762e00 - INFO - Index file created: /tmp/aiperf_mmap_4c32fc2a3f754bec86f6b3361496a25c/index.dat
2026-09-17 19:27:39.519 - dataset_manager - INFO - Backing store finalized: client_type=DatasetClientStoreType.MEMORY_MAP format=MemoryMapFormat.CONVERSATION data_file_path=PosixPath('/tmp/aiperf_mmap_4c32fc2a3f754bec86f6b3361496a25c/dataset.dat') index_file_path=PosixPath('/tmp/aiperf_mmap_4c32fc2a3f754bec86f6b3361496a25c/index.dat') conversation_count=100 total_size_bytes=543547 compressed=False compressed_data_file_path=None compressed_index_file_path=None compressed_size_bytes=0
2026-09-17 19:27:39.521 - dataset_manager - INFO - sampling strategy: sequential, unique conversations: 100, unique turn count: 100
2026-09-17 19:27:39.522 - dataset_manager - INFO - Generating inputs.json file at /root/llm_perf/artifacts/20260917_184420_MiniMaxAI_MiniMax-M2.7_c1,4,16,32,64/profile_runs/trial_0002/concurrency_32/inputs.json
2026-09-17 19:27:39.524 - PhaseOrchestrator_e66a5939 - INFO - Initialized 1 phase(s): ['Profiling']
2026-09-17 19:27:39.526 - dataset_manager - INFO - inputs.json file generated in 0.00 seconds
2026-09-17 19:27:39.589 - dataset_manager - INFO - Dataset client initialized and freed 100 conversations from memory
2026-09-17 19:27:39.590 - dataset_manager - INFO - Dataset configured in 0.43 seconds
2026-09-17 19:27:39.590 - system_controller - INFO - All services configured in 3.37 seconds
2026-09-17 19:27:39.591 - system_controller - INFO - AIPerf System is CONFIGURED
2026-09-17 19:27:39.592 - server_metrics_manager - INFO - Server Metrics: Started 1 collector(s) successfully
2026-09-17 19:27:39.593 - system_controller - INFO - All services started profiling successfully
2026-09-17 19:27:39.593 - system_controller - INFO - AIPerf System is PROFILING
2026-09-17 19:27:39.594 - RateTiming - INFO - Creating interval generator: pattern=concurrency_burst, rate=None, smoothness=None
2026-09-17 19:27:39.594 - PhaseRunner - NOTICE - Phase profiling (profiling) started | phase_index=0 | profiling_index=0 | target: 300.0s duration
2026-09-17 19:27:39.595 - PhaseRunner - INFO - Waiting for event 'profiling phase sending' with timeout of 299.999170171s
2026-09-17 19:27:39.595 - records_manager - INFO - Credit phase start: profiling
2026-09-17 19:32:39.594 - PhaseRunner - INFO - Timeout of 299.999170171s elapsed for event 'profiling phase sending'
2026-09-17 19:32:39.595 - PhaseRunner - NOTICE - Phase profiling (profiling) sending complete | sent=320, completed=288, in_flight=32 | sessions: sent=320, completed=288 | timeout_triggered=True
2026-09-17 19:32:39.596 - PhaseRunner - INFO - Waiting for event 'profiling phase credits returned' with timeout of 29.998643173000005s
2026-09-17 19:32:39.596 - records_manager - INFO - Sent 320 requests. Waiting for all to complete...
2026-09-17 19:32:41.781 - PhaseRunner - NOTICE - Phase profiling (profiling) complete | completed=320, cancelled=0, errors=0 | sessions: completed=320, cancelled=0 | elapsed=302.19s
2026-09-17 19:32:41.782 - PhaseOrchestrator_e66a5939 - NOTICE - All credits completed
2026-09-17 19:32:41.782 - system_controller - INFO - Received credits complete from 'timing_manager'
2026-09-17 19:32:41.782 - records_manager - INFO - Received CREDIT_PHASE_COMPLETE message, Phase complete: PhaseRecordsStats(phase=CreditPhase.PROFILING, phase_index=0, profiling_index=0, phase_name='profiling', phase_kind='profiling', start_ns=1789644459594678085, sent_end_ns=1789644759595172123, requests_end_ns=1789644761780848261, baseline_start_ns=1789644459594666277, baseline_end_ns=1789644761780855365, total_expected_requests=None, expected_duration_sec=None, expected_num_sessions=None, expected_grace_period_sec=None, final_requests_sent=None, final_requests_completed=320, final_requests_cancelled=0, final_request_errors=0, final_sent_sessions=None, final_completed_sessions=None, final_cancelled_sessions=None, timeout_triggered=True, grace_period_timeout_triggered=False, was_cancelled=False, records_end_ns=None, success_records=314, error_records=0)
2026-09-17 19:32:41.784 - records_manager - NOTICE - All requests have completed, please wait for the results to be processed (currently 314 of 320 records processed)...
2026-09-17 19:32:41.785 - records_manager - INFO - All credits complete, please wait for the results to be processed...
2026-09-17 19:32:41.789 - records_manager - INFO - Processed 320 valid requests and 0 errors (320 total).
2026-09-17 19:32:41.790 - records_manager - INFO - Received all records, processing now...
2026-09-17 19:32:41.790 - gpu_telemetry_manager - INFO - GPU Telemetry: Profiling complete, capturing final metrics...
2026-09-17 19:32:41.791 - records_manager - INFO - Waiting 2.0s for server metrics flush period...
2026-09-17 19:32:41.792 - server_metrics_manager - INFO - Server Metrics: Profiling complete, capturing final metrics...
2026-09-17 19:32:43.781 - records_manager - INFO - Processing records results...
2026-09-17 19:32:43.983 - system_controller - INFO - Waiting for result domains: server_metrics, telemetry
2026-09-17 19:32:43.984 - system_controller - INFO - Waiting for result domains: server_metrics
2026-09-17 19:32:44.306 - records_manager - INFO - _finalize_and_process_results completed
2026-09-17 19:32:44.316 - system_controller - INFO - All results received, initiating shutdown
2026-09-17 19:32:44.930 - ExporterManager - INFO - Exporting all records
2026-09-17 19:32:44.998 - ExporterManager - INFO - Exporting console data
