2026-09-17 20:30:23.447 - aiperf.cli_runner._multi_run - INFO - ================================================================================
2026-09-17 20:30:23.449 - aiperf.cli_runner._multi_run - INFO - Starting Multi-Run Benchmark
2026-09-17 20:30:23.449 - aiperf.cli_runner._multi_run - INFO -   Configurations: 4
2026-09-17 20:30:23.450 - aiperf.cli_runner._multi_run - INFO -   Trials per config: 2
2026-09-17 20:30:23.450 - aiperf.cli_runner._multi_run - INFO -   Total runs: 8
2026-09-17 20:30:23.451 - aiperf.cli_runner._multi_run - INFO -   Confidence level: 95%
2026-09-17 20:30:23.451 - aiperf.cli_runner._multi_run - INFO -   Cooldown between runs: 60.0s
2026-09-17 20:30:23.451 - aiperf.cli_runner._multi_run - INFO - ================================================================================
2026-09-17 20:30:23.452 - aiperf.cli_runner._multi_run - INFO -   Estimated duration: 3060s
2026-09-17 20:30:23.453 - aiperf.orchestrator.orchestrator - INFO - Starting multi-run benchmark (repeated): 2 trials x 4 variations
2026-09-17 20:30:23.454 - aiperf.orchestrator.orchestrator - INFO - [v0 t0] Executing run_0001...
2026-09-17 20:30:24.246 - aiperf.cli_runner._single_run - INFO - Starting AIPerf System
2026-09-17 20:30:24.254 - aiperf.config.resolution.resolvers - INFO - [OK] Tokenizer RedHatAI/GLM-5.3-Flash-NVFP4 detected
2026-09-17 20:30:24.255 - aiperf.config.resolution.resolvers - INFO - 1 tokenizer validated | 0.0s
2026-09-17 20:30:24.258 - aiperf.config.resolution.resolvers - INFO - HF cache hit (skipping prefetch): ['RedHatAI/GLM-5.3-Flash-NVFP4']
2026-09-17 20:35:32.593 - aiperf.orchestrator.orchestrator - INFO - [v1 t0] Executing run_0001...
2026-09-17 20:35:33.398 - aiperf.cli_runner._single_run - INFO - Starting AIPerf System
2026-09-17 20:35:33.407 - aiperf.config.resolution.resolvers - INFO - [OK] Tokenizer RedHatAI/GLM-5.3-Flash-NVFP4 detected
2026-09-17 20:35:33.407 - aiperf.config.resolution.resolvers - INFO - 1 tokenizer validated | 0.0s
2026-09-17 20:35:33.408 - aiperf.config.resolution.resolvers - INFO - HF cache hit (skipping prefetch): ['RedHatAI/GLM-5.3-Flash-NVFP4']
2026-09-17 20:40:42.734 - aiperf.orchestrator.orchestrator - INFO - [v2 t0] Executing run_0001...
2026-09-17 20:40:43.538 - aiperf.cli_runner._single_run - INFO - Starting AIPerf System
2026-09-17 20:40:43.546 - aiperf.config.resolution.resolvers - INFO - [OK] Tokenizer RedHatAI/GLM-5.3-Flash-NVFP4 detected
2026-09-17 20:40:43.547 - aiperf.config.resolution.resolvers - INFO - 1 tokenizer validated | 0.0s
2026-09-17 20:40:43.547 - aiperf.config.resolution.resolvers - INFO - HF cache hit (skipping prefetch): ['RedHatAI/GLM-5.3-Flash-NVFP4']
2026-09-17 20:45:57.426 - aiperf.orchestrator.orchestrator - INFO - [v3 t0] Executing run_0001...
2026-09-17 20:45:58.210 - aiperf.cli_runner._single_run - INFO - Starting AIPerf System
2026-09-17 20:45:58.219 - aiperf.config.resolution.resolvers - INFO - [OK] Tokenizer RedHatAI/GLM-5.3-Flash-NVFP4 detected
2026-09-17 20:45:58.219 - aiperf.config.resolution.resolvers - INFO - 1 tokenizer validated | 0.0s
2026-09-17 20:45:58.220 - aiperf.config.resolution.resolvers - INFO - HF cache hit (skipping prefetch): ['RedHatAI/GLM-5.3-Flash-NVFP4']
2026-09-17 20:51:10.319 - aiperf.orchestrator.orchestrator - INFO - Inter-trial cooldown: 60.0s
2026-09-17 20:52:10.381 - aiperf.orchestrator.orchestrator - INFO - [v0 t1] Executing run_0002...
2026-09-17 20:52:11.175 - aiperf.cli_runner._single_run - INFO - Starting AIPerf System
2026-09-17 20:52:11.183 - aiperf.config.resolution.resolvers - INFO - [OK] Tokenizer RedHatAI/GLM-5.3-Flash-NVFP4 detected
2026-09-17 20:52:11.184 - aiperf.config.resolution.resolvers - INFO - 1 tokenizer validated | 0.0s
2026-09-17 20:52:11.184 - aiperf.config.resolution.resolvers - INFO - HF cache hit (skipping prefetch): ['RedHatAI/GLM-5.3-Flash-NVFP4']
2026-09-17 20:57:20.702 - aiperf.cli_runner._multi_run - INFO - 
                                                                                                                                 
  phases.profiling.concurrency   output_token_throughput   time_to_first_token   inter_token_latency   request_latency   trials  
 ━━━━━━━━━━━━━━━━━━━━━━━━━━━━━━━━━━━━━━━━━━━━━━━━━━━━━━━━━━━━━━━━━━━━━━━━━━━━━━━━━━━━━━━━━━━━━━━━━━━━━━━━━━━━━━━━━━━━━━━━━━━━━━━ 
                             1                                                                                                2  
                                                                                                                                 

2026-09-17 20:57:20.704 - aiperf.orchestrator.orchestrator - INFO - [v1 t1] Executing run_0002...
2026-09-17 20:57:21.499 - aiperf.cli_runner._single_run - INFO - Starting AIPerf System
2026-09-17 20:57:21.507 - aiperf.config.resolution.resolvers - INFO - [OK] Tokenizer RedHatAI/GLM-5.3-Flash-NVFP4 detected
2026-09-17 20:57:21.508 - aiperf.config.resolution.resolvers - INFO - 1 tokenizer validated | 0.0s
2026-09-17 20:57:21.508 - aiperf.config.resolution.resolvers - INFO - HF cache hit (skipping prefetch): ['RedHatAI/GLM-5.3-Flash-NVFP4']
2026-09-17 21:02:33.926 - aiperf.cli_runner._multi_run - INFO - 
                                                                                                                                 
  phases.profiling.concurrency   output_token_throughput   time_to_first_token   inter_token_latency   request_latency   trials  
 ━━━━━━━━━━━━━━━━━━━━━━━━━━━━━━━━━━━━━━━━━━━━━━━━━━━━━━━━━━━━━━━━━━━━━━━━━━━━━━━━━━━━━━━━━━━━━━━━━━━━━━━━━━━━━━━━━━━━━━━━━━━━━━━ 
                             1                                                                                                2  
                             4                                                                                                2  
                                                                                                                                 

2026-09-17 21:02:33.929 - aiperf.orchestrator.orchestrator - INFO - [v2 t1] Executing run_0002...
2026-09-17 21:02:34.732 - aiperf.cli_runner._single_run - INFO - Starting AIPerf System
2026-09-17 21:02:34.741 - aiperf.config.resolution.resolvers - INFO - [OK] Tokenizer RedHatAI/GLM-5.3-Flash-NVFP4 detected
2026-09-17 21:02:34.741 - aiperf.config.resolution.resolvers - INFO - 1 tokenizer validated | 0.0s
2026-09-17 21:02:34.742 - aiperf.config.resolution.resolvers - INFO - HF cache hit (skipping prefetch): ['RedHatAI/GLM-5.3-Flash-NVFP4']
2026-09-17 21:07:48.336 - aiperf.cli_runner._multi_run - INFO - 
                                                                                                                                 
  phases.profiling.concurrency   output_token_throughput   time_to_first_token   inter_token_latency   request_latency   trials  
 ━━━━━━━━━━━━━━━━━━━━━━━━━━━━━━━━━━━━━━━━━━━━━━━━━━━━━━━━━━━━━━━━━━━━━━━━━━━━━━━━━━━━━━━━━━━━━━━━━━━━━━━━━━━━━━━━━━━━━━━━━━━━━━━ 
                             1                                                                                                2  
                             4                                                                                                2  
                            16                                                                                                2  
                                                                                                                                 

2026-09-17 21:07:48.338 - aiperf.orchestrator.orchestrator - INFO - [v3 t1] Executing run_0002...
2026-09-17 21:07:49.117 - aiperf.cli_runner._single_run - INFO - Starting AIPerf System
2026-09-17 21:07:49.125 - aiperf.config.resolution.resolvers - INFO - [OK] Tokenizer RedHatAI/GLM-5.3-Flash-NVFP4 detected
2026-09-17 21:07:49.125 - aiperf.config.resolution.resolvers - INFO - 1 tokenizer validated | 0.0s
2026-09-17 21:07:49.126 - aiperf.config.resolution.resolvers - INFO - HF cache hit (skipping prefetch): ['RedHatAI/GLM-5.3-Flash-NVFP4']
2026-09-17 21:13:01.405 - aiperf.cli_runner._multi_run - INFO - 
                                                                                                                                 
  phases.profiling.concurrency   output_token_throughput   time_to_first_token   inter_token_latency   request_latency   trials  
 ━━━━━━━━━━━━━━━━━━━━━━━━━━━━━━━━━━━━━━━━━━━━━━━━━━━━━━━━━━━━━━━━━━━━━━━━━━━━━━━━━━━━━━━━━━━━━━━━━━━━━━━━━━━━━━━━━━━━━━━━━━━━━━━ 
                             1                                                                                                2  
                             4                                                                                                2  
                            16                                                                                                2  
                            32                                                                                                2  
                                                                                                                                 

2026-09-17 21:13:01.407 - aiperf.orchestrator.orchestrator - INFO - Repeated mode complete: 8/8 runs successful
2026-09-17 21:13:01.408 - aiperf.cli_runner._multi_run - INFO - ================================================================================
2026-09-17 21:13:01.409 - aiperf.cli_runner._multi_run - INFO - ================================================================================
2026-09-17 21:13:01.409 - aiperf.cli_runner._multi_run - INFO - Computing aggregate statistics...
2026-09-17 21:13:01.558 - AggregateConfidenceCsvExporter - INFO - Exported aggregate data to: /root/llm_perf/artifacts/20260917_203021_RedHatAI_GLM-5.3-Flash-NVFP4_c1,4,16,32/aggregate/concurrency_1/profile_export_aiperf_aggregate.csv
2026-09-17 21:13:01.558 - AggregateConfidenceJsonExporter - INFO - Exported aggregate data to: /root/llm_perf/artifacts/20260917_203021_RedHatAI_GLM-5.3-Flash-NVFP4_c1,4,16,32/aggregate/concurrency_1/profile_export_aiperf_aggregate.json
2026-09-17 21:13:01.559 - AggregateSweepJsonExporter - INFO - Exported aggregate data to: /root/llm_perf/artifacts/20260917_203021_RedHatAI_GLM-5.3-Flash-NVFP4_c1,4,16,32/aggregate/sweep_aggregate/profile_export_aiperf_sweep.json
2026-09-17 21:13:01.560 - aiperf.cli_runner._multi_run - INFO - Per-variation aggregate (phases.profiling.concurrency=1) JSON: /root/llm_perf/artifacts/20260917_203021_RedHatAI_GLM-5.3-Flash-NVFP4_c1,4,16,32/aggregate/concurrency_1/profile_export_aiperf_aggregate.json; CSV: /root/llm_perf/artifacts/20260917_203021_RedHatAI_GLM-5.3-Flash-NVFP4_c1,4,16,32/aggregate/concurrency_1/profile_export_aiperf_aggregate.csv
2026-09-17 21:13:01.582 - AggregateSweepCsvExporter - INFO - Exported aggregate data to: /root/llm_perf/artifacts/20260917_203021_RedHatAI_GLM-5.3-Flash-NVFP4_c1,4,16,32/aggregate/sweep_aggregate/profile_export_aiperf_sweep.csv
2026-09-17 21:13:01.582 - aiperf.cli_runner._multi_run - INFO - Sweep aggregate JSON written to: /root/llm_perf/artifacts/20260917_203021_RedHatAI_GLM-5.3-Flash-NVFP4_c1,4,16,32/aggregate/sweep_aggregate/profile_export_aiperf_sweep.json
2026-09-17 21:13:01.583 - aiperf.cli_runner._multi_run - INFO - Sweep aggregate CSV written to: /root/llm_perf/artifacts/20260917_203021_RedHatAI_GLM-5.3-Flash-NVFP4_c1,4,16,32/aggregate/sweep_aggregate/profile_export_aiperf_sweep.csv
2026-09-17 21:13:01.583 - aiperf.cli_runner._multi_run - INFO - 
2026-09-17 21:13:01.583 - aiperf.cli_runner._multi_run - INFO - Best Configurations:
2026-09-17 21:13:01.584 - aiperf.cli_runner._multi_run - INFO -   Best throughput: concurrency=32 (2.94 requests/sec)
2026-09-17 21:13:01.584 - aiperf.cli_runner._multi_run - INFO -   Best latency (p99): concurrency=16 (518.88 ms)
2026-09-17 21:13:01.584 - aiperf.cli_runner._multi_run - INFO -   Pareto optimal points: [{'concurrency': 16}, {'concurrency': 32}]
2026-09-17 21:13:01.592 - AggregateConfidenceJsonExporter - INFO - Exported aggregate data to: /root/llm_perf/artifacts/20260917_203021_RedHatAI_GLM-5.3-Flash-NVFP4_c1,4,16,32/aggregate/concurrency_4/profile_export_aiperf_aggregate.json
2026-09-17 21:13:01.592 - AggregateConfidenceCsvExporter - INFO - Exported aggregate data to: /root/llm_perf/artifacts/20260917_203021_RedHatAI_GLM-5.3-Flash-NVFP4_c1,4,16,32/aggregate/concurrency_4/profile_export_aiperf_aggregate.csv
2026-09-17 21:13:01.593 - aiperf.cli_runner._multi_run - INFO - Per-variation aggregate (phases.profiling.concurrency=4) JSON: /root/llm_perf/artifacts/20260917_203021_RedHatAI_GLM-5.3-Flash-NVFP4_c1,4,16,32/aggregate/concurrency_4/profile_export_aiperf_aggregate.json; CSV: /root/llm_perf/artifacts/20260917_203021_RedHatAI_GLM-5.3-Flash-NVFP4_c1,4,16,32/aggregate/concurrency_4/profile_export_aiperf_aggregate.csv
2026-09-17 21:13:01.622 - AggregateConfidenceJsonExporter - INFO - Exported aggregate data to: /root/llm_perf/artifacts/20260917_203021_RedHatAI_GLM-5.3-Flash-NVFP4_c1,4,16,32/aggregate/concurrency_16/profile_export_aiperf_aggregate.json
2026-09-17 21:13:01.622 - AggregateConfidenceCsvExporter - INFO - Exported aggregate data to: /root/llm_perf/artifacts/20260917_203021_RedHatAI_GLM-5.3-Flash-NVFP4_c1,4,16,32/aggregate/concurrency_16/profile_export_aiperf_aggregate.csv
2026-09-17 21:13:01.623 - aiperf.cli_runner._multi_run - INFO - Per-variation aggregate (phases.profiling.concurrency=16) JSON: /root/llm_perf/artifacts/20260917_203021_RedHatAI_GLM-5.3-Flash-NVFP4_c1,4,16,32/aggregate/concurrency_16/profile_export_aiperf_aggregate.json; CSV: /root/llm_perf/artifacts/20260917_203021_RedHatAI_GLM-5.3-Flash-NVFP4_c1,4,16,32/aggregate/concurrency_16/profile_export_aiperf_aggregate.csv
2026-09-17 21:13:01.651 - AggregateConfidenceCsvExporter - INFO - Exported aggregate data to: /root/llm_perf/artifacts/20260917_203021_RedHatAI_GLM-5.3-Flash-NVFP4_c1,4,16,32/aggregate/concurrency_32/profile_export_aiperf_aggregate.csv
2026-09-17 21:13:01.652 - AggregateConfidenceJsonExporter - INFO - Exported aggregate data to: /root/llm_perf/artifacts/20260917_203021_RedHatAI_GLM-5.3-Flash-NVFP4_c1,4,16,32/aggregate/concurrency_32/profile_export_aiperf_aggregate.json
2026-09-17 21:13:01.652 - aiperf.cli_runner._multi_run - INFO - Per-variation aggregate (phases.profiling.concurrency=32) JSON: /root/llm_perf/artifacts/20260917_203021_RedHatAI_GLM-5.3-Flash-NVFP4_c1,4,16,32/aggregate/concurrency_32/profile_export_aiperf_aggregate.json; CSV: /root/llm_perf/artifacts/20260917_203021_RedHatAI_GLM-5.3-Flash-NVFP4_c1,4,16,32/aggregate/concurrency_32/profile_export_aiperf_aggregate.csv
