2026-09-17 00:44:33.456 - system_controller - INFO - Registered Worker Manager (id: 'worker_manager')
2026-09-17 00:44:33.467 - server_metrics_manager - INFO - Server Metrics: Discovered 1 endpoints: ['http://localhost:8000/metrics']
2026-09-17 00:44:33.488 - GPUTelemetryJSONLWriter_1ee6ec8e - INFO - GPU telemetry export enabled: /root/llm_perf/artifacts/20260916_234041_nvidia_NVIDIA-Nemotron-3.5-Lightning-30B-A3B-NVFP4_c1,4,16,32,64,128,256/profile_runs/trial_0002/concurrency_128/gpu_telemetry_export.jsonl
2026-09-17 00:44:33.495 - OTelMetricsResultsProcessor_668bd709 - INFO - Telemetry streaming is disabled (set --otel-url and/or --mlflow-tracking-uri to enable)
2026-09-17 00:44:33.497 - RecordExportJSONLWriter_a095eb5d - INFO - Record metrics export enabled: /root/llm_perf/artifacts/20260916_234041_nvidia_NVIDIA-Nemotron-3.5-Lightning-30B-A3B-NVFP4_c1,4,16,32,64,128,256/profile_runs/trial_0002/concurrency_128/profile_export.jsonl
2026-09-17 00:44:33.574 - system_controller - INFO - Registered Gpu Telemetry Manager (id: 'gpu_telemetry_manager')
2026-09-17 00:44:33.579 - system_controller - INFO - Registered Record Processor (id: 'record_processor_d5cb730c')
2026-09-17 00:44:33.580 - system_controller - INFO - Registered Record Processor (id: 'record_processor_5d8108c6')
2026-09-17 00:44:33.581 - system_controller - INFO - Registered Record Processor (id: 'record_processor_4b236172')
2026-09-17 00:44:33.582 - system_controller - INFO - Registered Dataset Manager (id: 'dataset_manager')
2026-09-17 00:44:33.582 - system_controller - INFO - Registered Server Metrics Manager (id: 'server_metrics_manager')
2026-09-17 00:44:33.583 - system_controller - INFO - Registered Record Processor (id: 'record_processor_20fbd441')
2026-09-17 00:44:33.586 - system_controller - INFO - Registered Record Processor (id: 'record_processor_b5a0ee50')
2026-09-17 00:44:33.589 - system_controller - INFO - Registered Record Processor (id: 'record_processor_346cce72')
2026-09-17 00:44:33.591 - system_controller - INFO - Registered Record Processor (id: 'record_processor_1e0a2b01')
2026-09-17 00:44:33.592 - system_controller - INFO - Registered Record Processor (id: 'record_processor_f6dcc177')
2026-09-17 00:44:33.623 - system_controller - INFO - Registered Records Manager (id: 'records_manager')
2026-09-17 00:44:33.684 - system_controller - INFO - Registered Timing Manager (id: 'timing_manager')
2026-09-17 00:44:33.717 - system_controller - INFO - Registered Worker (id: 'worker_4c18663e')
2026-09-17 00:44:33.718 - system_controller - INFO - Registered Worker (id: 'worker_cc678f98')
2026-09-17 00:44:33.722 - system_controller - INFO - Registered Worker (id: 'worker_705942a6')
2026-09-17 00:44:33.722 - system_controller - INFO - Registered Worker (id: 'worker_fe795160')
2026-09-17 00:44:33.723 - system_controller - INFO - Registered Worker (id: 'worker_6cdbacb3')
2026-09-17 00:44:33.723 - system_controller - INFO - Registered Worker (id: 'worker_787db159')
2026-09-17 00:44:33.725 - system_controller - INFO - Registered Worker (id: 'worker_0ba92750')
2026-09-17 00:44:33.726 - system_controller - INFO - Registered Worker (id: 'worker_1fd580d4')
2026-09-17 00:44:33.729 - system_controller - INFO - Registered Worker (id: 'worker_ab97d389')
2026-09-17 00:44:33.731 - system_controller - INFO - Registered Worker (id: 'worker_ecc83591')
2026-09-17 00:44:33.732 - system_controller - INFO - Registered Worker (id: 'worker_11fd61d0')
2026-09-17 00:44:33.733 - system_controller - INFO - Registered Worker (id: 'worker_c5e2f0da')
2026-09-17 00:44:33.734 - system_controller - INFO - Registered Worker (id: 'worker_8b9e101b')
2026-09-17 00:44:33.736 - system_controller - INFO - Registered Worker (id: 'worker_327bfbf1')
2026-09-17 00:44:33.737 - system_controller - INFO - Registered Worker (id: 'worker_53871d92')
2026-09-17 00:44:33.740 - system_controller - INFO - Registered Worker (id: 'worker_e21078e2')
2026-09-17 00:44:33.743 - system_controller - INFO - Registered Worker (id: 'worker_be392289')
2026-09-17 00:44:33.745 - system_controller - INFO - Registered Worker (id: 'worker_ebda3636')
2026-09-17 00:44:33.746 - system_controller - INFO - Registered Worker (id: 'worker_5e4a1864')
2026-09-17 00:44:33.771 - system_controller - INFO - Registered Worker (id: 'worker_1eca10cb')
2026-09-17 00:44:33.773 - system_controller - INFO - Registered Worker (id: 'worker_aee966b8')
2026-09-17 00:44:33.843 - system_controller - INFO - Registered Worker (id: 'worker_95cd7c58')
2026-09-17 00:44:33.845 - system_controller - INFO - Registered Worker (id: 'worker_c23f355e')
2026-09-17 00:44:33.865 - system_controller - INFO - Registered Worker (id: 'worker_9587d091')
2026-09-17 00:44:33.865 - system_controller - INFO - Registered Worker (id: 'worker_35ab088d')
2026-09-17 00:44:33.866 - system_controller - INFO - Registered Worker (id: 'worker_8c6b47d0')
2026-09-17 00:44:33.870 - system_controller - INFO - Registered Worker (id: 'worker_5f9108de')
2026-09-17 00:44:33.870 - system_controller - INFO - Registered Worker (id: 'worker_eb092636')
2026-09-17 00:44:33.871 - system_controller - INFO - Registered Worker (id: 'worker_12cda3a0')
2026-09-17 00:44:33.871 - system_controller - INFO - Registered Worker (id: 'worker_8cc7b223')
2026-09-17 00:44:33.872 - system_controller - INFO - Registered Worker (id: 'worker_bbebde01')
2026-09-17 00:44:33.875 - system_controller - INFO - Registered Worker (id: 'worker_efd267a3')
2026-09-17 00:44:33.951 - system_controller - INFO - AIPerf System is CONFIGURING
2026-09-17 00:44:33.952 - system_controller - INFO - Configuring all services to start profiling
2026-09-17 00:44:33.952 - timing_manager - INFO - Waiting for dataset to be configured before configuring timing
2026-09-17 00:44:33.952 - InferenceResultParser_0bdc6c43 - INFO - Tokenization is disabled for this endpoint, skipping tokenizer configuration
2026-09-17 00:44:33.952 - InferenceResultParser_22f58b52 - INFO - Tokenization is disabled for this endpoint, skipping tokenizer configuration
2026-09-17 00:44:33.952 - InferenceResultParser_4182c0eb - INFO - Tokenization is disabled for this endpoint, skipping tokenizer configuration
2026-09-17 00:44:33.952 - InferenceResultParser_89877179 - INFO - Tokenization is disabled for this endpoint, skipping tokenizer configuration
2026-09-17 00:44:33.952 - InferenceResultParser_20fd7d27 - INFO - Tokenization is disabled for this endpoint, skipping tokenizer configuration
2026-09-17 00:44:33.952 - InferenceResultParser_63cff2a9 - INFO - Tokenization is disabled for this endpoint, skipping tokenizer configuration
2026-09-17 00:44:33.952 - InferenceResultParser_8c18ffb4 - INFO - Tokenization is disabled for this endpoint, skipping tokenizer configuration
2026-09-17 00:44:33.952 - InferenceResultParser_8c66a1e3 - INFO - Tokenization is disabled for this endpoint, skipping tokenizer configuration
2026-09-17 00:44:33.953 - dataset_manager - INFO - Configuring tokenizer(s) for dataset manager
2026-09-17 00:44:33.961 - server_metrics_manager - INFO - Server Metrics: Capturing baseline metrics...
2026-09-17 00:44:33.963 - gpu_telemetry_manager - INFO - GPU Telemetry: Capturing baseline metrics from pynvml://localhost
2026-09-17 00:44:33.972 - pynvml_collector - INFO - PyNVML initialized with 1 GPU(s) (1 with GPM support)
2026-09-17 00:44:33.974 - http://localhost:8000/metrics - INFO - Skipping unsupported summary metric: http_request_size_bytes
2026-09-17 00:44:33.974 - http://localhost:8000/metrics - INFO - Skipping unsupported summary metric: http_response_size_bytes
2026-09-17 00:44:33.975 - system_controller - INFO - Server metrics enabled - 1/1 endpoint(s) reachable.
2026-09-17 00:44:33.976 - system_controller - INFO - Waiting for result domains: profile, server_metrics, telemetry
2026-09-17 00:44:33.988 - system_controller - INFO - DCGM telemetry enabled - 1/1 endpoint(s) reachable
2026-09-17 00:44:35.079 - httpx - INFO - HTTP Request: HEAD https://huggingface.co/nvidia/NVIDIA-Nemotron-3.5-Lightning-30B-A3B-NVFP4/resolve/main/config.json "HTTP/1.1 307 Temporary Redirect"
2026-09-17 00:44:35.085 - httpx - INFO - HTTP Request: HEAD https://huggingface.co/api/resolve-cache/models/nvidia/NVIDIA-Nemotron-3.5-Lightning-30B-A3B-NVFP4/bee7596271d1495f6992ae224aefde4410e816b8/config.json?%2Fnvidia%2FNVIDIA-Nemotron-3.5-Lightning-30B-A3B-NVFP4%2Fresolve%2Fmain%2Fconfig.json=&etag=%22ec1c51734e6cc510664d8a989861644d1f4b60f9%22 "HTTP/1.1 200 OK"
2026-09-17 00:44:35.360 - httpx - INFO - HTTP Request: HEAD https://huggingface.co/nvidia/NVIDIA-Nemotron-3.5-Lightning-30B-A3B-NVFP4/resolve/main/tokenizer_config.json "HTTP/1.1 307 Temporary Redirect"
2026-09-17 00:44:35.366 - httpx - INFO - HTTP Request: HEAD https://huggingface.co/api/resolve-cache/models/nvidia/NVIDIA-Nemotron-3.5-Lightning-30B-A3B-NVFP4/bee7596271d1495f6992ae224aefde4410e816b8/tokenizer_config.json?%2Fnvidia%2FNVIDIA-Nemotron-3.5-Lightning-30B-A3B-NVFP4%2Fresolve%2Fmain%2Ftokenizer_config.json=&etag=%22c96e5ad00986bfa0b666d4bc425666f1c51d6d1b%22 "HTTP/1.1 200 OK"
2026-09-17 00:44:35.568 - httpx - INFO - HTTP Request: GET https://huggingface.co/api/models/nvidia/NVIDIA-Nemotron-3.5-Lightning-30B-A3B-NVFP4/tree/main/additional_chat_templates?recursive=false&expand=false "HTTP/1.1 404 Not Found"
2026-09-17 00:44:35.771 - httpx - INFO - HTTP Request: GET https://huggingface.co/api/models/nvidia/NVIDIA-Nemotron-3.5-Lightning-30B-A3B-NVFP4/tree/main?recursive=true&expand=false "HTTP/1.1 200 OK"
2026-09-17 00:44:36.724 - httpx - INFO - HTTP Request: GET https://huggingface.co/api/models/nvidia/NVIDIA-Nemotron-3.5-Lightning-30B-A3B-NVFP4 "HTTP/1.1 200 OK"
2026-09-17 00:44:36.757 - dataset_manager - INFO - Tokenizer(s) configured in 2.80 seconds
2026-09-17 00:44:36.758 - dataset_manager - INFO - Configuring dataset for dataset_manager
2026-09-17 00:44:37.060 - MemoryMapDatasetBackingStore_06781e9b - INFO - Memory-mapped backing store initialized (streaming to /tmp/aiperf_mmap_d6a381e6418c4304947ce3eebef29461/dataset.dat)
2026-09-17 00:44:37.066 - MemoryMapDatasetBackingStore_06781e9b - INFO - Data file finalized: 100 conversations, 0.50 MB
2026-09-17 00:44:37.067 - MemoryMapDatasetBackingStore_06781e9b - INFO - Index file created: /tmp/aiperf_mmap_d6a381e6418c4304947ce3eebef29461/index.dat
2026-09-17 00:44:37.067 - dataset_manager - INFO - Backing store finalized: client_type=DatasetClientStoreType.MEMORY_MAP format=MemoryMapFormat.CONVERSATION data_file_path=PosixPath('/tmp/aiperf_mmap_d6a381e6418c4304947ce3eebef29461/dataset.dat') index_file_path=PosixPath('/tmp/aiperf_mmap_d6a381e6418c4304947ce3eebef29461/index.dat') conversation_count=100 total_size_bytes=520624 compressed=False compressed_data_file_path=None compressed_index_file_path=None compressed_size_bytes=0
2026-09-17 00:44:37.069 - dataset_manager - INFO - sampling strategy: sequential, unique conversations: 100, unique turn count: 100
2026-09-17 00:44:37.070 - dataset_manager - INFO - Generating inputs.json file at /root/llm_perf/artifacts/20260916_234041_nvidia_NVIDIA-Nemotron-3.5-Lightning-30B-A3B-NVFP4_c1,4,16,32,64,128,256/profile_runs/trial_0002/concurrency_128/inputs.json
2026-09-17 00:44:37.072 - PhaseOrchestrator_878a0d09 - INFO - Initialized 1 phase(s): ['Profiling']
2026-09-17 00:44:37.074 - dataset_manager - INFO - inputs.json file generated in 0.00 seconds
2026-09-17 00:44:37.139 - dataset_manager - INFO - Dataset client initialized and freed 100 conversations from memory
2026-09-17 00:44:37.140 - dataset_manager - INFO - Dataset configured in 0.38 seconds
2026-09-17 00:44:37.140 - system_controller - INFO - All services configured in 3.19 seconds
2026-09-17 00:44:37.141 - system_controller - INFO - AIPerf System is CONFIGURED
2026-09-17 00:44:37.142 - server_metrics_manager - INFO - Server Metrics: Started 1 collector(s) successfully
2026-09-17 00:44:37.143 - system_controller - INFO - All services started profiling successfully
2026-09-17 00:44:37.143 - system_controller - INFO - AIPerf System is PROFILING
2026-09-17 00:44:37.144 - RateTiming - INFO - Creating interval generator: pattern=concurrency_burst, rate=None, smoothness=None
2026-09-17 00:44:37.144 - PhaseRunner - NOTICE - Phase profiling (profiling) started | phase_index=0 | profiling_index=0 | target: 300.0s duration
2026-09-17 00:44:37.145 - PhaseRunner - INFO - Waiting for event 'profiling phase sending' with timeout of 299.999203033s
2026-09-17 00:44:37.145 - records_manager - INFO - Credit phase start: profiling
2026-09-17 00:49:37.144 - PhaseRunner - INFO - Timeout of 299.999203033s elapsed for event 'profiling phase sending'
2026-09-17 00:49:37.145 - PhaseRunner - NOTICE - Phase profiling (profiling) sending complete | sent=4,736, completed=4,608, in_flight=128 | sessions: sent=4,736, completed=4,608 | timeout_triggered=True
2026-09-17 00:49:37.146 - PhaseRunner - INFO - Waiting for event 'profiling phase credits returned' with timeout of 29.998778533000007s
2026-09-17 00:49:37.146 - records_manager - INFO - Sent 4,736 requests. Waiting for all to complete...
2026-09-17 00:49:37.764 - PhaseRunner - NOTICE - Phase profiling (profiling) complete | completed=4,736, cancelled=0, errors=0 | sessions: completed=4,736, cancelled=0 | elapsed=300.62s
2026-09-17 00:49:37.765 - PhaseOrchestrator_878a0d09 - NOTICE - All credits completed
2026-09-17 00:49:37.766 - system_controller - INFO - Received credits complete from 'timing_manager'
2026-09-17 00:49:37.768 - records_manager - INFO - Received CREDIT_PHASE_COMPLETE message, Phase complete: PhaseRecordsStats(phase=CreditPhase.PROFILING, phase_index=0, profiling_index=0, phase_name='profiling', phase_kind='profiling', start_ns=1789577077144773414, sent_end_ns=1789577377145053247, requests_end_ns=1789577377764728039, baseline_start_ns=1789577077144760518, baseline_end_ns=1789577377764736263, total_expected_requests=None, expected_duration_sec=None, expected_num_sessions=None, expected_grace_period_sec=None, final_requests_sent=None, final_requests_completed=4736, final_requests_cancelled=0, final_request_errors=0, final_sent_sessions=None, final_completed_sessions=None, final_cancelled_sessions=None, timeout_triggered=True, grace_period_timeout_triggered=False, was_cancelled=False, records_end_ns=None, success_records=4690, error_records=0)
2026-09-17 00:49:37.771 - records_manager - NOTICE - All requests have completed, please wait for the results to be processed (currently 4,690 of 4,736 records processed)...
2026-09-17 00:49:37.772 - records_manager - INFO - All credits complete, please wait for the results to be processed...
2026-09-17 00:49:37.808 - records_manager - INFO - Processed 4736 valid requests and 0 errors (4736 total).
2026-09-17 00:49:37.808 - records_manager - INFO - Received all records, processing now...
2026-09-17 00:49:37.809 - gpu_telemetry_manager - INFO - GPU Telemetry: Profiling complete, capturing final metrics...
2026-09-17 00:49:37.809 - server_metrics_manager - INFO - Server Metrics: Profiling complete, capturing final metrics...
2026-09-17 00:49:37.810 - records_manager - INFO - Waiting 2.0s for server metrics flush period...
2026-09-17 00:49:39.764 - records_manager - INFO - Processing records results...
2026-09-17 00:49:43.780 - system_controller - INFO - Waiting for result domains: server_metrics, telemetry
2026-09-17 00:49:43.781 - system_controller - INFO - Waiting for result domains: server_metrics
2026-09-17 00:49:44.076 - records_manager - INFO - _finalize_and_process_results completed
2026-09-17 00:49:44.080 - system_controller - INFO - All results received, initiating shutdown
2026-09-17 00:49:44.684 - ExporterManager - INFO - Exporting all records
2026-09-17 00:49:44.791 - ExporterManager - INFO - Exporting console data
