2026-09-16 19:30:52.371 - system_controller - INFO - Registered Worker Manager (id: 'worker_manager')
2026-09-16 19:30:52.382 - server_metrics_manager - INFO - Server Metrics: Discovered 1 endpoints: ['http://localhost:8000/metrics']
2026-09-16 19:30:52.406 - GPUTelemetryJSONLWriter_328e9689 - INFO - GPU telemetry export enabled: /root/llm_perf/artifacts/20260916_183753_google_gemma-4-E4B-it-qat-w4a16-ct_c1,4,16,32,64,128,256/profile_runs/trial_0002/concurrency_32/gpu_telemetry_export.jsonl
2026-09-16 19:30:52.413 - OTelMetricsResultsProcessor_532e89c1 - INFO - Telemetry streaming is disabled (set --otel-url and/or --mlflow-tracking-uri to enable)
2026-09-16 19:30:52.415 - RecordExportJSONLWriter_5a6093f7 - INFO - Record metrics export enabled: /root/llm_perf/artifacts/20260916_183753_google_gemma-4-E4B-it-qat-w4a16-ct_c1,4,16,32,64,128,256/profile_runs/trial_0002/concurrency_32/profile_export.jsonl
2026-09-16 19:30:52.489 - system_controller - INFO - Registered Dataset Manager (id: 'dataset_manager')
2026-09-16 19:30:52.491 - system_controller - INFO - Registered Gpu Telemetry Manager (id: 'gpu_telemetry_manager')
2026-09-16 19:30:52.492 - system_controller - INFO - Registered Record Processor (id: 'record_processor_f43d8d20')
2026-09-16 19:30:52.493 - system_controller - INFO - Registered Record Processor (id: 'record_processor_a66a0ec0')
2026-09-16 19:30:52.495 - system_controller - INFO - Registered Record Processor (id: 'record_processor_18ee89db')
2026-09-16 19:30:52.497 - system_controller - INFO - Registered Record Processor (id: 'record_processor_e42454f3')
2026-09-16 19:30:52.500 - system_controller - INFO - Registered Record Processor (id: 'record_processor_f378f182')
2026-09-16 19:30:52.502 - system_controller - INFO - Registered Record Processor (id: 'record_processor_6efe0549')
2026-09-16 19:30:52.505 - system_controller - INFO - Registered Record Processor (id: 'record_processor_982dece7')
2026-09-16 19:30:52.506 - system_controller - INFO - Registered Record Processor (id: 'record_processor_1e7fc967')
2026-09-16 19:30:52.509 - system_controller - INFO - Registered Server Metrics Manager (id: 'server_metrics_manager')
2026-09-16 19:30:52.538 - system_controller - INFO - Registered Records Manager (id: 'records_manager')
2026-09-16 19:30:52.600 - system_controller - INFO - Registered Timing Manager (id: 'timing_manager')
2026-09-16 19:30:52.616 - system_controller - INFO - Registered Worker (id: 'worker_56123e73')
2026-09-16 19:30:52.632 - system_controller - INFO - Registered Worker (id: 'worker_148e4a12')
2026-09-16 19:30:52.633 - system_controller - INFO - Registered Worker (id: 'worker_1dc1a45e')
2026-09-16 19:30:52.633 - system_controller - INFO - Registered Worker (id: 'worker_38c044d6')
2026-09-16 19:30:52.634 - system_controller - INFO - Registered Worker (id: 'worker_d22493ca')
2026-09-16 19:30:52.634 - system_controller - INFO - Registered Worker (id: 'worker_b0a53e15')
2026-09-16 19:30:52.635 - system_controller - INFO - Registered Worker (id: 'worker_274b2629')
2026-09-16 19:30:52.635 - system_controller - INFO - Registered Worker (id: 'worker_431ad3a4')
2026-09-16 19:30:52.638 - system_controller - INFO - Registered Worker (id: 'worker_74cd8c77')
2026-09-16 19:30:52.639 - system_controller - INFO - Registered Worker (id: 'worker_1dce47e1')
2026-09-16 19:30:52.639 - system_controller - INFO - Registered Worker (id: 'worker_c71e1b44')
2026-09-16 19:30:52.643 - system_controller - INFO - Registered Worker (id: 'worker_cf345d54')
2026-09-16 19:30:52.646 - system_controller - INFO - Registered Worker (id: 'worker_655f937b')
2026-09-16 19:30:52.646 - system_controller - INFO - Registered Worker (id: 'worker_b04515d6')
2026-09-16 19:30:52.648 - system_controller - INFO - Registered Worker (id: 'worker_fb471f87')
2026-09-16 19:30:52.649 - system_controller - INFO - Registered Worker (id: 'worker_14fdd0f8')
2026-09-16 19:30:52.651 - system_controller - INFO - Registered Worker (id: 'worker_6bfacb9f')
2026-09-16 19:30:52.671 - system_controller - INFO - Registered Worker (id: 'worker_55b8553b')
2026-09-16 19:30:52.672 - system_controller - INFO - Registered Worker (id: 'worker_1851a17a')
2026-09-16 19:30:52.672 - system_controller - INFO - Registered Worker (id: 'worker_52dcb557')
2026-09-16 19:30:52.673 - system_controller - INFO - Registered Worker (id: 'worker_82946834')
2026-09-16 19:30:52.674 - system_controller - INFO - Registered Worker (id: 'worker_392892fc')
2026-09-16 19:30:52.676 - system_controller - INFO - Registered Worker (id: 'worker_9da814a4')
2026-09-16 19:30:52.677 - system_controller - INFO - Registered Worker (id: 'worker_b0fc7523')
2026-09-16 19:30:52.680 - system_controller - INFO - Registered Worker (id: 'worker_37c7fad5')
2026-09-16 19:30:52.682 - system_controller - INFO - Registered Worker (id: 'worker_b0506ddf')
2026-09-16 19:30:52.753 - system_controller - INFO - Registered Worker (id: 'worker_f5c461c7')
2026-09-16 19:30:52.754 - system_controller - INFO - Registered Worker (id: 'worker_b687ca90')
2026-09-16 19:30:52.754 - system_controller - INFO - Registered Worker (id: 'worker_d288ca83')
2026-09-16 19:30:52.756 - system_controller - INFO - Registered Worker (id: 'worker_2aeac8b2')
2026-09-16 19:30:52.771 - system_controller - INFO - Registered Worker (id: 'worker_7785145b')
2026-09-16 19:30:52.776 - system_controller - INFO - Registered Worker (id: 'worker_686626c6')
2026-09-16 19:30:52.868 - system_controller - INFO - AIPerf System is CONFIGURING
2026-09-16 19:30:52.868 - system_controller - INFO - Configuring all services to start profiling
2026-09-16 19:30:52.869 - timing_manager - INFO - Waiting for dataset to be configured before configuring timing
2026-09-16 19:30:52.869 - InferenceResultParser_a962182f - INFO - Tokenization is disabled for this endpoint, skipping tokenizer configuration
2026-09-16 19:30:52.869 - InferenceResultParser_e8d49202 - INFO - Tokenization is disabled for this endpoint, skipping tokenizer configuration
2026-09-16 19:30:52.869 - InferenceResultParser_996f4a12 - INFO - Tokenization is disabled for this endpoint, skipping tokenizer configuration
2026-09-16 19:30:52.869 - InferenceResultParser_bdda1c86 - INFO - Tokenization is disabled for this endpoint, skipping tokenizer configuration
2026-09-16 19:30:52.869 - InferenceResultParser_628a940a - INFO - Tokenization is disabled for this endpoint, skipping tokenizer configuration
2026-09-16 19:30:52.869 - InferenceResultParser_7d6680d1 - INFO - Tokenization is disabled for this endpoint, skipping tokenizer configuration
2026-09-16 19:30:52.869 - InferenceResultParser_88915766 - INFO - Tokenization is disabled for this endpoint, skipping tokenizer configuration
2026-09-16 19:30:52.869 - InferenceResultParser_e5622c70 - INFO - Tokenization is disabled for this endpoint, skipping tokenizer configuration
2026-09-16 19:30:52.869 - dataset_manager - INFO - Configuring tokenizer(s) for dataset manager
2026-09-16 19:30:52.877 - server_metrics_manager - INFO - Server Metrics: Capturing baseline metrics...
2026-09-16 19:30:52.880 - gpu_telemetry_manager - INFO - GPU Telemetry: Capturing baseline metrics from pynvml://localhost
2026-09-16 19:30:52.888 - pynvml_collector - INFO - PyNVML initialized with 1 GPU(s) (1 with GPM support)
2026-09-16 19:30:52.891 - http://localhost:8000/metrics - INFO - Skipping unsupported summary metric: http_request_size_bytes
2026-09-16 19:30:52.892 - http://localhost:8000/metrics - INFO - Skipping unsupported summary metric: http_response_size_bytes
2026-09-16 19:30:52.893 - system_controller - INFO - Server metrics enabled - 1/1 endpoint(s) reachable.
2026-09-16 19:30:52.894 - system_controller - INFO - Waiting for result domains: profile, server_metrics, telemetry
2026-09-16 19:30:52.898 - system_controller - INFO - DCGM telemetry enabled - 1/1 endpoint(s) reachable
2026-09-16 19:30:54.063 - httpx - INFO - HTTP Request: HEAD https://huggingface.co/google/gemma-4-E4B-it-qat-w4a16-ct/resolve/main/config.json "HTTP/1.1 307 Temporary Redirect"
2026-09-16 19:30:54.068 - httpx - INFO - HTTP Request: HEAD https://huggingface.co/api/resolve-cache/models/google/gemma-4-E4B-it-qat-w4a16-ct/6cd26aaa2357fb2bad8c51699a7558a4d1a965bb/config.json?%2Fgoogle%2Fgemma-4-E4B-it-qat-w4a16-ct%2Fresolve%2Fmain%2Fconfig.json=&etag=%22cc8c5ca64e33c073a961fc35777c38badb2efd52%22 "HTTP/1.1 200 OK"
2026-09-16 19:30:54.278 - httpx - INFO - HTTP Request: HEAD https://huggingface.co/google/gemma-4-E4B-it-qat-w4a16-ct/resolve/main/tokenizer_config.json "HTTP/1.1 307 Temporary Redirect"
2026-09-16 19:30:54.283 - httpx - INFO - HTTP Request: HEAD https://huggingface.co/api/resolve-cache/models/google/gemma-4-E4B-it-qat-w4a16-ct/6cd26aaa2357fb2bad8c51699a7558a4d1a965bb/tokenizer_config.json?%2Fgoogle%2Fgemma-4-E4B-it-qat-w4a16-ct%2Fresolve%2Fmain%2Ftokenizer_config.json=&etag=%22b22e2c5c05597a7e8c0cb1cebdb7d45570772005%22 "HTTP/1.1 200 OK"
2026-09-16 19:30:54.488 - httpx - INFO - HTTP Request: GET https://huggingface.co/api/models/google/gemma-4-E4B-it-qat-w4a16-ct/tree/main/additional_chat_templates?recursive=false&expand=false "HTTP/1.1 404 Not Found"
2026-09-16 19:30:54.685 - httpx - INFO - HTTP Request: GET https://huggingface.co/api/models/google/gemma-4-E4B-it-qat-w4a16-ct/tree/main?recursive=true&expand=false "HTTP/1.1 200 OK"
2026-09-16 19:30:55.820 - httpx - INFO - HTTP Request: GET https://huggingface.co/api/models/google/gemma-4-E4B-it-qat-w4a16-ct "HTTP/1.1 200 OK"
2026-09-16 19:30:55.852 - dataset_manager - INFO - Tokenizer(s) configured in 2.98 seconds
2026-09-16 19:30:55.853 - dataset_manager - INFO - Configuring dataset for dataset_manager
2026-09-16 19:30:56.162 - MemoryMapDatasetBackingStore_0d2c8e86 - INFO - Memory-mapped backing store initialized (streaming to /tmp/aiperf_mmap_7e562c95bd2c4964a96442621b082b98/dataset.dat)
2026-09-16 19:30:56.168 - MemoryMapDatasetBackingStore_0d2c8e86 - INFO - Data file finalized: 100 conversations, 0.53 MB
2026-09-16 19:30:56.169 - MemoryMapDatasetBackingStore_0d2c8e86 - INFO - Index file created: /tmp/aiperf_mmap_7e562c95bd2c4964a96442621b082b98/index.dat
2026-09-16 19:30:56.169 - dataset_manager - INFO - Backing store finalized: client_type=DatasetClientStoreType.MEMORY_MAP format=MemoryMapFormat.CONVERSATION data_file_path=PosixPath('/tmp/aiperf_mmap_7e562c95bd2c4964a96442621b082b98/dataset.dat') index_file_path=PosixPath('/tmp/aiperf_mmap_7e562c95bd2c4964a96442621b082b98/index.dat') conversation_count=100 total_size_bytes=552664 compressed=False compressed_data_file_path=None compressed_index_file_path=None compressed_size_bytes=0
2026-09-16 19:30:56.172 - dataset_manager - INFO - sampling strategy: sequential, unique conversations: 100, unique turn count: 100
2026-09-16 19:30:56.173 - dataset_manager - INFO - Generating inputs.json file at /root/llm_perf/artifacts/20260916_183753_google_gemma-4-E4B-it-qat-w4a16-ct_c1,4,16,32,64,128,256/profile_runs/trial_0002/concurrency_32/inputs.json
2026-09-16 19:30:56.175 - PhaseOrchestrator_043ef42c - INFO - Initialized 1 phase(s): ['Profiling']
2026-09-16 19:30:56.176 - dataset_manager - INFO - inputs.json file generated in 0.00 seconds
2026-09-16 19:30:56.255 - dataset_manager - INFO - Dataset client initialized and freed 100 conversations from memory
2026-09-16 19:30:56.255 - dataset_manager - INFO - Dataset configured in 0.40 seconds
2026-09-16 19:30:56.256 - system_controller - INFO - All services configured in 3.39 seconds
2026-09-16 19:30:56.257 - system_controller - INFO - AIPerf System is CONFIGURED
2026-09-16 19:30:56.258 - server_metrics_manager - INFO - Server Metrics: Started 1 collector(s) successfully
2026-09-16 19:30:56.259 - system_controller - INFO - All services started profiling successfully
2026-09-16 19:30:56.259 - system_controller - INFO - AIPerf System is PROFILING
2026-09-16 19:30:56.260 - RateTiming - INFO - Creating interval generator: pattern=concurrency_burst, rate=None, smoothness=None
2026-09-16 19:30:56.260 - PhaseRunner - NOTICE - Phase profiling (profiling) started | phase_index=0 | profiling_index=0 | target: 300.0s duration
2026-09-16 19:30:56.261 - PhaseRunner - INFO - Waiting for event 'profiling phase sending' with timeout of 299.999252538s
2026-09-16 19:30:56.261 - records_manager - INFO - Credit phase start: profiling
2026-09-16 19:35:56.260 - PhaseRunner - INFO - Timeout of 299.999252538s elapsed for event 'profiling phase sending'
2026-09-16 19:35:56.290 - PhaseRunner - NOTICE - Phase profiling (profiling) sending complete | sent=2,976, completed=2,944, in_flight=32 | sessions: sent=2,976, completed=2,944 | timeout_triggered=True
2026-09-16 19:35:56.291 - PhaseRunner - INFO - Waiting for event 'profiling phase credits returned' with timeout of 29.969173161000015s
2026-09-16 19:35:56.291 - records_manager - INFO - Sent 2,976 requests. Waiting for all to complete...
2026-09-16 19:35:57.769 - PhaseRunner - NOTICE - Phase profiling (profiling) complete | completed=2,976, cancelled=0, errors=0 | sessions: completed=2,976, cancelled=0 | elapsed=301.51s
2026-09-16 19:35:57.770 - PhaseOrchestrator_043ef42c - NOTICE - All credits completed
2026-09-16 19:35:57.771 - system_controller - INFO - Received credits complete from 'timing_manager'
2026-09-16 19:35:57.770 - records_manager - INFO - Received CREDIT_PHASE_COMPLETE message, Phase complete: PhaseRecordsStats(phase=CreditPhase.PROFILING, phase_index=0, profiling_index=0, phase_name='profiling', phase_kind='profiling', start_ns=1789558256260853274, sent_end_ns=1789558556290648840, requests_end_ns=1789558557769554204, baseline_start_ns=1789558256260840154, baseline_end_ns=1789558557769561500, total_expected_requests=None, expected_duration_sec=None, expected_num_sessions=None, expected_grace_period_sec=None, final_requests_sent=None, final_requests_completed=2976, final_requests_cancelled=0, final_request_errors=0, final_sent_sessions=None, final_completed_sessions=None, final_cancelled_sessions=None, timeout_triggered=True, grace_period_timeout_triggered=False, was_cancelled=False, records_end_ns=None, success_records=2945, error_records=0)
2026-09-16 19:35:57.773 - records_manager - NOTICE - All requests have completed, please wait for the results to be processed (currently 2,945 of 2,976 records processed)...
2026-09-16 19:35:57.773 - records_manager - INFO - All credits complete, please wait for the results to be processed...
2026-09-16 19:35:57.790 - records_manager - INFO - Processed 2976 valid requests and 0 errors (2976 total).
2026-09-16 19:35:57.790 - records_manager - INFO - Received all records, processing now...
2026-09-16 19:35:57.791 - server_metrics_manager - INFO - Server Metrics: Profiling complete, capturing final metrics...
2026-09-16 19:35:57.791 - gpu_telemetry_manager - INFO - GPU Telemetry: Profiling complete, capturing final metrics...
2026-09-16 19:35:57.792 - records_manager - INFO - Waiting 2.0s for server metrics flush period...
2026-09-16 19:35:59.770 - records_manager - INFO - Processing records results...
2026-09-16 19:36:00.741 - system_controller - INFO - Waiting for result domains: server_metrics, telemetry
2026-09-16 19:36:00.741 - system_controller - INFO - Waiting for result domains: server_metrics
2026-09-16 19:36:01.076 - records_manager - INFO - _finalize_and_process_results completed
2026-09-16 19:36:01.082 - system_controller - INFO - All results received, initiating shutdown
2026-09-16 19:36:01.686 - ExporterManager - INFO - Exporting all records
2026-09-16 19:36:01.798 - ExporterManager - INFO - Exporting console data
