2026-09-16 17:27:44.613 - system_controller - INFO - Registered Worker Manager (id: 'worker_manager')
2026-09-16 17:27:44.624 - server_metrics_manager - INFO - Server Metrics: Discovered 1 endpoints: ['http://localhost:8000/metrics']
2026-09-16 17:27:44.645 - GPUTelemetryJSONLWriter_0c91816f - INFO - GPU telemetry export enabled: /root/llm_perf/artifacts/20260916_171715_google_gemma-4-E4B-it_c1,4,16,32,64,128,256/profile_runs/trial_0001/concurrency_16/gpu_telemetry_export.jsonl
2026-09-16 17:27:44.651 - OTelMetricsResultsProcessor_d713ecbb - INFO - Telemetry streaming is disabled (set --otel-url and/or --mlflow-tracking-uri to enable)
2026-09-16 17:27:44.652 - RecordExportJSONLWriter_21feb88d - INFO - Record metrics export enabled: /root/llm_perf/artifacts/20260916_171715_google_gemma-4-E4B-it_c1,4,16,32,64,128,256/profile_runs/trial_0001/concurrency_16/profile_export.jsonl
2026-09-16 17:27:44.680 - system_controller - INFO - Registered Records Manager (id: 'records_manager')
2026-09-16 17:27:44.683 - system_controller - INFO - Registered Record Processor (id: 'record_processor_466a7449')
2026-09-16 17:27:44.685 - system_controller - INFO - Registered Record Processor (id: 'record_processor_ffce6f03')
2026-09-16 17:27:44.687 - system_controller - INFO - Registered Record Processor (id: 'record_processor_b2ab56ca')
2026-09-16 17:27:44.688 - system_controller - INFO - Registered Record Processor (id: 'record_processor_bf49af97')
2026-09-16 17:27:44.727 - system_controller - INFO - Registered Gpu Telemetry Manager (id: 'gpu_telemetry_manager')
2026-09-16 17:27:44.738 - system_controller - INFO - Registered Dataset Manager (id: 'dataset_manager')
2026-09-16 17:27:44.746 - system_controller - INFO - Registered Server Metrics Manager (id: 'server_metrics_manager')
2026-09-16 17:27:44.795 - system_controller - INFO - Registered Timing Manager (id: 'timing_manager')
2026-09-16 17:27:44.813 - system_controller - INFO - Registered Worker (id: 'worker_47aeecf7')
2026-09-16 17:27:44.930 - system_controller - INFO - Registered Worker (id: 'worker_92c6bc5f')
2026-09-16 17:27:44.930 - system_controller - INFO - Registered Worker (id: 'worker_73bc5a60')
2026-09-16 17:27:44.931 - system_controller - INFO - Registered Worker (id: 'worker_d4210271')
2026-09-16 17:27:44.931 - system_controller - INFO - Registered Worker (id: 'worker_41b9e361')
2026-09-16 17:27:44.934 - system_controller - INFO - Registered Worker (id: 'worker_bd1ba303')
2026-09-16 17:27:44.934 - system_controller - INFO - Registered Worker (id: 'worker_ba6209ff')
2026-09-16 17:27:44.935 - system_controller - INFO - Registered Worker (id: 'worker_0f1f439a')
2026-09-16 17:27:44.937 - system_controller - INFO - Registered Worker (id: 'worker_2bdca098')
2026-09-16 17:27:44.938 - system_controller - INFO - Registered Worker (id: 'worker_c6cf347d')
2026-09-16 17:27:44.940 - system_controller - INFO - Registered Worker (id: 'worker_0adfcff8')
2026-09-16 17:27:44.940 - system_controller - INFO - Registered Worker (id: 'worker_0efde69f')
2026-09-16 17:27:44.941 - system_controller - INFO - Registered Worker (id: 'worker_2b3b5d2a')
2026-09-16 17:27:44.941 - system_controller - INFO - Registered Worker (id: 'worker_2f569fa2')
2026-09-16 17:27:44.942 - system_controller - INFO - Registered Worker (id: 'worker_26e08e73')
2026-09-16 17:27:44.942 - system_controller - INFO - Registered Worker (id: 'worker_c5037647')
2026-09-16 17:27:45.109 - system_controller - INFO - AIPerf System is CONFIGURING
2026-09-16 17:27:45.109 - system_controller - INFO - Configuring all services to start profiling
2026-09-16 17:27:45.110 - timing_manager - INFO - Waiting for dataset to be configured before configuring timing
2026-09-16 17:27:45.110 - InferenceResultParser_47e33ecf - INFO - Tokenization is disabled for this endpoint, skipping tokenizer configuration
2026-09-16 17:27:45.110 - InferenceResultParser_1d7e984c - INFO - Tokenization is disabled for this endpoint, skipping tokenizer configuration
2026-09-16 17:27:45.110 - InferenceResultParser_4b5217d6 - INFO - Tokenization is disabled for this endpoint, skipping tokenizer configuration
2026-09-16 17:27:45.110 - InferenceResultParser_41fa5427 - INFO - Tokenization is disabled for this endpoint, skipping tokenizer configuration
2026-09-16 17:27:45.111 - dataset_manager - INFO - Configuring tokenizer(s) for dataset manager
2026-09-16 17:27:45.119 - server_metrics_manager - INFO - Server Metrics: Capturing baseline metrics...
2026-09-16 17:27:45.121 - gpu_telemetry_manager - INFO - GPU Telemetry: Capturing baseline metrics from pynvml://localhost
2026-09-16 17:27:45.130 - pynvml_collector - INFO - PyNVML initialized with 1 GPU(s) (1 with GPM support)
2026-09-16 17:27:45.132 - http://localhost:8000/metrics - INFO - Skipping unsupported summary metric: http_request_size_bytes
2026-09-16 17:27:45.133 - http://localhost:8000/metrics - INFO - Skipping unsupported summary metric: http_response_size_bytes
2026-09-16 17:27:45.134 - system_controller - INFO - Server metrics enabled - 1/1 endpoint(s) reachable.
2026-09-16 17:27:45.134 - system_controller - INFO - Waiting for result domains: profile, server_metrics, telemetry
2026-09-16 17:27:45.145 - system_controller - INFO - DCGM telemetry enabled - 1/1 endpoint(s) reachable
2026-09-16 17:27:46.290 - httpx - INFO - HTTP Request: HEAD https://huggingface.co/google/gemma-4-E4B-it/resolve/main/config.json "HTTP/1.1 307 Temporary Redirect"
2026-09-16 17:27:46.296 - httpx - INFO - HTTP Request: HEAD https://huggingface.co/api/resolve-cache/models/google/gemma-4-E4B-it/ee0ef6023621cff504d758262d4e04895a5af4a2/config.json?%2Fgoogle%2Fgemma-4-E4B-it%2Fresolve%2Fmain%2Fconfig.json=&etag=%22d68960fdcce766f2bfe41436325a8a483a74d125%22 "HTTP/1.1 200 OK"
2026-09-16 17:27:46.512 - httpx - INFO - HTTP Request: HEAD https://huggingface.co/google/gemma-4-E4B-it/resolve/main/tokenizer_config.json "HTTP/1.1 307 Temporary Redirect"
2026-09-16 17:27:46.518 - httpx - INFO - HTTP Request: HEAD https://huggingface.co/api/resolve-cache/models/google/gemma-4-E4B-it/ee0ef6023621cff504d758262d4e04895a5af4a2/tokenizer_config.json?%2Fgoogle%2Fgemma-4-E4B-it%2Fresolve%2Fmain%2Ftokenizer_config.json=&etag=%226068e357379d36f823c377e30efb101fa2c67fe4%22 "HTTP/1.1 200 OK"
2026-09-16 17:27:46.721 - httpx - INFO - HTTP Request: GET https://huggingface.co/api/models/google/gemma-4-E4B-it/tree/main/additional_chat_templates?recursive=false&expand=false "HTTP/1.1 404 Not Found"
2026-09-16 17:27:46.922 - httpx - INFO - HTTP Request: GET https://huggingface.co/api/models/google/gemma-4-E4B-it/tree/main?recursive=true&expand=false "HTTP/1.1 200 OK"
2026-09-16 17:27:48.031 - httpx - INFO - HTTP Request: GET https://huggingface.co/api/models/google/gemma-4-E4B-it "HTTP/1.1 200 OK"
2026-09-16 17:27:48.065 - dataset_manager - INFO - Tokenizer(s) configured in 2.95 seconds
2026-09-16 17:27:48.066 - dataset_manager - INFO - Configuring dataset for dataset_manager
2026-09-16 17:27:48.375 - MemoryMapDatasetBackingStore_d39b2589 - INFO - Memory-mapped backing store initialized (streaming to /tmp/aiperf_mmap_0b8048adbf0943a684e0919fa953303e/dataset.dat)
2026-09-16 17:27:48.381 - MemoryMapDatasetBackingStore_d39b2589 - INFO - Data file finalized: 100 conversations, 0.53 MB
2026-09-16 17:27:48.382 - MemoryMapDatasetBackingStore_d39b2589 - INFO - Index file created: /tmp/aiperf_mmap_0b8048adbf0943a684e0919fa953303e/index.dat
2026-09-16 17:27:48.382 - dataset_manager - INFO - Backing store finalized: client_type=DatasetClientStoreType.MEMORY_MAP format=MemoryMapFormat.CONVERSATION data_file_path=PosixPath('/tmp/aiperf_mmap_0b8048adbf0943a684e0919fa953303e/dataset.dat') index_file_path=PosixPath('/tmp/aiperf_mmap_0b8048adbf0943a684e0919fa953303e/index.dat') conversation_count=100 total_size_bytes=553765 compressed=False compressed_data_file_path=None compressed_index_file_path=None compressed_size_bytes=0
2026-09-16 17:27:48.384 - dataset_manager - INFO - sampling strategy: sequential, unique conversations: 100, unique turn count: 100
2026-09-16 17:27:48.385 - dataset_manager - INFO - Generating inputs.json file at /root/llm_perf/artifacts/20260916_171715_google_gemma-4-E4B-it_c1,4,16,32,64,128,256/profile_runs/trial_0001/concurrency_16/inputs.json
2026-09-16 17:27:48.387 - PhaseOrchestrator_8e92a272 - INFO - Initialized 1 phase(s): ['Profiling']
2026-09-16 17:27:48.388 - dataset_manager - INFO - inputs.json file generated in 0.00 seconds
2026-09-16 17:27:48.469 - dataset_manager - INFO - Dataset client initialized and freed 100 conversations from memory
2026-09-16 17:27:48.470 - dataset_manager - INFO - Dataset configured in 0.40 seconds
2026-09-16 17:27:48.470 - system_controller - INFO - All services configured in 3.36 seconds
2026-09-16 17:27:48.471 - system_controller - INFO - AIPerf System is CONFIGURED
2026-09-16 17:27:48.472 - server_metrics_manager - INFO - Server Metrics: Started 1 collector(s) successfully
2026-09-16 17:27:48.473 - system_controller - INFO - All services started profiling successfully
2026-09-16 17:27:48.473 - system_controller - INFO - AIPerf System is PROFILING
2026-09-16 17:27:48.474 - RateTiming - INFO - Creating interval generator: pattern=concurrency_burst, rate=None, smoothness=None
2026-09-16 17:27:48.474 - PhaseRunner - NOTICE - Phase profiling (profiling) started | phase_index=0 | profiling_index=0 | target: 300.0s duration
2026-09-16 17:27:48.475 - PhaseRunner - INFO - Waiting for event 'profiling phase sending' with timeout of 299.999279793s
2026-09-16 17:27:48.475 - records_manager - INFO - Credit phase start: profiling
2026-09-16 17:32:48.474 - PhaseRunner - INFO - Timeout of 299.999279793s elapsed for event 'profiling phase sending'
2026-09-16 17:32:48.475 - PhaseRunner - NOTICE - Phase profiling (profiling) sending complete | sent=2,128, completed=2,112, in_flight=16 | sessions: sent=2,128, completed=2,112 | timeout_triggered=True
2026-09-16 17:32:48.475 - PhaseRunner - INFO - Waiting for event 'profiling phase credits returned' with timeout of 29.99887918500002s
2026-09-16 17:32:48.475 - records_manager - INFO - Sent 2,128 requests. Waiting for all to complete...
2026-09-16 17:32:49.091 - PhaseRunner - NOTICE - Phase profiling (profiling) complete | completed=2,128, cancelled=0, errors=0 | sessions: completed=2,128, cancelled=0 | elapsed=300.62s
2026-09-16 17:32:49.092 - PhaseOrchestrator_8e92a272 - NOTICE - All credits completed
2026-09-16 17:32:49.092 - system_controller - INFO - Received credits complete from 'timing_manager'
2026-09-16 17:32:49.092 - records_manager - INFO - Received CREDIT_PHASE_COMPLETE message, Phase complete: PhaseRecordsStats(phase=CreditPhase.PROFILING, phase_index=0, profiling_index=0, phase_name='profiling', phase_kind='profiling', start_ns=1789550868474698781, sent_end_ns=1789551168475011872, requests_end_ns=1789551169091298381, baseline_start_ns=1789550868474686013, baseline_end_ns=1789551169091306574, total_expected_requests=None, expected_duration_sec=None, expected_num_sessions=None, expected_grace_period_sec=None, final_requests_sent=None, final_requests_completed=2128, final_requests_cancelled=0, final_request_errors=0, final_sent_sessions=None, final_completed_sessions=None, final_cancelled_sessions=None, timeout_triggered=True, grace_period_timeout_triggered=False, was_cancelled=False, records_end_ns=None, success_records=2112, error_records=0)
2026-09-16 17:32:49.094 - records_manager - NOTICE - All requests have completed, please wait for the results to be processed (currently 2,112 of 2,128 records processed)...
2026-09-16 17:32:49.095 - records_manager - INFO - All credits complete, please wait for the results to be processed...
2026-09-16 17:32:49.107 - records_manager - INFO - Processed 2128 valid requests and 0 errors (2128 total).
2026-09-16 17:32:49.107 - records_manager - INFO - Received all records, processing now...
2026-09-16 17:32:49.108 - server_metrics_manager - INFO - Server Metrics: Profiling complete, capturing final metrics...
2026-09-16 17:32:49.108 - gpu_telemetry_manager - INFO - GPU Telemetry: Profiling complete, capturing final metrics...
2026-09-16 17:32:49.108 - records_manager - INFO - Waiting 2.0s for server metrics flush period...
2026-09-16 17:32:51.091 - records_manager - INFO - Processing records results...
2026-09-16 17:32:52.026 - system_controller - INFO - Waiting for result domains: server_metrics, telemetry
2026-09-16 17:32:52.027 - system_controller - INFO - Waiting for result domains: server_metrics
2026-09-16 17:32:52.369 - records_manager - INFO - _finalize_and_process_results completed
2026-09-16 17:32:52.374 - system_controller - INFO - All results received, initiating shutdown
2026-09-16 17:32:52.977 - ExporterManager - INFO - Exporting all records
2026-09-16 17:32:53.083 - ExporterManager - INFO - Exporting console data
