2026-09-17 19:32:46.049 - system_controller - INFO - Registered Worker Manager (id: 'worker_manager')
2026-09-17 19:32:46.060 - server_metrics_manager - INFO - Server Metrics: Discovered 1 endpoints: ['http://localhost:8000/metrics']
2026-09-17 19:32:46.082 - GPUTelemetryJSONLWriter_3c95fa39 - INFO - GPU telemetry export enabled: /root/llm_perf/artifacts/20260917_184420_MiniMaxAI_MiniMax-M2.7_c1,4,16,32,64/profile_runs/trial_0002/concurrency_64/gpu_telemetry_export.jsonl
2026-09-17 19:32:46.088 - OTelMetricsResultsProcessor_b2c74cfd - INFO - Telemetry streaming is disabled (set --otel-url and/or --mlflow-tracking-uri to enable)
2026-09-17 19:32:46.090 - RecordExportJSONLWriter_4fc3ad1e - INFO - Record metrics export enabled: /root/llm_perf/artifacts/20260917_184420_MiniMaxAI_MiniMax-M2.7_c1,4,16,32,64/profile_runs/trial_0002/concurrency_64/profile_export.jsonl
2026-09-17 19:32:46.178 - system_controller - INFO - Registered Gpu Telemetry Manager (id: 'gpu_telemetry_manager')
2026-09-17 19:32:46.180 - system_controller - INFO - Registered Dataset Manager (id: 'dataset_manager')
2026-09-17 19:32:46.182 - system_controller - INFO - Registered Record Processor (id: 'record_processor_0e2d16ec')
2026-09-17 19:32:46.183 - system_controller - INFO - Registered Server Metrics Manager (id: 'server_metrics_manager')
2026-09-17 19:32:46.183 - system_controller - INFO - Registered Record Processor (id: 'record_processor_0ca63777')
2026-09-17 19:32:46.185 - system_controller - INFO - Registered Record Processor (id: 'record_processor_c0934e99')
2026-09-17 19:32:46.187 - system_controller - INFO - Registered Record Processor (id: 'record_processor_27a41b65')
2026-09-17 19:32:46.190 - system_controller - INFO - Registered Record Processor (id: 'record_processor_b4024b58')
2026-09-17 19:32:46.192 - system_controller - INFO - Registered Record Processor (id: 'record_processor_d4d307fb')
2026-09-17 19:32:46.195 - system_controller - INFO - Registered Record Processor (id: 'record_processor_e41b6d53')
2026-09-17 19:32:46.195 - system_controller - INFO - Registered Record Processor (id: 'record_processor_bda9a4f5')
2026-09-17 19:32:46.217 - system_controller - INFO - Registered Records Manager (id: 'records_manager')
2026-09-17 19:32:46.277 - system_controller - INFO - Registered Timing Manager (id: 'timing_manager')
2026-09-17 19:32:46.289 - system_controller - INFO - Registered Worker (id: 'worker_b85df23e')
2026-09-17 19:32:46.322 - system_controller - INFO - Registered Worker (id: 'worker_49f19317')
2026-09-17 19:32:46.322 - system_controller - INFO - Registered Worker (id: 'worker_9bcef9b7')
2026-09-17 19:32:46.323 - system_controller - INFO - Registered Worker (id: 'worker_bb48cb88')
2026-09-17 19:32:46.324 - system_controller - INFO - Registered Worker (id: 'worker_b687e191')
2026-09-17 19:32:46.330 - system_controller - INFO - Registered Worker (id: 'worker_03565488')
2026-09-17 19:32:46.331 - system_controller - INFO - Registered Worker (id: 'worker_0a24229e')
2026-09-17 19:32:46.335 - system_controller - INFO - Registered Worker (id: 'worker_9e0a9313')
2026-09-17 19:32:46.336 - system_controller - INFO - Registered Worker (id: 'worker_181855c6')
2026-09-17 19:32:46.336 - system_controller - INFO - Registered Worker (id: 'worker_ad7daaca')
2026-09-17 19:32:46.339 - system_controller - INFO - Registered Worker (id: 'worker_9c93a983')
2026-09-17 19:32:46.340 - system_controller - INFO - Registered Worker (id: 'worker_d9bc03f8')
2026-09-17 19:32:46.345 - system_controller - INFO - Registered Worker (id: 'worker_688ced00')
2026-09-17 19:32:46.347 - system_controller - INFO - Registered Worker (id: 'worker_64409cb6')
2026-09-17 19:32:46.379 - system_controller - INFO - Registered Worker (id: 'worker_16a7c686')
2026-09-17 19:32:46.381 - system_controller - INFO - Registered Worker (id: 'worker_b2ac4335')
2026-09-17 19:32:46.430 - system_controller - INFO - Registered Worker (id: 'worker_18d7003d')
2026-09-17 19:32:46.442 - system_controller - INFO - Registered Worker (id: 'worker_74dfeb9c')
2026-09-17 19:32:46.442 - system_controller - INFO - Registered Worker (id: 'worker_5b997498')
2026-09-17 19:32:46.448 - system_controller - INFO - Registered Worker (id: 'worker_6f6344b4')
2026-09-17 19:32:46.449 - system_controller - INFO - Registered Worker (id: 'worker_f259e17b')
2026-09-17 19:32:46.451 - system_controller - INFO - Registered Worker (id: 'worker_2d58d04c')
2026-09-17 19:32:46.452 - system_controller - INFO - Registered Worker (id: 'worker_84d39dca')
2026-09-17 19:32:46.468 - system_controller - INFO - Registered Worker (id: 'worker_1f7ebf41')
2026-09-17 19:32:46.469 - system_controller - INFO - Registered Worker (id: 'worker_84e4a38d')
2026-09-17 19:32:46.470 - system_controller - INFO - Registered Worker (id: 'worker_33537160')
2026-09-17 19:32:46.470 - system_controller - INFO - Registered Worker (id: 'worker_381fa1db')
2026-09-17 19:32:46.477 - system_controller - INFO - Registered Worker (id: 'worker_8d9c82a1')
2026-09-17 19:32:46.477 - system_controller - INFO - Registered Worker (id: 'worker_b6d86479')
2026-09-17 19:32:46.478 - system_controller - INFO - Registered Worker (id: 'worker_b748b808')
2026-09-17 19:32:46.478 - system_controller - INFO - Registered Worker (id: 'worker_6ec6e5bc')
2026-09-17 19:32:46.479 - system_controller - INFO - Registered Worker (id: 'worker_62893ab3')
2026-09-17 19:32:46.544 - system_controller - INFO - AIPerf System is CONFIGURING
2026-09-17 19:32:46.545 - system_controller - INFO - Configuring all services to start profiling
2026-09-17 19:32:46.545 - timing_manager - INFO - Waiting for dataset to be configured before configuring timing
2026-09-17 19:32:46.545 - InferenceResultParser_99716aae - INFO - Tokenization is disabled for this endpoint, skipping tokenizer configuration
2026-09-17 19:32:46.545 - InferenceResultParser_9ef71a47 - INFO - Tokenization is disabled for this endpoint, skipping tokenizer configuration
2026-09-17 19:32:46.545 - InferenceResultParser_3bcad50c - INFO - Tokenization is disabled for this endpoint, skipping tokenizer configuration
2026-09-17 19:32:46.545 - InferenceResultParser_05fc04e6 - INFO - Tokenization is disabled for this endpoint, skipping tokenizer configuration
2026-09-17 19:32:46.545 - InferenceResultParser_9bee3136 - INFO - Tokenization is disabled for this endpoint, skipping tokenizer configuration
2026-09-17 19:32:46.545 - InferenceResultParser_09a09486 - INFO - Tokenization is disabled for this endpoint, skipping tokenizer configuration
2026-09-17 19:32:46.545 - InferenceResultParser_9f6b7f42 - INFO - Tokenization is disabled for this endpoint, skipping tokenizer configuration
2026-09-17 19:32:46.545 - InferenceResultParser_14eb801f - INFO - Tokenization is disabled for this endpoint, skipping tokenizer configuration
2026-09-17 19:32:46.546 - dataset_manager - INFO - Configuring tokenizer(s) for dataset manager
2026-09-17 19:32:46.554 - server_metrics_manager - INFO - Server Metrics: Capturing baseline metrics...
2026-09-17 19:32:46.557 - gpu_telemetry_manager - INFO - GPU Telemetry: Capturing baseline metrics from pynvml://localhost
2026-09-17 19:32:46.565 - pynvml_collector - INFO - PyNVML initialized with 1 GPU(s) (1 with GPM support)
2026-09-17 19:32:46.567 - http://localhost:8000/metrics - INFO - Skipping unsupported summary metric: http_request_size_bytes
2026-09-17 19:32:46.567 - http://localhost:8000/metrics - INFO - Skipping unsupported summary metric: http_response_size_bytes
2026-09-17 19:32:46.569 - system_controller - INFO - Server metrics enabled - 1/1 endpoint(s) reachable.
2026-09-17 19:32:46.569 - system_controller - INFO - Waiting for result domains: profile, server_metrics, telemetry
2026-09-17 19:32:46.575 - system_controller - INFO - DCGM telemetry enabled - 1/1 endpoint(s) reachable
2026-09-17 19:32:47.722 - httpx - INFO - HTTP Request: HEAD https://huggingface.co/MiniMaxAI/MiniMax-M2.7/resolve/main/config.json "HTTP/1.1 307 Temporary Redirect"
2026-09-17 19:32:47.728 - httpx - INFO - HTTP Request: HEAD https://huggingface.co/api/resolve-cache/models/MiniMaxAI/MiniMax-M2.7/d494266a4affc0d2995ba1fa35c8481cbd84294b/config.json?%2FMiniMaxAI%2FMiniMax-M2.7%2Fresolve%2Fmain%2Fconfig.json=&etag=%22ba213004c5c8e8a10e7d47b7453cdc31827c840b%22 "HTTP/1.1 200 OK"
2026-09-17 19:32:47.935 - httpx - INFO - HTTP Request: HEAD https://huggingface.co/MiniMaxAI/MiniMax-M2.7/resolve/main/tokenizer_config.json "HTTP/1.1 307 Temporary Redirect"
2026-09-17 19:32:47.941 - httpx - INFO - HTTP Request: HEAD https://huggingface.co/api/resolve-cache/models/MiniMaxAI/MiniMax-M2.7/d494266a4affc0d2995ba1fa35c8481cbd84294b/tokenizer_config.json?%2FMiniMaxAI%2FMiniMax-M2.7%2Fresolve%2Fmain%2Ftokenizer_config.json=&etag=%22ff8e2ebcbdb03324603c0a734e459ec9968096ae%22 "HTTP/1.1 200 OK"
2026-09-17 19:32:48.139 - httpx - INFO - HTTP Request: HEAD https://huggingface.co/MiniMaxAI/MiniMax-M2.7/resolve/main/tokenizer_config.json "HTTP/1.1 307 Temporary Redirect"
2026-09-17 19:32:48.145 - httpx - INFO - HTTP Request: HEAD https://huggingface.co/api/resolve-cache/models/MiniMaxAI/MiniMax-M2.7/d494266a4affc0d2995ba1fa35c8481cbd84294b/tokenizer_config.json?%2FMiniMaxAI%2FMiniMax-M2.7%2Fresolve%2Fmain%2Ftokenizer_config.json=&etag=%22ff8e2ebcbdb03324603c0a734e459ec9968096ae%22 "HTTP/1.1 200 OK"
2026-09-17 19:32:48.348 - httpx - INFO - HTTP Request: GET https://huggingface.co/api/models/MiniMaxAI/MiniMax-M2.7/tree/main/additional_chat_templates?recursive=false&expand=false "HTTP/1.1 404 Not Found"
2026-09-17 19:32:48.563 - httpx - INFO - HTTP Request: GET https://huggingface.co/api/models/MiniMaxAI/MiniMax-M2.7/tree/main?recursive=true&expand=false "HTTP/1.1 200 OK"
2026-09-17 19:32:49.376 - httpx - INFO - HTTP Request: GET https://huggingface.co/api/models/MiniMaxAI/MiniMax-M2.7 "HTTP/1.1 200 OK"
2026-09-17 19:32:49.418 - dataset_manager - INFO - Tokenizer(s) configured in 2.87 seconds
2026-09-17 19:32:49.419 - dataset_manager - INFO - Configuring dataset for dataset_manager
2026-09-17 19:32:49.768 - MemoryMapDatasetBackingStore_40973d89 - INFO - Memory-mapped backing store initialized (streaming to /tmp/aiperf_mmap_4b4bb55dedf049fc961f37fad5d19ce4/dataset.dat)
2026-09-17 19:32:49.774 - MemoryMapDatasetBackingStore_40973d89 - INFO - Data file finalized: 100 conversations, 0.52 MB
2026-09-17 19:32:49.775 - MemoryMapDatasetBackingStore_40973d89 - INFO - Index file created: /tmp/aiperf_mmap_4b4bb55dedf049fc961f37fad5d19ce4/index.dat
2026-09-17 19:32:49.776 - dataset_manager - INFO - Backing store finalized: client_type=DatasetClientStoreType.MEMORY_MAP format=MemoryMapFormat.CONVERSATION data_file_path=PosixPath('/tmp/aiperf_mmap_4b4bb55dedf049fc961f37fad5d19ce4/dataset.dat') index_file_path=PosixPath('/tmp/aiperf_mmap_4b4bb55dedf049fc961f37fad5d19ce4/index.dat') conversation_count=100 total_size_bytes=543257 compressed=False compressed_data_file_path=None compressed_index_file_path=None compressed_size_bytes=0
2026-09-17 19:32:49.778 - dataset_manager - INFO - sampling strategy: sequential, unique conversations: 100, unique turn count: 100
2026-09-17 19:32:49.779 - dataset_manager - INFO - Generating inputs.json file at /root/llm_perf/artifacts/20260917_184420_MiniMaxAI_MiniMax-M2.7_c1,4,16,32,64/profile_runs/trial_0002/concurrency_64/inputs.json
2026-09-17 19:32:49.781 - PhaseOrchestrator_7e14e60d - INFO - Initialized 1 phase(s): ['Profiling']
2026-09-17 19:32:49.783 - dataset_manager - INFO - inputs.json file generated in 0.00 seconds
2026-09-17 19:32:49.847 - dataset_manager - INFO - Dataset client initialized and freed 100 conversations from memory
2026-09-17 19:32:49.848 - dataset_manager - INFO - Dataset configured in 0.43 seconds
2026-09-17 19:32:49.849 - system_controller - INFO - All services configured in 3.30 seconds
2026-09-17 19:32:49.849 - system_controller - INFO - AIPerf System is CONFIGURED
2026-09-17 19:32:49.850 - server_metrics_manager - INFO - Server Metrics: Started 1 collector(s) successfully
2026-09-17 19:32:49.851 - system_controller - INFO - All services started profiling successfully
2026-09-17 19:32:49.852 - system_controller - INFO - AIPerf System is PROFILING
2026-09-17 19:32:49.852 - RateTiming - INFO - Creating interval generator: pattern=concurrency_burst, rate=None, smoothness=None
2026-09-17 19:32:49.853 - PhaseRunner - NOTICE - Phase profiling (profiling) started | phase_index=0 | profiling_index=0 | target: 300.0s duration
2026-09-17 19:32:49.853 - PhaseRunner - INFO - Waiting for event 'profiling phase sending' with timeout of 299.99917945s
2026-09-17 19:32:49.854 - records_manager - INFO - Credit phase start: profiling
2026-09-17 19:37:49.852 - PhaseRunner - INFO - Timeout of 299.99917945s elapsed for event 'profiling phase sending'
2026-09-17 19:37:49.853 - PhaseRunner - NOTICE - Phase profiling (profiling) sending complete | sent=512, completed=448, in_flight=64 | sessions: sent=512, completed=448 | timeout_triggered=True
2026-09-17 19:37:49.854 - PhaseRunner - INFO - Waiting for event 'profiling phase credits returned' with timeout of 29.99904118799998s
2026-09-17 19:37:49.854 - records_manager - INFO - Sent 512 requests. Waiting for all to complete...
2026-09-17 19:38:12.038 - PhaseRunner - NOTICE - Phase profiling (profiling) complete | completed=512, cancelled=0, errors=0 | sessions: completed=512, cancelled=0 | elapsed=322.18s
2026-09-17 19:38:12.039 - PhaseOrchestrator_7e14e60d - NOTICE - All credits completed
2026-09-17 19:38:12.039 - system_controller - INFO - Received credits complete from 'timing_manager'
2026-09-17 19:38:12.039 - records_manager - INFO - Received CREDIT_PHASE_COMPLETE message, Phase complete: PhaseRecordsStats(phase=CreditPhase.PROFILING, phase_index=0, profiling_index=0, phase_name='profiling', phase_kind='profiling', start_ns=1789644769853065219, sent_end_ns=1789645069853158549, requests_end_ns=1789645092037827635, baseline_start_ns=1789644769853051491, baseline_end_ns=1789645092037837363, total_expected_requests=None, expected_duration_sec=None, expected_num_sessions=None, expected_grace_period_sec=None, final_requests_sent=None, final_requests_completed=512, final_requests_cancelled=0, final_request_errors=0, final_sent_sessions=None, final_completed_sessions=None, final_cancelled_sessions=None, timeout_triggered=True, grace_period_timeout_triggered=False, was_cancelled=False, records_end_ns=None, success_records=510, error_records=0)
2026-09-17 19:38:12.042 - records_manager - NOTICE - All requests have completed, please wait for the results to be processed (currently 510 of 512 records processed)...
2026-09-17 19:38:12.042 - records_manager - INFO - All credits complete, please wait for the results to be processed...
2026-09-17 19:38:12.043 - records_manager - INFO - Processed 512 valid requests and 0 errors (512 total).
2026-09-17 19:38:12.044 - records_manager - INFO - Received all records, processing now...
2026-09-17 19:38:12.045 - gpu_telemetry_manager - INFO - GPU Telemetry: Profiling complete, capturing final metrics...
2026-09-17 19:38:12.045 - records_manager - INFO - Waiting 2.0s for server metrics flush period...
2026-09-17 19:38:12.049 - server_metrics_manager - INFO - Server Metrics: Profiling complete, capturing final metrics...
2026-09-17 19:38:14.037 - records_manager - INFO - Processing records results...
2026-09-17 19:38:14.327 - system_controller - INFO - Waiting for result domains: server_metrics, telemetry
2026-09-17 19:38:14.328 - system_controller - INFO - Waiting for result domains: server_metrics
2026-09-17 19:38:14.674 - records_manager - INFO - _finalize_and_process_results completed
2026-09-17 19:38:14.686 - system_controller - INFO - All results received, initiating shutdown
2026-09-17 19:38:15.290 - ExporterManager - INFO - Exporting all records
2026-09-17 19:38:15.352 - ExporterManager - INFO - Exporting console data
