2026-09-16 16:49:34.445 - system_controller - INFO - Registered Worker Manager (id: 'worker_manager')
2026-09-16 16:49:34.456 - server_metrics_manager - INFO - Server Metrics: Discovered 1 endpoints: ['http://localhost:8000/metrics']
2026-09-16 16:49:34.477 - GPUTelemetryJSONLWriter_8221f6b2 - INFO - GPU telemetry export enabled: /root/llm_perf/artifacts/20260916_160706_google_gemma-4-26B-A4B-it_c1,4,16,32,64,128/profile_runs/trial_0002/concurrency_16/gpu_telemetry_export.jsonl
2026-09-16 16:49:34.484 - OTelMetricsResultsProcessor_e10b8b6a - INFO - Telemetry streaming is disabled (set --otel-url and/or --mlflow-tracking-uri to enable)
2026-09-16 16:49:34.485 - RecordExportJSONLWriter_5652f46d - INFO - Record metrics export enabled: /root/llm_perf/artifacts/20260916_160706_google_gemma-4-26B-A4B-it_c1,4,16,32,64,128/profile_runs/trial_0002/concurrency_16/profile_export.jsonl
2026-09-16 16:49:34.511 - system_controller - INFO - Registered Records Manager (id: 'records_manager')
2026-09-16 16:49:34.514 - system_controller - INFO - Registered Record Processor (id: 'record_processor_3e0f4fa7')
2026-09-16 16:49:34.516 - system_controller - INFO - Registered Record Processor (id: 'record_processor_898f5b41')
2026-09-16 16:49:34.518 - system_controller - INFO - Registered Record Processor (id: 'record_processor_c8f46c21')
2026-09-16 16:49:34.518 - system_controller - INFO - Registered Record Processor (id: 'record_processor_ef5ab8fa')
2026-09-16 16:49:34.562 - system_controller - INFO - Registered Gpu Telemetry Manager (id: 'gpu_telemetry_manager')
2026-09-16 16:49:34.570 - system_controller - INFO - Registered Dataset Manager (id: 'dataset_manager')
2026-09-16 16:49:34.577 - system_controller - INFO - Registered Server Metrics Manager (id: 'server_metrics_manager')
2026-09-16 16:49:34.626 - system_controller - INFO - Registered Timing Manager (id: 'timing_manager')
2026-09-16 16:49:34.650 - system_controller - INFO - Registered Worker (id: 'worker_46af7a22')
2026-09-16 16:49:34.761 - system_controller - INFO - Registered Worker (id: 'worker_f3bc7d62')
2026-09-16 16:49:34.762 - system_controller - INFO - Registered Worker (id: 'worker_451f745d')
2026-09-16 16:49:34.762 - system_controller - INFO - Registered Worker (id: 'worker_2efecab6')
2026-09-16 16:49:34.762 - system_controller - INFO - Registered Worker (id: 'worker_7c90cccd')
2026-09-16 16:49:34.764 - system_controller - INFO - Registered Worker (id: 'worker_13e05f5d')
2026-09-16 16:49:34.764 - system_controller - INFO - Registered Worker (id: 'worker_4addbb7c')
2026-09-16 16:49:34.765 - system_controller - INFO - Registered Worker (id: 'worker_54586c21')
2026-09-16 16:49:34.767 - system_controller - INFO - Registered Worker (id: 'worker_eab0af14')
2026-09-16 16:49:34.768 - system_controller - INFO - Registered Worker (id: 'worker_749b0adb')
2026-09-16 16:49:34.768 - system_controller - INFO - Registered Worker (id: 'worker_03de45a4')
2026-09-16 16:49:34.769 - system_controller - INFO - Registered Worker (id: 'worker_8cca12e4')
2026-09-16 16:49:34.771 - system_controller - INFO - Registered Worker (id: 'worker_6f284a2a')
2026-09-16 16:49:34.772 - system_controller - INFO - Registered Worker (id: 'worker_3f1a6522')
2026-09-16 16:49:34.773 - system_controller - INFO - Registered Worker (id: 'worker_aa98bb3f')
2026-09-16 16:49:34.774 - system_controller - INFO - Registered Worker (id: 'worker_492c3e18')
2026-09-16 16:49:34.941 - system_controller - INFO - AIPerf System is CONFIGURING
2026-09-16 16:49:34.941 - system_controller - INFO - Configuring all services to start profiling
2026-09-16 16:49:34.942 - timing_manager - INFO - Waiting for dataset to be configured before configuring timing
2026-09-16 16:49:34.942 - InferenceResultParser_7dd9c2f1 - INFO - Tokenization is disabled for this endpoint, skipping tokenizer configuration
2026-09-16 16:49:34.942 - InferenceResultParser_00e3b3b6 - INFO - Tokenization is disabled for this endpoint, skipping tokenizer configuration
2026-09-16 16:49:34.942 - InferenceResultParser_d92bc8a3 - INFO - Tokenization is disabled for this endpoint, skipping tokenizer configuration
2026-09-16 16:49:34.942 - InferenceResultParser_c6cf1062 - INFO - Tokenization is disabled for this endpoint, skipping tokenizer configuration
2026-09-16 16:49:34.942 - dataset_manager - INFO - Configuring tokenizer(s) for dataset manager
2026-09-16 16:49:34.951 - server_metrics_manager - INFO - Server Metrics: Capturing baseline metrics...
2026-09-16 16:49:34.953 - gpu_telemetry_manager - INFO - GPU Telemetry: Capturing baseline metrics from pynvml://localhost
2026-09-16 16:49:34.961 - pynvml_collector - INFO - PyNVML initialized with 1 GPU(s) (1 with GPM support)
2026-09-16 16:49:34.964 - http://localhost:8000/metrics - INFO - Skipping unsupported summary metric: http_request_size_bytes
2026-09-16 16:49:34.964 - http://localhost:8000/metrics - INFO - Skipping unsupported summary metric: http_response_size_bytes
2026-09-16 16:49:34.965 - system_controller - INFO - Server metrics enabled - 1/1 endpoint(s) reachable.
2026-09-16 16:49:34.966 - system_controller - INFO - Waiting for result domains: profile, server_metrics, telemetry
2026-09-16 16:49:34.971 - system_controller - INFO - DCGM telemetry enabled - 1/1 endpoint(s) reachable
2026-09-16 16:49:36.101 - httpx - INFO - HTTP Request: HEAD https://huggingface.co/google/gemma-4-26B-A4B-it/resolve/main/config.json "HTTP/1.1 307 Temporary Redirect"
2026-09-16 16:49:36.107 - httpx - INFO - HTTP Request: HEAD https://huggingface.co/api/resolve-cache/models/google/gemma-4-26B-A4B-it/4d7ae4984b7db7de8f8457170b3f1a419ee76d52/config.json?%2Fgoogle%2Fgemma-4-26B-A4B-it%2Fresolve%2Fmain%2Fconfig.json=&etag=%22f42adcca257bb0865c506947671e7d0af52ac9c4%22 "HTTP/1.1 200 OK"
2026-09-16 16:49:36.324 - httpx - INFO - HTTP Request: HEAD https://huggingface.co/google/gemma-4-26B-A4B-it/resolve/main/tokenizer_config.json "HTTP/1.1 307 Temporary Redirect"
2026-09-16 16:49:36.329 - httpx - INFO - HTTP Request: HEAD https://huggingface.co/api/resolve-cache/models/google/gemma-4-26B-A4B-it/4d7ae4984b7db7de8f8457170b3f1a419ee76d52/tokenizer_config.json?%2Fgoogle%2Fgemma-4-26B-A4B-it%2Fresolve%2Fmain%2Ftokenizer_config.json=&etag=%226068e357379d36f823c377e30efb101fa2c67fe4%22 "HTTP/1.1 200 OK"
2026-09-16 16:49:36.528 - httpx - INFO - HTTP Request: GET https://huggingface.co/api/models/google/gemma-4-26B-A4B-it/tree/main/additional_chat_templates?recursive=false&expand=false "HTTP/1.1 404 Not Found"
2026-09-16 16:49:36.729 - httpx - INFO - HTTP Request: GET https://huggingface.co/api/models/google/gemma-4-26B-A4B-it/tree/main?recursive=true&expand=false "HTTP/1.1 200 OK"
2026-09-16 16:49:37.836 - httpx - INFO - HTTP Request: GET https://huggingface.co/api/models/google/gemma-4-26B-A4B-it "HTTP/1.1 200 OK"
2026-09-16 16:49:37.864 - dataset_manager - INFO - Tokenizer(s) configured in 2.92 seconds
2026-09-16 16:49:37.865 - dataset_manager - INFO - Configuring dataset for dataset_manager
2026-09-16 16:49:38.173 - MemoryMapDatasetBackingStore_264c3c21 - INFO - Memory-mapped backing store initialized (streaming to /tmp/aiperf_mmap_75c1f8c092bb4dc5a4786a2cd12e2904/dataset.dat)
2026-09-16 16:49:38.179 - MemoryMapDatasetBackingStore_264c3c21 - INFO - Data file finalized: 100 conversations, 0.53 MB
2026-09-16 16:49:38.180 - MemoryMapDatasetBackingStore_264c3c21 - INFO - Index file created: /tmp/aiperf_mmap_75c1f8c092bb4dc5a4786a2cd12e2904/index.dat
2026-09-16 16:49:38.180 - dataset_manager - INFO - Backing store finalized: client_type=DatasetClientStoreType.MEMORY_MAP format=MemoryMapFormat.CONVERSATION data_file_path=PosixPath('/tmp/aiperf_mmap_75c1f8c092bb4dc5a4786a2cd12e2904/dataset.dat') index_file_path=PosixPath('/tmp/aiperf_mmap_75c1f8c092bb4dc5a4786a2cd12e2904/index.dat') conversation_count=100 total_size_bytes=554165 compressed=False compressed_data_file_path=None compressed_index_file_path=None compressed_size_bytes=0
2026-09-16 16:49:38.182 - dataset_manager - INFO - sampling strategy: sequential, unique conversations: 100, unique turn count: 100
2026-09-16 16:49:38.183 - dataset_manager - INFO - Generating inputs.json file at /root/llm_perf/artifacts/20260916_160706_google_gemma-4-26B-A4B-it_c1,4,16,32,64,128/profile_runs/trial_0002/concurrency_16/inputs.json
2026-09-16 16:49:38.185 - PhaseOrchestrator_bf2b8ce2 - INFO - Initialized 1 phase(s): ['Profiling']
2026-09-16 16:49:38.186 - dataset_manager - INFO - inputs.json file generated in 0.00 seconds
2026-09-16 16:49:38.264 - dataset_manager - INFO - Dataset client initialized and freed 100 conversations from memory
2026-09-16 16:49:38.265 - dataset_manager - INFO - Dataset configured in 0.40 seconds
2026-09-16 16:49:38.266 - system_controller - INFO - All services configured in 3.32 seconds
2026-09-16 16:49:38.266 - system_controller - INFO - AIPerf System is CONFIGURED
2026-09-16 16:49:38.267 - server_metrics_manager - INFO - Server Metrics: Started 1 collector(s) successfully
2026-09-16 16:49:38.268 - system_controller - INFO - All services started profiling successfully
2026-09-16 16:49:38.268 - system_controller - INFO - AIPerf System is PROFILING
2026-09-16 16:49:38.269 - RateTiming - INFO - Creating interval generator: pattern=concurrency_burst, rate=None, smoothness=None
2026-09-16 16:49:38.270 - PhaseRunner - NOTICE - Phase profiling (profiling) started | phase_index=0 | profiling_index=0 | target: 300.0s duration
2026-09-16 16:49:38.270 - PhaseRunner - INFO - Waiting for event 'profiling phase sending' with timeout of 299.999287186s
2026-09-16 16:49:38.271 - records_manager - INFO - Credit phase start: profiling
2026-09-16 16:54:38.269 - PhaseRunner - INFO - Timeout of 299.999287186s elapsed for event 'profiling phase sending'
2026-09-16 16:54:38.270 - PhaseRunner - NOTICE - Phase profiling (profiling) sending complete | sent=1,296, completed=1,280, in_flight=16 | sessions: sent=1,296, completed=1,280 | timeout_triggered=True
2026-09-16 16:54:38.270 - PhaseRunner - INFO - Waiting for event 'profiling phase credits returned' with timeout of 29.999130553999976s
2026-09-16 16:54:38.271 - records_manager - INFO - Sent 1,296 requests. Waiting for all to complete...
2026-09-16 16:54:39.563 - PhaseRunner - NOTICE - Phase profiling (profiling) complete | completed=1,296, cancelled=0, errors=0 | sessions: completed=1,296, cancelled=0 | elapsed=301.29s
2026-09-16 16:54:39.564 - PhaseOrchestrator_bf2b8ce2 - NOTICE - All credits completed
2026-09-16 16:54:39.565 - system_controller - INFO - Received credits complete from 'timing_manager'
2026-09-16 16:54:39.564 - records_manager - INFO - Received CREDIT_PHASE_COMPLETE message, Phase complete: PhaseRecordsStats(phase=CreditPhase.PROFILING, phase_index=0, profiling_index=0, phase_name='profiling', phase_kind='profiling', start_ns=1789548578269973043, sent_end_ns=1789548878270026595, requests_end_ns=1789548879563686901, baseline_start_ns=1789548578269960660, baseline_end_ns=1789548879563693653, total_expected_requests=None, expected_duration_sec=None, expected_num_sessions=None, expected_grace_period_sec=None, final_requests_sent=None, final_requests_completed=1296, final_requests_cancelled=0, final_request_errors=0, final_sent_sessions=None, final_completed_sessions=None, final_cancelled_sessions=None, timeout_triggered=True, grace_period_timeout_triggered=False, was_cancelled=False, records_end_ns=None, success_records=1285, error_records=0)
2026-09-16 16:54:39.567 - records_manager - NOTICE - All requests have completed, please wait for the results to be processed (currently 1,285 of 1,296 records processed)...
2026-09-16 16:54:39.567 - records_manager - INFO - All credits complete, please wait for the results to be processed...
2026-09-16 16:54:39.605 - records_manager - INFO - Processed 1296 valid requests and 0 errors (1296 total).
2026-09-16 16:54:39.606 - records_manager - INFO - Received all records, processing now...
2026-09-16 16:54:39.607 - gpu_telemetry_manager - INFO - GPU Telemetry: Profiling complete, capturing final metrics...
2026-09-16 16:54:39.607 - server_metrics_manager - INFO - Server Metrics: Profiling complete, capturing final metrics...
2026-09-16 16:54:39.607 - records_manager - INFO - Waiting 2.0s for server metrics flush period...
2026-09-16 16:54:41.564 - records_manager - INFO - Processing records results...
2026-09-16 16:54:42.383 - system_controller - INFO - Waiting for result domains: server_metrics, telemetry
2026-09-16 16:54:42.384 - system_controller - INFO - Waiting for result domains: server_metrics
2026-09-16 16:54:42.715 - records_manager - INFO - _finalize_and_process_results completed
2026-09-16 16:54:42.720 - system_controller - INFO - All results received, initiating shutdown
2026-09-16 16:54:43.323 - ExporterManager - INFO - Exporting all records
2026-09-16 16:54:43.430 - ExporterManager - INFO - Exporting console data
