2026-09-17 21:22:18.760 - system_controller - INFO - Registered Worker Manager (id: 'worker_manager')
2026-09-17 21:22:18.772 - server_metrics_manager - INFO - Server Metrics: Discovered 1 endpoints: ['http://localhost:8000/metrics']
2026-09-17 21:22:18.789 - system_controller - INFO - Registered Server Metrics Manager (id: 'server_metrics_manager')
2026-09-17 21:22:18.794 - GPUTelemetryJSONLWriter_0f03dbcc - INFO - GPU telemetry export enabled: /root/llm_perf/artifacts/20260917_211657_zai-org_GLM-5.3-Flash_c1,4,16,32/profile_runs/trial_0001/concurrency_4/gpu_telemetry_export.jsonl
2026-09-17 21:22:18.798 - system_controller - INFO - Registered Record Processor (id: 'record_processor_ac43412a')
2026-09-17 21:22:18.800 - OTelMetricsResultsProcessor_922bebfc - INFO - Telemetry streaming is disabled (set --otel-url and/or --mlflow-tracking-uri to enable)
2026-09-17 21:22:18.801 - RecordExportJSONLWriter_1e8f828d - INFO - Record metrics export enabled: /root/llm_perf/artifacts/20260917_211657_zai-org_GLM-5.3-Flash_c1,4,16,32/profile_runs/trial_0001/concurrency_4/profile_export.jsonl
2026-09-17 21:22:18.827 - system_controller - INFO - Registered Records Manager (id: 'records_manager')
2026-09-17 21:22:18.882 - system_controller - INFO - Registered Gpu Telemetry Manager (id: 'gpu_telemetry_manager')
2026-09-17 21:22:18.887 - system_controller - INFO - Registered Dataset Manager (id: 'dataset_manager')
2026-09-17 21:22:18.896 - system_controller - INFO - Registered Timing Manager (id: 'timing_manager')
2026-09-17 21:22:18.904 - system_controller - INFO - Registered Worker (id: 'worker_fa541ce7')
2026-09-17 21:22:18.913 - system_controller - INFO - Registered Worker (id: 'worker_f08e5e75')
2026-09-17 21:22:18.914 - system_controller - INFO - Registered Worker (id: 'worker_0013be7e')
2026-09-17 21:22:18.914 - system_controller - INFO - Registered Worker (id: 'worker_c6ce648d')
2026-09-17 21:22:19.256 - system_controller - INFO - AIPerf System is CONFIGURING
2026-09-17 21:22:19.257 - system_controller - INFO - Configuring all services to start profiling
2026-09-17 21:22:19.258 - timing_manager - INFO - Waiting for dataset to be configured before configuring timing
2026-09-17 21:22:19.258 - InferenceResultParser_77e5df4f - INFO - Tokenization is disabled for this endpoint, skipping tokenizer configuration
2026-09-17 21:22:19.258 - dataset_manager - INFO - Configuring tokenizer(s) for dataset manager
2026-09-17 21:22:19.267 - server_metrics_manager - INFO - Server Metrics: Capturing baseline metrics...
2026-09-17 21:22:19.269 - gpu_telemetry_manager - INFO - GPU Telemetry: Capturing baseline metrics from pynvml://localhost
2026-09-17 21:22:19.277 - pynvml_collector - INFO - PyNVML initialized with 1 GPU(s) (1 with GPM support)
2026-09-17 21:22:19.279 - http://localhost:8000/metrics - INFO - Skipping unsupported summary metric: http_request_size_bytes
2026-09-17 21:22:19.280 - http://localhost:8000/metrics - INFO - Skipping unsupported summary metric: http_response_size_bytes
2026-09-17 21:22:19.281 - system_controller - INFO - Server metrics enabled - 1/1 endpoint(s) reachable.
2026-09-17 21:22:19.281 - system_controller - INFO - Waiting for result domains: profile, server_metrics, telemetry
2026-09-17 21:22:19.287 - system_controller - INFO - DCGM telemetry enabled - 1/1 endpoint(s) reachable
2026-09-17 21:22:20.444 - httpx - INFO - HTTP Request: HEAD https://huggingface.co/zai-org/GLM-5.3-Flash/resolve/main/config.json "HTTP/1.1 307 Temporary Redirect"
2026-09-17 21:22:20.484 - httpx - INFO - HTTP Request: HEAD https://huggingface.co/api/resolve-cache/models/zai-org/GLM-5.3-Flash/eb9eb208eb0d988989d07a6a12d0fdeb5f52574a/config.json?%2Fzai-org%2FGLM-5.3-Flash%2Fresolve%2Fmain%2Fconfig.json=&etag=%22f93128cf7f31ca2b22e367cd63676c320c4164a7%22 "HTTP/1.1 200 OK"
2026-09-17 21:22:20.700 - httpx - INFO - HTTP Request: HEAD https://huggingface.co/zai-org/GLM-5.3-Flash/resolve/main/tokenizer_config.json "HTTP/1.1 307 Temporary Redirect"
2026-09-17 21:22:20.812 - httpx - INFO - HTTP Request: HEAD https://huggingface.co/api/resolve-cache/models/zai-org/GLM-5.3-Flash/eb9eb208eb0d988989d07a6a12d0fdeb5f52574a/tokenizer_config.json?%2Fzai-org%2FGLM-5.3-Flash%2Fresolve%2Fmain%2Ftokenizer_config.json=&etag=%22e375fa0a4e16660ce0e2026e39374d35dad4c079%22 "HTTP/1.1 200 OK"
2026-09-17 21:22:21.016 - httpx - INFO - HTTP Request: GET https://huggingface.co/api/models/zai-org/GLM-5.3-Flash/tree/main/additional_chat_templates?recursive=false&expand=false "HTTP/1.1 404 Not Found"
2026-09-17 21:22:21.221 - httpx - INFO - HTTP Request: GET https://huggingface.co/api/models/zai-org/GLM-5.3-Flash/tree/main?recursive=true&expand=false "HTTP/1.1 200 OK"
2026-09-17 21:22:22.439 - httpx - INFO - HTTP Request: GET https://huggingface.co/api/models/zai-org/GLM-5.3-Flash "HTTP/1.1 200 OK"
2026-09-17 21:22:22.496 - dataset_manager - INFO - Tokenizer(s) configured in 3.24 seconds
2026-09-17 21:22:22.496 - dataset_manager - INFO - Configuring dataset for dataset_manager
2026-09-17 21:22:22.800 - MemoryMapDatasetBackingStore_fd30db05 - INFO - Memory-mapped backing store initialized (streaming to /tmp/aiperf_mmap_713b1b1765074dc8be944733aedddba5/dataset.dat)
2026-09-17 21:22:22.806 - MemoryMapDatasetBackingStore_fd30db05 - INFO - Data file finalized: 100 conversations, 0.50 MB
2026-09-17 21:22:22.808 - MemoryMapDatasetBackingStore_fd30db05 - INFO - Index file created: /tmp/aiperf_mmap_713b1b1765074dc8be944733aedddba5/index.dat
2026-09-17 21:22:22.808 - dataset_manager - INFO - Backing store finalized: client_type=DatasetClientStoreType.MEMORY_MAP format=MemoryMapFormat.CONVERSATION data_file_path=PosixPath('/tmp/aiperf_mmap_713b1b1765074dc8be944733aedddba5/dataset.dat') index_file_path=PosixPath('/tmp/aiperf_mmap_713b1b1765074dc8be944733aedddba5/index.dat') conversation_count=100 total_size_bytes=526237 compressed=False compressed_data_file_path=None compressed_index_file_path=None compressed_size_bytes=0
2026-09-17 21:22:22.810 - dataset_manager - INFO - sampling strategy: sequential, unique conversations: 100, unique turn count: 100
2026-09-17 21:22:22.811 - dataset_manager - INFO - Generating inputs.json file at /root/llm_perf/artifacts/20260917_211657_zai-org_GLM-5.3-Flash_c1,4,16,32/profile_runs/trial_0001/concurrency_4/inputs.json
2026-09-17 21:22:22.813 - PhaseOrchestrator_becfcc0c - INFO - Initialized 1 phase(s): ['Profiling']
2026-09-17 21:22:22.814 - dataset_manager - INFO - inputs.json file generated in 0.00 seconds
2026-09-17 21:22:22.878 - dataset_manager - INFO - Dataset client initialized and freed 100 conversations from memory
2026-09-17 21:22:22.879 - dataset_manager - INFO - Dataset configured in 0.38 seconds
2026-09-17 21:22:22.879 - system_controller - INFO - All services configured in 3.62 seconds
2026-09-17 21:22:22.880 - system_controller - INFO - AIPerf System is CONFIGURED
2026-09-17 21:22:22.881 - server_metrics_manager - INFO - Server Metrics: Started 1 collector(s) successfully
2026-09-17 21:22:22.882 - system_controller - INFO - All services started profiling successfully
2026-09-17 21:22:22.882 - system_controller - INFO - AIPerf System is PROFILING
2026-09-17 21:22:22.882 - RateTiming - INFO - Creating interval generator: pattern=concurrency_burst, rate=None, smoothness=None
2026-09-17 21:22:22.883 - PhaseRunner - NOTICE - Phase profiling (profiling) started | phase_index=0 | profiling_index=0 | target: 300.0s duration
2026-09-17 21:22:22.884 - PhaseRunner - INFO - Waiting for event 'profiling phase sending' with timeout of 299.999193276s
2026-09-17 21:22:22.884 - records_manager - INFO - Credit phase start: profiling
2026-09-17 21:27:22.883 - PhaseRunner - INFO - Timeout of 299.999193276s elapsed for event 'profiling phase sending'
2026-09-17 21:27:22.884 - PhaseRunner - NOTICE - Phase profiling (profiling) sending complete | sent=44, completed=40, in_flight=4 | sessions: sent=44, completed=40 | timeout_triggered=True
2026-09-17 21:27:22.884 - PhaseRunner - INFO - Waiting for event 'profiling phase credits returned' with timeout of 29.99855091400002s
2026-09-17 21:27:22.885 - records_manager - INFO - Sent 44 requests. Waiting for all to complete...
2026-09-17 21:27:48.317 - PhaseRunner - NOTICE - Phase profiling (profiling) complete | completed=44, cancelled=0, errors=0 | sessions: completed=44, cancelled=0 | elapsed=325.43s
2026-09-17 21:27:48.318 - PhaseOrchestrator_becfcc0c - NOTICE - All credits completed
2026-09-17 21:27:48.319 - system_controller - INFO - Received credits complete from 'timing_manager'
2026-09-17 21:27:48.318 - records_manager - INFO - Received CREDIT_PHASE_COMPLETE message, Phase complete: PhaseRecordsStats(phase=CreditPhase.PROFILING, phase_index=0, profiling_index=0, phase_name='profiling', phase_kind='profiling', start_ns=1789651342883416716, sent_end_ns=1789651642884023684, requests_end_ns=1789651668317354804, baseline_start_ns=1789651342883403724, baseline_end_ns=1789651668317362804, total_expected_requests=None, expected_duration_sec=None, expected_num_sessions=None, expected_grace_period_sec=None, final_requests_sent=None, final_requests_completed=44, final_requests_cancelled=0, final_request_errors=0, final_sent_sessions=None, final_completed_sessions=None, final_cancelled_sessions=None, timeout_triggered=True, grace_period_timeout_triggered=False, was_cancelled=False, records_end_ns=None, success_records=41, error_records=0)
2026-09-17 21:27:48.320 - records_manager - NOTICE - All requests have completed, please wait for the results to be processed (currently 41 of 44 records processed)...
2026-09-17 21:27:48.321 - records_manager - INFO - All credits complete, please wait for the results to be processed...
2026-09-17 21:27:48.328 - records_manager - INFO - Processed 44 valid requests and 0 errors (44 total).
2026-09-17 21:27:48.329 - records_manager - INFO - Received all records, processing now...
2026-09-17 21:27:48.330 - server_metrics_manager - INFO - Server Metrics: Profiling complete, capturing final metrics...
2026-09-17 21:27:48.330 - gpu_telemetry_manager - INFO - GPU Telemetry: Profiling complete, capturing final metrics...
2026-09-17 21:27:48.330 - records_manager - INFO - Waiting 2.0s for server metrics flush period...
2026-09-17 21:27:50.317 - records_manager - INFO - Processing records results...
2026-09-17 21:27:50.380 - system_controller - INFO - Waiting for result domains: server_metrics, telemetry
2026-09-17 21:27:50.381 - system_controller - INFO - Waiting for result domains: server_metrics
2026-09-17 21:27:50.710 - records_manager - INFO - _finalize_and_process_results completed
2026-09-17 21:27:50.720 - system_controller - INFO - All results received, initiating shutdown
2026-09-17 21:27:51.323 - ExporterManager - INFO - Exporting all records
2026-09-17 21:27:51.390 - ExporterManager - INFO - Exporting console data
