2026-09-16 20:19:01.162 - system_controller - INFO - Registered Worker Manager (id: 'worker_manager')
2026-09-16 20:19:01.173 - server_metrics_manager - INFO - Server Metrics: Discovered 1 endpoints: ['http://localhost:8000/metrics']
2026-09-16 20:19:01.196 - GPUTelemetryJSONLWriter_9352e4e1 - INFO - GPU telemetry export enabled: /root/llm_perf/artifacts/20260916_195805_ibm-granite_granite-4.2-30b_c1,4,16,32,64,128/profile_runs/trial_0001/concurrency_64/gpu_telemetry_export.jsonl
2026-09-16 20:19:01.203 - OTelMetricsResultsProcessor_6ed0e08a - INFO - Telemetry streaming is disabled (set --otel-url and/or --mlflow-tracking-uri to enable)
2026-09-16 20:19:01.205 - RecordExportJSONLWriter_4e9efaeb - INFO - Record metrics export enabled: /root/llm_perf/artifacts/20260916_195805_ibm-granite_granite-4.2-30b_c1,4,16,32,64,128/profile_runs/trial_0001/concurrency_64/profile_export.jsonl
2026-09-16 20:19:01.281 - system_controller - INFO - Registered Dataset Manager (id: 'dataset_manager')
2026-09-16 20:19:01.283 - system_controller - INFO - Registered Gpu Telemetry Manager (id: 'gpu_telemetry_manager')
2026-09-16 20:19:01.284 - system_controller - INFO - Registered Record Processor (id: 'record_processor_2efeb8af')
2026-09-16 20:19:01.285 - system_controller - INFO - Registered Record Processor (id: 'record_processor_a8a12fca')
2026-09-16 20:19:01.287 - system_controller - INFO - Registered Record Processor (id: 'record_processor_be26ab69')
2026-09-16 20:19:01.289 - system_controller - INFO - Registered Record Processor (id: 'record_processor_93e5cb43')
2026-09-16 20:19:01.290 - system_controller - INFO - Registered Server Metrics Manager (id: 'server_metrics_manager')
2026-09-16 20:19:01.292 - system_controller - INFO - Registered Record Processor (id: 'record_processor_91f1c0a2')
2026-09-16 20:19:01.295 - system_controller - INFO - Registered Record Processor (id: 'record_processor_64b969d5')
2026-09-16 20:19:01.297 - system_controller - INFO - Registered Record Processor (id: 'record_processor_93b3d674')
2026-09-16 20:19:01.298 - system_controller - INFO - Registered Record Processor (id: 'record_processor_99e2214b')
2026-09-16 20:19:01.332 - system_controller - INFO - Registered Records Manager (id: 'records_manager')
2026-09-16 20:19:01.390 - system_controller - INFO - Registered Timing Manager (id: 'timing_manager')
2026-09-16 20:19:01.410 - system_controller - INFO - Registered Worker (id: 'worker_e76b7360')
2026-09-16 20:19:01.421 - system_controller - INFO - Registered Worker (id: 'worker_eaf92c37')
2026-09-16 20:19:01.422 - system_controller - INFO - Registered Worker (id: 'worker_2139fad5')
2026-09-16 20:19:01.423 - system_controller - INFO - Registered Worker (id: 'worker_a9035eec')
2026-09-16 20:19:01.423 - system_controller - INFO - Registered Worker (id: 'worker_fccdba72')
2026-09-16 20:19:01.423 - system_controller - INFO - Registered Worker (id: 'worker_53ade3b4')
2026-09-16 20:19:01.424 - system_controller - INFO - Registered Worker (id: 'worker_9f074f87')
2026-09-16 20:19:01.424 - system_controller - INFO - Registered Worker (id: 'worker_c8e2fc4c')
2026-09-16 20:19:01.427 - system_controller - INFO - Registered Worker (id: 'worker_a5350890')
2026-09-16 20:19:01.428 - system_controller - INFO - Registered Worker (id: 'worker_3b02895f')
2026-09-16 20:19:01.429 - system_controller - INFO - Registered Worker (id: 'worker_fa0a545d')
2026-09-16 20:19:01.429 - system_controller - INFO - Registered Worker (id: 'worker_42ec744c')
2026-09-16 20:19:01.434 - system_controller - INFO - Registered Worker (id: 'worker_11b22a2e')
2026-09-16 20:19:01.434 - system_controller - INFO - Registered Worker (id: 'worker_e4c76c5d')
2026-09-16 20:19:01.435 - system_controller - INFO - Registered Worker (id: 'worker_6fa5d0ab')
2026-09-16 20:19:01.435 - system_controller - INFO - Registered Worker (id: 'worker_d3e65822')
2026-09-16 20:19:01.437 - system_controller - INFO - Registered Worker (id: 'worker_69a73d28')
2026-09-16 20:19:01.439 - system_controller - INFO - Registered Worker (id: 'worker_2a717405')
2026-09-16 20:19:01.466 - system_controller - INFO - Registered Worker (id: 'worker_3a0b59bc')
2026-09-16 20:19:01.467 - system_controller - INFO - Registered Worker (id: 'worker_d40239ff')
2026-09-16 20:19:01.468 - system_controller - INFO - Registered Worker (id: 'worker_3337df72')
2026-09-16 20:19:01.540 - system_controller - INFO - Registered Worker (id: 'worker_75944750')
2026-09-16 20:19:01.544 - system_controller - INFO - Registered Worker (id: 'worker_c22edd5e')
2026-09-16 20:19:01.544 - system_controller - INFO - Registered Worker (id: 'worker_2ae1d9d7')
2026-09-16 20:19:01.547 - system_controller - INFO - Registered Worker (id: 'worker_1eb533ed')
2026-09-16 20:19:01.563 - system_controller - INFO - Registered Worker (id: 'worker_03f42dc8')
2026-09-16 20:19:01.564 - system_controller - INFO - Registered Worker (id: 'worker_8981c4d1')
2026-09-16 20:19:01.565 - system_controller - INFO - Registered Worker (id: 'worker_7bca8eb4')
2026-09-16 20:19:01.566 - system_controller - INFO - Registered Worker (id: 'worker_04a11a48')
2026-09-16 20:19:01.566 - system_controller - INFO - Registered Worker (id: 'worker_1504ad54')
2026-09-16 20:19:01.567 - system_controller - INFO - Registered Worker (id: 'worker_c0b202db')
2026-09-16 20:19:01.567 - system_controller - INFO - Registered Worker (id: 'worker_f284d2dc')
2026-09-16 20:19:01.659 - system_controller - INFO - AIPerf System is CONFIGURING
2026-09-16 20:19:01.659 - system_controller - INFO - Configuring all services to start profiling
2026-09-16 20:19:01.660 - timing_manager - INFO - Waiting for dataset to be configured before configuring timing
2026-09-16 20:19:01.660 - InferenceResultParser_3a0b37db - INFO - Tokenization is disabled for this endpoint, skipping tokenizer configuration
2026-09-16 20:19:01.660 - InferenceResultParser_0088b940 - INFO - Tokenization is disabled for this endpoint, skipping tokenizer configuration
2026-09-16 20:19:01.660 - InferenceResultParser_cd4e6f4c - INFO - Tokenization is disabled for this endpoint, skipping tokenizer configuration
2026-09-16 20:19:01.660 - InferenceResultParser_8671adfd - INFO - Tokenization is disabled for this endpoint, skipping tokenizer configuration
2026-09-16 20:19:01.660 - InferenceResultParser_f1a155f8 - INFO - Tokenization is disabled for this endpoint, skipping tokenizer configuration
2026-09-16 20:19:01.660 - InferenceResultParser_4db72a56 - INFO - Tokenization is disabled for this endpoint, skipping tokenizer configuration
2026-09-16 20:19:01.660 - InferenceResultParser_1f05d9c4 - INFO - Tokenization is disabled for this endpoint, skipping tokenizer configuration
2026-09-16 20:19:01.660 - InferenceResultParser_3a340ca2 - INFO - Tokenization is disabled for this endpoint, skipping tokenizer configuration
2026-09-16 20:19:01.660 - dataset_manager - INFO - Configuring tokenizer(s) for dataset manager
2026-09-16 20:19:01.668 - server_metrics_manager - INFO - Server Metrics: Capturing baseline metrics...
2026-09-16 20:19:01.671 - gpu_telemetry_manager - INFO - GPU Telemetry: Capturing baseline metrics from pynvml://localhost
2026-09-16 20:19:01.679 - pynvml_collector - INFO - PyNVML initialized with 1 GPU(s) (1 with GPM support)
2026-09-16 20:19:01.682 - http://localhost:8000/metrics - INFO - Skipping unsupported summary metric: http_request_size_bytes
2026-09-16 20:19:01.682 - http://localhost:8000/metrics - INFO - Skipping unsupported summary metric: http_response_size_bytes
2026-09-16 20:19:01.683 - system_controller - INFO - Server metrics enabled - 1/1 endpoint(s) reachable.
2026-09-16 20:19:01.684 - system_controller - INFO - Waiting for result domains: profile, server_metrics, telemetry
2026-09-16 20:19:01.689 - system_controller - INFO - DCGM telemetry enabled - 1/1 endpoint(s) reachable
2026-09-16 20:19:02.820 - httpx - INFO - HTTP Request: HEAD https://huggingface.co/ibm-granite/granite-4.2-30b/resolve/main/config.json "HTTP/1.1 307 Temporary Redirect"
2026-09-16 20:19:02.826 - httpx - INFO - HTTP Request: HEAD https://huggingface.co/api/resolve-cache/models/ibm-granite/granite-4.2-30b/9e668ce1c538387ef24d3644e9b0606647762636/config.json?%2Fibm-granite%2Fgranite-4.2-30b%2Fresolve%2Fmain%2Fconfig.json=&etag=%2244e67eb085e68158de41f04810c159ba73f04e0c%22 "HTTP/1.1 200 OK"
2026-09-16 20:19:03.031 - httpx - INFO - HTTP Request: HEAD https://huggingface.co/ibm-granite/granite-4.2-30b/resolve/main/tokenizer_config.json "HTTP/1.1 307 Temporary Redirect"
2026-09-16 20:19:03.037 - httpx - INFO - HTTP Request: HEAD https://huggingface.co/api/resolve-cache/models/ibm-granite/granite-4.2-30b/9e668ce1c538387ef24d3644e9b0606647762636/tokenizer_config.json?%2Fibm-granite%2Fgranite-4.2-30b%2Fresolve%2Fmain%2Ftokenizer_config.json=&etag=%2257e792da3e95fb4b48532fd6f477d35ebd479947%22 "HTTP/1.1 200 OK"
2026-09-16 20:19:03.238 - httpx - INFO - HTTP Request: HEAD https://huggingface.co/ibm-granite/granite-4.2-30b/resolve/main/tokenizer_config.json "HTTP/1.1 307 Temporary Redirect"
2026-09-16 20:19:03.245 - httpx - INFO - HTTP Request: HEAD https://huggingface.co/api/resolve-cache/models/ibm-granite/granite-4.2-30b/9e668ce1c538387ef24d3644e9b0606647762636/tokenizer_config.json?%2Fibm-granite%2Fgranite-4.2-30b%2Fresolve%2Fmain%2Ftokenizer_config.json=&etag=%2257e792da3e95fb4b48532fd6f477d35ebd479947%22 "HTTP/1.1 200 OK"
2026-09-16 20:19:03.449 - httpx - INFO - HTTP Request: GET https://huggingface.co/api/models/ibm-granite/granite-4.2-30b/tree/main/additional_chat_templates?recursive=false&expand=false "HTTP/1.1 404 Not Found"
2026-09-16 20:19:03.657 - httpx - INFO - HTTP Request: GET https://huggingface.co/api/models/ibm-granite/granite-4.2-30b/tree/main?recursive=true&expand=false "HTTP/1.1 200 OK"
2026-09-16 20:19:04.163 - httpx - INFO - HTTP Request: GET https://huggingface.co/api/models/ibm-granite/granite-4.2-30b "HTTP/1.1 200 OK"
2026-09-16 20:19:04.183 - dataset_manager - INFO - Tokenizer(s) configured in 2.52 seconds
2026-09-16 20:19:04.183 - dataset_manager - INFO - Configuring dataset for dataset_manager
2026-09-16 20:19:04.520 - MemoryMapDatasetBackingStore_eaf815b2 - INFO - Memory-mapped backing store initialized (streaming to /tmp/aiperf_mmap_f79e39921ab243459ed1177b3456eb6a/dataset.dat)
2026-09-16 20:19:04.526 - MemoryMapDatasetBackingStore_eaf815b2 - INFO - Data file finalized: 100 conversations, 0.51 MB
2026-09-16 20:19:04.527 - MemoryMapDatasetBackingStore_eaf815b2 - INFO - Index file created: /tmp/aiperf_mmap_f79e39921ab243459ed1177b3456eb6a/index.dat
2026-09-16 20:19:04.527 - dataset_manager - INFO - Backing store finalized: client_type=DatasetClientStoreType.MEMORY_MAP format=MemoryMapFormat.CONVERSATION data_file_path=PosixPath('/tmp/aiperf_mmap_f79e39921ab243459ed1177b3456eb6a/dataset.dat') index_file_path=PosixPath('/tmp/aiperf_mmap_f79e39921ab243459ed1177b3456eb6a/index.dat') conversation_count=100 total_size_bytes=532612 compressed=False compressed_data_file_path=None compressed_index_file_path=None compressed_size_bytes=0
2026-09-16 20:19:04.529 - dataset_manager - INFO - sampling strategy: sequential, unique conversations: 100, unique turn count: 100
2026-09-16 20:19:04.530 - dataset_manager - INFO - Generating inputs.json file at /root/llm_perf/artifacts/20260916_195805_ibm-granite_granite-4.2-30b_c1,4,16,32,64,128/profile_runs/trial_0001/concurrency_64/inputs.json
2026-09-16 20:19:04.532 - PhaseOrchestrator_0c8ce5df - INFO - Initialized 1 phase(s): ['Profiling']
2026-09-16 20:19:04.534 - dataset_manager - INFO - inputs.json file generated in 0.00 seconds
2026-09-16 20:19:04.598 - dataset_manager - INFO - Dataset client initialized and freed 100 conversations from memory
2026-09-16 20:19:04.598 - dataset_manager - INFO - Dataset configured in 0.41 seconds
2026-09-16 20:19:04.599 - system_controller - INFO - All services configured in 2.94 seconds
2026-09-16 20:19:04.600 - system_controller - INFO - AIPerf System is CONFIGURED
2026-09-16 20:19:04.600 - server_metrics_manager - INFO - Server Metrics: Started 1 collector(s) successfully
2026-09-16 20:19:04.601 - system_controller - INFO - All services started profiling successfully
2026-09-16 20:19:04.602 - system_controller - INFO - AIPerf System is PROFILING
2026-09-16 20:19:04.602 - RateTiming - INFO - Creating interval generator: pattern=concurrency_burst, rate=None, smoothness=None
2026-09-16 20:19:04.603 - PhaseRunner - NOTICE - Phase profiling (profiling) started | phase_index=0 | profiling_index=0 | target: 300.0s duration
2026-09-16 20:19:04.603 - PhaseRunner - INFO - Waiting for event 'profiling phase sending' with timeout of 299.9993286s
2026-09-16 20:19:04.604 - records_manager - INFO - Credit phase start: profiling
2026-09-16 20:24:04.602 - PhaseRunner - INFO - Timeout of 299.9993286s elapsed for event 'profiling phase sending'
2026-09-16 20:24:04.603 - PhaseRunner - NOTICE - Phase profiling (profiling) sending complete | sent=2,496, completed=2,432, in_flight=64 | sessions: sent=2,496, completed=2,432 | timeout_triggered=True
2026-09-16 20:24:04.603 - PhaseRunner - INFO - Waiting for event 'profiling phase credits returned' with timeout of 29.999282970000024s
2026-09-16 20:24:04.604 - records_manager - INFO - Sent 2,496 requests. Waiting for all to complete...
2026-09-16 20:24:10.077 - PhaseRunner - NOTICE - Phase profiling (profiling) complete | completed=2,496, cancelled=0, errors=0 | sessions: completed=2,496, cancelled=0 | elapsed=305.47s
2026-09-16 20:24:10.078 - PhaseOrchestrator_0c8ce5df - NOTICE - All credits completed
2026-09-16 20:24:10.078 - system_controller - INFO - Received credits complete from 'timing_manager'
2026-09-16 20:24:10.079 - records_manager - INFO - Received CREDIT_PHASE_COMPLETE message, Phase complete: PhaseRecordsStats(phase=CreditPhase.PROFILING, phase_index=0, profiling_index=0, phase_name='profiling', phase_kind='profiling', start_ns=1789561144603154441, sent_end_ns=1789561444603054983, requests_end_ns=1789561450077147110, baseline_start_ns=1789561144603142793, baseline_end_ns=1789561450077157542, total_expected_requests=None, expected_duration_sec=None, expected_num_sessions=None, expected_grace_period_sec=None, final_requests_sent=None, final_requests_completed=2496, final_requests_cancelled=0, final_request_errors=0, final_sent_sessions=None, final_completed_sessions=None, final_cancelled_sessions=None, timeout_triggered=True, grace_period_timeout_triggered=False, was_cancelled=False, records_end_ns=None, success_records=2488, error_records=0)
2026-09-16 20:24:10.082 - records_manager - NOTICE - All requests have completed, please wait for the results to be processed (currently 2,488 of 2,496 records processed)...
2026-09-16 20:24:10.082 - records_manager - INFO - All credits complete, please wait for the results to be processed...
2026-09-16 20:24:10.095 - records_manager - INFO - Processed 2496 valid requests and 0 errors (2496 total).
2026-09-16 20:24:10.095 - records_manager - INFO - Received all records, processing now...
2026-09-16 20:24:10.096 - server_metrics_manager - INFO - Server Metrics: Profiling complete, capturing final metrics...
2026-09-16 20:24:10.096 - gpu_telemetry_manager - INFO - GPU Telemetry: Profiling complete, capturing final metrics...
2026-09-16 20:24:10.097 - records_manager - INFO - Waiting 2.0s for server metrics flush period...
2026-09-16 20:24:12.078 - records_manager - INFO - Processing records results...
2026-09-16 20:24:14.066 - system_controller - INFO - Waiting for result domains: server_metrics, telemetry
2026-09-16 20:24:14.066 - system_controller - INFO - Waiting for result domains: server_metrics
2026-09-16 20:24:14.396 - records_manager - INFO - _finalize_and_process_results completed
2026-09-16 20:24:14.401 - system_controller - INFO - All results received, initiating shutdown
2026-09-16 20:24:15.006 - ExporterManager - INFO - Exporting all records
2026-09-16 20:24:15.114 - ExporterManager - INFO - Exporting console data
