2026-09-17 21:02:34.912 - system_controller - INFO - Registered Worker Manager (id: 'worker_manager')
2026-09-17 21:02:34.924 - server_metrics_manager - INFO - Server Metrics: Discovered 1 endpoints: ['http://localhost:8000/metrics']
2026-09-17 21:02:34.946 - GPUTelemetryJSONLWriter_ffaf58a2 - INFO - GPU telemetry export enabled: /root/llm_perf/artifacts/20260917_203021_RedHatAI_GLM-5.3-Flash-NVFP4_c1,4,16,32/profile_runs/trial_0002/concurrency_16/gpu_telemetry_export.jsonl
2026-09-17 21:02:34.952 - OTelMetricsResultsProcessor_288387a1 - INFO - Telemetry streaming is disabled (set --otel-url and/or --mlflow-tracking-uri to enable)
2026-09-17 21:02:34.954 - RecordExportJSONLWriter_1c3d09d7 - INFO - Record metrics export enabled: /root/llm_perf/artifacts/20260917_203021_RedHatAI_GLM-5.3-Flash-NVFP4_c1,4,16,32/profile_runs/trial_0002/concurrency_16/profile_export.jsonl
2026-09-17 21:02:34.981 - system_controller - INFO - Registered Records Manager (id: 'records_manager')
2026-09-17 21:02:34.986 - system_controller - INFO - Registered Record Processor (id: 'record_processor_74538d44')
2026-09-17 21:02:34.988 - system_controller - INFO - Registered Record Processor (id: 'record_processor_151d41d8')
2026-09-17 21:02:34.989 - system_controller - INFO - Registered Record Processor (id: 'record_processor_00ceac60')
2026-09-17 21:02:34.990 - system_controller - INFO - Registered Record Processor (id: 'record_processor_3dba8859')
2026-09-17 21:02:35.038 - system_controller - INFO - Registered Gpu Telemetry Manager (id: 'gpu_telemetry_manager')
2026-09-17 21:02:35.039 - system_controller - INFO - Registered Dataset Manager (id: 'dataset_manager')
2026-09-17 21:02:35.049 - system_controller - INFO - Registered Server Metrics Manager (id: 'server_metrics_manager')
2026-09-17 21:02:35.092 - system_controller - INFO - Registered Timing Manager (id: 'timing_manager')
2026-09-17 21:02:35.115 - system_controller - INFO - Registered Worker (id: 'worker_624f5871')
2026-09-17 21:02:35.151 - system_controller - INFO - Registered Worker (id: 'worker_72b4c985')
2026-09-17 21:02:35.230 - system_controller - INFO - Registered Worker (id: 'worker_30662d5f')
2026-09-17 21:02:35.230 - system_controller - INFO - Registered Worker (id: 'worker_a266e81e')
2026-09-17 21:02:35.231 - system_controller - INFO - Registered Worker (id: 'worker_c5ed763c')
2026-09-17 21:02:35.232 - system_controller - INFO - Registered Worker (id: 'worker_ebb7d7a2')
2026-09-17 21:02:35.232 - system_controller - INFO - Registered Worker (id: 'worker_134558b3')
2026-09-17 21:02:35.235 - system_controller - INFO - Registered Worker (id: 'worker_b6357474')
2026-09-17 21:02:35.235 - system_controller - INFO - Registered Worker (id: 'worker_e1bac954')
2026-09-17 21:02:35.237 - system_controller - INFO - Registered Worker (id: 'worker_f6667300')
2026-09-17 21:02:35.237 - system_controller - INFO - Registered Worker (id: 'worker_34e19af4')
2026-09-17 21:02:35.238 - system_controller - INFO - Registered Worker (id: 'worker_bdc1b55a')
2026-09-17 21:02:35.238 - system_controller - INFO - Registered Worker (id: 'worker_b42778ce')
2026-09-17 21:02:35.239 - system_controller - INFO - Registered Worker (id: 'worker_1271c614')
2026-09-17 21:02:35.240 - system_controller - INFO - Registered Worker (id: 'worker_154a9ba7')
2026-09-17 21:02:35.241 - system_controller - INFO - Registered Worker (id: 'worker_da1f7968')
2026-09-17 21:02:35.409 - system_controller - INFO - AIPerf System is CONFIGURING
2026-09-17 21:02:35.409 - system_controller - INFO - Configuring all services to start profiling
2026-09-17 21:02:35.410 - timing_manager - INFO - Waiting for dataset to be configured before configuring timing
2026-09-17 21:02:35.410 - InferenceResultParser_2037185e - INFO - Tokenization is disabled for this endpoint, skipping tokenizer configuration
2026-09-17 21:02:35.410 - InferenceResultParser_cd9942fd - INFO - Tokenization is disabled for this endpoint, skipping tokenizer configuration
2026-09-17 21:02:35.410 - InferenceResultParser_0328b770 - INFO - Tokenization is disabled for this endpoint, skipping tokenizer configuration
2026-09-17 21:02:35.410 - InferenceResultParser_9189e626 - INFO - Tokenization is disabled for this endpoint, skipping tokenizer configuration
2026-09-17 21:02:35.410 - dataset_manager - INFO - Configuring tokenizer(s) for dataset manager
2026-09-17 21:02:35.419 - server_metrics_manager - INFO - Server Metrics: Capturing baseline metrics...
2026-09-17 21:02:35.421 - gpu_telemetry_manager - INFO - GPU Telemetry: Capturing baseline metrics from pynvml://localhost
2026-09-17 21:02:35.429 - pynvml_collector - INFO - PyNVML initialized with 1 GPU(s) (1 with GPM support)
2026-09-17 21:02:35.431 - http://localhost:8000/metrics - INFO - Skipping unsupported summary metric: http_request_size_bytes
2026-09-17 21:02:35.431 - http://localhost:8000/metrics - INFO - Skipping unsupported summary metric: http_response_size_bytes
2026-09-17 21:02:35.432 - system_controller - INFO - Server metrics enabled - 1/1 endpoint(s) reachable.
2026-09-17 21:02:35.433 - system_controller - INFO - Waiting for result domains: profile, server_metrics, telemetry
2026-09-17 21:02:35.439 - system_controller - INFO - DCGM telemetry enabled - 1/1 endpoint(s) reachable
2026-09-17 21:02:36.560 - httpx - INFO - HTTP Request: HEAD https://huggingface.co/RedHatAI/GLM-5.3-Flash-NVFP4/resolve/main/config.json "HTTP/1.1 307 Temporary Redirect"
2026-09-17 21:02:36.567 - httpx - INFO - HTTP Request: HEAD https://huggingface.co/api/resolve-cache/models/RedHatAI/GLM-5.3-Flash-NVFP4/c245560b6d7e62c329cd3042343b358a4279affd/config.json?%2FRedHatAI%2FGLM-5.3-Flash-NVFP4%2Fresolve%2Fmain%2Fconfig.json=&etag=%22e62581648d702e1d270189b4efdc001ac2844279%22 "HTTP/1.1 200 OK"
2026-09-17 21:02:36.787 - httpx - INFO - HTTP Request: HEAD https://huggingface.co/RedHatAI/GLM-5.3-Flash-NVFP4/resolve/main/tokenizer_config.json "HTTP/1.1 307 Temporary Redirect"
2026-09-17 21:02:36.792 - httpx - INFO - HTTP Request: HEAD https://huggingface.co/api/resolve-cache/models/RedHatAI/GLM-5.3-Flash-NVFP4/c245560b6d7e62c329cd3042343b358a4279affd/tokenizer_config.json?%2FRedHatAI%2FGLM-5.3-Flash-NVFP4%2Fresolve%2Fmain%2Ftokenizer_config.json=&etag=%220891a18eef6fc3d26dd2e87796ed39c7f91e3a77%22 "HTTP/1.1 200 OK"
2026-09-17 21:02:36.993 - httpx - INFO - HTTP Request: GET https://huggingface.co/api/models/RedHatAI/GLM-5.3-Flash-NVFP4/tree/main/additional_chat_templates?recursive=false&expand=false "HTTP/1.1 404 Not Found"
2026-09-17 21:02:37.192 - httpx - INFO - HTTP Request: GET https://huggingface.co/api/models/RedHatAI/GLM-5.3-Flash-NVFP4/tree/main?recursive=true&expand=false "HTTP/1.1 200 OK"
2026-09-17 21:02:38.318 - httpx - INFO - HTTP Request: GET https://huggingface.co/api/models/RedHatAI/GLM-5.3-Flash-NVFP4 "HTTP/1.1 200 OK"
2026-09-17 21:02:38.371 - dataset_manager - INFO - Tokenizer(s) configured in 2.96 seconds
2026-09-17 21:02:38.372 - dataset_manager - INFO - Configuring dataset for dataset_manager
2026-09-17 21:02:38.673 - MemoryMapDatasetBackingStore_5ecde98d - INFO - Memory-mapped backing store initialized (streaming to /tmp/aiperf_mmap_3359c3c3fdae44e1b97ac1216b9ca540/dataset.dat)
2026-09-17 21:02:38.680 - MemoryMapDatasetBackingStore_5ecde98d - INFO - Data file finalized: 100 conversations, 0.51 MB
2026-09-17 21:02:38.681 - MemoryMapDatasetBackingStore_5ecde98d - INFO - Index file created: /tmp/aiperf_mmap_3359c3c3fdae44e1b97ac1216b9ca540/index.dat
2026-09-17 21:02:38.682 - dataset_manager - INFO - Backing store finalized: client_type=DatasetClientStoreType.MEMORY_MAP format=MemoryMapFormat.CONVERSATION data_file_path=PosixPath('/tmp/aiperf_mmap_3359c3c3fdae44e1b97ac1216b9ca540/dataset.dat') index_file_path=PosixPath('/tmp/aiperf_mmap_3359c3c3fdae44e1b97ac1216b9ca540/index.dat') conversation_count=100 total_size_bytes=531162 compressed=False compressed_data_file_path=None compressed_index_file_path=None compressed_size_bytes=0
2026-09-17 21:02:38.684 - dataset_manager - INFO - sampling strategy: sequential, unique conversations: 100, unique turn count: 100
2026-09-17 21:02:38.685 - dataset_manager - INFO - Generating inputs.json file at /root/llm_perf/artifacts/20260917_203021_RedHatAI_GLM-5.3-Flash-NVFP4_c1,4,16,32/profile_runs/trial_0002/concurrency_16/inputs.json
2026-09-17 21:02:38.687 - PhaseOrchestrator_a10604f6 - INFO - Initialized 1 phase(s): ['Profiling']
2026-09-17 21:02:38.688 - dataset_manager - INFO - inputs.json file generated in 0.00 seconds
2026-09-17 21:02:38.752 - dataset_manager - INFO - Dataset client initialized and freed 100 conversations from memory
2026-09-17 21:02:38.753 - dataset_manager - INFO - Dataset configured in 0.38 seconds
2026-09-17 21:02:38.753 - system_controller - INFO - All services configured in 3.34 seconds
2026-09-17 21:02:38.754 - system_controller - INFO - AIPerf System is CONFIGURED
2026-09-17 21:02:38.755 - server_metrics_manager - INFO - Server Metrics: Started 1 collector(s) successfully
2026-09-17 21:02:38.756 - system_controller - INFO - All services started profiling successfully
2026-09-17 21:02:38.756 - system_controller - INFO - AIPerf System is PROFILING
2026-09-17 21:02:38.756 - RateTiming - INFO - Creating interval generator: pattern=concurrency_burst, rate=None, smoothness=None
2026-09-17 21:02:38.757 - PhaseRunner - NOTICE - Phase profiling (profiling) started | phase_index=0 | profiling_index=0 | target: 300.0s duration
2026-09-17 21:02:38.758 - PhaseRunner - INFO - Waiting for event 'profiling phase sending' with timeout of 299.999207539s
2026-09-17 21:02:38.758 - records_manager - INFO - Credit phase start: profiling
2026-09-17 21:07:38.757 - PhaseRunner - INFO - Timeout of 299.999207539s elapsed for event 'profiling phase sending'
2026-09-17 21:07:38.758 - PhaseRunner - NOTICE - Phase profiling (profiling) sending complete | sent=608, completed=592, in_flight=16 | sessions: sent=608, completed=592 | timeout_triggered=True
2026-09-17 21:07:38.758 - PhaseRunner - INFO - Waiting for event 'profiling phase credits returned' with timeout of 29.99842864499999s
2026-09-17 21:07:38.759 - records_manager - INFO - Sent 608 requests. Waiting for all to complete...
2026-09-17 21:07:44.703 - PhaseRunner - NOTICE - Phase profiling (profiling) complete | completed=608, cancelled=0, errors=0 | sessions: completed=608, cancelled=0 | elapsed=305.95s
2026-09-17 21:07:44.704 - PhaseOrchestrator_a10604f6 - NOTICE - All credits completed
2026-09-17 21:07:44.705 - system_controller - INFO - Received credits complete from 'timing_manager'
2026-09-17 21:07:44.704 - records_manager - INFO - Received CREDIT_PHASE_COMPLETE message, Phase complete: PhaseRecordsStats(phase=CreditPhase.PROFILING, phase_index=0, profiling_index=0, phase_name='profiling', phase_kind='profiling', start_ns=1789650158757360405, sent_end_ns=1789650458758071939, requests_end_ns=1789650464703328028, baseline_start_ns=1789650158757347989, baseline_end_ns=1789650464703335773, total_expected_requests=None, expected_duration_sec=None, expected_num_sessions=None, expected_grace_period_sec=None, final_requests_sent=None, final_requests_completed=608, final_requests_cancelled=0, final_request_errors=0, final_sent_sessions=None, final_completed_sessions=None, final_cancelled_sessions=None, timeout_triggered=True, grace_period_timeout_triggered=False, was_cancelled=False, records_end_ns=None, success_records=593, error_records=0)
2026-09-17 21:07:44.707 - records_manager - NOTICE - All requests have completed, please wait for the results to be processed (currently 593 of 608 records processed)...
2026-09-17 21:07:44.707 - records_manager - INFO - All credits complete, please wait for the results to be processed...
2026-09-17 21:07:44.723 - records_manager - INFO - Processed 608 valid requests and 0 errors (608 total).
2026-09-17 21:07:44.723 - records_manager - INFO - Received all records, processing now...
2026-09-17 21:07:44.724 - server_metrics_manager - INFO - Server Metrics: Profiling complete, capturing final metrics...
2026-09-17 21:07:44.724 - gpu_telemetry_manager - INFO - GPU Telemetry: Profiling complete, capturing final metrics...
2026-09-17 21:07:44.724 - records_manager - INFO - Waiting 2.0s for server metrics flush period...
2026-09-17 21:07:46.703 - records_manager - INFO - Processing records results...
2026-09-17 21:07:47.230 - system_controller - INFO - Waiting for result domains: server_metrics, telemetry
2026-09-17 21:07:47.231 - system_controller - INFO - Waiting for result domains: server_metrics
2026-09-17 21:07:47.538 - records_manager - INFO - _finalize_and_process_results completed
2026-09-17 21:07:47.542 - system_controller - INFO - All results received, initiating shutdown
2026-09-17 21:07:48.146 - ExporterManager - INFO - Exporting all records
2026-09-17 21:07:48.254 - ExporterManager - INFO - Exporting console data
