2026-09-16 17:59:48.809 - system_controller - INFO - Registered Worker Manager (id: 'worker_manager')
2026-09-16 17:59:48.820 - server_metrics_manager - INFO - Server Metrics: Discovered 1 endpoints: ['http://localhost:8000/metrics']
2026-09-16 17:59:48.838 - system_controller - INFO - Registered Server Metrics Manager (id: 'server_metrics_manager')
2026-09-16 17:59:48.842 - GPUTelemetryJSONLWriter_a6c72251 - INFO - GPU telemetry export enabled: /root/llm_perf/artifacts/20260916_171715_google_gemma-4-E4B-it_c1,4,16,32,64,128,256/profile_runs/trial_0002/concurrency_4/gpu_telemetry_export.jsonl
2026-09-16 17:59:48.848 - OTelMetricsResultsProcessor_2b9c573d - INFO - Telemetry streaming is disabled (set --otel-url and/or --mlflow-tracking-uri to enable)
2026-09-16 17:59:48.849 - RecordExportJSONLWriter_daf9afb8 - INFO - Record metrics export enabled: /root/llm_perf/artifacts/20260916_171715_google_gemma-4-E4B-it_c1,4,16,32,64,128,256/profile_runs/trial_0002/concurrency_4/profile_export.jsonl
2026-09-16 17:59:48.854 - system_controller - INFO - Registered Record Processor (id: 'record_processor_8e1d710b')
2026-09-16 17:59:48.871 - system_controller - INFO - Registered Records Manager (id: 'records_manager')
2026-09-16 17:59:48.926 - system_controller - INFO - Registered Gpu Telemetry Manager (id: 'gpu_telemetry_manager')
2026-09-16 17:59:48.934 - system_controller - INFO - Registered Dataset Manager (id: 'dataset_manager')
2026-09-16 17:59:48.941 - system_controller - INFO - Registered Timing Manager (id: 'timing_manager')
2026-09-16 17:59:48.955 - system_controller - INFO - Registered Worker (id: 'worker_6d8418f1')
2026-09-16 17:59:48.960 - system_controller - INFO - Registered Worker (id: 'worker_2780896e')
2026-09-16 17:59:48.960 - system_controller - INFO - Registered Worker (id: 'worker_09a2e13b')
2026-09-16 17:59:48.961 - system_controller - INFO - Registered Worker (id: 'worker_5641e6a3')
2026-09-16 17:59:49.305 - system_controller - INFO - AIPerf System is CONFIGURING
2026-09-16 17:59:49.305 - system_controller - INFO - Configuring all services to start profiling
2026-09-16 17:59:49.306 - timing_manager - INFO - Waiting for dataset to be configured before configuring timing
2026-09-16 17:59:49.306 - InferenceResultParser_2072834d - INFO - Tokenization is disabled for this endpoint, skipping tokenizer configuration
2026-09-16 17:59:49.307 - dataset_manager - INFO - Configuring tokenizer(s) for dataset manager
2026-09-16 17:59:49.315 - server_metrics_manager - INFO - Server Metrics: Capturing baseline metrics...
2026-09-16 17:59:49.317 - gpu_telemetry_manager - INFO - GPU Telemetry: Capturing baseline metrics from pynvml://localhost
2026-09-16 17:59:49.325 - pynvml_collector - INFO - PyNVML initialized with 1 GPU(s) (1 with GPM support)
2026-09-16 17:59:49.329 - http://localhost:8000/metrics - INFO - Skipping unsupported summary metric: http_request_size_bytes
2026-09-16 17:59:49.329 - http://localhost:8000/metrics - INFO - Skipping unsupported summary metric: http_response_size_bytes
2026-09-16 17:59:49.331 - system_controller - INFO - Server metrics enabled - 1/1 endpoint(s) reachable.
2026-09-16 17:59:49.331 - system_controller - INFO - Waiting for result domains: profile, server_metrics, telemetry
2026-09-16 17:59:49.335 - system_controller - INFO - DCGM telemetry enabled - 1/1 endpoint(s) reachable
2026-09-16 17:59:50.456 - httpx - INFO - HTTP Request: HEAD https://huggingface.co/google/gemma-4-E4B-it/resolve/main/config.json "HTTP/1.1 307 Temporary Redirect"
2026-09-16 17:59:50.462 - httpx - INFO - HTTP Request: HEAD https://huggingface.co/api/resolve-cache/models/google/gemma-4-E4B-it/ee0ef6023621cff504d758262d4e04895a5af4a2/config.json?%2Fgoogle%2Fgemma-4-E4B-it%2Fresolve%2Fmain%2Fconfig.json=&etag=%22d68960fdcce766f2bfe41436325a8a483a74d125%22 "HTTP/1.1 200 OK"
2026-09-16 17:59:50.672 - httpx - INFO - HTTP Request: HEAD https://huggingface.co/google/gemma-4-E4B-it/resolve/main/tokenizer_config.json "HTTP/1.1 307 Temporary Redirect"
2026-09-16 17:59:50.678 - httpx - INFO - HTTP Request: HEAD https://huggingface.co/api/resolve-cache/models/google/gemma-4-E4B-it/ee0ef6023621cff504d758262d4e04895a5af4a2/tokenizer_config.json?%2Fgoogle%2Fgemma-4-E4B-it%2Fresolve%2Fmain%2Ftokenizer_config.json=&etag=%226068e357379d36f823c377e30efb101fa2c67fe4%22 "HTTP/1.1 200 OK"
2026-09-16 17:59:50.884 - httpx - INFO - HTTP Request: GET https://huggingface.co/api/models/google/gemma-4-E4B-it/tree/main/additional_chat_templates?recursive=false&expand=false "HTTP/1.1 404 Not Found"
2026-09-16 17:59:51.087 - httpx - INFO - HTTP Request: GET https://huggingface.co/api/models/google/gemma-4-E4B-it/tree/main?recursive=true&expand=false "HTTP/1.1 200 OK"
2026-09-16 17:59:52.231 - httpx - INFO - HTTP Request: GET https://huggingface.co/api/models/google/gemma-4-E4B-it "HTTP/1.1 200 OK"
2026-09-16 17:59:52.265 - dataset_manager - INFO - Tokenizer(s) configured in 2.96 seconds
2026-09-16 17:59:52.266 - dataset_manager - INFO - Configuring dataset for dataset_manager
2026-09-16 17:59:52.572 - MemoryMapDatasetBackingStore_f0be3e54 - INFO - Memory-mapped backing store initialized (streaming to /tmp/aiperf_mmap_a7d98f030e04470a8c33b0fe636aee5a/dataset.dat)
2026-09-16 17:59:52.578 - MemoryMapDatasetBackingStore_f0be3e54 - INFO - Data file finalized: 100 conversations, 0.52 MB
2026-09-16 17:59:52.578 - MemoryMapDatasetBackingStore_f0be3e54 - INFO - Index file created: /tmp/aiperf_mmap_a7d98f030e04470a8c33b0fe636aee5a/index.dat
2026-09-16 17:59:52.579 - dataset_manager - INFO - Backing store finalized: client_type=DatasetClientStoreType.MEMORY_MAP format=MemoryMapFormat.CONVERSATION data_file_path=PosixPath('/tmp/aiperf_mmap_a7d98f030e04470a8c33b0fe636aee5a/dataset.dat') index_file_path=PosixPath('/tmp/aiperf_mmap_a7d98f030e04470a8c33b0fe636aee5a/index.dat') conversation_count=100 total_size_bytes=548761 compressed=False compressed_data_file_path=None compressed_index_file_path=None compressed_size_bytes=0
2026-09-16 17:59:52.581 - dataset_manager - INFO - sampling strategy: sequential, unique conversations: 100, unique turn count: 100
2026-09-16 17:59:52.582 - dataset_manager - INFO - Generating inputs.json file at /root/llm_perf/artifacts/20260916_171715_google_gemma-4-E4B-it_c1,4,16,32,64,128,256/profile_runs/trial_0002/concurrency_4/inputs.json
2026-09-16 17:59:52.584 - PhaseOrchestrator_19b017d6 - INFO - Initialized 1 phase(s): ['Profiling']
2026-09-16 17:59:52.585 - dataset_manager - INFO - inputs.json file generated in 0.00 seconds
2026-09-16 17:59:52.662 - dataset_manager - INFO - Dataset client initialized and freed 100 conversations from memory
2026-09-16 17:59:52.663 - dataset_manager - INFO - Dataset configured in 0.40 seconds
2026-09-16 17:59:52.663 - system_controller - INFO - All services configured in 3.36 seconds
2026-09-16 17:59:52.664 - system_controller - INFO - AIPerf System is CONFIGURED
2026-09-16 17:59:52.665 - server_metrics_manager - INFO - Server Metrics: Started 1 collector(s) successfully
2026-09-16 17:59:52.666 - system_controller - INFO - All services started profiling successfully
2026-09-16 17:59:52.666 - system_controller - INFO - AIPerf System is PROFILING
2026-09-16 17:59:52.667 - RateTiming - INFO - Creating interval generator: pattern=concurrency_burst, rate=None, smoothness=None
2026-09-16 17:59:52.667 - PhaseRunner - NOTICE - Phase profiling (profiling) started | phase_index=0 | profiling_index=0 | target: 300.0s duration
2026-09-16 17:59:52.668 - PhaseRunner - INFO - Waiting for event 'profiling phase sending' with timeout of 299.999293269s
2026-09-16 17:59:52.668 - records_manager - INFO - Credit phase start: profiling
2026-09-16 18:04:52.667 - PhaseRunner - INFO - Timeout of 299.999293269s elapsed for event 'profiling phase sending'
2026-09-16 18:04:52.668 - PhaseRunner - NOTICE - Phase profiling (profiling) sending complete | sent=544, completed=540, in_flight=4 | sessions: sent=544, completed=540 | timeout_triggered=True
2026-09-16 18:04:52.668 - PhaseRunner - INFO - Waiting for event 'profiling phase credits returned' with timeout of 29.99899277899999s
2026-09-16 18:04:52.668 - records_manager - INFO - Sent 544 requests. Waiting for all to complete...
2026-09-16 18:04:54.007 - PhaseRunner - NOTICE - Phase profiling (profiling) complete | completed=544, cancelled=0, errors=0 | sessions: completed=544, cancelled=0 | elapsed=301.34s
2026-09-16 18:04:54.008 - PhaseOrchestrator_19b017d6 - NOTICE - All credits completed
2026-09-16 18:04:54.008 - system_controller - INFO - Received credits complete from 'timing_manager'
2026-09-16 18:04:54.008 - records_manager - INFO - Received CREDIT_PHASE_COMPLETE message, Phase complete: PhaseRecordsStats(phase=CreditPhase.PROFILING, phase_index=0, profiling_index=0, phase_name='profiling', phase_kind='profiling', start_ns=1789552792667763611, sent_end_ns=1789553092668015783, requests_end_ns=1789553094007456107, baseline_start_ns=1789552792667750523, baseline_end_ns=1789553094007463211, total_expected_requests=None, expected_duration_sec=None, expected_num_sessions=None, expected_grace_period_sec=None, final_requests_sent=None, final_requests_completed=544, final_requests_cancelled=0, final_request_errors=0, final_sent_sessions=None, final_completed_sessions=None, final_cancelled_sessions=None, timeout_triggered=True, grace_period_timeout_triggered=False, was_cancelled=False, records_end_ns=None, success_records=541, error_records=0)
2026-09-16 18:04:54.010 - records_manager - NOTICE - All requests have completed, please wait for the results to be processed (currently 541 of 544 records processed)...
2026-09-16 18:04:54.011 - records_manager - INFO - All credits complete, please wait for the results to be processed...
2026-09-16 18:04:54.018 - records_manager - INFO - Processed 544 valid requests and 0 errors (544 total).
2026-09-16 18:04:54.018 - records_manager - INFO - Received all records, processing now...
2026-09-16 18:04:54.019 - gpu_telemetry_manager - INFO - GPU Telemetry: Profiling complete, capturing final metrics...
2026-09-16 18:04:54.019 - server_metrics_manager - INFO - Server Metrics: Profiling complete, capturing final metrics...
2026-09-16 18:04:54.020 - records_manager - INFO - Waiting 2.0s for server metrics flush period...
2026-09-16 18:04:56.008 - records_manager - INFO - Processing records results...
2026-09-16 18:04:56.501 - system_controller - INFO - Waiting for result domains: server_metrics, telemetry
2026-09-16 18:04:56.502 - system_controller - INFO - Waiting for result domains: server_metrics
2026-09-16 18:04:56.863 - records_manager - INFO - _finalize_and_process_results completed
2026-09-16 18:04:56.869 - system_controller - INFO - All results received, initiating shutdown
2026-09-16 18:04:57.492 - ExporterManager - INFO - Exporting all records
2026-09-16 18:04:57.600 - ExporterManager - INFO - Exporting console data
