2026-09-16 16:17:27.946 - system_controller - INFO - Registered Worker Manager (id: 'worker_manager')
2026-09-16 16:17:27.957 - server_metrics_manager - INFO - Server Metrics: Discovered 1 endpoints: ['http://localhost:8000/metrics']
2026-09-16 16:17:27.978 - GPUTelemetryJSONLWriter_e92329ee - INFO - GPU telemetry export enabled: /root/llm_perf/artifacts/20260916_160706_google_gemma-4-26B-A4B-it_c1,4,16,32,64,128/profile_runs/trial_0001/concurrency_16/gpu_telemetry_export.jsonl
2026-09-16 16:17:27.985 - OTelMetricsResultsProcessor_56eee865 - INFO - Telemetry streaming is disabled (set --otel-url and/or --mlflow-tracking-uri to enable)
2026-09-16 16:17:27.986 - RecordExportJSONLWriter_f64bd788 - INFO - Record metrics export enabled: /root/llm_perf/artifacts/20260916_160706_google_gemma-4-26B-A4B-it_c1,4,16,32,64,128/profile_runs/trial_0001/concurrency_16/profile_export.jsonl
2026-09-16 16:17:28.002 - system_controller - INFO - Registered Server Metrics Manager (id: 'server_metrics_manager')
2026-09-16 16:17:28.010 - system_controller - INFO - Registered Records Manager (id: 'records_manager')
2026-09-16 16:17:28.013 - system_controller - INFO - Registered Record Processor (id: 'record_processor_7f7eff97')
2026-09-16 16:17:28.014 - system_controller - INFO - Registered Record Processor (id: 'record_processor_48cb2034')
2026-09-16 16:17:28.016 - system_controller - INFO - Registered Record Processor (id: 'record_processor_7f937499')
2026-09-16 16:17:28.017 - system_controller - INFO - Registered Record Processor (id: 'record_processor_4bbbacef')
2026-09-16 16:17:28.059 - system_controller - INFO - Registered Gpu Telemetry Manager (id: 'gpu_telemetry_manager')
2026-09-16 16:17:28.072 - system_controller - INFO - Registered Dataset Manager (id: 'dataset_manager')
2026-09-16 16:17:28.131 - system_controller - INFO - Registered Timing Manager (id: 'timing_manager')
2026-09-16 16:17:28.153 - system_controller - INFO - Registered Worker (id: 'worker_114d01c3')
2026-09-16 16:17:28.183 - system_controller - INFO - Registered Worker (id: 'worker_f894fb98')
2026-09-16 16:17:28.261 - system_controller - INFO - Registered Worker (id: 'worker_3047e507')
2026-09-16 16:17:28.261 - system_controller - INFO - Registered Worker (id: 'worker_936ec026')
2026-09-16 16:17:28.262 - system_controller - INFO - Registered Worker (id: 'worker_81c7ecc7')
2026-09-16 16:17:28.262 - system_controller - INFO - Registered Worker (id: 'worker_82788f6d')
2026-09-16 16:17:28.263 - system_controller - INFO - Registered Worker (id: 'worker_bdf32950')
2026-09-16 16:17:28.264 - system_controller - INFO - Registered Worker (id: 'worker_e1f5810c')
2026-09-16 16:17:28.265 - system_controller - INFO - Registered Worker (id: 'worker_251a309c')
2026-09-16 16:17:28.266 - system_controller - INFO - Registered Worker (id: 'worker_ac680f22')
2026-09-16 16:17:28.267 - system_controller - INFO - Registered Worker (id: 'worker_45fec0d2')
2026-09-16 16:17:28.267 - system_controller - INFO - Registered Worker (id: 'worker_83d234b6')
2026-09-16 16:17:28.271 - system_controller - INFO - Registered Worker (id: 'worker_a0ca5484')
2026-09-16 16:17:28.272 - system_controller - INFO - Registered Worker (id: 'worker_4240f2b0')
2026-09-16 16:17:28.274 - system_controller - INFO - Registered Worker (id: 'worker_b3f838a4')
2026-09-16 16:17:28.275 - system_controller - INFO - Registered Worker (id: 'worker_13772490')
2026-09-16 16:17:28.442 - system_controller - INFO - AIPerf System is CONFIGURING
2026-09-16 16:17:28.442 - system_controller - INFO - Configuring all services to start profiling
2026-09-16 16:17:28.443 - timing_manager - INFO - Waiting for dataset to be configured before configuring timing
2026-09-16 16:17:28.443 - InferenceResultParser_59f9547d - INFO - Tokenization is disabled for this endpoint, skipping tokenizer configuration
2026-09-16 16:17:28.443 - InferenceResultParser_8a7d167a - INFO - Tokenization is disabled for this endpoint, skipping tokenizer configuration
2026-09-16 16:17:28.443 - InferenceResultParser_6815af6a - INFO - Tokenization is disabled for this endpoint, skipping tokenizer configuration
2026-09-16 16:17:28.443 - InferenceResultParser_f8edfbfc - INFO - Tokenization is disabled for this endpoint, skipping tokenizer configuration
2026-09-16 16:17:28.443 - dataset_manager - INFO - Configuring tokenizer(s) for dataset manager
2026-09-16 16:17:28.452 - server_metrics_manager - INFO - Server Metrics: Capturing baseline metrics...
2026-09-16 16:17:28.454 - gpu_telemetry_manager - INFO - GPU Telemetry: Capturing baseline metrics from pynvml://localhost
2026-09-16 16:17:28.462 - pynvml_collector - INFO - PyNVML initialized with 1 GPU(s) (1 with GPM support)
2026-09-16 16:17:28.465 - http://localhost:8000/metrics - INFO - Skipping unsupported summary metric: http_request_size_bytes
2026-09-16 16:17:28.465 - http://localhost:8000/metrics - INFO - Skipping unsupported summary metric: http_response_size_bytes
2026-09-16 16:17:28.466 - system_controller - INFO - Server metrics enabled - 1/1 endpoint(s) reachable.
2026-09-16 16:17:28.467 - system_controller - INFO - Waiting for result domains: profile, server_metrics, telemetry
2026-09-16 16:17:28.472 - system_controller - INFO - DCGM telemetry enabled - 1/1 endpoint(s) reachable
2026-09-16 16:17:29.596 - httpx - INFO - HTTP Request: HEAD https://huggingface.co/google/gemma-4-26B-A4B-it/resolve/main/config.json "HTTP/1.1 307 Temporary Redirect"
2026-09-16 16:17:29.602 - httpx - INFO - HTTP Request: HEAD https://huggingface.co/api/resolve-cache/models/google/gemma-4-26B-A4B-it/4d7ae4984b7db7de8f8457170b3f1a419ee76d52/config.json?%2Fgoogle%2Fgemma-4-26B-A4B-it%2Fresolve%2Fmain%2Fconfig.json=&etag=%22f42adcca257bb0865c506947671e7d0af52ac9c4%22 "HTTP/1.1 200 OK"
2026-09-16 16:17:29.809 - httpx - INFO - HTTP Request: HEAD https://huggingface.co/google/gemma-4-26B-A4B-it/resolve/main/tokenizer_config.json "HTTP/1.1 307 Temporary Redirect"
2026-09-16 16:17:29.814 - httpx - INFO - HTTP Request: HEAD https://huggingface.co/api/resolve-cache/models/google/gemma-4-26B-A4B-it/4d7ae4984b7db7de8f8457170b3f1a419ee76d52/tokenizer_config.json?%2Fgoogle%2Fgemma-4-26B-A4B-it%2Fresolve%2Fmain%2Ftokenizer_config.json=&etag=%226068e357379d36f823c377e30efb101fa2c67fe4%22 "HTTP/1.1 200 OK"
2026-09-16 16:17:30.013 - httpx - INFO - HTTP Request: GET https://huggingface.co/api/models/google/gemma-4-26B-A4B-it/tree/main/additional_chat_templates?recursive=false&expand=false "HTTP/1.1 404 Not Found"
2026-09-16 16:17:30.214 - httpx - INFO - HTTP Request: GET https://huggingface.co/api/models/google/gemma-4-26B-A4B-it/tree/main?recursive=true&expand=false "HTTP/1.1 200 OK"
2026-09-16 16:17:31.321 - httpx - INFO - HTTP Request: GET https://huggingface.co/api/models/google/gemma-4-26B-A4B-it "HTTP/1.1 200 OK"
2026-09-16 16:17:31.355 - dataset_manager - INFO - Tokenizer(s) configured in 2.91 seconds
2026-09-16 16:17:31.356 - dataset_manager - INFO - Configuring dataset for dataset_manager
2026-09-16 16:17:31.665 - MemoryMapDatasetBackingStore_c4fab80a - INFO - Memory-mapped backing store initialized (streaming to /tmp/aiperf_mmap_d7efa83ca8de4676a1c955357fcb6b1d/dataset.dat)
2026-09-16 16:17:31.671 - MemoryMapDatasetBackingStore_c4fab80a - INFO - Data file finalized: 100 conversations, 0.53 MB
2026-09-16 16:17:31.671 - MemoryMapDatasetBackingStore_c4fab80a - INFO - Index file created: /tmp/aiperf_mmap_d7efa83ca8de4676a1c955357fcb6b1d/index.dat
2026-09-16 16:17:31.672 - dataset_manager - INFO - Backing store finalized: client_type=DatasetClientStoreType.MEMORY_MAP format=MemoryMapFormat.CONVERSATION data_file_path=PosixPath('/tmp/aiperf_mmap_d7efa83ca8de4676a1c955357fcb6b1d/dataset.dat') index_file_path=PosixPath('/tmp/aiperf_mmap_d7efa83ca8de4676a1c955357fcb6b1d/index.dat') conversation_count=100 total_size_bytes=554165 compressed=False compressed_data_file_path=None compressed_index_file_path=None compressed_size_bytes=0
2026-09-16 16:17:31.674 - dataset_manager - INFO - sampling strategy: sequential, unique conversations: 100, unique turn count: 100
2026-09-16 16:17:31.675 - dataset_manager - INFO - Generating inputs.json file at /root/llm_perf/artifacts/20260916_160706_google_gemma-4-26B-A4B-it_c1,4,16,32,64,128/profile_runs/trial_0001/concurrency_16/inputs.json
2026-09-16 16:17:31.676 - PhaseOrchestrator_cd284da9 - INFO - Initialized 1 phase(s): ['Profiling']
2026-09-16 16:17:31.678 - dataset_manager - INFO - inputs.json file generated in 0.00 seconds
2026-09-16 16:17:31.755 - dataset_manager - INFO - Dataset client initialized and freed 100 conversations from memory
2026-09-16 16:17:31.756 - dataset_manager - INFO - Dataset configured in 0.40 seconds
2026-09-16 16:17:31.757 - system_controller - INFO - All services configured in 3.31 seconds
2026-09-16 16:17:31.757 - system_controller - INFO - AIPerf System is CONFIGURED
2026-09-16 16:17:31.758 - server_metrics_manager - INFO - Server Metrics: Started 1 collector(s) successfully
2026-09-16 16:17:31.759 - system_controller - INFO - All services started profiling successfully
2026-09-16 16:17:31.759 - system_controller - INFO - AIPerf System is PROFILING
2026-09-16 16:17:31.760 - RateTiming - INFO - Creating interval generator: pattern=concurrency_burst, rate=None, smoothness=None
2026-09-16 16:17:31.761 - PhaseRunner - NOTICE - Phase profiling (profiling) started | phase_index=0 | profiling_index=0 | target: 300.0s duration
2026-09-16 16:17:31.761 - PhaseRunner - INFO - Waiting for event 'profiling phase sending' with timeout of 299.999296581s
2026-09-16 16:17:31.762 - records_manager - INFO - Credit phase start: profiling
2026-09-16 16:22:31.762 - PhaseRunner - INFO - Timeout of 299.999296581s elapsed for event 'profiling phase sending'
2026-09-16 16:22:31.763 - PhaseRunner - NOTICE - Phase profiling (profiling) sending complete | sent=1,296, completed=1,280, in_flight=16 | sessions: sent=1,296, completed=1,280 | timeout_triggered=True
2026-09-16 16:22:31.763 - PhaseRunner - INFO - Waiting for event 'profiling phase credits returned' with timeout of 29.997351605999995s
2026-09-16 16:22:31.764 - records_manager - INFO - Sent 1,296 requests. Waiting for all to complete...
2026-09-16 16:22:32.838 - PhaseRunner - NOTICE - Phase profiling (profiling) complete | completed=1,296, cancelled=0, errors=0 | sessions: completed=1,296, cancelled=0 | elapsed=301.08s
2026-09-16 16:22:32.839 - PhaseOrchestrator_cd284da9 - NOTICE - All credits completed
2026-09-16 16:22:32.840 - system_controller - INFO - Received credits complete from 'timing_manager'
2026-09-16 16:22:32.839 - records_manager - INFO - Received CREDIT_PHASE_COMPLETE message, Phase complete: PhaseRecordsStats(phase=CreditPhase.PROFILING, phase_index=0, profiling_index=0, phase_name='profiling', phase_kind='profiling', start_ns=1789546651761223861, sent_end_ns=1789546951763039850, requests_end_ns=1789546952838519668, baseline_start_ns=1789546651761211765, baseline_end_ns=1789546952838528884, total_expected_requests=None, expected_duration_sec=None, expected_num_sessions=None, expected_grace_period_sec=None, final_requests_sent=None, final_requests_completed=1296, final_requests_cancelled=0, final_request_errors=0, final_sent_sessions=None, final_completed_sessions=None, final_cancelled_sessions=None, timeout_triggered=True, grace_period_timeout_triggered=False, was_cancelled=False, records_end_ns=None, success_records=1282, error_records=0)
2026-09-16 16:22:32.842 - records_manager - NOTICE - All requests have completed, please wait for the results to be processed (currently 1,282 of 1,296 records processed)...
2026-09-16 16:22:32.842 - records_manager - INFO - All credits complete, please wait for the results to be processed...
2026-09-16 16:22:32.883 - records_manager - INFO - Processed 1296 valid requests and 0 errors (1296 total).
2026-09-16 16:22:32.883 - records_manager - INFO - Received all records, processing now...
2026-09-16 16:22:32.884 - server_metrics_manager - INFO - Server Metrics: Profiling complete, capturing final metrics...
2026-09-16 16:22:32.884 - gpu_telemetry_manager - INFO - GPU Telemetry: Profiling complete, capturing final metrics...
2026-09-16 16:22:32.884 - records_manager - INFO - Waiting 2.0s for server metrics flush period...
2026-09-16 16:22:34.840 - records_manager - INFO - Processing records results...
2026-09-16 16:22:35.660 - system_controller - INFO - Waiting for result domains: server_metrics, telemetry
2026-09-16 16:22:35.661 - system_controller - INFO - Waiting for result domains: server_metrics
2026-09-16 16:22:35.985 - records_manager - INFO - _finalize_and_process_results completed
2026-09-16 16:22:35.990 - system_controller - INFO - All results received, initiating shutdown
2026-09-16 16:22:36.594 - ExporterManager - INFO - Exporting all records
2026-09-16 16:22:36.701 - ExporterManager - INFO - Exporting console data
