2026-09-16 17:43:12.528 - system_controller - INFO - Registered Worker Manager (id: 'worker_manager')
2026-09-16 17:43:12.539 - server_metrics_manager - INFO - Server Metrics: Discovered 1 endpoints: ['http://localhost:8000/metrics']
2026-09-16 17:43:12.560 - GPUTelemetryJSONLWriter_9046bc56 - INFO - GPU telemetry export enabled: /root/llm_perf/artifacts/20260916_171715_google_gemma-4-E4B-it_c1,4,16,32,64,128,256/profile_runs/trial_0001/concurrency_128/gpu_telemetry_export.jsonl
2026-09-16 17:43:12.566 - OTelMetricsResultsProcessor_8edde44e - INFO - Telemetry streaming is disabled (set --otel-url and/or --mlflow-tracking-uri to enable)
2026-09-16 17:43:12.567 - RecordExportJSONLWriter_a41b35e6 - INFO - Record metrics export enabled: /root/llm_perf/artifacts/20260916_171715_google_gemma-4-E4B-it_c1,4,16,32,64,128,256/profile_runs/trial_0001/concurrency_128/profile_export.jsonl
2026-09-16 17:43:12.665 - system_controller - INFO - Registered Gpu Telemetry Manager (id: 'gpu_telemetry_manager')
2026-09-16 17:43:12.667 - system_controller - INFO - Registered Dataset Manager (id: 'dataset_manager')
2026-09-16 17:43:12.668 - system_controller - INFO - Registered Server Metrics Manager (id: 'server_metrics_manager')
2026-09-16 17:43:12.669 - system_controller - INFO - Registered Record Processor (id: 'record_processor_8c001467')
2026-09-16 17:43:12.670 - system_controller - INFO - Registered Record Processor (id: 'record_processor_2799e27d')
2026-09-16 17:43:12.671 - system_controller - INFO - Registered Record Processor (id: 'record_processor_52ba9c81')
2026-09-16 17:43:12.674 - system_controller - INFO - Registered Record Processor (id: 'record_processor_76c142a5')
2026-09-16 17:43:12.676 - system_controller - INFO - Registered Record Processor (id: 'record_processor_405734d3')
2026-09-16 17:43:12.679 - system_controller - INFO - Registered Record Processor (id: 'record_processor_789888cc')
2026-09-16 17:43:12.682 - system_controller - INFO - Registered Record Processor (id: 'record_processor_85662930')
2026-09-16 17:43:12.682 - system_controller - INFO - Registered Record Processor (id: 'record_processor_2fc7fa0f')
2026-09-16 17:43:12.697 - system_controller - INFO - Registered Records Manager (id: 'records_manager')
2026-09-16 17:43:12.749 - system_controller - INFO - Registered Timing Manager (id: 'timing_manager')
2026-09-16 17:43:12.766 - system_controller - INFO - Registered Worker (id: 'worker_2959b1cc')
2026-09-16 17:43:12.786 - system_controller - INFO - Registered Worker (id: 'worker_16af6bb4')
2026-09-16 17:43:12.791 - system_controller - INFO - Registered Worker (id: 'worker_fc863652')
2026-09-16 17:43:12.792 - system_controller - INFO - Registered Worker (id: 'worker_a6cdb7b5')
2026-09-16 17:43:12.792 - system_controller - INFO - Registered Worker (id: 'worker_54a66a2b')
2026-09-16 17:43:12.801 - system_controller - INFO - Registered Worker (id: 'worker_c284cd7a')
2026-09-16 17:43:12.802 - system_controller - INFO - Registered Worker (id: 'worker_901369ca')
2026-09-16 17:43:12.803 - system_controller - INFO - Registered Worker (id: 'worker_5fca17d3')
2026-09-16 17:43:12.806 - system_controller - INFO - Registered Worker (id: 'worker_10baa706')
2026-09-16 17:43:12.807 - system_controller - INFO - Registered Worker (id: 'worker_6b0005bc')
2026-09-16 17:43:12.810 - system_controller - INFO - Registered Worker (id: 'worker_f36ac2ab')
2026-09-16 17:43:12.811 - system_controller - INFO - Registered Worker (id: 'worker_a6c3b979')
2026-09-16 17:43:12.812 - system_controller - INFO - Registered Worker (id: 'worker_47b2f683')
2026-09-16 17:43:12.815 - system_controller - INFO - Registered Worker (id: 'worker_e6bae995')
2026-09-16 17:43:12.818 - system_controller - INFO - Registered Worker (id: 'worker_2cd22e24')
2026-09-16 17:43:12.820 - system_controller - INFO - Registered Worker (id: 'worker_a0243921')
2026-09-16 17:43:12.847 - system_controller - INFO - Registered Worker (id: 'worker_e636c241')
2026-09-16 17:43:12.848 - system_controller - INFO - Registered Worker (id: 'worker_0c019a34')
2026-09-16 17:43:12.848 - system_controller - INFO - Registered Worker (id: 'worker_3abfcd89')
2026-09-16 17:43:12.851 - system_controller - INFO - Registered Worker (id: 'worker_8105480b')
2026-09-16 17:43:12.854 - system_controller - INFO - Registered Worker (id: 'worker_7336a905')
2026-09-16 17:43:12.917 - system_controller - INFO - Registered Worker (id: 'worker_30c87b36')
2026-09-16 17:43:12.917 - system_controller - INFO - Registered Worker (id: 'worker_460e095d')
2026-09-16 17:43:12.920 - system_controller - INFO - Registered Worker (id: 'worker_bca2b83f')
2026-09-16 17:43:12.921 - system_controller - INFO - Registered Worker (id: 'worker_7e46e958')
2026-09-16 17:43:12.922 - system_controller - INFO - Registered Worker (id: 'worker_e13adffd')
2026-09-16 17:43:12.942 - system_controller - INFO - Registered Worker (id: 'worker_8b70558f')
2026-09-16 17:43:12.942 - system_controller - INFO - Registered Worker (id: 'worker_30b5d069')
2026-09-16 17:43:12.943 - system_controller - INFO - Registered Worker (id: 'worker_e8200759')
2026-09-16 17:43:12.945 - system_controller - INFO - Registered Worker (id: 'worker_22edfe53')
2026-09-16 17:43:12.947 - system_controller - INFO - Registered Worker (id: 'worker_7d4de9a1')
2026-09-16 17:43:12.947 - system_controller - INFO - Registered Worker (id: 'worker_ddf0cddf')
2026-09-16 17:43:13.025 - system_controller - INFO - AIPerf System is CONFIGURING
2026-09-16 17:43:13.025 - system_controller - INFO - Configuring all services to start profiling
2026-09-16 17:43:13.026 - timing_manager - INFO - Waiting for dataset to be configured before configuring timing
2026-09-16 17:43:13.026 - InferenceResultParser_d1018cdd - INFO - Tokenization is disabled for this endpoint, skipping tokenizer configuration
2026-09-16 17:43:13.026 - InferenceResultParser_227b290a - INFO - Tokenization is disabled for this endpoint, skipping tokenizer configuration
2026-09-16 17:43:13.026 - InferenceResultParser_fc4ff479 - INFO - Tokenization is disabled for this endpoint, skipping tokenizer configuration
2026-09-16 17:43:13.026 - InferenceResultParser_43744526 - INFO - Tokenization is disabled for this endpoint, skipping tokenizer configuration
2026-09-16 17:43:13.026 - InferenceResultParser_e72f7309 - INFO - Tokenization is disabled for this endpoint, skipping tokenizer configuration
2026-09-16 17:43:13.026 - InferenceResultParser_ccfaa7d7 - INFO - Tokenization is disabled for this endpoint, skipping tokenizer configuration
2026-09-16 17:43:13.026 - InferenceResultParser_c4d0b7a6 - INFO - Tokenization is disabled for this endpoint, skipping tokenizer configuration
2026-09-16 17:43:13.026 - InferenceResultParser_cba4a43e - INFO - Tokenization is disabled for this endpoint, skipping tokenizer configuration
2026-09-16 17:43:13.027 - dataset_manager - INFO - Configuring tokenizer(s) for dataset manager
2026-09-16 17:43:13.035 - server_metrics_manager - INFO - Server Metrics: Capturing baseline metrics...
2026-09-16 17:43:13.037 - gpu_telemetry_manager - INFO - GPU Telemetry: Capturing baseline metrics from pynvml://localhost
2026-09-16 17:43:13.046 - pynvml_collector - INFO - PyNVML initialized with 1 GPU(s) (1 with GPM support)
2026-09-16 17:43:13.049 - http://localhost:8000/metrics - INFO - Skipping unsupported summary metric: http_request_size_bytes
2026-09-16 17:43:13.050 - http://localhost:8000/metrics - INFO - Skipping unsupported summary metric: http_response_size_bytes
2026-09-16 17:43:13.051 - system_controller - INFO - Server metrics enabled - 1/1 endpoint(s) reachable.
2026-09-16 17:43:13.051 - system_controller - INFO - Waiting for result domains: profile, server_metrics, telemetry
2026-09-16 17:43:13.059 - system_controller - INFO - DCGM telemetry enabled - 1/1 endpoint(s) reachable
2026-09-16 17:43:14.184 - httpx - INFO - HTTP Request: HEAD https://huggingface.co/google/gemma-4-E4B-it/resolve/main/config.json "HTTP/1.1 307 Temporary Redirect"
2026-09-16 17:43:14.190 - httpx - INFO - HTTP Request: HEAD https://huggingface.co/api/resolve-cache/models/google/gemma-4-E4B-it/ee0ef6023621cff504d758262d4e04895a5af4a2/config.json?%2Fgoogle%2Fgemma-4-E4B-it%2Fresolve%2Fmain%2Fconfig.json=&etag=%22d68960fdcce766f2bfe41436325a8a483a74d125%22 "HTTP/1.1 200 OK"
2026-09-16 17:43:14.406 - httpx - INFO - HTTP Request: HEAD https://huggingface.co/google/gemma-4-E4B-it/resolve/main/tokenizer_config.json "HTTP/1.1 307 Temporary Redirect"
2026-09-16 17:43:14.411 - httpx - INFO - HTTP Request: HEAD https://huggingface.co/api/resolve-cache/models/google/gemma-4-E4B-it/ee0ef6023621cff504d758262d4e04895a5af4a2/tokenizer_config.json?%2Fgoogle%2Fgemma-4-E4B-it%2Fresolve%2Fmain%2Ftokenizer_config.json=&etag=%226068e357379d36f823c377e30efb101fa2c67fe4%22 "HTTP/1.1 200 OK"
2026-09-16 17:43:14.612 - httpx - INFO - HTTP Request: GET https://huggingface.co/api/models/google/gemma-4-E4B-it/tree/main/additional_chat_templates?recursive=false&expand=false "HTTP/1.1 404 Not Found"
2026-09-16 17:43:14.818 - httpx - INFO - HTTP Request: GET https://huggingface.co/api/models/google/gemma-4-E4B-it/tree/main?recursive=true&expand=false "HTTP/1.1 200 OK"
2026-09-16 17:43:15.957 - httpx - INFO - HTTP Request: GET https://huggingface.co/api/models/google/gemma-4-E4B-it "HTTP/1.1 200 OK"
2026-09-16 17:43:15.992 - dataset_manager - INFO - Tokenizer(s) configured in 2.96 seconds
2026-09-16 17:43:15.992 - dataset_manager - INFO - Configuring dataset for dataset_manager
2026-09-16 17:43:16.303 - MemoryMapDatasetBackingStore_f914a94e - INFO - Memory-mapped backing store initialized (streaming to /tmp/aiperf_mmap_c592e97174de4620a2e9eef800f1164d/dataset.dat)
2026-09-16 17:43:16.309 - MemoryMapDatasetBackingStore_f914a94e - INFO - Data file finalized: 100 conversations, 0.53 MB
2026-09-16 17:43:16.310 - MemoryMapDatasetBackingStore_f914a94e - INFO - Index file created: /tmp/aiperf_mmap_c592e97174de4620a2e9eef800f1164d/index.dat
2026-09-16 17:43:16.310 - dataset_manager - INFO - Backing store finalized: client_type=DatasetClientStoreType.MEMORY_MAP format=MemoryMapFormat.CONVERSATION data_file_path=PosixPath('/tmp/aiperf_mmap_c592e97174de4620a2e9eef800f1164d/dataset.dat') index_file_path=PosixPath('/tmp/aiperf_mmap_c592e97174de4620a2e9eef800f1164d/index.dat') conversation_count=100 total_size_bytes=551273 compressed=False compressed_data_file_path=None compressed_index_file_path=None compressed_size_bytes=0
2026-09-16 17:43:16.312 - dataset_manager - INFO - sampling strategy: sequential, unique conversations: 100, unique turn count: 100
2026-09-16 17:43:16.313 - dataset_manager - INFO - Generating inputs.json file at /root/llm_perf/artifacts/20260916_171715_google_gemma-4-E4B-it_c1,4,16,32,64,128,256/profile_runs/trial_0001/concurrency_128/inputs.json
2026-09-16 17:43:16.315 - PhaseOrchestrator_a3c8a782 - INFO - Initialized 1 phase(s): ['Profiling']
2026-09-16 17:43:16.317 - dataset_manager - INFO - inputs.json file generated in 0.00 seconds
2026-09-16 17:43:16.396 - dataset_manager - INFO - Dataset client initialized and freed 100 conversations from memory
2026-09-16 17:43:16.396 - dataset_manager - INFO - Dataset configured in 0.40 seconds
2026-09-16 17:43:16.397 - system_controller - INFO - All services configured in 3.37 seconds
2026-09-16 17:43:16.398 - system_controller - INFO - AIPerf System is CONFIGURED
2026-09-16 17:43:16.399 - server_metrics_manager - INFO - Server Metrics: Started 1 collector(s) successfully
2026-09-16 17:43:16.399 - system_controller - INFO - All services started profiling successfully
2026-09-16 17:43:16.400 - system_controller - INFO - AIPerf System is PROFILING
2026-09-16 17:43:16.400 - RateTiming - INFO - Creating interval generator: pattern=concurrency_burst, rate=None, smoothness=None
2026-09-16 17:43:16.401 - PhaseRunner - NOTICE - Phase profiling (profiling) started | phase_index=0 | profiling_index=0 | target: 300.0s duration
2026-09-16 17:43:16.402 - PhaseRunner - INFO - Waiting for event 'profiling phase sending' with timeout of 299.999300666s
2026-09-16 17:43:16.402 - records_manager - INFO - Credit phase start: profiling
2026-09-16 17:48:16.401 - PhaseRunner - INFO - Timeout of 299.999300666s elapsed for event 'profiling phase sending'
2026-09-16 17:48:16.402 - PhaseRunner - NOTICE - Phase profiling (profiling) sending complete | sent=10,368, completed=10,240, in_flight=128 | sessions: sent=10,368, completed=10,240 | timeout_triggered=True
2026-09-16 17:48:16.402 - PhaseRunner - INFO - Waiting for event 'profiling phase credits returned' with timeout of 29.99872766599998s
2026-09-16 17:48:16.403 - records_manager - INFO - Sent 10,368 requests. Waiting for all to complete...
2026-09-16 17:48:19.454 - PhaseRunner - NOTICE - Phase profiling (profiling) complete | completed=10,368, cancelled=0, errors=0 | sessions: completed=10,368, cancelled=0 | elapsed=303.05s
2026-09-16 17:48:19.455 - PhaseOrchestrator_a3c8a782 - NOTICE - All credits completed
2026-09-16 17:48:19.455 - system_controller - INFO - Received credits complete from 'timing_manager'
2026-09-16 17:48:19.455 - records_manager - INFO - Received CREDIT_PHASE_COMPLETE message, Phase complete: PhaseRecordsStats(phase=CreditPhase.PROFILING, phase_index=0, profiling_index=0, phase_name='profiling', phase_kind='profiling', start_ns=1789551796401651143, sent_end_ns=1789552096402063918, requests_end_ns=1789552099454164240, baseline_start_ns=1789551796401638343, baseline_end_ns=1789552099454171728, total_expected_requests=None, expected_duration_sec=None, expected_num_sessions=None, expected_grace_period_sec=None, final_requests_sent=None, final_requests_completed=10368, final_requests_cancelled=0, final_request_errors=0, final_sent_sessions=None, final_completed_sessions=None, final_cancelled_sessions=None, timeout_triggered=True, grace_period_timeout_triggered=False, was_cancelled=False, records_end_ns=None, success_records=10240, error_records=0)
2026-09-16 17:48:19.457 - records_manager - NOTICE - All requests have completed, please wait for the results to be processed (currently 10,240 of 10,368 records processed)...
2026-09-16 17:48:19.458 - records_manager - INFO - All credits complete, please wait for the results to be processed...
2026-09-16 17:48:19.506 - records_manager - INFO - Processed 10368 valid requests and 0 errors (10368 total).
2026-09-16 17:48:19.507 - records_manager - INFO - Received all records, processing now...
2026-09-16 17:48:19.507 - server_metrics_manager - INFO - Server Metrics: Profiling complete, capturing final metrics...
2026-09-16 17:48:19.507 - gpu_telemetry_manager - INFO - GPU Telemetry: Profiling complete, capturing final metrics...
2026-09-16 17:48:19.508 - records_manager - INFO - Waiting 1.9s for server metrics flush period...
2026-09-16 17:48:21.455 - records_manager - INFO - Processing records results...
2026-09-16 17:48:22.212 - system_controller - INFO - Waiting for result domains: server_metrics, telemetry
2026-09-16 17:48:22.213 - system_controller - INFO - Waiting for result domains: server_metrics
2026-09-16 17:48:22.574 - records_manager - INFO - _finalize_and_process_results completed
2026-09-16 17:48:22.579 - system_controller - INFO - All results received, initiating shutdown
2026-09-16 17:48:23.184 - ExporterManager - INFO - Exporting all records
2026-09-16 17:48:23.296 - ExporterManager - INFO - Exporting console data
