2026-09-17 20:35:33.579 - system_controller - INFO - Registered Worker Manager (id: 'worker_manager')
2026-09-17 20:35:33.590 - server_metrics_manager - INFO - Server Metrics: Discovered 1 endpoints: ['http://localhost:8000/metrics']
2026-09-17 20:35:33.609 - system_controller - INFO - Registered Server Metrics Manager (id: 'server_metrics_manager')
2026-09-17 20:35:33.612 - GPUTelemetryJSONLWriter_7809410c - INFO - GPU telemetry export enabled: /root/llm_perf/artifacts/20260917_203021_RedHatAI_GLM-5.3-Flash-NVFP4_c1,4,16,32/profile_runs/trial_0001/concurrency_4/gpu_telemetry_export.jsonl
2026-09-17 20:35:33.618 - OTelMetricsResultsProcessor_4527598c - INFO - Telemetry streaming is disabled (set --otel-url and/or --mlflow-tracking-uri to enable)
2026-09-17 20:35:33.620 - RecordExportJSONLWriter_e2e2dd34 - INFO - Record metrics export enabled: /root/llm_perf/artifacts/20260917_203021_RedHatAI_GLM-5.3-Flash-NVFP4_c1,4,16,32/profile_runs/trial_0001/concurrency_4/profile_export.jsonl
2026-09-17 20:35:33.626 - system_controller - INFO - Registered Record Processor (id: 'record_processor_c987dc47')
2026-09-17 20:35:33.646 - system_controller - INFO - Registered Records Manager (id: 'records_manager')
2026-09-17 20:35:33.699 - system_controller - INFO - Registered Gpu Telemetry Manager (id: 'gpu_telemetry_manager')
2026-09-17 20:35:33.705 - system_controller - INFO - Registered Dataset Manager (id: 'dataset_manager')
2026-09-17 20:35:33.714 - system_controller - INFO - Registered Timing Manager (id: 'timing_manager')
2026-09-17 20:35:33.724 - system_controller - INFO - Registered Worker (id: 'worker_8db4c596')
2026-09-17 20:35:33.729 - system_controller - INFO - Registered Worker (id: 'worker_1f75f03b')
2026-09-17 20:35:33.729 - system_controller - INFO - Registered Worker (id: 'worker_15e6786c')
2026-09-17 20:35:33.730 - system_controller - INFO - Registered Worker (id: 'worker_a93ac610')
2026-09-17 20:35:34.074 - system_controller - INFO - AIPerf System is CONFIGURING
2026-09-17 20:35:34.075 - system_controller - INFO - Configuring all services to start profiling
2026-09-17 20:35:34.075 - timing_manager - INFO - Waiting for dataset to be configured before configuring timing
2026-09-17 20:35:34.075 - InferenceResultParser_485ebad1 - INFO - Tokenization is disabled for this endpoint, skipping tokenizer configuration
2026-09-17 20:35:34.076 - dataset_manager - INFO - Configuring tokenizer(s) for dataset manager
2026-09-17 20:35:34.084 - server_metrics_manager - INFO - Server Metrics: Capturing baseline metrics...
2026-09-17 20:35:34.086 - gpu_telemetry_manager - INFO - GPU Telemetry: Capturing baseline metrics from pynvml://localhost
2026-09-17 20:35:34.095 - pynvml_collector - INFO - PyNVML initialized with 1 GPU(s) (1 with GPM support)
2026-09-17 20:35:34.096 - http://localhost:8000/metrics - INFO - Skipping unsupported summary metric: http_request_size_bytes
2026-09-17 20:35:34.097 - http://localhost:8000/metrics - INFO - Skipping unsupported summary metric: http_response_size_bytes
2026-09-17 20:35:34.098 - system_controller - INFO - Server metrics enabled - 1/1 endpoint(s) reachable.
2026-09-17 20:35:34.098 - system_controller - INFO - Waiting for result domains: profile, server_metrics, telemetry
2026-09-17 20:35:34.105 - system_controller - INFO - DCGM telemetry enabled - 1/1 endpoint(s) reachable
2026-09-17 20:35:35.232 - httpx - INFO - HTTP Request: HEAD https://huggingface.co/RedHatAI/GLM-5.3-Flash-NVFP4/resolve/main/config.json "HTTP/1.1 307 Temporary Redirect"
2026-09-17 20:35:35.273 - httpx - INFO - HTTP Request: HEAD https://huggingface.co/api/resolve-cache/models/RedHatAI/GLM-5.3-Flash-NVFP4/c245560b6d7e62c329cd3042343b358a4279affd/config.json?%2FRedHatAI%2FGLM-5.3-Flash-NVFP4%2Fresolve%2Fmain%2Fconfig.json=&etag=%22e62581648d702e1d270189b4efdc001ac2844279%22 "HTTP/1.1 200 OK"
2026-09-17 20:35:35.496 - httpx - INFO - HTTP Request: HEAD https://huggingface.co/RedHatAI/GLM-5.3-Flash-NVFP4/resolve/main/tokenizer_config.json "HTTP/1.1 307 Temporary Redirect"
2026-09-17 20:35:35.538 - httpx - INFO - HTTP Request: HEAD https://huggingface.co/api/resolve-cache/models/RedHatAI/GLM-5.3-Flash-NVFP4/c245560b6d7e62c329cd3042343b358a4279affd/tokenizer_config.json?%2FRedHatAI%2FGLM-5.3-Flash-NVFP4%2Fresolve%2Fmain%2Ftokenizer_config.json=&etag=%220891a18eef6fc3d26dd2e87796ed39c7f91e3a77%22 "HTTP/1.1 200 OK"
2026-09-17 20:35:35.745 - httpx - INFO - HTTP Request: GET https://huggingface.co/api/models/RedHatAI/GLM-5.3-Flash-NVFP4/tree/main/additional_chat_templates?recursive=false&expand=false "HTTP/1.1 404 Not Found"
2026-09-17 20:35:35.949 - httpx - INFO - HTTP Request: GET https://huggingface.co/api/models/RedHatAI/GLM-5.3-Flash-NVFP4/tree/main?recursive=true&expand=false "HTTP/1.1 200 OK"
2026-09-17 20:35:37.082 - httpx - INFO - HTTP Request: GET https://huggingface.co/api/models/RedHatAI/GLM-5.3-Flash-NVFP4 "HTTP/1.1 200 OK"
2026-09-17 20:35:37.137 - dataset_manager - INFO - Tokenizer(s) configured in 3.06 seconds
2026-09-17 20:35:37.137 - dataset_manager - INFO - Configuring dataset for dataset_manager
2026-09-17 20:35:37.435 - MemoryMapDatasetBackingStore_7eb419d1 - INFO - Memory-mapped backing store initialized (streaming to /tmp/aiperf_mmap_53c822df355e41f5aa2367cd1c6976dc/dataset.dat)
2026-09-17 20:35:37.442 - MemoryMapDatasetBackingStore_7eb419d1 - INFO - Data file finalized: 100 conversations, 0.50 MB
2026-09-17 20:35:37.443 - MemoryMapDatasetBackingStore_7eb419d1 - INFO - Index file created: /tmp/aiperf_mmap_53c822df355e41f5aa2367cd1c6976dc/index.dat
2026-09-17 20:35:37.444 - dataset_manager - INFO - Backing store finalized: client_type=DatasetClientStoreType.MEMORY_MAP format=MemoryMapFormat.CONVERSATION data_file_path=PosixPath('/tmp/aiperf_mmap_53c822df355e41f5aa2367cd1c6976dc/dataset.dat') index_file_path=PosixPath('/tmp/aiperf_mmap_53c822df355e41f5aa2367cd1c6976dc/index.dat') conversation_count=100 total_size_bytes=526937 compressed=False compressed_data_file_path=None compressed_index_file_path=None compressed_size_bytes=0
2026-09-17 20:35:37.446 - dataset_manager - INFO - sampling strategy: sequential, unique conversations: 100, unique turn count: 100
2026-09-17 20:35:37.447 - dataset_manager - INFO - Generating inputs.json file at /root/llm_perf/artifacts/20260917_203021_RedHatAI_GLM-5.3-Flash-NVFP4_c1,4,16,32/profile_runs/trial_0001/concurrency_4/inputs.json
2026-09-17 20:35:37.449 - PhaseOrchestrator_5257ad52 - INFO - Initialized 1 phase(s): ['Profiling']
2026-09-17 20:35:37.450 - dataset_manager - INFO - inputs.json file generated in 0.00 seconds
2026-09-17 20:35:37.513 - dataset_manager - INFO - Dataset client initialized and freed 100 conversations from memory
2026-09-17 20:35:37.513 - dataset_manager - INFO - Dataset configured in 0.38 seconds
2026-09-17 20:35:37.514 - system_controller - INFO - All services configured in 3.44 seconds
2026-09-17 20:35:37.515 - system_controller - INFO - AIPerf System is CONFIGURED
2026-09-17 20:35:37.515 - server_metrics_manager - INFO - Server Metrics: Started 1 collector(s) successfully
2026-09-17 20:35:37.516 - system_controller - INFO - All services started profiling successfully
2026-09-17 20:35:37.517 - system_controller - INFO - AIPerf System is PROFILING
2026-09-17 20:35:37.517 - RateTiming - INFO - Creating interval generator: pattern=concurrency_burst, rate=None, smoothness=None
2026-09-17 20:35:37.518 - PhaseRunner - NOTICE - Phase profiling (profiling) started | phase_index=0 | profiling_index=0 | target: 300.0s duration
2026-09-17 20:35:37.518 - PhaseRunner - INFO - Waiting for event 'profiling phase sending' with timeout of 299.99918182s
2026-09-17 20:35:37.519 - records_manager - INFO - Credit phase start: profiling
2026-09-17 20:40:37.517 - PhaseRunner - INFO - Timeout of 299.99918182s elapsed for event 'profiling phase sending'
2026-09-17 20:40:37.518 - PhaseRunner - NOTICE - Phase profiling (profiling) sending complete | sent=240, completed=236, in_flight=4 | sessions: sent=240, completed=236 | timeout_triggered=True
2026-09-17 20:40:37.518 - PhaseRunner - INFO - Waiting for event 'profiling phase credits returned' with timeout of 29.999213381000004s
2026-09-17 20:40:37.519 - records_manager - INFO - Sent 240 requests. Waiting for all to complete...
2026-09-17 20:40:39.397 - PhaseRunner - NOTICE - Phase profiling (profiling) complete | completed=240, cancelled=0, errors=0 | sessions: completed=240, cancelled=0 | elapsed=301.88s
2026-09-17 20:40:39.398 - PhaseOrchestrator_5257ad52 - NOTICE - All credits completed
2026-09-17 20:40:39.399 - system_controller - INFO - Received credits complete from 'timing_manager'
2026-09-17 20:40:39.398 - records_manager - INFO - Received CREDIT_PHASE_COMPLETE message, Phase complete: PhaseRecordsStats(phase=CreditPhase.PROFILING, phase_index=0, profiling_index=0, phase_name='profiling', phase_kind='profiling', start_ns=1789648537518087930, sent_end_ns=1789648837518018736, requests_end_ns=1789648839397764225, baseline_start_ns=1789648537518074874, baseline_end_ns=1789648839397772033, total_expected_requests=None, expected_duration_sec=None, expected_num_sessions=None, expected_grace_period_sec=None, final_requests_sent=None, final_requests_completed=240, final_requests_cancelled=0, final_request_errors=0, final_sent_sessions=None, final_completed_sessions=None, final_cancelled_sessions=None, timeout_triggered=True, grace_period_timeout_triggered=False, was_cancelled=False, records_end_ns=None, success_records=237, error_records=0)
2026-09-17 20:40:39.401 - records_manager - NOTICE - All requests have completed, please wait for the results to be processed (currently 237 of 240 records processed)...
2026-09-17 20:40:39.401 - records_manager - INFO - All credits complete, please wait for the results to be processed...
2026-09-17 20:40:39.408 - records_manager - INFO - Processed 240 valid requests and 0 errors (240 total).
2026-09-17 20:40:39.408 - records_manager - INFO - Received all records, processing now...
2026-09-17 20:40:39.409 - server_metrics_manager - INFO - Server Metrics: Profiling complete, capturing final metrics...
2026-09-17 20:40:39.409 - gpu_telemetry_manager - INFO - GPU Telemetry: Profiling complete, capturing final metrics...
2026-09-17 20:40:39.410 - records_manager - INFO - Waiting 2.0s for server metrics flush period...
2026-09-17 20:40:41.397 - records_manager - INFO - Processing records results...
2026-09-17 20:40:41.656 - system_controller - INFO - Waiting for result domains: server_metrics, telemetry
2026-09-17 20:40:41.657 - system_controller - INFO - Waiting for result domains: server_metrics
2026-09-17 20:40:41.960 - records_manager - INFO - _finalize_and_process_results completed
2026-09-17 20:40:41.963 - system_controller - INFO - All results received, initiating shutdown
2026-09-17 20:40:42.567 - ExporterManager - INFO - Exporting all records
2026-09-17 20:40:42.675 - ExporterManager - INFO - Exporting console data
