2026-09-16 17:32:54.099 - system_controller - INFO - Registered Worker Manager (id: 'worker_manager')
2026-09-16 17:32:54.110 - server_metrics_manager - INFO - Server Metrics: Discovered 1 endpoints: ['http://localhost:8000/metrics']
2026-09-16 17:32:54.131 - GPUTelemetryJSONLWriter_595bd362 - INFO - GPU telemetry export enabled: /root/llm_perf/artifacts/20260916_171715_google_gemma-4-E4B-it_c1,4,16,32,64,128,256/profile_runs/trial_0001/concurrency_32/gpu_telemetry_export.jsonl
2026-09-16 17:32:54.138 - OTelMetricsResultsProcessor_e87e6847 - INFO - Telemetry streaming is disabled (set --otel-url and/or --mlflow-tracking-uri to enable)
2026-09-16 17:32:54.139 - RecordExportJSONLWriter_eddf937d - INFO - Record metrics export enabled: /root/llm_perf/artifacts/20260916_171715_google_gemma-4-E4B-it_c1,4,16,32,64,128,256/profile_runs/trial_0001/concurrency_32/profile_export.jsonl
2026-09-16 17:32:54.224 - system_controller - INFO - Registered Records Manager (id: 'records_manager')
2026-09-16 17:32:54.226 - system_controller - INFO - Registered Gpu Telemetry Manager (id: 'gpu_telemetry_manager')
2026-09-16 17:32:54.227 - system_controller - INFO - Registered Dataset Manager (id: 'dataset_manager')
2026-09-16 17:32:54.229 - system_controller - INFO - Registered Record Processor (id: 'record_processor_13242698')
2026-09-16 17:32:54.230 - system_controller - INFO - Registered Server Metrics Manager (id: 'server_metrics_manager')
2026-09-16 17:32:54.230 - system_controller - INFO - Registered Record Processor (id: 'record_processor_08dc9b0f')
2026-09-16 17:32:54.233 - system_controller - INFO - Registered Record Processor (id: 'record_processor_9cb3a4f0')
2026-09-16 17:32:54.235 - system_controller - INFO - Registered Record Processor (id: 'record_processor_3eebfe3a')
2026-09-16 17:32:54.238 - system_controller - INFO - Registered Record Processor (id: 'record_processor_f25c08d8')
2026-09-16 17:32:54.241 - system_controller - INFO - Registered Record Processor (id: 'record_processor_7e96991d')
2026-09-16 17:32:54.241 - system_controller - INFO - Registered Record Processor (id: 'record_processor_605790e0')
2026-09-16 17:32:54.325 - system_controller - INFO - Registered Timing Manager (id: 'timing_manager')
2026-09-16 17:32:54.328 - system_controller - INFO - Registered Record Processor (id: 'record_processor_8e0ffcbb')
2026-09-16 17:32:54.340 - system_controller - INFO - Registered Worker (id: 'worker_fc7d2a0b')
2026-09-16 17:32:54.358 - system_controller - INFO - Registered Worker (id: 'worker_56972ee9')
2026-09-16 17:32:54.359 - system_controller - INFO - Registered Worker (id: 'worker_6d2fff12')
2026-09-16 17:32:54.361 - system_controller - INFO - Registered Worker (id: 'worker_1aa4293b')
2026-09-16 17:32:54.362 - system_controller - INFO - Registered Worker (id: 'worker_d8c67e83')
2026-09-16 17:32:54.367 - system_controller - INFO - Registered Worker (id: 'worker_c9910049')
2026-09-16 17:32:54.368 - system_controller - INFO - Registered Worker (id: 'worker_12dc8225')
2026-09-16 17:32:54.370 - system_controller - INFO - Registered Worker (id: 'worker_63262a52')
2026-09-16 17:32:54.373 - system_controller - INFO - Registered Worker (id: 'worker_a83f2d9b')
2026-09-16 17:32:54.376 - system_controller - INFO - Registered Worker (id: 'worker_e2e185d1')
2026-09-16 17:32:54.376 - system_controller - INFO - Registered Worker (id: 'worker_90e3e15b')
2026-09-16 17:32:54.378 - system_controller - INFO - Registered Worker (id: 'worker_bf148e55')
2026-09-16 17:32:54.383 - system_controller - INFO - Registered Worker (id: 'worker_2eb24060')
2026-09-16 17:32:54.385 - system_controller - INFO - Registered Worker (id: 'worker_b9c4814c')
2026-09-16 17:32:54.385 - system_controller - INFO - Registered Worker (id: 'worker_e5dfecc5')
2026-09-16 17:32:54.386 - system_controller - INFO - Registered Worker (id: 'worker_51ec95bf')
2026-09-16 17:32:54.391 - system_controller - INFO - Registered Worker (id: 'worker_2b353441')
2026-09-16 17:32:54.423 - system_controller - INFO - Registered Worker (id: 'worker_6f01e938')
2026-09-16 17:32:54.424 - system_controller - INFO - Registered Worker (id: 'worker_e8af9d4b')
2026-09-16 17:32:54.428 - system_controller - INFO - Registered Worker (id: 'worker_fcc5e50c')
2026-09-16 17:32:54.484 - system_controller - INFO - Registered Worker (id: 'worker_649a1a3c')
2026-09-16 17:32:54.490 - system_controller - INFO - Registered Worker (id: 'worker_c4026580')
2026-09-16 17:32:54.491 - system_controller - INFO - Registered Worker (id: 'worker_a4ad1ffe')
2026-09-16 17:32:54.492 - system_controller - INFO - Registered Worker (id: 'worker_63ad0e36')
2026-09-16 17:32:54.510 - system_controller - INFO - Registered Worker (id: 'worker_7b34ff22')
2026-09-16 17:32:54.510 - system_controller - INFO - Registered Worker (id: 'worker_0650fb86')
2026-09-16 17:32:54.510 - system_controller - INFO - Registered Worker (id: 'worker_6034c231')
2026-09-16 17:32:54.519 - system_controller - INFO - Registered Worker (id: 'worker_e648a0b1')
2026-09-16 17:32:54.520 - system_controller - INFO - Registered Worker (id: 'worker_a6542ca1')
2026-09-16 17:32:54.521 - system_controller - INFO - Registered Worker (id: 'worker_178bf82d')
2026-09-16 17:32:54.522 - system_controller - INFO - Registered Worker (id: 'worker_b9b8c05c')
2026-09-16 17:32:54.522 - system_controller - INFO - Registered Worker (id: 'worker_28dd73cf')
2026-09-16 17:32:54.595 - system_controller - INFO - AIPerf System is CONFIGURING
2026-09-16 17:32:54.595 - system_controller - INFO - Configuring all services to start profiling
2026-09-16 17:32:54.596 - timing_manager - INFO - Waiting for dataset to be configured before configuring timing
2026-09-16 17:32:54.596 - InferenceResultParser_cd0c4d9b - INFO - Tokenization is disabled for this endpoint, skipping tokenizer configuration
2026-09-16 17:32:54.596 - InferenceResultParser_86a8f2a8 - INFO - Tokenization is disabled for this endpoint, skipping tokenizer configuration
2026-09-16 17:32:54.596 - InferenceResultParser_29f42a40 - INFO - Tokenization is disabled for this endpoint, skipping tokenizer configuration
2026-09-16 17:32:54.596 - InferenceResultParser_aa245de3 - INFO - Tokenization is disabled for this endpoint, skipping tokenizer configuration
2026-09-16 17:32:54.596 - InferenceResultParser_6ef3d440 - INFO - Tokenization is disabled for this endpoint, skipping tokenizer configuration
2026-09-16 17:32:54.596 - InferenceResultParser_16d04986 - INFO - Tokenization is disabled for this endpoint, skipping tokenizer configuration
2026-09-16 17:32:54.596 - InferenceResultParser_5344af23 - INFO - Tokenization is disabled for this endpoint, skipping tokenizer configuration
2026-09-16 17:32:54.596 - InferenceResultParser_fe2b84e0 - INFO - Tokenization is disabled for this endpoint, skipping tokenizer configuration
2026-09-16 17:32:54.596 - dataset_manager - INFO - Configuring tokenizer(s) for dataset manager
2026-09-16 17:32:54.604 - server_metrics_manager - INFO - Server Metrics: Capturing baseline metrics...
2026-09-16 17:32:54.607 - gpu_telemetry_manager - INFO - GPU Telemetry: Capturing baseline metrics from pynvml://localhost
2026-09-16 17:32:54.615 - pynvml_collector - INFO - PyNVML initialized with 1 GPU(s) (1 with GPM support)
2026-09-16 17:32:54.618 - http://localhost:8000/metrics - INFO - Skipping unsupported summary metric: http_request_size_bytes
2026-09-16 17:32:54.619 - http://localhost:8000/metrics - INFO - Skipping unsupported summary metric: http_response_size_bytes
2026-09-16 17:32:54.620 - system_controller - INFO - Server metrics enabled - 1/1 endpoint(s) reachable.
2026-09-16 17:32:54.620 - system_controller - INFO - Waiting for result domains: profile, server_metrics, telemetry
2026-09-16 17:32:54.628 - system_controller - INFO - DCGM telemetry enabled - 1/1 endpoint(s) reachable
2026-09-16 17:32:55.752 - httpx - INFO - HTTP Request: HEAD https://huggingface.co/google/gemma-4-E4B-it/resolve/main/config.json "HTTP/1.1 307 Temporary Redirect"
2026-09-16 17:32:55.758 - httpx - INFO - HTTP Request: HEAD https://huggingface.co/api/resolve-cache/models/google/gemma-4-E4B-it/ee0ef6023621cff504d758262d4e04895a5af4a2/config.json?%2Fgoogle%2Fgemma-4-E4B-it%2Fresolve%2Fmain%2Fconfig.json=&etag=%22d68960fdcce766f2bfe41436325a8a483a74d125%22 "HTTP/1.1 200 OK"
2026-09-16 17:32:55.969 - httpx - INFO - HTTP Request: HEAD https://huggingface.co/google/gemma-4-E4B-it/resolve/main/tokenizer_config.json "HTTP/1.1 307 Temporary Redirect"
2026-09-16 17:32:55.975 - httpx - INFO - HTTP Request: HEAD https://huggingface.co/api/resolve-cache/models/google/gemma-4-E4B-it/ee0ef6023621cff504d758262d4e04895a5af4a2/tokenizer_config.json?%2Fgoogle%2Fgemma-4-E4B-it%2Fresolve%2Fmain%2Ftokenizer_config.json=&etag=%226068e357379d36f823c377e30efb101fa2c67fe4%22 "HTTP/1.1 200 OK"
2026-09-16 17:32:56.183 - httpx - INFO - HTTP Request: GET https://huggingface.co/api/models/google/gemma-4-E4B-it/tree/main/additional_chat_templates?recursive=false&expand=false "HTTP/1.1 404 Not Found"
2026-09-16 17:32:56.386 - httpx - INFO - HTTP Request: GET https://huggingface.co/api/models/google/gemma-4-E4B-it/tree/main?recursive=true&expand=false "HTTP/1.1 200 OK"
2026-09-16 17:32:57.531 - httpx - INFO - HTTP Request: GET https://huggingface.co/api/models/google/gemma-4-E4B-it "HTTP/1.1 200 OK"
2026-09-16 17:32:57.559 - dataset_manager - INFO - Tokenizer(s) configured in 2.96 seconds
2026-09-16 17:32:57.559 - dataset_manager - INFO - Configuring dataset for dataset_manager
2026-09-16 17:32:57.865 - MemoryMapDatasetBackingStore_d8360998 - INFO - Memory-mapped backing store initialized (streaming to /tmp/aiperf_mmap_13d6656929bc41058328beaf69cf9e07/dataset.dat)
2026-09-16 17:32:57.871 - MemoryMapDatasetBackingStore_d8360998 - INFO - Data file finalized: 100 conversations, 0.53 MB
2026-09-16 17:32:57.872 - MemoryMapDatasetBackingStore_d8360998 - INFO - Index file created: /tmp/aiperf_mmap_13d6656929bc41058328beaf69cf9e07/index.dat
2026-09-16 17:32:57.872 - dataset_manager - INFO - Backing store finalized: client_type=DatasetClientStoreType.MEMORY_MAP format=MemoryMapFormat.CONVERSATION data_file_path=PosixPath('/tmp/aiperf_mmap_13d6656929bc41058328beaf69cf9e07/dataset.dat') index_file_path=PosixPath('/tmp/aiperf_mmap_13d6656929bc41058328beaf69cf9e07/index.dat') conversation_count=100 total_size_bytes=551364 compressed=False compressed_data_file_path=None compressed_index_file_path=None compressed_size_bytes=0
2026-09-16 17:32:57.874 - dataset_manager - INFO - sampling strategy: sequential, unique conversations: 100, unique turn count: 100
2026-09-16 17:32:57.875 - dataset_manager - INFO - Generating inputs.json file at /root/llm_perf/artifacts/20260916_171715_google_gemma-4-E4B-it_c1,4,16,32,64,128,256/profile_runs/trial_0001/concurrency_32/inputs.json
2026-09-16 17:32:57.877 - PhaseOrchestrator_c897183e - INFO - Initialized 1 phase(s): ['Profiling']
2026-09-16 17:32:57.878 - dataset_manager - INFO - inputs.json file generated in 0.00 seconds
2026-09-16 17:32:57.958 - dataset_manager - INFO - Dataset client initialized and freed 100 conversations from memory
2026-09-16 17:32:57.958 - dataset_manager - INFO - Dataset configured in 0.40 seconds
2026-09-16 17:32:57.959 - system_controller - INFO - All services configured in 3.36 seconds
2026-09-16 17:32:57.960 - system_controller - INFO - AIPerf System is CONFIGURED
2026-09-16 17:32:57.961 - server_metrics_manager - INFO - Server Metrics: Started 1 collector(s) successfully
2026-09-16 17:32:57.961 - system_controller - INFO - All services started profiling successfully
2026-09-16 17:32:57.962 - system_controller - INFO - AIPerf System is PROFILING
2026-09-16 17:32:57.962 - RateTiming - INFO - Creating interval generator: pattern=concurrency_burst, rate=None, smoothness=None
2026-09-16 17:32:57.963 - PhaseRunner - NOTICE - Phase profiling (profiling) started | phase_index=0 | profiling_index=0 | target: 300.0s duration
2026-09-16 17:32:57.964 - PhaseRunner - INFO - Waiting for event 'profiling phase sending' with timeout of 299.999283925s
2026-09-16 17:32:57.964 - records_manager - INFO - Credit phase start: profiling
2026-09-16 17:37:57.963 - PhaseRunner - INFO - Timeout of 299.999283925s elapsed for event 'profiling phase sending'
2026-09-16 17:37:57.964 - PhaseRunner - NOTICE - Phase profiling (profiling) sending complete | sent=3,968, completed=3,936, in_flight=32 | sessions: sent=3,968, completed=3,936 | timeout_triggered=True
2026-09-16 17:37:57.964 - PhaseRunner - INFO - Waiting for event 'profiling phase credits returned' with timeout of 29.99877409200002s
2026-09-16 17:37:57.965 - records_manager - INFO - Sent 3,968 requests. Waiting for all to complete...
2026-09-16 17:37:58.193 - PhaseRunner - NOTICE - Phase profiling (profiling) complete | completed=3,968, cancelled=0, errors=0 | sessions: completed=3,968, cancelled=0 | elapsed=300.23s
2026-09-16 17:37:58.194 - PhaseOrchestrator_c897183e - NOTICE - All credits completed
2026-09-16 17:37:58.195 - system_controller - INFO - Received credits complete from 'timing_manager'
2026-09-16 17:37:58.194 - records_manager - INFO - Received CREDIT_PHASE_COMPLETE message, Phase complete: PhaseRecordsStats(phase=CreditPhase.PROFILING, phase_index=0, profiling_index=0, phase_name='profiling', phase_kind='profiling', start_ns=1789551177963677802, sent_end_ns=1789551477964068053, requests_end_ns=1789551478193675145, baseline_start_ns=1789551177963665578, baseline_end_ns=1789551478193682281, total_expected_requests=None, expected_duration_sec=None, expected_num_sessions=None, expected_grace_period_sec=None, final_requests_sent=None, final_requests_completed=3968, final_requests_cancelled=0, final_request_errors=0, final_sent_sessions=None, final_completed_sessions=None, final_cancelled_sessions=None, timeout_triggered=True, grace_period_timeout_triggered=False, was_cancelled=False, records_end_ns=None, success_records=3936, error_records=0)
2026-09-16 17:37:58.197 - records_manager - NOTICE - All requests have completed, please wait for the results to be processed (currently 3,936 of 3,968 records processed)...
2026-09-16 17:37:58.197 - records_manager - INFO - All credits complete, please wait for the results to be processed...
2026-09-16 17:37:58.213 - records_manager - INFO - Processed 3968 valid requests and 0 errors (3968 total).
2026-09-16 17:37:58.214 - records_manager - INFO - Received all records, processing now...
2026-09-16 17:37:58.214 - server_metrics_manager - INFO - Server Metrics: Profiling complete, capturing final metrics...
2026-09-16 17:37:58.214 - gpu_telemetry_manager - INFO - GPU Telemetry: Profiling complete, capturing final metrics...
2026-09-16 17:37:58.215 - records_manager - INFO - Waiting 2.0s for server metrics flush period...
2026-09-16 17:38:00.195 - records_manager - INFO - Processing records results...
2026-09-16 17:38:01.155 - system_controller - INFO - Waiting for result domains: server_metrics, telemetry
2026-09-16 17:38:01.155 - system_controller - INFO - Waiting for result domains: server_metrics
2026-09-16 17:38:01.531 - records_manager - INFO - _finalize_and_process_results completed
2026-09-16 17:38:01.536 - system_controller - INFO - All results received, initiating shutdown
2026-09-16 17:38:02.140 - ExporterManager - INFO - Exporting all records
2026-09-16 17:38:02.252 - ExporterManager - INFO - Exporting console data
