2026-09-17 19:00:09.859 - system_controller - INFO - Registered Worker Manager (id: 'worker_manager')
2026-09-17 19:00:09.870 - server_metrics_manager - INFO - Server Metrics: Discovered 1 endpoints: ['http://localhost:8000/metrics']
2026-09-17 19:00:09.892 - GPUTelemetryJSONLWriter_df0185fd - INFO - GPU telemetry export enabled: /root/llm_perf/artifacts/20260917_184420_MiniMaxAI_MiniMax-M2.7_c1,4,16,32,64/profile_runs/trial_0001/concurrency_32/gpu_telemetry_export.jsonl
2026-09-17 19:00:09.898 - OTelMetricsResultsProcessor_c9fd7abe - INFO - Telemetry streaming is disabled (set --otel-url and/or --mlflow-tracking-uri to enable)
2026-09-17 19:00:09.899 - RecordExportJSONLWriter_326601b9 - INFO - Record metrics export enabled: /root/llm_perf/artifacts/20260917_184420_MiniMaxAI_MiniMax-M2.7_c1,4,16,32,64/profile_runs/trial_0001/concurrency_32/profile_export.jsonl
2026-09-17 19:00:09.993 - system_controller - INFO - Registered Gpu Telemetry Manager (id: 'gpu_telemetry_manager')
2026-09-17 19:00:09.995 - system_controller - INFO - Registered Server Metrics Manager (id: 'server_metrics_manager')
2026-09-17 19:00:09.996 - system_controller - INFO - Registered Dataset Manager (id: 'dataset_manager')
2026-09-17 19:00:09.997 - system_controller - INFO - Registered Record Processor (id: 'record_processor_71efdd89')
2026-09-17 19:00:09.998 - system_controller - INFO - Registered Record Processor (id: 'record_processor_f8d3ee18')
2026-09-17 19:00:10.000 - system_controller - INFO - Registered Record Processor (id: 'record_processor_b9adc210')
2026-09-17 19:00:10.003 - system_controller - INFO - Registered Record Processor (id: 'record_processor_693c9b28')
2026-09-17 19:00:10.005 - system_controller - INFO - Registered Record Processor (id: 'record_processor_b159e3e9')
2026-09-17 19:00:10.007 - system_controller - INFO - Registered Record Processor (id: 'record_processor_0f499669')
2026-09-17 19:00:10.010 - system_controller - INFO - Registered Record Processor (id: 'record_processor_f86e29f7')
2026-09-17 19:00:10.011 - system_controller - INFO - Registered Record Processor (id: 'record_processor_d9017acd')
2026-09-17 19:00:10.025 - system_controller - INFO - Registered Records Manager (id: 'records_manager')
2026-09-17 19:00:10.088 - system_controller - INFO - Registered Timing Manager (id: 'timing_manager')
2026-09-17 19:00:10.104 - system_controller - INFO - Registered Worker (id: 'worker_f7494b27')
2026-09-17 19:00:10.126 - system_controller - INFO - Registered Worker (id: 'worker_6652bd86')
2026-09-17 19:00:10.135 - system_controller - INFO - Registered Worker (id: 'worker_e50a9faa')
2026-09-17 19:00:10.135 - system_controller - INFO - Registered Worker (id: 'worker_4de064a1')
2026-09-17 19:00:10.136 - system_controller - INFO - Registered Worker (id: 'worker_dcf31e10')
2026-09-17 19:00:10.143 - system_controller - INFO - Registered Worker (id: 'worker_0ddac13d')
2026-09-17 19:00:10.144 - system_controller - INFO - Registered Worker (id: 'worker_7a296e22')
2026-09-17 19:00:10.144 - system_controller - INFO - Registered Worker (id: 'worker_7be8a844')
2026-09-17 19:00:10.148 - system_controller - INFO - Registered Worker (id: 'worker_169e8178')
2026-09-17 19:00:10.148 - system_controller - INFO - Registered Worker (id: 'worker_b9ac4251')
2026-09-17 19:00:10.151 - system_controller - INFO - Registered Worker (id: 'worker_8d101fba')
2026-09-17 19:00:10.154 - system_controller - INFO - Registered Worker (id: 'worker_e304b07d')
2026-09-17 19:00:10.155 - system_controller - INFO - Registered Worker (id: 'worker_1c3b2396')
2026-09-17 19:00:10.155 - system_controller - INFO - Registered Worker (id: 'worker_cbd26cad')
2026-09-17 19:00:10.157 - system_controller - INFO - Registered Worker (id: 'worker_f8dcf928')
2026-09-17 19:00:10.158 - system_controller - INFO - Registered Worker (id: 'worker_47b699e2')
2026-09-17 19:00:10.162 - system_controller - INFO - Registered Worker (id: 'worker_47e730f7')
2026-09-17 19:00:10.167 - system_controller - INFO - Registered Worker (id: 'worker_859d75cb')
2026-09-17 19:00:10.192 - system_controller - INFO - Registered Worker (id: 'worker_90eb2726')
2026-09-17 19:00:10.193 - system_controller - INFO - Registered Worker (id: 'worker_c506723c')
2026-09-17 19:00:10.257 - system_controller - INFO - Registered Worker (id: 'worker_2b636db5')
2026-09-17 19:00:10.267 - system_controller - INFO - Registered Worker (id: 'worker_03fcfc55')
2026-09-17 19:00:10.269 - system_controller - INFO - Registered Worker (id: 'worker_41b49082')
2026-09-17 19:00:10.283 - system_controller - INFO - Registered Worker (id: 'worker_73bcd610')
2026-09-17 19:00:10.285 - system_controller - INFO - Registered Worker (id: 'worker_491917ad')
2026-09-17 19:00:10.285 - system_controller - INFO - Registered Worker (id: 'worker_e507d8e7')
2026-09-17 19:00:10.286 - system_controller - INFO - Registered Worker (id: 'worker_1c502f3f')
2026-09-17 19:00:10.286 - system_controller - INFO - Registered Worker (id: 'worker_4991bd25')
2026-09-17 19:00:10.287 - system_controller - INFO - Registered Worker (id: 'worker_003ff240')
2026-09-17 19:00:10.287 - system_controller - INFO - Registered Worker (id: 'worker_e214f1a7')
2026-09-17 19:00:10.288 - system_controller - INFO - Registered Worker (id: 'worker_a4da2f7c')
2026-09-17 19:00:10.288 - system_controller - INFO - Registered Worker (id: 'worker_bcbdbf01')
2026-09-17 19:00:10.355 - system_controller - INFO - AIPerf System is CONFIGURING
2026-09-17 19:00:10.355 - system_controller - INFO - Configuring all services to start profiling
2026-09-17 19:00:10.356 - timing_manager - INFO - Waiting for dataset to be configured before configuring timing
2026-09-17 19:00:10.356 - InferenceResultParser_b3af0b19 - INFO - Tokenization is disabled for this endpoint, skipping tokenizer configuration
2026-09-17 19:00:10.356 - InferenceResultParser_7e996d98 - INFO - Tokenization is disabled for this endpoint, skipping tokenizer configuration
2026-09-17 19:00:10.356 - InferenceResultParser_781cfc6c - INFO - Tokenization is disabled for this endpoint, skipping tokenizer configuration
2026-09-17 19:00:10.356 - InferenceResultParser_be0e7531 - INFO - Tokenization is disabled for this endpoint, skipping tokenizer configuration
2026-09-17 19:00:10.356 - InferenceResultParser_83b7b899 - INFO - Tokenization is disabled for this endpoint, skipping tokenizer configuration
2026-09-17 19:00:10.356 - InferenceResultParser_bc5ed74a - INFO - Tokenization is disabled for this endpoint, skipping tokenizer configuration
2026-09-17 19:00:10.356 - InferenceResultParser_09d2ac7f - INFO - Tokenization is disabled for this endpoint, skipping tokenizer configuration
2026-09-17 19:00:10.356 - InferenceResultParser_83ec3026 - INFO - Tokenization is disabled for this endpoint, skipping tokenizer configuration
2026-09-17 19:00:10.357 - dataset_manager - INFO - Configuring tokenizer(s) for dataset manager
2026-09-17 19:00:10.364 - server_metrics_manager - INFO - Server Metrics: Capturing baseline metrics...
2026-09-17 19:00:10.367 - gpu_telemetry_manager - INFO - GPU Telemetry: Capturing baseline metrics from pynvml://localhost
2026-09-17 19:00:10.376 - pynvml_collector - INFO - PyNVML initialized with 1 GPU(s) (1 with GPM support)
2026-09-17 19:00:10.378 - http://localhost:8000/metrics - INFO - Skipping unsupported summary metric: http_request_size_bytes
2026-09-17 19:00:10.378 - http://localhost:8000/metrics - INFO - Skipping unsupported summary metric: http_response_size_bytes
2026-09-17 19:00:10.379 - system_controller - INFO - Server metrics enabled - 1/1 endpoint(s) reachable.
2026-09-17 19:00:10.380 - system_controller - INFO - Waiting for result domains: profile, server_metrics, telemetry
2026-09-17 19:00:10.388 - system_controller - INFO - DCGM telemetry enabled - 1/1 endpoint(s) reachable
2026-09-17 19:00:11.499 - httpx - INFO - HTTP Request: HEAD https://huggingface.co/MiniMaxAI/MiniMax-M2.7/resolve/main/config.json "HTTP/1.1 307 Temporary Redirect"
2026-09-17 19:00:11.505 - httpx - INFO - HTTP Request: HEAD https://huggingface.co/api/resolve-cache/models/MiniMaxAI/MiniMax-M2.7/d494266a4affc0d2995ba1fa35c8481cbd84294b/config.json?%2FMiniMaxAI%2FMiniMax-M2.7%2Fresolve%2Fmain%2Fconfig.json=&etag=%22ba213004c5c8e8a10e7d47b7453cdc31827c840b%22 "HTTP/1.1 200 OK"
2026-09-17 19:00:11.711 - httpx - INFO - HTTP Request: HEAD https://huggingface.co/MiniMaxAI/MiniMax-M2.7/resolve/main/tokenizer_config.json "HTTP/1.1 307 Temporary Redirect"
2026-09-17 19:00:11.716 - httpx - INFO - HTTP Request: HEAD https://huggingface.co/api/resolve-cache/models/MiniMaxAI/MiniMax-M2.7/d494266a4affc0d2995ba1fa35c8481cbd84294b/tokenizer_config.json?%2FMiniMaxAI%2FMiniMax-M2.7%2Fresolve%2Fmain%2Ftokenizer_config.json=&etag=%22ff8e2ebcbdb03324603c0a734e459ec9968096ae%22 "HTTP/1.1 200 OK"
2026-09-17 19:00:11.916 - httpx - INFO - HTTP Request: HEAD https://huggingface.co/MiniMaxAI/MiniMax-M2.7/resolve/main/tokenizer_config.json "HTTP/1.1 307 Temporary Redirect"
2026-09-17 19:00:11.923 - httpx - INFO - HTTP Request: HEAD https://huggingface.co/api/resolve-cache/models/MiniMaxAI/MiniMax-M2.7/d494266a4affc0d2995ba1fa35c8481cbd84294b/tokenizer_config.json?%2FMiniMaxAI%2FMiniMax-M2.7%2Fresolve%2Fmain%2Ftokenizer_config.json=&etag=%22ff8e2ebcbdb03324603c0a734e459ec9968096ae%22 "HTTP/1.1 200 OK"
2026-09-17 19:00:12.118 - httpx - INFO - HTTP Request: GET https://huggingface.co/api/models/MiniMaxAI/MiniMax-M2.7/tree/main/additional_chat_templates?recursive=false&expand=false "HTTP/1.1 404 Not Found"
2026-09-17 19:00:12.319 - httpx - INFO - HTTP Request: GET https://huggingface.co/api/models/MiniMaxAI/MiniMax-M2.7/tree/main?recursive=true&expand=false "HTTP/1.1 200 OK"
2026-09-17 19:00:13.181 - httpx - INFO - HTTP Request: GET https://huggingface.co/api/models/MiniMaxAI/MiniMax-M2.7 "HTTP/1.1 200 OK"
2026-09-17 19:00:13.226 - dataset_manager - INFO - Tokenizer(s) configured in 2.87 seconds
2026-09-17 19:00:13.226 - dataset_manager - INFO - Configuring dataset for dataset_manager
2026-09-17 19:00:13.576 - MemoryMapDatasetBackingStore_6a517b25 - INFO - Memory-mapped backing store initialized (streaming to /tmp/aiperf_mmap_89783acdeffd4418a90c22c07ef3c2c8/dataset.dat)
2026-09-17 19:00:13.582 - MemoryMapDatasetBackingStore_6a517b25 - INFO - Data file finalized: 100 conversations, 0.52 MB
2026-09-17 19:00:13.583 - MemoryMapDatasetBackingStore_6a517b25 - INFO - Index file created: /tmp/aiperf_mmap_89783acdeffd4418a90c22c07ef3c2c8/index.dat
2026-09-17 19:00:13.583 - dataset_manager - INFO - Backing store finalized: client_type=DatasetClientStoreType.MEMORY_MAP format=MemoryMapFormat.CONVERSATION data_file_path=PosixPath('/tmp/aiperf_mmap_89783acdeffd4418a90c22c07ef3c2c8/dataset.dat') index_file_path=PosixPath('/tmp/aiperf_mmap_89783acdeffd4418a90c22c07ef3c2c8/index.dat') conversation_count=100 total_size_bytes=543547 compressed=False compressed_data_file_path=None compressed_index_file_path=None compressed_size_bytes=0
2026-09-17 19:00:13.586 - dataset_manager - INFO - sampling strategy: sequential, unique conversations: 100, unique turn count: 100
2026-09-17 19:00:13.587 - dataset_manager - INFO - Generating inputs.json file at /root/llm_perf/artifacts/20260917_184420_MiniMaxAI_MiniMax-M2.7_c1,4,16,32,64/profile_runs/trial_0001/concurrency_32/inputs.json
2026-09-17 19:00:13.589 - PhaseOrchestrator_2518565b - INFO - Initialized 1 phase(s): ['Profiling']
2026-09-17 19:00:13.590 - dataset_manager - INFO - inputs.json file generated in 0.00 seconds
2026-09-17 19:00:13.655 - dataset_manager - INFO - Dataset client initialized and freed 100 conversations from memory
2026-09-17 19:00:13.656 - dataset_manager - INFO - Dataset configured in 0.43 seconds
2026-09-17 19:00:13.656 - system_controller - INFO - All services configured in 3.30 seconds
2026-09-17 19:00:13.657 - system_controller - INFO - AIPerf System is CONFIGURED
2026-09-17 19:00:13.658 - server_metrics_manager - INFO - Server Metrics: Started 1 collector(s) successfully
2026-09-17 19:00:13.659 - system_controller - INFO - All services started profiling successfully
2026-09-17 19:00:13.659 - system_controller - INFO - AIPerf System is PROFILING
2026-09-17 19:00:13.659 - RateTiming - INFO - Creating interval generator: pattern=concurrency_burst, rate=None, smoothness=None
2026-09-17 19:00:13.660 - PhaseRunner - NOTICE - Phase profiling (profiling) started | phase_index=0 | profiling_index=0 | target: 300.0s duration
2026-09-17 19:00:13.661 - PhaseRunner - INFO - Waiting for event 'profiling phase sending' with timeout of 299.999191824s
2026-09-17 19:00:13.661 - records_manager - INFO - Credit phase start: profiling
2026-09-17 19:05:13.660 - PhaseRunner - INFO - Timeout of 299.999191824s elapsed for event 'profiling phase sending'
2026-09-17 19:05:13.661 - PhaseRunner - NOTICE - Phase profiling (profiling) sending complete | sent=320, completed=288, in_flight=32 | sessions: sent=320, completed=288 | timeout_triggered=True
2026-09-17 19:05:13.661 - PhaseRunner - INFO - Waiting for event 'profiling phase credits returned' with timeout of 29.99866426699998s
2026-09-17 19:05:13.662 - records_manager - INFO - Sent 320 requests. Waiting for all to complete...
2026-09-17 19:05:15.766 - PhaseRunner - NOTICE - Phase profiling (profiling) complete | completed=320, cancelled=0, errors=0 | sessions: completed=320, cancelled=0 | elapsed=302.11s
2026-09-17 19:05:15.767 - PhaseOrchestrator_2518565b - NOTICE - All credits completed
2026-09-17 19:05:15.767 - system_controller - INFO - Received credits complete from 'timing_manager'
2026-09-17 19:05:15.767 - records_manager - INFO - Received CREDIT_PHASE_COMPLETE message, Phase complete: PhaseRecordsStats(phase=CreditPhase.PROFILING, phase_index=0, profiling_index=0, phase_name='profiling', phase_kind='profiling', start_ns=1789642813660572465, sent_end_ns=1789643113661060634, requests_end_ns=1789643115765977071, baseline_start_ns=1789642813660559601, baseline_end_ns=1789643115765984303, total_expected_requests=None, expected_duration_sec=None, expected_num_sessions=None, expected_grace_period_sec=None, final_requests_sent=None, final_requests_completed=320, final_requests_cancelled=0, final_request_errors=0, final_sent_sessions=None, final_completed_sessions=None, final_cancelled_sessions=None, timeout_triggered=True, grace_period_timeout_triggered=False, was_cancelled=False, records_end_ns=None, success_records=316, error_records=0)
2026-09-17 19:05:15.769 - records_manager - NOTICE - All requests have completed, please wait for the results to be processed (currently 316 of 320 records processed)...
2026-09-17 19:05:15.770 - records_manager - INFO - All credits complete, please wait for the results to be processed...
2026-09-17 19:05:15.773 - records_manager - INFO - Processed 320 valid requests and 0 errors (320 total).
2026-09-17 19:05:15.773 - records_manager - INFO - Received all records, processing now...
2026-09-17 19:05:15.774 - gpu_telemetry_manager - INFO - GPU Telemetry: Profiling complete, capturing final metrics...
2026-09-17 19:05:15.775 - records_manager - INFO - Waiting 2.0s for server metrics flush period...
2026-09-17 19:05:15.777 - server_metrics_manager - INFO - Server Metrics: Profiling complete, capturing final metrics...
2026-09-17 19:05:17.767 - records_manager - INFO - Processing records results...
2026-09-17 19:05:17.970 - system_controller - INFO - Waiting for result domains: server_metrics, telemetry
2026-09-17 19:05:17.971 - system_controller - INFO - Waiting for result domains: server_metrics
2026-09-17 19:05:18.296 - records_manager - INFO - _finalize_and_process_results completed
2026-09-17 19:05:18.307 - system_controller - INFO - All results received, initiating shutdown
2026-09-17 19:05:18.911 - ExporterManager - INFO - Exporting all records
2026-09-17 19:05:18.978 - ExporterManager - INFO - Exporting console data
