2026-09-16 22:41:20.559 - system_controller - INFO - Registered Worker Manager (id: 'worker_manager')
2026-09-16 22:41:20.571 - server_metrics_manager - INFO - Server Metrics: Discovered 1 endpoints: ['http://localhost:8000/metrics']
2026-09-16 22:41:20.593 - GPUTelemetryJSONLWriter_6bb8983b - INFO - GPU telemetry export enabled: /root/llm_perf/artifacts/20260916_223047_nvidia_NVIDIA-Nemotron-3-Super-120B-A12B-NVFP4_c1,4,16,32,64,128/profile_runs/trial_0001/concurrency_16/gpu_telemetry_export.jsonl
2026-09-16 22:41:20.601 - OTelMetricsResultsProcessor_e4540a36 - INFO - Telemetry streaming is disabled (set --otel-url and/or --mlflow-tracking-uri to enable)
2026-09-16 22:41:20.602 - RecordExportJSONLWriter_c18749c8 - INFO - Record metrics export enabled: /root/llm_perf/artifacts/20260916_223047_nvidia_NVIDIA-Nemotron-3-Super-120B-A12B-NVFP4_c1,4,16,32,64,128/profile_runs/trial_0001/concurrency_16/profile_export.jsonl
2026-09-16 22:41:20.623 - system_controller - INFO - Registered Record Processor (id: 'record_processor_4c8f9d46')
2026-09-16 22:41:20.624 - system_controller - INFO - Registered Records Manager (id: 'records_manager')
2026-09-16 22:41:20.625 - system_controller - INFO - Registered Record Processor (id: 'record_processor_e595179b')
2026-09-16 22:41:20.626 - system_controller - INFO - Registered Record Processor (id: 'record_processor_4829bdbc')
2026-09-16 22:41:20.627 - system_controller - INFO - Registered Record Processor (id: 'record_processor_43e15a4c')
2026-09-16 22:41:20.680 - system_controller - INFO - Registered Gpu Telemetry Manager (id: 'gpu_telemetry_manager')
2026-09-16 22:41:20.684 - system_controller - INFO - Registered Server Metrics Manager (id: 'server_metrics_manager')
2026-09-16 22:41:20.686 - system_controller - INFO - Registered Dataset Manager (id: 'dataset_manager')
2026-09-16 22:41:20.746 - system_controller - INFO - Registered Timing Manager (id: 'timing_manager')
2026-09-16 22:41:20.767 - system_controller - INFO - Registered Worker (id: 'worker_b0cbb485')
2026-09-16 22:41:20.768 - system_controller - INFO - Registered Worker (id: 'worker_25dccb24')
2026-09-16 22:41:20.784 - system_controller - INFO - Registered Worker (id: 'worker_14dcacfe')
2026-09-16 22:41:20.871 - system_controller - INFO - Registered Worker (id: 'worker_5fd003c9')
2026-09-16 22:41:20.872 - system_controller - INFO - Registered Worker (id: 'worker_0a377066')
2026-09-16 22:41:20.872 - system_controller - INFO - Registered Worker (id: 'worker_2509c71a')
2026-09-16 22:41:20.873 - system_controller - INFO - Registered Worker (id: 'worker_7220d911')
2026-09-16 22:41:20.873 - system_controller - INFO - Registered Worker (id: 'worker_5e2c3377')
2026-09-16 22:41:20.873 - system_controller - INFO - Registered Worker (id: 'worker_bb9bd635')
2026-09-16 22:41:20.874 - system_controller - INFO - Registered Worker (id: 'worker_62a8812d')
2026-09-16 22:41:20.874 - system_controller - INFO - Registered Worker (id: 'worker_623e4276')
2026-09-16 22:41:20.876 - system_controller - INFO - Registered Worker (id: 'worker_9d766bbd')
2026-09-16 22:41:20.876 - system_controller - INFO - Registered Worker (id: 'worker_2d7884fa')
2026-09-16 22:41:20.877 - system_controller - INFO - Registered Worker (id: 'worker_5206f2cd')
2026-09-16 22:41:20.880 - system_controller - INFO - Registered Worker (id: 'worker_d754de90')
2026-09-16 22:41:20.882 - system_controller - INFO - Registered Worker (id: 'worker_c07f0528')
2026-09-16 22:41:21.056 - system_controller - INFO - AIPerf System is CONFIGURING
2026-09-16 22:41:21.056 - system_controller - INFO - Configuring all services to start profiling
2026-09-16 22:41:21.057 - timing_manager - INFO - Waiting for dataset to be configured before configuring timing
2026-09-16 22:41:21.057 - InferenceResultParser_7f2f9683 - INFO - Tokenization is disabled for this endpoint, skipping tokenizer configuration
2026-09-16 22:41:21.057 - InferenceResultParser_c3d20bb2 - INFO - Tokenization is disabled for this endpoint, skipping tokenizer configuration
2026-09-16 22:41:21.057 - InferenceResultParser_cc842797 - INFO - Tokenization is disabled for this endpoint, skipping tokenizer configuration
2026-09-16 22:41:21.057 - InferenceResultParser_690ac13e - INFO - Tokenization is disabled for this endpoint, skipping tokenizer configuration
2026-09-16 22:41:21.057 - dataset_manager - INFO - Configuring tokenizer(s) for dataset manager
2026-09-16 22:41:21.066 - server_metrics_manager - INFO - Server Metrics: Capturing baseline metrics...
2026-09-16 22:41:21.068 - gpu_telemetry_manager - INFO - GPU Telemetry: Capturing baseline metrics from pynvml://localhost
2026-09-16 22:41:21.076 - pynvml_collector - INFO - PyNVML initialized with 1 GPU(s) (1 with GPM support)
2026-09-16 22:41:21.078 - http://localhost:8000/metrics - INFO - Skipping unsupported summary metric: http_request_size_bytes
2026-09-16 22:41:21.078 - http://localhost:8000/metrics - INFO - Skipping unsupported summary metric: http_response_size_bytes
2026-09-16 22:41:21.079 - system_controller - INFO - Server metrics enabled - 1/1 endpoint(s) reachable.
2026-09-16 22:41:21.080 - system_controller - INFO - Waiting for result domains: profile, server_metrics, telemetry
2026-09-16 22:41:21.086 - system_controller - INFO - DCGM telemetry enabled - 1/1 endpoint(s) reachable
2026-09-16 22:41:22.240 - httpx - INFO - HTTP Request: HEAD https://huggingface.co/nvidia/NVIDIA-Nemotron-3-Super-120B-A12B-NVFP4/resolve/main/config.json "HTTP/1.1 307 Temporary Redirect"
2026-09-16 22:41:22.247 - httpx - INFO - HTTP Request: HEAD https://huggingface.co/api/resolve-cache/models/nvidia/NVIDIA-Nemotron-3-Super-120B-A12B-NVFP4/ff433f5493e25d631c9f12b5d55c674229923d02/config.json?%2Fnvidia%2FNVIDIA-Nemotron-3-Super-120B-A12B-NVFP4%2Fresolve%2Fmain%2Fconfig.json=&etag=%2225fdfa00f468ad953fc5516aeab78a128332da1a%22 "HTTP/1.1 200 OK"
2026-09-16 22:41:22.923 - httpx - INFO - HTTP Request: HEAD https://huggingface.co/nvidia/NVIDIA-Nemotron-3-Super-120B-A12B-NVFP4/resolve/main/tokenizer_config.json "HTTP/1.1 307 Temporary Redirect"
2026-09-16 22:41:22.930 - httpx - INFO - HTTP Request: HEAD https://huggingface.co/api/resolve-cache/models/nvidia/NVIDIA-Nemotron-3-Super-120B-A12B-NVFP4/ff433f5493e25d631c9f12b5d55c674229923d02/tokenizer_config.json?%2Fnvidia%2FNVIDIA-Nemotron-3-Super-120B-A12B-NVFP4%2Fresolve%2Fmain%2Ftokenizer_config.json=&etag=%22c96e5ad00986bfa0b666d4bc425666f1c51d6d1b%22 "HTTP/1.1 200 OK"
2026-09-16 22:41:23.132 - httpx - INFO - HTTP Request: GET https://huggingface.co/api/models/nvidia/NVIDIA-Nemotron-3-Super-120B-A12B-NVFP4/tree/main/additional_chat_templates?recursive=false&expand=false "HTTP/1.1 404 Not Found"
2026-09-16 22:41:23.335 - httpx - INFO - HTTP Request: GET https://huggingface.co/api/models/nvidia/NVIDIA-Nemotron-3-Super-120B-A12B-NVFP4/tree/main?recursive=true&expand=false "HTTP/1.1 200 OK"
2026-09-16 22:41:24.311 - httpx - INFO - HTTP Request: GET https://huggingface.co/api/models/nvidia/NVIDIA-Nemotron-3-Super-120B-A12B-NVFP4 "HTTP/1.1 200 OK"
2026-09-16 22:41:24.540 - dataset_manager - INFO - Tokenizer(s) configured in 3.48 seconds
2026-09-16 22:41:24.540 - dataset_manager - INFO - Configuring dataset for dataset_manager
2026-09-16 22:41:24.883 - MemoryMapDatasetBackingStore_c4971d0e - INFO - Memory-mapped backing store initialized (streaming to /tmp/aiperf_mmap_1553e65c516144db8da6305c9dbf4d18/dataset.dat)
2026-09-16 22:41:24.889 - MemoryMapDatasetBackingStore_c4971d0e - INFO - Data file finalized: 100 conversations, 0.49 MB
2026-09-16 22:41:24.890 - MemoryMapDatasetBackingStore_c4971d0e - INFO - Index file created: /tmp/aiperf_mmap_1553e65c516144db8da6305c9dbf4d18/index.dat
2026-09-16 22:41:24.891 - dataset_manager - INFO - Backing store finalized: client_type=DatasetClientStoreType.MEMORY_MAP format=MemoryMapFormat.CONVERSATION data_file_path=PosixPath('/tmp/aiperf_mmap_1553e65c516144db8da6305c9dbf4d18/dataset.dat') index_file_path=PosixPath('/tmp/aiperf_mmap_1553e65c516144db8da6305c9dbf4d18/index.dat') conversation_count=100 total_size_bytes=518132 compressed=False compressed_data_file_path=None compressed_index_file_path=None compressed_size_bytes=0
2026-09-16 22:41:24.893 - dataset_manager - INFO - sampling strategy: sequential, unique conversations: 100, unique turn count: 100
2026-09-16 22:41:24.894 - dataset_manager - INFO - Generating inputs.json file at /root/llm_perf/artifacts/20260916_223047_nvidia_NVIDIA-Nemotron-3-Super-120B-A12B-NVFP4_c1,4,16,32,64,128/profile_runs/trial_0001/concurrency_16/inputs.json
2026-09-16 22:41:24.896 - PhaseOrchestrator_600adcb5 - INFO - Initialized 1 phase(s): ['Profiling']
2026-09-16 22:41:24.899 - dataset_manager - INFO - inputs.json file generated in 0.00 seconds
2026-09-16 22:41:24.962 - dataset_manager - INFO - Dataset client initialized and freed 100 conversations from memory
2026-09-16 22:41:24.962 - dataset_manager - INFO - Dataset configured in 0.42 seconds
2026-09-16 22:41:24.963 - system_controller - INFO - All services configured in 3.91 seconds
2026-09-16 22:41:24.964 - system_controller - INFO - AIPerf System is CONFIGURED
2026-09-16 22:41:24.964 - server_metrics_manager - INFO - Server Metrics: Started 1 collector(s) successfully
2026-09-16 22:41:24.965 - system_controller - INFO - All services started profiling successfully
2026-09-16 22:41:24.965 - system_controller - INFO - AIPerf System is PROFILING
2026-09-16 22:41:24.966 - RateTiming - INFO - Creating interval generator: pattern=concurrency_burst, rate=None, smoothness=None
2026-09-16 22:41:24.967 - PhaseRunner - NOTICE - Phase profiling (profiling) started | phase_index=0 | profiling_index=0 | target: 300.0s duration
2026-09-16 22:41:24.967 - PhaseRunner - INFO - Waiting for event 'profiling phase sending' with timeout of 299.999302778s
2026-09-16 22:41:24.968 - records_manager - INFO - Credit phase start: profiling
2026-09-16 22:46:24.966 - PhaseRunner - INFO - Timeout of 299.999302778s elapsed for event 'profiling phase sending'
2026-09-16 22:46:24.967 - PhaseRunner - NOTICE - Phase profiling (profiling) sending complete | sent=912, completed=896, in_flight=16 | sessions: sent=912, completed=896 | timeout_triggered=True
2026-09-16 22:46:24.967 - PhaseRunner - INFO - Waiting for event 'profiling phase credits returned' with timeout of 29.999278883999978s
2026-09-16 22:46:24.967 - records_manager - INFO - Sent 912 requests. Waiting for all to complete...
2026-09-16 22:46:25.933 - PhaseRunner - NOTICE - Phase profiling (profiling) complete | completed=912, cancelled=0, errors=0 | sessions: completed=912, cancelled=0 | elapsed=300.97s
2026-09-16 22:46:25.933 - PhaseOrchestrator_600adcb5 - NOTICE - All credits completed
2026-09-16 22:46:25.934 - system_controller - INFO - Received credits complete from 'timing_manager'
2026-09-16 22:46:25.934 - records_manager - INFO - Received CREDIT_PHASE_COMPLETE message, Phase complete: PhaseRecordsStats(phase=CreditPhase.PROFILING, phase_index=0, profiling_index=0, phase_name='profiling', phase_kind='profiling', start_ns=1789569684967083360, sent_end_ns=1789569984967052662, requests_end_ns=1789569985932907477, baseline_start_ns=1789569684967071263, baseline_end_ns=1789569985932914613, total_expected_requests=None, expected_duration_sec=None, expected_num_sessions=None, expected_grace_period_sec=None, final_requests_sent=None, final_requests_completed=912, final_requests_cancelled=0, final_request_errors=0, final_sent_sessions=None, final_completed_sessions=None, final_cancelled_sessions=None, timeout_triggered=True, grace_period_timeout_triggered=False, was_cancelled=False, records_end_ns=None, success_records=897, error_records=0)
2026-09-16 22:46:25.936 - records_manager - NOTICE - All requests have completed, please wait for the results to be processed (currently 897 of 912 records processed)...
2026-09-16 22:46:25.937 - records_manager - INFO - All credits complete, please wait for the results to be processed...
2026-09-16 22:46:25.989 - records_manager - INFO - Processed 912 valid requests and 0 errors (912 total).
2026-09-16 22:46:25.989 - records_manager - INFO - Received all records, processing now...
2026-09-16 22:46:25.990 - gpu_telemetry_manager - INFO - GPU Telemetry: Profiling complete, capturing final metrics...
2026-09-16 22:46:25.990 - server_metrics_manager - INFO - Server Metrics: Profiling complete, capturing final metrics...
2026-09-16 22:46:25.991 - records_manager - INFO - Waiting 1.9s for server metrics flush period...
2026-09-16 22:46:27.933 - records_manager - INFO - Processing records results...
2026-09-16 22:46:28.684 - system_controller - INFO - Waiting for result domains: server_metrics, telemetry
2026-09-16 22:46:28.685 - system_controller - INFO - Waiting for result domains: server_metrics
2026-09-16 22:46:28.984 - records_manager - INFO - _finalize_and_process_results completed
2026-09-16 22:46:28.987 - system_controller - INFO - All results received, initiating shutdown
2026-09-16 22:46:29.591 - ExporterManager - INFO - Exporting all records
2026-09-16 22:46:29.699 - ExporterManager - INFO - Exporting console data
