2026-09-16 19:36:02.829 - system_controller - INFO - Registered Worker Manager (id: 'worker_manager')
2026-09-16 19:36:02.840 - server_metrics_manager - INFO - Server Metrics: Discovered 1 endpoints: ['http://localhost:8000/metrics']
2026-09-16 19:36:02.861 - GPUTelemetryJSONLWriter_f03d2931 - INFO - GPU telemetry export enabled: /root/llm_perf/artifacts/20260916_183753_google_gemma-4-E4B-it-qat-w4a16-ct_c1,4,16,32,64,128,256/profile_runs/trial_0002/concurrency_64/gpu_telemetry_export.jsonl
2026-09-16 19:36:02.868 - OTelMetricsResultsProcessor_da5bfcaa - INFO - Telemetry streaming is disabled (set --otel-url and/or --mlflow-tracking-uri to enable)
2026-09-16 19:36:02.869 - RecordExportJSONLWriter_ba8285a5 - INFO - Record metrics export enabled: /root/llm_perf/artifacts/20260916_183753_google_gemma-4-E4B-it-qat-w4a16-ct_c1,4,16,32,64,128,256/profile_runs/trial_0002/concurrency_64/profile_export.jsonl
2026-09-16 19:36:02.957 - system_controller - INFO - Registered Server Metrics Manager (id: 'server_metrics_manager')
2026-09-16 19:36:02.960 - system_controller - INFO - Registered Gpu Telemetry Manager (id: 'gpu_telemetry_manager')
2026-09-16 19:36:02.961 - system_controller - INFO - Registered Dataset Manager (id: 'dataset_manager')
2026-09-16 19:36:02.962 - system_controller - INFO - Registered Record Processor (id: 'record_processor_4a689800')
2026-09-16 19:36:02.963 - system_controller - INFO - Registered Record Processor (id: 'record_processor_8e8528a5')
2026-09-16 19:36:02.964 - system_controller - INFO - Registered Record Processor (id: 'record_processor_ef16fc5b')
2026-09-16 19:36:02.966 - system_controller - INFO - Registered Record Processor (id: 'record_processor_611826dd')
2026-09-16 19:36:02.968 - system_controller - INFO - Registered Record Processor (id: 'record_processor_6db15341')
2026-09-16 19:36:02.971 - system_controller - INFO - Registered Record Processor (id: 'record_processor_3e55d127')
2026-09-16 19:36:02.974 - system_controller - INFO - Registered Record Processor (id: 'record_processor_a7ae8f38')
2026-09-16 19:36:02.975 - system_controller - INFO - Registered Record Processor (id: 'record_processor_8fe9b794')
2026-09-16 19:36:02.989 - system_controller - INFO - Registered Records Manager (id: 'records_manager')
2026-09-16 19:36:03.054 - system_controller - INFO - Registered Timing Manager (id: 'timing_manager')
2026-09-16 19:36:03.067 - system_controller - INFO - Registered Worker (id: 'worker_9b3b8275')
2026-09-16 19:36:03.090 - system_controller - INFO - Registered Worker (id: 'worker_ffd5bb6a')
2026-09-16 19:36:03.091 - system_controller - INFO - Registered Worker (id: 'worker_7245cb14')
2026-09-16 19:36:03.091 - system_controller - INFO - Registered Worker (id: 'worker_998d6358')
2026-09-16 19:36:03.096 - system_controller - INFO - Registered Worker (id: 'worker_d0132f40')
2026-09-16 19:36:03.098 - system_controller - INFO - Registered Worker (id: 'worker_d0ca4c0c')
2026-09-16 19:36:03.098 - system_controller - INFO - Registered Worker (id: 'worker_71c9e373')
2026-09-16 19:36:03.099 - system_controller - INFO - Registered Worker (id: 'worker_031c5077')
2026-09-16 19:36:03.101 - system_controller - INFO - Registered Worker (id: 'worker_5b505674')
2026-09-16 19:36:03.104 - system_controller - INFO - Registered Worker (id: 'worker_9d19ab52')
2026-09-16 19:36:03.109 - system_controller - INFO - Registered Worker (id: 'worker_fb03cfd3')
2026-09-16 19:36:03.110 - system_controller - INFO - Registered Worker (id: 'worker_2aaa6165')
2026-09-16 19:36:03.111 - system_controller - INFO - Registered Worker (id: 'worker_00b0dc15')
2026-09-16 19:36:03.112 - system_controller - INFO - Registered Worker (id: 'worker_179b8890')
2026-09-16 19:36:03.112 - system_controller - INFO - Registered Worker (id: 'worker_d926f204')
2026-09-16 19:36:03.116 - system_controller - INFO - Registered Worker (id: 'worker_20633215')
2026-09-16 19:36:03.142 - system_controller - INFO - Registered Worker (id: 'worker_1f1da240')
2026-09-16 19:36:03.143 - system_controller - INFO - Registered Worker (id: 'worker_283770d7')
2026-09-16 19:36:03.144 - system_controller - INFO - Registered Worker (id: 'worker_d68e2fd5')
2026-09-16 19:36:03.147 - system_controller - INFO - Registered Worker (id: 'worker_83eb6e91')
2026-09-16 19:36:03.149 - system_controller - INFO - Registered Worker (id: 'worker_615aeba6')
2026-09-16 19:36:03.153 - system_controller - INFO - Registered Worker (id: 'worker_71bb2dd2')
2026-09-16 19:36:03.217 - system_controller - INFO - Registered Worker (id: 'worker_0d970be8')
2026-09-16 19:36:03.218 - system_controller - INFO - Registered Worker (id: 'worker_b29e47c4')
2026-09-16 19:36:03.220 - system_controller - INFO - Registered Worker (id: 'worker_fd3b14ef')
2026-09-16 19:36:03.223 - system_controller - INFO - Registered Worker (id: 'worker_c580bf9e')
2026-09-16 19:36:03.224 - system_controller - INFO - Registered Worker (id: 'worker_f8ee116e')
2026-09-16 19:36:03.243 - system_controller - INFO - Registered Worker (id: 'worker_1170fd6d')
2026-09-16 19:36:03.244 - system_controller - INFO - Registered Worker (id: 'worker_624336df')
2026-09-16 19:36:03.249 - system_controller - INFO - Registered Worker (id: 'worker_13d97fbe')
2026-09-16 19:36:03.249 - system_controller - INFO - Registered Worker (id: 'worker_184fa474')
2026-09-16 19:36:03.250 - system_controller - INFO - Registered Worker (id: 'worker_c4a6f633')
2026-09-16 19:36:03.326 - system_controller - INFO - AIPerf System is CONFIGURING
2026-09-16 19:36:03.326 - system_controller - INFO - Configuring all services to start profiling
2026-09-16 19:36:03.327 - timing_manager - INFO - Waiting for dataset to be configured before configuring timing
2026-09-16 19:36:03.326 - InferenceResultParser_40a3bbc3 - INFO - Tokenization is disabled for this endpoint, skipping tokenizer configuration
2026-09-16 19:36:03.327 - InferenceResultParser_749b7a55 - INFO - Tokenization is disabled for this endpoint, skipping tokenizer configuration
2026-09-16 19:36:03.327 - InferenceResultParser_1cb03a67 - INFO - Tokenization is disabled for this endpoint, skipping tokenizer configuration
2026-09-16 19:36:03.327 - InferenceResultParser_1c5bfa73 - INFO - Tokenization is disabled for this endpoint, skipping tokenizer configuration
2026-09-16 19:36:03.327 - InferenceResultParser_8a83fa02 - INFO - Tokenization is disabled for this endpoint, skipping tokenizer configuration
2026-09-16 19:36:03.327 - InferenceResultParser_5655ef7e - INFO - Tokenization is disabled for this endpoint, skipping tokenizer configuration
2026-09-16 19:36:03.327 - InferenceResultParser_0b68b478 - INFO - Tokenization is disabled for this endpoint, skipping tokenizer configuration
2026-09-16 19:36:03.327 - InferenceResultParser_9d42ef74 - INFO - Tokenization is disabled for this endpoint, skipping tokenizer configuration
2026-09-16 19:36:03.327 - dataset_manager - INFO - Configuring tokenizer(s) for dataset manager
2026-09-16 19:36:03.335 - server_metrics_manager - INFO - Server Metrics: Capturing baseline metrics...
2026-09-16 19:36:03.337 - gpu_telemetry_manager - INFO - GPU Telemetry: Capturing baseline metrics from pynvml://localhost
2026-09-16 19:36:03.346 - pynvml_collector - INFO - PyNVML initialized with 1 GPU(s) (1 with GPM support)
2026-09-16 19:36:03.349 - http://localhost:8000/metrics - INFO - Skipping unsupported summary metric: http_request_size_bytes
2026-09-16 19:36:03.350 - http://localhost:8000/metrics - INFO - Skipping unsupported summary metric: http_response_size_bytes
2026-09-16 19:36:03.351 - system_controller - INFO - Server metrics enabled - 1/1 endpoint(s) reachable.
2026-09-16 19:36:03.351 - system_controller - INFO - Waiting for result domains: profile, server_metrics, telemetry
2026-09-16 19:36:03.357 - system_controller - INFO - DCGM telemetry enabled - 1/1 endpoint(s) reachable
2026-09-16 19:36:04.486 - httpx - INFO - HTTP Request: HEAD https://huggingface.co/google/gemma-4-E4B-it-qat-w4a16-ct/resolve/main/config.json "HTTP/1.1 307 Temporary Redirect"
2026-09-16 19:36:04.492 - httpx - INFO - HTTP Request: HEAD https://huggingface.co/api/resolve-cache/models/google/gemma-4-E4B-it-qat-w4a16-ct/6cd26aaa2357fb2bad8c51699a7558a4d1a965bb/config.json?%2Fgoogle%2Fgemma-4-E4B-it-qat-w4a16-ct%2Fresolve%2Fmain%2Fconfig.json=&etag=%22cc8c5ca64e33c073a961fc35777c38badb2efd52%22 "HTTP/1.1 200 OK"
2026-09-16 19:36:04.708 - httpx - INFO - HTTP Request: HEAD https://huggingface.co/google/gemma-4-E4B-it-qat-w4a16-ct/resolve/main/tokenizer_config.json "HTTP/1.1 307 Temporary Redirect"
2026-09-16 19:36:04.713 - httpx - INFO - HTTP Request: HEAD https://huggingface.co/api/resolve-cache/models/google/gemma-4-E4B-it-qat-w4a16-ct/6cd26aaa2357fb2bad8c51699a7558a4d1a965bb/tokenizer_config.json?%2Fgoogle%2Fgemma-4-E4B-it-qat-w4a16-ct%2Fresolve%2Fmain%2Ftokenizer_config.json=&etag=%22b22e2c5c05597a7e8c0cb1cebdb7d45570772005%22 "HTTP/1.1 200 OK"
2026-09-16 19:36:04.915 - httpx - INFO - HTTP Request: GET https://huggingface.co/api/models/google/gemma-4-E4B-it-qat-w4a16-ct/tree/main/additional_chat_templates?recursive=false&expand=false "HTTP/1.1 404 Not Found"
2026-09-16 19:36:05.116 - httpx - INFO - HTTP Request: GET https://huggingface.co/api/models/google/gemma-4-E4B-it-qat-w4a16-ct/tree/main?recursive=true&expand=false "HTTP/1.1 200 OK"
2026-09-16 19:36:06.247 - httpx - INFO - HTTP Request: GET https://huggingface.co/api/models/google/gemma-4-E4B-it-qat-w4a16-ct "HTTP/1.1 200 OK"
2026-09-16 19:36:06.275 - dataset_manager - INFO - Tokenizer(s) configured in 2.95 seconds
2026-09-16 19:36:06.276 - dataset_manager - INFO - Configuring dataset for dataset_manager
2026-09-16 19:36:06.586 - MemoryMapDatasetBackingStore_7dce658b - INFO - Memory-mapped backing store initialized (streaming to /tmp/aiperf_mmap_4b47f7f6f8ea4200b05206e93c9dc1e1/dataset.dat)
2026-09-16 19:36:06.592 - MemoryMapDatasetBackingStore_7dce658b - INFO - Data file finalized: 100 conversations, 0.53 MB
2026-09-16 19:36:06.593 - MemoryMapDatasetBackingStore_7dce658b - INFO - Index file created: /tmp/aiperf_mmap_4b47f7f6f8ea4200b05206e93c9dc1e1/index.dat
2026-09-16 19:36:06.593 - dataset_manager - INFO - Backing store finalized: client_type=DatasetClientStoreType.MEMORY_MAP format=MemoryMapFormat.CONVERSATION data_file_path=PosixPath('/tmp/aiperf_mmap_4b47f7f6f8ea4200b05206e93c9dc1e1/dataset.dat') index_file_path=PosixPath('/tmp/aiperf_mmap_4b47f7f6f8ea4200b05206e93c9dc1e1/index.dat') conversation_count=100 total_size_bytes=550902 compressed=False compressed_data_file_path=None compressed_index_file_path=None compressed_size_bytes=0
2026-09-16 19:36:06.595 - dataset_manager - INFO - sampling strategy: sequential, unique conversations: 100, unique turn count: 100
2026-09-16 19:36:06.597 - dataset_manager - INFO - Generating inputs.json file at /root/llm_perf/artifacts/20260916_183753_google_gemma-4-E4B-it-qat-w4a16-ct_c1,4,16,32,64,128,256/profile_runs/trial_0002/concurrency_64/inputs.json
2026-09-16 19:36:06.598 - PhaseOrchestrator_adecf5cd - INFO - Initialized 1 phase(s): ['Profiling']
2026-09-16 19:36:06.600 - dataset_manager - INFO - inputs.json file generated in 0.00 seconds
2026-09-16 19:36:06.679 - dataset_manager - INFO - Dataset client initialized and freed 100 conversations from memory
2026-09-16 19:36:06.680 - dataset_manager - INFO - Dataset configured in 0.40 seconds
2026-09-16 19:36:06.681 - system_controller - INFO - All services configured in 3.35 seconds
2026-09-16 19:36:06.681 - system_controller - INFO - AIPerf System is CONFIGURED
2026-09-16 19:36:06.682 - server_metrics_manager - INFO - Server Metrics: Started 1 collector(s) successfully
2026-09-16 19:36:06.683 - system_controller - INFO - All services started profiling successfully
2026-09-16 19:36:06.683 - system_controller - INFO - AIPerf System is PROFILING
2026-09-16 19:36:06.684 - RateTiming - INFO - Creating interval generator: pattern=concurrency_burst, rate=None, smoothness=None
2026-09-16 19:36:06.685 - PhaseRunner - NOTICE - Phase profiling (profiling) started | phase_index=0 | profiling_index=0 | target: 300.0s duration
2026-09-16 19:36:06.685 - PhaseRunner - INFO - Waiting for event 'profiling phase sending' with timeout of 299.999244601s
2026-09-16 19:36:06.686 - records_manager - INFO - Credit phase start: profiling
2026-09-16 19:41:06.684 - PhaseRunner - INFO - Timeout of 299.999244601s elapsed for event 'profiling phase sending'
2026-09-16 19:41:06.685 - PhaseRunner - NOTICE - Phase profiling (profiling) sending complete | sent=4,352, completed=4,288, in_flight=64 | sessions: sent=4,352, completed=4,288 | timeout_triggered=True
2026-09-16 19:41:06.685 - PhaseRunner - INFO - Waiting for event 'profiling phase credits returned' with timeout of 29.99911461900001s
2026-09-16 19:41:06.686 - records_manager - INFO - Sent 4,352 requests. Waiting for all to complete...
2026-09-16 19:41:10.059 - PhaseRunner - NOTICE - Phase profiling (profiling) complete | completed=4,352, cancelled=0, errors=0 | sessions: completed=4,352, cancelled=0 | elapsed=303.37s
2026-09-16 19:41:10.060 - PhaseOrchestrator_adecf5cd - NOTICE - All credits completed
2026-09-16 19:41:10.061 - system_controller - INFO - Received credits complete from 'timing_manager'
2026-09-16 19:41:10.065 - records_manager - INFO - Received CREDIT_PHASE_COMPLETE message, Phase complete: PhaseRecordsStats(phase=CreditPhase.PROFILING, phase_index=0, profiling_index=0, phase_name='profiling', phase_kind='profiling', start_ns=1789558566685012114, sent_end_ns=1789558866685053456, requests_end_ns=1789558870059803971, baseline_start_ns=1789558566685000018, baseline_end_ns=1789558870059811811, total_expected_requests=None, expected_duration_sec=None, expected_num_sessions=None, expected_grace_period_sec=None, final_requests_sent=None, final_requests_completed=4352, final_requests_cancelled=0, final_request_errors=0, final_sent_sessions=None, final_completed_sessions=None, final_cancelled_sessions=None, timeout_triggered=True, grace_period_timeout_triggered=False, was_cancelled=False, records_end_ns=None, success_records=4289, error_records=0)
2026-09-16 19:41:10.068 - records_manager - NOTICE - All requests have completed, please wait for the results to be processed (currently 4,289 of 4,352 records processed)...
2026-09-16 19:41:10.068 - records_manager - INFO - All credits complete, please wait for the results to be processed...
2026-09-16 19:41:10.090 - records_manager - INFO - Processed 4352 valid requests and 0 errors (4352 total).
2026-09-16 19:41:10.090 - records_manager - INFO - Received all records, processing now...
2026-09-16 19:41:10.091 - server_metrics_manager - INFO - Server Metrics: Profiling complete, capturing final metrics...
2026-09-16 19:41:10.091 - gpu_telemetry_manager - INFO - GPU Telemetry: Profiling complete, capturing final metrics...
2026-09-16 19:41:10.091 - records_manager - INFO - Waiting 2.0s for server metrics flush period...
2026-09-16 19:41:12.059 - records_manager - INFO - Processing records results...
2026-09-16 19:41:12.981 - system_controller - INFO - Waiting for result domains: server_metrics, telemetry
2026-09-16 19:41:12.982 - system_controller - INFO - Waiting for result domains: server_metrics
2026-09-16 19:41:13.352 - records_manager - INFO - _finalize_and_process_results completed
2026-09-16 19:41:13.356 - system_controller - INFO - All results received, initiating shutdown
2026-09-16 19:41:13.960 - ExporterManager - INFO - Exporting all records
2026-09-16 19:41:14.067 - ExporterManager - INFO - Exporting console data
