2026-09-17 21:56:18.511 - system_controller - INFO - Registered Worker Manager (id: 'worker_manager')
2026-09-17 21:56:18.521 - server_metrics_manager - INFO - Server Metrics: Discovered 1 endpoints: ['http://localhost:8000/metrics']
2026-09-17 21:56:18.544 - GPUTelemetryJSONLWriter_0451c76f - INFO - GPU telemetry export enabled: /root/llm_perf/artifacts/20260917_211657_zai-org_GLM-5.3-Flash_c1,4,16,32/profile_runs/trial_0002/concurrency_32/gpu_telemetry_export.jsonl
2026-09-17 21:56:18.550 - OTelMetricsResultsProcessor_b54fd6c3 - INFO - Telemetry streaming is disabled (set --otel-url and/or --mlflow-tracking-uri to enable)
2026-09-17 21:56:18.551 - RecordExportJSONLWriter_5d74774b - INFO - Record metrics export enabled: /root/llm_perf/artifacts/20260917_211657_zai-org_GLM-5.3-Flash_c1,4,16,32/profile_runs/trial_0002/concurrency_32/profile_export.jsonl
2026-09-17 21:56:18.635 - system_controller - INFO - Registered Records Manager (id: 'records_manager')
2026-09-17 21:56:18.637 - system_controller - INFO - Registered Gpu Telemetry Manager (id: 'gpu_telemetry_manager')
2026-09-17 21:56:18.638 - system_controller - INFO - Registered Dataset Manager (id: 'dataset_manager')
2026-09-17 21:56:18.640 - system_controller - INFO - Registered Record Processor (id: 'record_processor_65e88caa')
2026-09-17 21:56:18.642 - system_controller - INFO - Registered Record Processor (id: 'record_processor_32dfc406')
2026-09-17 21:56:18.643 - system_controller - INFO - Registered Server Metrics Manager (id: 'server_metrics_manager')
2026-09-17 21:56:18.644 - system_controller - INFO - Registered Record Processor (id: 'record_processor_8fc16579')
2026-09-17 21:56:18.646 - system_controller - INFO - Registered Record Processor (id: 'record_processor_9e05a136')
2026-09-17 21:56:18.646 - system_controller - INFO - Registered Record Processor (id: 'record_processor_24b72d91')
2026-09-17 21:56:18.649 - system_controller - INFO - Registered Record Processor (id: 'record_processor_1f72c442')
2026-09-17 21:56:18.652 - system_controller - INFO - Registered Record Processor (id: 'record_processor_0e91e2db')
2026-09-17 21:56:18.653 - system_controller - INFO - Registered Record Processor (id: 'record_processor_3eef78c6')
2026-09-17 21:56:18.739 - system_controller - INFO - Registered Timing Manager (id: 'timing_manager')
2026-09-17 21:56:18.769 - system_controller - INFO - Registered Worker (id: 'worker_2e239497')
2026-09-17 21:56:18.781 - system_controller - INFO - Registered Worker (id: 'worker_300d21c8')
2026-09-17 21:56:18.782 - system_controller - INFO - Registered Worker (id: 'worker_e46a0fcb')
2026-09-17 21:56:18.782 - system_controller - INFO - Registered Worker (id: 'worker_f7954efb')
2026-09-17 21:56:18.783 - system_controller - INFO - Registered Worker (id: 'worker_ef329290')
2026-09-17 21:56:18.789 - system_controller - INFO - Registered Worker (id: 'worker_27bbf91d')
2026-09-17 21:56:18.790 - system_controller - INFO - Registered Worker (id: 'worker_699095e6')
2026-09-17 21:56:18.796 - system_controller - INFO - Registered Worker (id: 'worker_be05ecab')
2026-09-17 21:56:18.796 - system_controller - INFO - Registered Worker (id: 'worker_1808a1de')
2026-09-17 21:56:18.797 - system_controller - INFO - Registered Worker (id: 'worker_8494afa0')
2026-09-17 21:56:18.798 - system_controller - INFO - Registered Worker (id: 'worker_0319f17f')
2026-09-17 21:56:18.799 - system_controller - INFO - Registered Worker (id: 'worker_d2c5e0fc')
2026-09-17 21:56:18.802 - system_controller - INFO - Registered Worker (id: 'worker_a4cf27c4')
2026-09-17 21:56:18.806 - system_controller - INFO - Registered Worker (id: 'worker_68b3fe8a')
2026-09-17 21:56:18.808 - system_controller - INFO - Registered Worker (id: 'worker_3f178b3e')
2026-09-17 21:56:18.809 - system_controller - INFO - Registered Worker (id: 'worker_7ed5c7b9')
2026-09-17 21:56:18.830 - system_controller - INFO - Registered Worker (id: 'worker_9edf2f46')
2026-09-17 21:56:18.833 - system_controller - INFO - Registered Worker (id: 'worker_0d6a057f')
2026-09-17 21:56:18.834 - system_controller - INFO - Registered Worker (id: 'worker_44ced2bd')
2026-09-17 21:56:18.835 - system_controller - INFO - Registered Worker (id: 'worker_2d6aa7ee')
2026-09-17 21:56:18.836 - system_controller - INFO - Registered Worker (id: 'worker_c9d273ff')
2026-09-17 21:56:18.838 - system_controller - INFO - Registered Worker (id: 'worker_8efd2e6a')
2026-09-17 21:56:18.898 - system_controller - INFO - Registered Worker (id: 'worker_d0074a38')
2026-09-17 21:56:18.902 - system_controller - INFO - Registered Worker (id: 'worker_fea0a35b')
2026-09-17 21:56:18.908 - system_controller - INFO - Registered Worker (id: 'worker_414136d4')
2026-09-17 21:56:18.908 - system_controller - INFO - Registered Worker (id: 'worker_6c334d75')
2026-09-17 21:56:18.910 - system_controller - INFO - Registered Worker (id: 'worker_30f670c8')
2026-09-17 21:56:18.927 - system_controller - INFO - Registered Worker (id: 'worker_499589ac')
2026-09-17 21:56:18.928 - system_controller - INFO - Registered Worker (id: 'worker_ab1aa615')
2026-09-17 21:56:18.929 - system_controller - INFO - Registered Worker (id: 'worker_bd6066a7')
2026-09-17 21:56:18.931 - system_controller - INFO - Registered Worker (id: 'worker_da2f6ade')
2026-09-17 21:56:18.935 - system_controller - INFO - Registered Worker (id: 'worker_ed2399ca')
2026-09-17 21:56:19.006 - system_controller - INFO - AIPerf System is CONFIGURING
2026-09-17 21:56:19.007 - system_controller - INFO - Configuring all services to start profiling
2026-09-17 21:56:19.008 - timing_manager - INFO - Waiting for dataset to be configured before configuring timing
2026-09-17 21:56:19.008 - InferenceResultParser_863f7fe1 - INFO - Tokenization is disabled for this endpoint, skipping tokenizer configuration
2026-09-17 21:56:19.008 - InferenceResultParser_cf7f7ae6 - INFO - Tokenization is disabled for this endpoint, skipping tokenizer configuration
2026-09-17 21:56:19.008 - InferenceResultParser_5c59d2e9 - INFO - Tokenization is disabled for this endpoint, skipping tokenizer configuration
2026-09-17 21:56:19.008 - InferenceResultParser_7c2d5e77 - INFO - Tokenization is disabled for this endpoint, skipping tokenizer configuration
2026-09-17 21:56:19.008 - InferenceResultParser_17b27e70 - INFO - Tokenization is disabled for this endpoint, skipping tokenizer configuration
2026-09-17 21:56:19.008 - InferenceResultParser_752cf945 - INFO - Tokenization is disabled for this endpoint, skipping tokenizer configuration
2026-09-17 21:56:19.008 - InferenceResultParser_4940205c - INFO - Tokenization is disabled for this endpoint, skipping tokenizer configuration
2026-09-17 21:56:19.008 - InferenceResultParser_5d031947 - INFO - Tokenization is disabled for this endpoint, skipping tokenizer configuration
2026-09-17 21:56:19.008 - dataset_manager - INFO - Configuring tokenizer(s) for dataset manager
2026-09-17 21:56:19.017 - server_metrics_manager - INFO - Server Metrics: Capturing baseline metrics...
2026-09-17 21:56:19.019 - gpu_telemetry_manager - INFO - GPU Telemetry: Capturing baseline metrics from pynvml://localhost
2026-09-17 21:56:19.027 - pynvml_collector - INFO - PyNVML initialized with 1 GPU(s) (1 with GPM support)
2026-09-17 21:56:19.030 - http://localhost:8000/metrics - INFO - Skipping unsupported summary metric: http_request_size_bytes
2026-09-17 21:56:19.030 - http://localhost:8000/metrics - INFO - Skipping unsupported summary metric: http_response_size_bytes
2026-09-17 21:56:19.032 - system_controller - INFO - Server metrics enabled - 1/1 endpoint(s) reachable.
2026-09-17 21:56:19.032 - system_controller - INFO - Waiting for result domains: profile, server_metrics, telemetry
2026-09-17 21:56:19.037 - system_controller - INFO - DCGM telemetry enabled - 1/1 endpoint(s) reachable
2026-09-17 21:56:20.162 - httpx - INFO - HTTP Request: HEAD https://huggingface.co/zai-org/GLM-5.3-Flash/resolve/main/config.json "HTTP/1.1 307 Temporary Redirect"
2026-09-17 21:56:20.167 - httpx - INFO - HTTP Request: HEAD https://huggingface.co/api/resolve-cache/models/zai-org/GLM-5.3-Flash/eb9eb208eb0d988989d07a6a12d0fdeb5f52574a/config.json?%2Fzai-org%2FGLM-5.3-Flash%2Fresolve%2Fmain%2Fconfig.json=&etag=%22f93128cf7f31ca2b22e367cd63676c320c4164a7%22 "HTTP/1.1 200 OK"
2026-09-17 21:56:20.386 - httpx - INFO - HTTP Request: HEAD https://huggingface.co/zai-org/GLM-5.3-Flash/resolve/main/tokenizer_config.json "HTTP/1.1 307 Temporary Redirect"
2026-09-17 21:56:20.392 - httpx - INFO - HTTP Request: HEAD https://huggingface.co/api/resolve-cache/models/zai-org/GLM-5.3-Flash/eb9eb208eb0d988989d07a6a12d0fdeb5f52574a/tokenizer_config.json?%2Fzai-org%2FGLM-5.3-Flash%2Fresolve%2Fmain%2Ftokenizer_config.json=&etag=%22e375fa0a4e16660ce0e2026e39374d35dad4c079%22 "HTTP/1.1 200 OK"
2026-09-17 21:56:20.591 - httpx - INFO - HTTP Request: GET https://huggingface.co/api/models/zai-org/GLM-5.3-Flash/tree/main/additional_chat_templates?recursive=false&expand=false "HTTP/1.1 404 Not Found"
2026-09-17 21:56:20.796 - httpx - INFO - HTTP Request: GET https://huggingface.co/api/models/zai-org/GLM-5.3-Flash/tree/main?recursive=true&expand=false "HTTP/1.1 200 OK"
2026-09-17 21:56:21.929 - httpx - INFO - HTTP Request: GET https://huggingface.co/api/models/zai-org/GLM-5.3-Flash "HTTP/1.1 200 OK"
2026-09-17 21:56:21.986 - dataset_manager - INFO - Tokenizer(s) configured in 2.98 seconds
2026-09-17 21:56:21.986 - dataset_manager - INFO - Configuring dataset for dataset_manager
2026-09-17 21:56:22.287 - MemoryMapDatasetBackingStore_07f1fb63 - INFO - Memory-mapped backing store initialized (streaming to /tmp/aiperf_mmap_099e17eb7eeb4fca97708a45469f9013/dataset.dat)
2026-09-17 21:56:22.294 - MemoryMapDatasetBackingStore_07f1fb63 - INFO - Data file finalized: 100 conversations, 0.51 MB
2026-09-17 21:56:22.295 - MemoryMapDatasetBackingStore_07f1fb63 - INFO - Index file created: /tmp/aiperf_mmap_099e17eb7eeb4fca97708a45469f9013/index.dat
2026-09-17 21:56:22.296 - dataset_manager - INFO - Backing store finalized: client_type=DatasetClientStoreType.MEMORY_MAP format=MemoryMapFormat.CONVERSATION data_file_path=PosixPath('/tmp/aiperf_mmap_099e17eb7eeb4fca97708a45469f9013/dataset.dat') index_file_path=PosixPath('/tmp/aiperf_mmap_099e17eb7eeb4fca97708a45469f9013/index.dat') conversation_count=100 total_size_bytes=531822 compressed=False compressed_data_file_path=None compressed_index_file_path=None compressed_size_bytes=0
2026-09-17 21:56:22.298 - dataset_manager - INFO - sampling strategy: sequential, unique conversations: 100, unique turn count: 100
2026-09-17 21:56:22.299 - dataset_manager - INFO - Generating inputs.json file at /root/llm_perf/artifacts/20260917_211657_zai-org_GLM-5.3-Flash_c1,4,16,32/profile_runs/trial_0002/concurrency_32/inputs.json
2026-09-17 21:56:22.301 - PhaseOrchestrator_c4f17476 - INFO - Initialized 1 phase(s): ['Profiling']
2026-09-17 21:56:22.303 - dataset_manager - INFO - inputs.json file generated in 0.00 seconds
2026-09-17 21:56:22.366 - dataset_manager - INFO - Dataset client initialized and freed 100 conversations from memory
2026-09-17 21:56:22.367 - dataset_manager - INFO - Dataset configured in 0.38 seconds
2026-09-17 21:56:22.368 - system_controller - INFO - All services configured in 3.36 seconds
2026-09-17 21:56:22.368 - system_controller - INFO - AIPerf System is CONFIGURED
2026-09-17 21:56:22.369 - server_metrics_manager - INFO - Server Metrics: Started 1 collector(s) successfully
2026-09-17 21:56:22.370 - system_controller - INFO - All services started profiling successfully
2026-09-17 21:56:22.371 - system_controller - INFO - AIPerf System is PROFILING
2026-09-17 21:56:22.371 - RateTiming - INFO - Creating interval generator: pattern=concurrency_burst, rate=None, smoothness=None
2026-09-17 21:56:22.372 - PhaseRunner - NOTICE - Phase profiling (profiling) started | phase_index=0 | profiling_index=0 | target: 300.0s duration
2026-09-17 21:56:22.373 - PhaseRunner - INFO - Waiting for event 'profiling phase sending' with timeout of 299.999190269s
2026-09-17 21:56:22.373 - records_manager - INFO - Credit phase start: profiling
2026-09-17 22:01:22.373 - PhaseRunner - INFO - Timeout of 299.999190269s elapsed for event 'profiling phase sending'
2026-09-17 22:01:22.374 - PhaseRunner - NOTICE - Phase profiling (profiling) sending complete | sent=128, completed=96, in_flight=32 | sessions: sent=128, completed=96 | timeout_triggered=True
2026-09-17 22:01:22.374 - PhaseRunner - INFO - Waiting for event 'profiling phase credits returned' with timeout of 29.997274699000002s
2026-09-17 22:01:22.375 - records_manager - INFO - Sent 128 requests. Waiting for all to complete...
2026-09-17 22:01:52.372 - PhaseRunner - INFO - Timeout of 29.997274699000002s elapsed for event 'profiling phase credits returned'
2026-09-17 22:01:52.373 - PhaseRunner - WARNING - Phase profiling timed out, cancelling all credits. Stats: sent=128, completed=96, cancelled=0, in_flight=32
2026-09-17 22:01:52.373 - StickyCreditRouter_edbb8bcc - INFO - Sent cancellation requests for 32 in-flight credits across 32 workers
2026-09-17 22:01:52.374 - PhaseRunner - INFO - Waiting for all cancelled credits to be returned for phase profiling. Need 32 more credits.
2026-09-17 22:01:52.375 - PhaseRunner - INFO - All cancelled credits returned for phase profiling
2026-09-17 22:01:52.375 - PhaseRunner - NOTICE - Phase profiling (profiling) complete | completed=96, cancelled=32, errors=0 | sessions: completed=96, cancelled=32 | elapsed=330.00s | grace_period_timeout=True
2026-09-17 22:01:52.376 - PhaseOrchestrator_c4f17476 - NOTICE - All credits completed
2026-09-17 22:01:52.377 - system_controller - INFO - Received credits complete from 'timing_manager'
2026-09-17 22:01:52.376 - records_manager - INFO - Received CREDIT_PHASE_COMPLETE message, Phase complete: PhaseRecordsStats(phase=CreditPhase.PROFILING, phase_index=0, profiling_index=0, phase_name='profiling', phase_kind='profiling', start_ns=1789653382372185548, sent_end_ns=1789653682374053564, requests_end_ns=1789653712375505094, baseline_start_ns=1789653382372172972, baseline_end_ns=1789653712375515270, total_expected_requests=None, expected_duration_sec=None, expected_num_sessions=None, expected_grace_period_sec=None, final_requests_sent=None, final_requests_completed=96, final_requests_cancelled=32, final_request_errors=0, final_sent_sessions=None, final_completed_sessions=None, final_cancelled_sessions=None, timeout_triggered=True, grace_period_timeout_triggered=True, was_cancelled=False, records_end_ns=None, success_records=96, error_records=0)
2026-09-17 22:01:52.379 - records_manager - NOTICE - All requests have completed, please wait for the results to be processed (currently 96 of 96 records processed)...
2026-09-17 22:01:52.379 - records_manager - INFO - Processed 96 valid requests and 0 errors (96 total).
2026-09-17 22:01:52.380 - records_manager - INFO - Received all records, processing now...
2026-09-17 22:01:52.380 - records_manager - INFO - All credits complete, please wait for the results to be processed...
2026-09-17 22:01:52.380 - server_metrics_manager - INFO - Server Metrics: Profiling complete, capturing final metrics...
2026-09-17 22:01:52.380 - gpu_telemetry_manager - INFO - GPU Telemetry: Profiling complete, capturing final metrics...
2026-09-17 22:01:52.381 - records_manager - INFO - Waiting 2.0s for server metrics flush period...
2026-09-17 22:01:54.376 - records_manager - INFO - Processing records results...
2026-09-17 22:01:54.435 - system_controller - INFO - Waiting for result domains: server_metrics, telemetry
2026-09-17 22:01:54.436 - system_controller - INFO - Waiting for result domains: server_metrics
2026-09-17 22:01:54.772 - records_manager - INFO - _finalize_and_process_results completed
2026-09-17 22:01:54.784 - system_controller - INFO - All results received, initiating shutdown
2026-09-17 22:01:55.391 - ExporterManager - INFO - Exporting all records
2026-09-17 22:01:55.443 - ExporterManager - INFO - Exporting console data
