2026-09-16 20:24:16.124 - system_controller - INFO - Registered Worker Manager (id: 'worker_manager')
2026-09-16 20:24:16.135 - server_metrics_manager - INFO - Server Metrics: Discovered 1 endpoints: ['http://localhost:8000/metrics']
2026-09-16 20:24:16.156 - GPUTelemetryJSONLWriter_27444aba - INFO - GPU telemetry export enabled: /root/llm_perf/artifacts/20260916_195805_ibm-granite_granite-4.2-30b_c1,4,16,32,64,128/profile_runs/trial_0001/concurrency_128/gpu_telemetry_export.jsonl
2026-09-16 20:24:16.163 - OTelMetricsResultsProcessor_9794481e - INFO - Telemetry streaming is disabled (set --otel-url and/or --mlflow-tracking-uri to enable)
2026-09-16 20:24:16.164 - RecordExportJSONLWriter_d56dcbb7 - INFO - Record metrics export enabled: /root/llm_perf/artifacts/20260916_195805_ibm-granite_granite-4.2-30b_c1,4,16,32,64,128/profile_runs/trial_0001/concurrency_128/profile_export.jsonl
2026-09-16 20:24:16.247 - system_controller - INFO - Registered Gpu Telemetry Manager (id: 'gpu_telemetry_manager')
2026-09-16 20:24:16.249 - system_controller - INFO - Registered Dataset Manager (id: 'dataset_manager')
2026-09-16 20:24:16.250 - system_controller - INFO - Registered Record Processor (id: 'record_processor_8916f626')
2026-09-16 20:24:16.251 - system_controller - INFO - Registered Record Processor (id: 'record_processor_68876fc1')
2026-09-16 20:24:16.253 - system_controller - INFO - Registered Record Processor (id: 'record_processor_3676f9f5')
2026-09-16 20:24:16.254 - system_controller - INFO - Registered Server Metrics Manager (id: 'server_metrics_manager')
2026-09-16 20:24:16.255 - system_controller - INFO - Registered Record Processor (id: 'record_processor_df73a45e')
2026-09-16 20:24:16.258 - system_controller - INFO - Registered Record Processor (id: 'record_processor_0bd53da1')
2026-09-16 20:24:16.261 - system_controller - INFO - Registered Record Processor (id: 'record_processor_04c6f48e')
2026-09-16 20:24:16.263 - system_controller - INFO - Registered Record Processor (id: 'record_processor_3d24816d')
2026-09-16 20:24:16.265 - system_controller - INFO - Registered Record Processor (id: 'record_processor_a7bc1a1e')
2026-09-16 20:24:16.289 - system_controller - INFO - Registered Records Manager (id: 'records_manager')
2026-09-16 20:24:16.352 - system_controller - INFO - Registered Timing Manager (id: 'timing_manager')
2026-09-16 20:24:16.365 - system_controller - INFO - Registered Worker (id: 'worker_a5e5fe72')
2026-09-16 20:24:16.384 - system_controller - INFO - Registered Worker (id: 'worker_aabccc3b')
2026-09-16 20:24:16.384 - system_controller - INFO - Registered Worker (id: 'worker_ff8b407b')
2026-09-16 20:24:16.385 - system_controller - INFO - Registered Worker (id: 'worker_f0254c82')
2026-09-16 20:24:16.386 - system_controller - INFO - Registered Worker (id: 'worker_b0288094')
2026-09-16 20:24:16.395 - system_controller - INFO - Registered Worker (id: 'worker_f05c3277')
2026-09-16 20:24:16.395 - system_controller - INFO - Registered Worker (id: 'worker_f459df56')
2026-09-16 20:24:16.396 - system_controller - INFO - Registered Worker (id: 'worker_38190f86')
2026-09-16 20:24:16.397 - system_controller - INFO - Registered Worker (id: 'worker_8bc46a60')
2026-09-16 20:24:16.398 - system_controller - INFO - Registered Worker (id: 'worker_48151c34')
2026-09-16 20:24:16.399 - system_controller - INFO - Registered Worker (id: 'worker_72115c19')
2026-09-16 20:24:16.402 - system_controller - INFO - Registered Worker (id: 'worker_31c650cb')
2026-09-16 20:24:16.402 - system_controller - INFO - Registered Worker (id: 'worker_db583898')
2026-09-16 20:24:16.405 - system_controller - INFO - Registered Worker (id: 'worker_214b3a8f')
2026-09-16 20:24:16.408 - system_controller - INFO - Registered Worker (id: 'worker_2a63da0c')
2026-09-16 20:24:16.409 - system_controller - INFO - Registered Worker (id: 'worker_b96976be')
2026-09-16 20:24:16.415 - system_controller - INFO - Registered Worker (id: 'worker_b211366e')
2026-09-16 20:24:16.439 - system_controller - INFO - Registered Worker (id: 'worker_0a315d0c')
2026-09-16 20:24:16.443 - system_controller - INFO - Registered Worker (id: 'worker_f5ffa573')
2026-09-16 20:24:16.448 - system_controller - INFO - Registered Worker (id: 'worker_63e99f9b')
2026-09-16 20:24:16.449 - system_controller - INFO - Registered Worker (id: 'worker_ebb36365')
2026-09-16 20:24:16.508 - system_controller - INFO - Registered Worker (id: 'worker_a725a5ad')
2026-09-16 20:24:16.510 - system_controller - INFO - Registered Worker (id: 'worker_8eb4a624')
2026-09-16 20:24:16.515 - system_controller - INFO - Registered Worker (id: 'worker_334872b4')
2026-09-16 20:24:16.519 - system_controller - INFO - Registered Worker (id: 'worker_b68c3cf0')
2026-09-16 20:24:16.534 - system_controller - INFO - Registered Worker (id: 'worker_d91d8022')
2026-09-16 20:24:16.535 - system_controller - INFO - Registered Worker (id: 'worker_cc33bf10')
2026-09-16 20:24:16.535 - system_controller - INFO - Registered Worker (id: 'worker_9734a834')
2026-09-16 20:24:16.537 - system_controller - INFO - Registered Worker (id: 'worker_435f945d')
2026-09-16 20:24:16.538 - system_controller - INFO - Registered Worker (id: 'worker_e1de8bf8')
2026-09-16 20:24:16.548 - system_controller - INFO - Registered Worker (id: 'worker_826ffc46')
2026-09-16 20:24:16.549 - system_controller - INFO - Registered Worker (id: 'worker_3425652e')
2026-09-16 20:24:16.621 - system_controller - INFO - AIPerf System is CONFIGURING
2026-09-16 20:24:16.621 - system_controller - INFO - Configuring all services to start profiling
2026-09-16 20:24:16.622 - timing_manager - INFO - Waiting for dataset to be configured before configuring timing
2026-09-16 20:24:16.622 - InferenceResultParser_99bbdf57 - INFO - Tokenization is disabled for this endpoint, skipping tokenizer configuration
2026-09-16 20:24:16.622 - InferenceResultParser_97c63375 - INFO - Tokenization is disabled for this endpoint, skipping tokenizer configuration
2026-09-16 20:24:16.622 - InferenceResultParser_bbc0f950 - INFO - Tokenization is disabled for this endpoint, skipping tokenizer configuration
2026-09-16 20:24:16.622 - InferenceResultParser_0d2105be - INFO - Tokenization is disabled for this endpoint, skipping tokenizer configuration
2026-09-16 20:24:16.622 - InferenceResultParser_c731e6d4 - INFO - Tokenization is disabled for this endpoint, skipping tokenizer configuration
2026-09-16 20:24:16.622 - InferenceResultParser_df578f5a - INFO - Tokenization is disabled for this endpoint, skipping tokenizer configuration
2026-09-16 20:24:16.622 - InferenceResultParser_c20e8182 - INFO - Tokenization is disabled for this endpoint, skipping tokenizer configuration
2026-09-16 20:24:16.622 - InferenceResultParser_7855985a - INFO - Tokenization is disabled for this endpoint, skipping tokenizer configuration
2026-09-16 20:24:16.622 - dataset_manager - INFO - Configuring tokenizer(s) for dataset manager
2026-09-16 20:24:16.630 - server_metrics_manager - INFO - Server Metrics: Capturing baseline metrics...
2026-09-16 20:24:16.633 - gpu_telemetry_manager - INFO - GPU Telemetry: Capturing baseline metrics from pynvml://localhost
2026-09-16 20:24:16.641 - pynvml_collector - INFO - PyNVML initialized with 1 GPU(s) (1 with GPM support)
2026-09-16 20:24:16.643 - http://localhost:8000/metrics - INFO - Skipping unsupported summary metric: http_request_size_bytes
2026-09-16 20:24:16.644 - http://localhost:8000/metrics - INFO - Skipping unsupported summary metric: http_response_size_bytes
2026-09-16 20:24:16.645 - system_controller - INFO - Server metrics enabled - 1/1 endpoint(s) reachable.
2026-09-16 20:24:16.645 - system_controller - INFO - Waiting for result domains: profile, server_metrics, telemetry
2026-09-16 20:24:16.651 - system_controller - INFO - DCGM telemetry enabled - 1/1 endpoint(s) reachable
2026-09-16 20:24:17.785 - httpx - INFO - HTTP Request: HEAD https://huggingface.co/ibm-granite/granite-4.2-30b/resolve/main/config.json "HTTP/1.1 307 Temporary Redirect"
2026-09-16 20:24:17.791 - httpx - INFO - HTTP Request: HEAD https://huggingface.co/api/resolve-cache/models/ibm-granite/granite-4.2-30b/9e668ce1c538387ef24d3644e9b0606647762636/config.json?%2Fibm-granite%2Fgranite-4.2-30b%2Fresolve%2Fmain%2Fconfig.json=&etag=%2244e67eb085e68158de41f04810c159ba73f04e0c%22 "HTTP/1.1 200 OK"
2026-09-16 20:24:17.995 - httpx - INFO - HTTP Request: HEAD https://huggingface.co/ibm-granite/granite-4.2-30b/resolve/main/tokenizer_config.json "HTTP/1.1 307 Temporary Redirect"
2026-09-16 20:24:18.001 - httpx - INFO - HTTP Request: HEAD https://huggingface.co/api/resolve-cache/models/ibm-granite/granite-4.2-30b/9e668ce1c538387ef24d3644e9b0606647762636/tokenizer_config.json?%2Fibm-granite%2Fgranite-4.2-30b%2Fresolve%2Fmain%2Ftokenizer_config.json=&etag=%2257e792da3e95fb4b48532fd6f477d35ebd479947%22 "HTTP/1.1 200 OK"
2026-09-16 20:24:18.205 - httpx - INFO - HTTP Request: HEAD https://huggingface.co/ibm-granite/granite-4.2-30b/resolve/main/tokenizer_config.json "HTTP/1.1 307 Temporary Redirect"
2026-09-16 20:24:18.210 - httpx - INFO - HTTP Request: HEAD https://huggingface.co/api/resolve-cache/models/ibm-granite/granite-4.2-30b/9e668ce1c538387ef24d3644e9b0606647762636/tokenizer_config.json?%2Fibm-granite%2Fgranite-4.2-30b%2Fresolve%2Fmain%2Ftokenizer_config.json=&etag=%2257e792da3e95fb4b48532fd6f477d35ebd479947%22 "HTTP/1.1 200 OK"
2026-09-16 20:24:18.411 - httpx - INFO - HTTP Request: GET https://huggingface.co/api/models/ibm-granite/granite-4.2-30b/tree/main/additional_chat_templates?recursive=false&expand=false "HTTP/1.1 404 Not Found"
2026-09-16 20:24:18.622 - httpx - INFO - HTTP Request: GET https://huggingface.co/api/models/ibm-granite/granite-4.2-30b/tree/main?recursive=true&expand=false "HTTP/1.1 200 OK"
2026-09-16 20:24:19.148 - httpx - INFO - HTTP Request: GET https://huggingface.co/api/models/ibm-granite/granite-4.2-30b "HTTP/1.1 200 OK"
2026-09-16 20:24:19.168 - dataset_manager - INFO - Tokenizer(s) configured in 2.54 seconds
2026-09-16 20:24:19.168 - dataset_manager - INFO - Configuring dataset for dataset_manager
2026-09-16 20:24:19.504 - MemoryMapDatasetBackingStore_e27701e3 - INFO - Memory-mapped backing store initialized (streaming to /tmp/aiperf_mmap_e27d6bf914f54c318e923343e0c07cc3/dataset.dat)
2026-09-16 20:24:19.510 - MemoryMapDatasetBackingStore_e27701e3 - INFO - Data file finalized: 100 conversations, 0.51 MB
2026-09-16 20:24:19.511 - MemoryMapDatasetBackingStore_e27701e3 - INFO - Index file created: /tmp/aiperf_mmap_e27d6bf914f54c318e923343e0c07cc3/index.dat
2026-09-16 20:24:19.511 - dataset_manager - INFO - Backing store finalized: client_type=DatasetClientStoreType.MEMORY_MAP format=MemoryMapFormat.CONVERSATION data_file_path=PosixPath('/tmp/aiperf_mmap_e27d6bf914f54c318e923343e0c07cc3/dataset.dat') index_file_path=PosixPath('/tmp/aiperf_mmap_e27d6bf914f54c318e923343e0c07cc3/index.dat') conversation_count=100 total_size_bytes=531044 compressed=False compressed_data_file_path=None compressed_index_file_path=None compressed_size_bytes=0
2026-09-16 20:24:19.513 - dataset_manager - INFO - sampling strategy: sequential, unique conversations: 100, unique turn count: 100
2026-09-16 20:24:19.514 - dataset_manager - INFO - Generating inputs.json file at /root/llm_perf/artifacts/20260916_195805_ibm-granite_granite-4.2-30b_c1,4,16,32,64,128/profile_runs/trial_0001/concurrency_128/inputs.json
2026-09-16 20:24:19.516 - PhaseOrchestrator_a7a046f5 - INFO - Initialized 1 phase(s): ['Profiling']
2026-09-16 20:24:19.517 - dataset_manager - INFO - inputs.json file generated in 0.00 seconds
2026-09-16 20:24:19.581 - dataset_manager - INFO - Dataset client initialized and freed 100 conversations from memory
2026-09-16 20:24:19.582 - dataset_manager - INFO - Dataset configured in 0.41 seconds
2026-09-16 20:24:19.582 - system_controller - INFO - All services configured in 2.96 seconds
2026-09-16 20:24:19.583 - system_controller - INFO - AIPerf System is CONFIGURED
2026-09-16 20:24:19.584 - server_metrics_manager - INFO - Server Metrics: Started 1 collector(s) successfully
2026-09-16 20:24:19.585 - system_controller - INFO - All services started profiling successfully
2026-09-16 20:24:19.585 - system_controller - INFO - AIPerf System is PROFILING
2026-09-16 20:24:19.586 - RateTiming - INFO - Creating interval generator: pattern=concurrency_burst, rate=None, smoothness=None
2026-09-16 20:24:19.586 - PhaseRunner - NOTICE - Phase profiling (profiling) started | phase_index=0 | profiling_index=0 | target: 300.0s duration
2026-09-16 20:24:19.587 - PhaseRunner - INFO - Waiting for event 'profiling phase sending' with timeout of 299.999318329s
2026-09-16 20:24:19.587 - records_manager - INFO - Credit phase start: profiling
2026-09-16 20:29:19.586 - PhaseRunner - INFO - Timeout of 299.999318329s elapsed for event 'profiling phase sending'
2026-09-16 20:29:19.587 - PhaseRunner - NOTICE - Phase profiling (profiling) sending complete | sent=4,352, completed=4,224, in_flight=128 | sessions: sent=4,352, completed=4,224 | timeout_triggered=True
2026-09-16 20:29:19.587 - PhaseRunner - INFO - Waiting for event 'profiling phase credits returned' with timeout of 29.99878382600002s
2026-09-16 20:29:19.588 - records_manager - INFO - Sent 4,352 requests. Waiting for all to complete...
2026-09-16 20:29:26.350 - PhaseRunner - NOTICE - Phase profiling (profiling) complete | completed=4,352, cancelled=0, errors=0 | sessions: completed=4,352, cancelled=0 | elapsed=306.76s
2026-09-16 20:29:26.351 - PhaseOrchestrator_a7a046f5 - NOTICE - All credits completed
2026-09-16 20:29:26.351 - system_controller - INFO - Received credits complete from 'timing_manager'
2026-09-16 20:29:26.353 - records_manager - INFO - Received CREDIT_PHASE_COMPLETE message, Phase complete: PhaseRecordsStats(phase=CreditPhase.PROFILING, phase_index=0, profiling_index=0, phase_name='profiling', phase_kind='profiling', start_ns=1789561459586693298, sent_end_ns=1789561759587081720, requests_end_ns=1789561766349826150, baseline_start_ns=1789561459586680082, baseline_end_ns=1789561766349837350, total_expected_requests=None, expected_duration_sec=None, expected_num_sessions=None, expected_grace_period_sec=None, final_requests_sent=None, final_requests_completed=4352, final_requests_cancelled=0, final_request_errors=0, final_sent_sessions=None, final_completed_sessions=None, final_cancelled_sessions=None, timeout_triggered=True, grace_period_timeout_triggered=False, was_cancelled=False, records_end_ns=None, success_records=4340, error_records=0)
2026-09-16 20:29:26.356 - records_manager - NOTICE - All requests have completed, please wait for the results to be processed (currently 4,340 of 4,352 records processed)...
2026-09-16 20:29:26.356 - records_manager - INFO - All credits complete, please wait for the results to be processed...
2026-09-16 20:29:26.377 - records_manager - INFO - Processed 4352 valid requests and 0 errors (4352 total).
2026-09-16 20:29:26.377 - records_manager - INFO - Received all records, processing now...
2026-09-16 20:29:26.378 - server_metrics_manager - INFO - Server Metrics: Profiling complete, capturing final metrics...
2026-09-16 20:29:26.378 - gpu_telemetry_manager - INFO - GPU Telemetry: Profiling complete, capturing final metrics...
2026-09-16 20:29:26.379 - records_manager - INFO - Waiting 2.0s for server metrics flush period...
2026-09-16 20:29:28.350 - records_manager - INFO - Processing records results...
2026-09-16 20:29:31.902 - system_controller - INFO - Waiting for result domains: server_metrics, telemetry
2026-09-16 20:29:31.903 - system_controller - INFO - Waiting for result domains: server_metrics
2026-09-16 20:29:32.240 - records_manager - INFO - _finalize_and_process_results completed
2026-09-16 20:29:32.245 - system_controller - INFO - All results received, initiating shutdown
2026-09-16 20:29:32.849 - ExporterManager - INFO - Exporting all records
2026-09-16 20:29:32.957 - ExporterManager - INFO - Exporting console data
