2026-09-17 00:28:59.282 - system_controller - INFO - Registered Worker Manager (id: 'worker_manager')
2026-09-17 00:28:59.293 - server_metrics_manager - INFO - Server Metrics: Discovered 1 endpoints: ['http://localhost:8000/metrics']
2026-09-17 00:28:59.316 - GPUTelemetryJSONLWriter_03fbfa77 - INFO - GPU telemetry export enabled: /root/llm_perf/artifacts/20260916_234041_nvidia_NVIDIA-Nemotron-3.5-Lightning-30B-A3B-NVFP4_c1,4,16,32,64,128,256/profile_runs/trial_0002/concurrency_16/gpu_telemetry_export.jsonl
2026-09-17 00:28:59.323 - OTelMetricsResultsProcessor_715d44e3 - INFO - Telemetry streaming is disabled (set --otel-url and/or --mlflow-tracking-uri to enable)
2026-09-17 00:28:59.324 - RecordExportJSONLWriter_80bccad5 - INFO - Record metrics export enabled: /root/llm_perf/artifacts/20260916_234041_nvidia_NVIDIA-Nemotron-3.5-Lightning-30B-A3B-NVFP4_c1,4,16,32,64,128,256/profile_runs/trial_0002/concurrency_16/profile_export.jsonl
2026-09-17 00:28:59.349 - system_controller - INFO - Registered Record Processor (id: 'record_processor_0291f719')
2026-09-17 00:28:59.350 - system_controller - INFO - Registered Record Processor (id: 'record_processor_6f241587')
2026-09-17 00:28:59.352 - system_controller - INFO - Registered Record Processor (id: 'record_processor_4e2281bb')
2026-09-17 00:28:59.353 - system_controller - INFO - Registered Records Manager (id: 'records_manager')
2026-09-17 00:28:59.354 - system_controller - INFO - Registered Record Processor (id: 'record_processor_972bdabf')
2026-09-17 00:28:59.406 - system_controller - INFO - Registered Gpu Telemetry Manager (id: 'gpu_telemetry_manager')
2026-09-17 00:28:59.408 - system_controller - INFO - Registered Dataset Manager (id: 'dataset_manager')
2026-09-17 00:28:59.411 - system_controller - INFO - Registered Server Metrics Manager (id: 'server_metrics_manager')
2026-09-17 00:28:59.465 - system_controller - INFO - Registered Timing Manager (id: 'timing_manager')
2026-09-17 00:28:59.489 - system_controller - INFO - Registered Worker (id: 'worker_c35e6a55')
2026-09-17 00:28:59.505 - system_controller - INFO - Registered Worker (id: 'worker_064b117c')
2026-09-17 00:28:59.506 - system_controller - INFO - Registered Worker (id: 'worker_a4e11541')
2026-09-17 00:28:59.509 - system_controller - INFO - Registered Worker (id: 'worker_0f5ec63a')
2026-09-17 00:28:59.510 - system_controller - INFO - Registered Worker (id: 'worker_18f8442b')
2026-09-17 00:28:59.597 - system_controller - INFO - Registered Worker (id: 'worker_c37d6d21')
2026-09-17 00:28:59.597 - system_controller - INFO - Registered Worker (id: 'worker_23242c73')
2026-09-17 00:28:59.598 - system_controller - INFO - Registered Worker (id: 'worker_40996e14')
2026-09-17 00:28:59.600 - system_controller - INFO - Registered Worker (id: 'worker_60bd0ac9')
2026-09-17 00:28:59.600 - system_controller - INFO - Registered Worker (id: 'worker_06b1a9c7')
2026-09-17 00:28:59.601 - system_controller - INFO - Registered Worker (id: 'worker_09ceee29')
2026-09-17 00:28:59.601 - system_controller - INFO - Registered Worker (id: 'worker_17941b7a')
2026-09-17 00:28:59.602 - system_controller - INFO - Registered Worker (id: 'worker_e4c77718')
2026-09-17 00:28:59.602 - system_controller - INFO - Registered Worker (id: 'worker_2005ef8a')
2026-09-17 00:28:59.604 - system_controller - INFO - Registered Worker (id: 'worker_904cb553')
2026-09-17 00:28:59.605 - system_controller - INFO - Registered Worker (id: 'worker_9f4d2dbb')
2026-09-17 00:28:59.778 - system_controller - INFO - AIPerf System is CONFIGURING
2026-09-17 00:28:59.779 - system_controller - INFO - Configuring all services to start profiling
2026-09-17 00:28:59.779 - timing_manager - INFO - Waiting for dataset to be configured before configuring timing
2026-09-17 00:28:59.779 - InferenceResultParser_f76b561a - INFO - Tokenization is disabled for this endpoint, skipping tokenizer configuration
2026-09-17 00:28:59.779 - InferenceResultParser_19f882f8 - INFO - Tokenization is disabled for this endpoint, skipping tokenizer configuration
2026-09-17 00:28:59.779 - InferenceResultParser_99d7d2f9 - INFO - Tokenization is disabled for this endpoint, skipping tokenizer configuration
2026-09-17 00:28:59.779 - InferenceResultParser_3ef3bd0d - INFO - Tokenization is disabled for this endpoint, skipping tokenizer configuration
2026-09-17 00:28:59.780 - dataset_manager - INFO - Configuring tokenizer(s) for dataset manager
2026-09-17 00:28:59.787 - server_metrics_manager - INFO - Server Metrics: Capturing baseline metrics...
2026-09-17 00:28:59.790 - gpu_telemetry_manager - INFO - GPU Telemetry: Capturing baseline metrics from pynvml://localhost
2026-09-17 00:28:59.799 - pynvml_collector - INFO - PyNVML initialized with 1 GPU(s) (1 with GPM support)
2026-09-17 00:28:59.801 - http://localhost:8000/metrics - INFO - Skipping unsupported summary metric: http_request_size_bytes
2026-09-17 00:28:59.801 - http://localhost:8000/metrics - INFO - Skipping unsupported summary metric: http_response_size_bytes
2026-09-17 00:28:59.802 - system_controller - INFO - Server metrics enabled - 1/1 endpoint(s) reachable.
2026-09-17 00:28:59.803 - system_controller - INFO - Waiting for result domains: profile, server_metrics, telemetry
2026-09-17 00:28:59.809 - system_controller - INFO - DCGM telemetry enabled - 1/1 endpoint(s) reachable
2026-09-17 00:29:00.937 - httpx - INFO - HTTP Request: HEAD https://huggingface.co/nvidia/NVIDIA-Nemotron-3.5-Lightning-30B-A3B-NVFP4/resolve/main/config.json "HTTP/1.1 307 Temporary Redirect"
2026-09-17 00:29:00.943 - httpx - INFO - HTTP Request: HEAD https://huggingface.co/api/resolve-cache/models/nvidia/NVIDIA-Nemotron-3.5-Lightning-30B-A3B-NVFP4/bee7596271d1495f6992ae224aefde4410e816b8/config.json?%2Fnvidia%2FNVIDIA-Nemotron-3.5-Lightning-30B-A3B-NVFP4%2Fresolve%2Fmain%2Fconfig.json=&etag=%22ec1c51734e6cc510664d8a989861644d1f4b60f9%22 "HTTP/1.1 200 OK"
2026-09-17 00:29:01.216 - httpx - INFO - HTTP Request: HEAD https://huggingface.co/nvidia/NVIDIA-Nemotron-3.5-Lightning-30B-A3B-NVFP4/resolve/main/tokenizer_config.json "HTTP/1.1 307 Temporary Redirect"
2026-09-17 00:29:01.221 - httpx - INFO - HTTP Request: HEAD https://huggingface.co/api/resolve-cache/models/nvidia/NVIDIA-Nemotron-3.5-Lightning-30B-A3B-NVFP4/bee7596271d1495f6992ae224aefde4410e816b8/tokenizer_config.json?%2Fnvidia%2FNVIDIA-Nemotron-3.5-Lightning-30B-A3B-NVFP4%2Fresolve%2Fmain%2Ftokenizer_config.json=&etag=%22c96e5ad00986bfa0b666d4bc425666f1c51d6d1b%22 "HTTP/1.1 200 OK"
2026-09-17 00:29:01.427 - httpx - INFO - HTTP Request: GET https://huggingface.co/api/models/nvidia/NVIDIA-Nemotron-3.5-Lightning-30B-A3B-NVFP4/tree/main/additional_chat_templates?recursive=false&expand=false "HTTP/1.1 404 Not Found"
2026-09-17 00:29:01.629 - httpx - INFO - HTTP Request: GET https://huggingface.co/api/models/nvidia/NVIDIA-Nemotron-3.5-Lightning-30B-A3B-NVFP4/tree/main?recursive=true&expand=false "HTTP/1.1 200 OK"
2026-09-17 00:29:02.597 - httpx - INFO - HTTP Request: GET https://huggingface.co/api/models/nvidia/NVIDIA-Nemotron-3.5-Lightning-30B-A3B-NVFP4 "HTTP/1.1 200 OK"
2026-09-17 00:29:02.654 - dataset_manager - INFO - Tokenizer(s) configured in 2.87 seconds
2026-09-17 00:29:02.655 - dataset_manager - INFO - Configuring dataset for dataset_manager
2026-09-17 00:29:02.958 - MemoryMapDatasetBackingStore_0a4a84aa - INFO - Memory-mapped backing store initialized (streaming to /tmp/aiperf_mmap_7df6569c0c9b4e7f9d7a87c0c7f1c870/dataset.dat)
2026-09-17 00:29:02.964 - MemoryMapDatasetBackingStore_0a4a84aa - INFO - Data file finalized: 100 conversations, 0.49 MB
2026-09-17 00:29:02.965 - MemoryMapDatasetBackingStore_0a4a84aa - INFO - Index file created: /tmp/aiperf_mmap_7df6569c0c9b4e7f9d7a87c0c7f1c870/index.dat
2026-09-17 00:29:02.965 - dataset_manager - INFO - Backing store finalized: client_type=DatasetClientStoreType.MEMORY_MAP format=MemoryMapFormat.CONVERSATION data_file_path=PosixPath('/tmp/aiperf_mmap_7df6569c0c9b4e7f9d7a87c0c7f1c870/dataset.dat') index_file_path=PosixPath('/tmp/aiperf_mmap_7df6569c0c9b4e7f9d7a87c0c7f1c870/index.dat') conversation_count=100 total_size_bytes=518532 compressed=False compressed_data_file_path=None compressed_index_file_path=None compressed_size_bytes=0
2026-09-17 00:29:02.967 - dataset_manager - INFO - sampling strategy: sequential, unique conversations: 100, unique turn count: 100
2026-09-17 00:29:02.968 - dataset_manager - INFO - Generating inputs.json file at /root/llm_perf/artifacts/20260916_234041_nvidia_NVIDIA-Nemotron-3.5-Lightning-30B-A3B-NVFP4_c1,4,16,32,64,128,256/profile_runs/trial_0002/concurrency_16/inputs.json
2026-09-17 00:29:02.970 - PhaseOrchestrator_fddf0e17 - INFO - Initialized 1 phase(s): ['Profiling']
2026-09-17 00:29:02.973 - dataset_manager - INFO - inputs.json file generated in 0.00 seconds
2026-09-17 00:29:03.037 - dataset_manager - INFO - Dataset client initialized and freed 100 conversations from memory
2026-09-17 00:29:03.037 - dataset_manager - INFO - Dataset configured in 0.38 seconds
2026-09-17 00:29:03.038 - system_controller - INFO - All services configured in 3.26 seconds
2026-09-17 00:29:03.038 - system_controller - INFO - AIPerf System is CONFIGURED
2026-09-17 00:29:03.039 - server_metrics_manager - INFO - Server Metrics: Started 1 collector(s) successfully
2026-09-17 00:29:03.040 - system_controller - INFO - All services started profiling successfully
2026-09-17 00:29:03.040 - system_controller - INFO - AIPerf System is PROFILING
2026-09-17 00:29:03.041 - RateTiming - INFO - Creating interval generator: pattern=concurrency_burst, rate=None, smoothness=None
2026-09-17 00:29:03.042 - PhaseRunner - NOTICE - Phase profiling (profiling) started | phase_index=0 | profiling_index=0 | target: 300.0s duration
2026-09-17 00:29:03.042 - PhaseRunner - INFO - Waiting for event 'profiling phase sending' with timeout of 299.999228825s
2026-09-17 00:29:03.043 - records_manager - INFO - Credit phase start: profiling
2026-09-17 00:34:03.041 - PhaseRunner - INFO - Timeout of 299.999228825s elapsed for event 'profiling phase sending'
2026-09-17 00:34:03.042 - PhaseRunner - NOTICE - Phase profiling (profiling) sending complete | sent=1,792, completed=1,776, in_flight=16 | sessions: sent=1,792, completed=1,776 | timeout_triggered=True
2026-09-17 00:34:03.042 - PhaseRunner - INFO - Waiting for event 'profiling phase credits returned' with timeout of 29.999043614000016s
2026-09-17 00:34:03.043 - records_manager - INFO - Sent 1,792 requests. Waiting for all to complete...
2026-09-17 00:34:04.027 - PhaseRunner - NOTICE - Phase profiling (profiling) complete | completed=1,792, cancelled=0, errors=0 | sessions: completed=1,792, cancelled=0 | elapsed=300.99s
2026-09-17 00:34:04.028 - PhaseOrchestrator_fddf0e17 - NOTICE - All credits completed
2026-09-17 00:34:04.029 - system_controller - INFO - Received credits complete from 'timing_manager'
2026-09-17 00:34:04.028 - records_manager - INFO - Received CREDIT_PHASE_COMPLETE message, Phase complete: PhaseRecordsStats(phase=CreditPhase.PROFILING, phase_index=0, profiling_index=0, phase_name='profiling', phase_kind='profiling', start_ns=1789576143041999706, sent_end_ns=1789576443042048116, requests_end_ns=1789576444027372471, baseline_start_ns=1789576143041986970, baseline_end_ns=1789576444027378807, total_expected_requests=None, expected_duration_sec=None, expected_num_sessions=None, expected_grace_period_sec=None, final_requests_sent=None, final_requests_completed=1792, final_requests_cancelled=0, final_request_errors=0, final_sent_sessions=None, final_completed_sessions=None, final_cancelled_sessions=None, timeout_triggered=True, grace_period_timeout_triggered=False, was_cancelled=False, records_end_ns=None, success_records=1777, error_records=0)
2026-09-17 00:34:04.031 - records_manager - NOTICE - All requests have completed, please wait for the results to be processed (currently 1,777 of 1,792 records processed)...
2026-09-17 00:34:04.031 - records_manager - INFO - All credits complete, please wait for the results to be processed...
2026-09-17 00:34:04.082 - records_manager - INFO - Processed 1792 valid requests and 0 errors (1792 total).
2026-09-17 00:34:04.083 - records_manager - INFO - Received all records, processing now...
2026-09-17 00:34:04.084 - server_metrics_manager - INFO - Server Metrics: Profiling complete, capturing final metrics...
2026-09-17 00:34:04.084 - gpu_telemetry_manager - INFO - GPU Telemetry: Profiling complete, capturing final metrics...
2026-09-17 00:34:04.084 - records_manager - INFO - Waiting 1.9s for server metrics flush period...
2026-09-17 00:34:06.027 - records_manager - INFO - Processing records results...
2026-09-17 00:34:07.435 - system_controller - INFO - Waiting for result domains: server_metrics, telemetry
2026-09-17 00:34:07.435 - system_controller - INFO - Waiting for result domains: server_metrics
2026-09-17 00:34:07.733 - records_manager - INFO - _finalize_and_process_results completed
2026-09-17 00:34:07.737 - system_controller - INFO - All results received, initiating shutdown
2026-09-17 00:34:08.341 - ExporterManager - INFO - Exporting all records
2026-09-17 00:34:08.446 - ExporterManager - INFO - Exporting console data
