2026-09-17 19:22:13.061 - system_controller - INFO - Registered Worker Manager (id: 'worker_manager')
2026-09-17 19:22:13.072 - server_metrics_manager - INFO - Server Metrics: Discovered 1 endpoints: ['http://localhost:8000/metrics']
2026-09-17 19:22:13.094 - GPUTelemetryJSONLWriter_4289ff64 - INFO - GPU telemetry export enabled: /root/llm_perf/artifacts/20260917_184420_MiniMaxAI_MiniMax-M2.7_c1,4,16,32,64/profile_runs/trial_0002/concurrency_16/gpu_telemetry_export.jsonl
2026-09-17 19:22:13.101 - OTelMetricsResultsProcessor_baf4de78 - INFO - Telemetry streaming is disabled (set --otel-url and/or --mlflow-tracking-uri to enable)
2026-09-17 19:22:13.103 - RecordExportJSONLWriter_932286de - INFO - Record metrics export enabled: /root/llm_perf/artifacts/20260917_184420_MiniMaxAI_MiniMax-M2.7_c1,4,16,32,64/profile_runs/trial_0002/concurrency_16/profile_export.jsonl
2026-09-17 19:22:13.128 - system_controller - INFO - Registered Records Manager (id: 'records_manager')
2026-09-17 19:22:13.130 - system_controller - INFO - Registered Record Processor (id: 'record_processor_ee10256e')
2026-09-17 19:22:13.131 - system_controller - INFO - Registered Record Processor (id: 'record_processor_74090be9')
2026-09-17 19:22:13.132 - system_controller - INFO - Registered Record Processor (id: 'record_processor_34dc51c4')
2026-09-17 19:22:13.133 - system_controller - INFO - Registered Record Processor (id: 'record_processor_003279b3')
2026-09-17 19:22:13.172 - system_controller - INFO - Registered Gpu Telemetry Manager (id: 'gpu_telemetry_manager')
2026-09-17 19:22:13.188 - system_controller - INFO - Registered Dataset Manager (id: 'dataset_manager')
2026-09-17 19:22:13.190 - system_controller - INFO - Registered Server Metrics Manager (id: 'server_metrics_manager')
2026-09-17 19:22:13.250 - system_controller - INFO - Registered Timing Manager (id: 'timing_manager')
2026-09-17 19:22:13.271 - system_controller - INFO - Registered Worker (id: 'worker_e439f93c')
2026-09-17 19:22:13.286 - system_controller - INFO - Registered Worker (id: 'worker_20db6921')
2026-09-17 19:22:13.287 - system_controller - INFO - Registered Worker (id: 'worker_4ff9f595')
2026-09-17 19:22:13.289 - system_controller - INFO - Registered Worker (id: 'worker_3d72038d')
2026-09-17 19:22:13.290 - system_controller - INFO - Registered Worker (id: 'worker_fb95e7f9')
2026-09-17 19:22:13.291 - system_controller - INFO - Registered Worker (id: 'worker_348330aa')
2026-09-17 19:22:13.292 - system_controller - INFO - Registered Worker (id: 'worker_6f8453e0')
2026-09-17 19:22:13.376 - system_controller - INFO - Registered Worker (id: 'worker_d7bc00c7')
2026-09-17 19:22:13.381 - system_controller - INFO - Registered Worker (id: 'worker_169dce78')
2026-09-17 19:22:13.382 - system_controller - INFO - Registered Worker (id: 'worker_ebdeb9fb')
2026-09-17 19:22:13.382 - system_controller - INFO - Registered Worker (id: 'worker_873603e0')
2026-09-17 19:22:13.386 - system_controller - INFO - Registered Worker (id: 'worker_5182440c')
2026-09-17 19:22:13.387 - system_controller - INFO - Registered Worker (id: 'worker_9ecd137c')
2026-09-17 19:22:13.387 - system_controller - INFO - Registered Worker (id: 'worker_13507e32')
2026-09-17 19:22:13.388 - system_controller - INFO - Registered Worker (id: 'worker_b3369521')
2026-09-17 19:22:13.388 - system_controller - INFO - Registered Worker (id: 'worker_500795e7')
2026-09-17 19:22:13.558 - system_controller - INFO - AIPerf System is CONFIGURING
2026-09-17 19:22:13.558 - system_controller - INFO - Configuring all services to start profiling
2026-09-17 19:22:13.559 - timing_manager - INFO - Waiting for dataset to be configured before configuring timing
2026-09-17 19:22:13.559 - InferenceResultParser_3ec40655 - INFO - Tokenization is disabled for this endpoint, skipping tokenizer configuration
2026-09-17 19:22:13.559 - InferenceResultParser_68550993 - INFO - Tokenization is disabled for this endpoint, skipping tokenizer configuration
2026-09-17 19:22:13.559 - InferenceResultParser_1f527821 - INFO - Tokenization is disabled for this endpoint, skipping tokenizer configuration
2026-09-17 19:22:13.559 - InferenceResultParser_df0b0a38 - INFO - Tokenization is disabled for this endpoint, skipping tokenizer configuration
2026-09-17 19:22:13.560 - dataset_manager - INFO - Configuring tokenizer(s) for dataset manager
2026-09-17 19:22:13.568 - server_metrics_manager - INFO - Server Metrics: Capturing baseline metrics...
2026-09-17 19:22:13.570 - gpu_telemetry_manager - INFO - GPU Telemetry: Capturing baseline metrics from pynvml://localhost
2026-09-17 19:22:13.578 - pynvml_collector - INFO - PyNVML initialized with 1 GPU(s) (1 with GPM support)
2026-09-17 19:22:13.580 - http://localhost:8000/metrics - INFO - Skipping unsupported summary metric: http_request_size_bytes
2026-09-17 19:22:13.581 - http://localhost:8000/metrics - INFO - Skipping unsupported summary metric: http_response_size_bytes
2026-09-17 19:22:13.582 - system_controller - INFO - Server metrics enabled - 1/1 endpoint(s) reachable.
2026-09-17 19:22:13.582 - system_controller - INFO - Waiting for result domains: profile, server_metrics, telemetry
2026-09-17 19:22:13.588 - system_controller - INFO - DCGM telemetry enabled - 1/1 endpoint(s) reachable
2026-09-17 19:22:14.756 - httpx - INFO - HTTP Request: HEAD https://huggingface.co/MiniMaxAI/MiniMax-M2.7/resolve/main/config.json "HTTP/1.1 307 Temporary Redirect"
2026-09-17 19:22:14.763 - httpx - INFO - HTTP Request: HEAD https://huggingface.co/api/resolve-cache/models/MiniMaxAI/MiniMax-M2.7/d494266a4affc0d2995ba1fa35c8481cbd84294b/config.json?%2FMiniMaxAI%2FMiniMax-M2.7%2Fresolve%2Fmain%2Fconfig.json=&etag=%22ba213004c5c8e8a10e7d47b7453cdc31827c840b%22 "HTTP/1.1 200 OK"
2026-09-17 19:22:14.966 - httpx - INFO - HTTP Request: HEAD https://huggingface.co/MiniMaxAI/MiniMax-M2.7/resolve/main/tokenizer_config.json "HTTP/1.1 307 Temporary Redirect"
2026-09-17 19:22:14.972 - httpx - INFO - HTTP Request: HEAD https://huggingface.co/api/resolve-cache/models/MiniMaxAI/MiniMax-M2.7/d494266a4affc0d2995ba1fa35c8481cbd84294b/tokenizer_config.json?%2FMiniMaxAI%2FMiniMax-M2.7%2Fresolve%2Fmain%2Ftokenizer_config.json=&etag=%22ff8e2ebcbdb03324603c0a734e459ec9968096ae%22 "HTTP/1.1 200 OK"
2026-09-17 19:22:15.168 - httpx - INFO - HTTP Request: HEAD https://huggingface.co/MiniMaxAI/MiniMax-M2.7/resolve/main/tokenizer_config.json "HTTP/1.1 307 Temporary Redirect"
2026-09-17 19:22:15.174 - httpx - INFO - HTTP Request: HEAD https://huggingface.co/api/resolve-cache/models/MiniMaxAI/MiniMax-M2.7/d494266a4affc0d2995ba1fa35c8481cbd84294b/tokenizer_config.json?%2FMiniMaxAI%2FMiniMax-M2.7%2Fresolve%2Fmain%2Ftokenizer_config.json=&etag=%22ff8e2ebcbdb03324603c0a734e459ec9968096ae%22 "HTTP/1.1 200 OK"
2026-09-17 19:22:15.375 - httpx - INFO - HTTP Request: GET https://huggingface.co/api/models/MiniMaxAI/MiniMax-M2.7/tree/main/additional_chat_templates?recursive=false&expand=false "HTTP/1.1 404 Not Found"
2026-09-17 19:22:15.589 - httpx - INFO - HTTP Request: GET https://huggingface.co/api/models/MiniMaxAI/MiniMax-M2.7/tree/main?recursive=true&expand=false "HTTP/1.1 200 OK"
2026-09-17 19:22:16.437 - httpx - INFO - HTTP Request: GET https://huggingface.co/api/models/MiniMaxAI/MiniMax-M2.7 "HTTP/1.1 200 OK"
2026-09-17 19:22:16.475 - dataset_manager - INFO - Tokenizer(s) configured in 2.91 seconds
2026-09-17 19:22:16.475 - dataset_manager - INFO - Configuring dataset for dataset_manager
2026-09-17 19:22:16.826 - MemoryMapDatasetBackingStore_1197ff87 - INFO - Memory-mapped backing store initialized (streaming to /tmp/aiperf_mmap_09d0807c31764a2596a0eb113a9d2bd1/dataset.dat)
2026-09-17 19:22:16.832 - MemoryMapDatasetBackingStore_1197ff87 - INFO - Data file finalized: 100 conversations, 0.52 MB
2026-09-17 19:22:16.833 - MemoryMapDatasetBackingStore_1197ff87 - INFO - Index file created: /tmp/aiperf_mmap_09d0807c31764a2596a0eb113a9d2bd1/index.dat
2026-09-17 19:22:16.834 - dataset_manager - INFO - Backing store finalized: client_type=DatasetClientStoreType.MEMORY_MAP format=MemoryMapFormat.CONVERSATION data_file_path=PosixPath('/tmp/aiperf_mmap_09d0807c31764a2596a0eb113a9d2bd1/dataset.dat') index_file_path=PosixPath('/tmp/aiperf_mmap_09d0807c31764a2596a0eb113a9d2bd1/index.dat') conversation_count=100 total_size_bytes=543483 compressed=False compressed_data_file_path=None compressed_index_file_path=None compressed_size_bytes=0
2026-09-17 19:22:16.836 - dataset_manager - INFO - sampling strategy: sequential, unique conversations: 100, unique turn count: 100
2026-09-17 19:22:16.837 - dataset_manager - INFO - Generating inputs.json file at /root/llm_perf/artifacts/20260917_184420_MiniMaxAI_MiniMax-M2.7_c1,4,16,32,64/profile_runs/trial_0002/concurrency_16/inputs.json
2026-09-17 19:22:16.838 - PhaseOrchestrator_51235cc1 - INFO - Initialized 1 phase(s): ['Profiling']
2026-09-17 19:22:16.840 - dataset_manager - INFO - inputs.json file generated in 0.00 seconds
2026-09-17 19:22:16.905 - dataset_manager - INFO - Dataset client initialized and freed 100 conversations from memory
2026-09-17 19:22:16.905 - dataset_manager - INFO - Dataset configured in 0.43 seconds
2026-09-17 19:22:16.906 - system_controller - INFO - All services configured in 3.35 seconds
2026-09-17 19:22:16.906 - system_controller - INFO - AIPerf System is CONFIGURED
2026-09-17 19:22:16.907 - server_metrics_manager - INFO - Server Metrics: Started 1 collector(s) successfully
2026-09-17 19:22:16.908 - system_controller - INFO - All services started profiling successfully
2026-09-17 19:22:16.909 - system_controller - INFO - AIPerf System is PROFILING
2026-09-17 19:22:16.909 - RateTiming - INFO - Creating interval generator: pattern=concurrency_burst, rate=None, smoothness=None
2026-09-17 19:22:16.910 - PhaseRunner - NOTICE - Phase profiling (profiling) started | phase_index=0 | profiling_index=0 | target: 300.0s duration
2026-09-17 19:22:16.911 - PhaseRunner - INFO - Waiting for event 'profiling phase sending' with timeout of 299.999130906s
2026-09-17 19:22:16.911 - records_manager - INFO - Credit phase start: profiling
2026-09-17 19:27:16.911 - PhaseRunner - INFO - Timeout of 299.999130906s elapsed for event 'profiling phase sending'
2026-09-17 19:27:16.912 - PhaseRunner - NOTICE - Phase profiling (profiling) sending complete | sent=240, completed=224, in_flight=16 | sessions: sent=240, completed=224 | timeout_triggered=True
2026-09-17 19:27:16.912 - PhaseRunner - INFO - Waiting for event 'profiling phase credits returned' with timeout of 29.99719294900001s
2026-09-17 19:27:16.913 - records_manager - INFO - Sent 240 requests. Waiting for all to complete...
2026-09-17 19:27:31.474 - PhaseRunner - NOTICE - Phase profiling (profiling) complete | completed=240, cancelled=0, errors=0 | sessions: completed=240, cancelled=0 | elapsed=314.56s
2026-09-17 19:27:31.475 - PhaseOrchestrator_51235cc1 - NOTICE - All credits completed
2026-09-17 19:27:31.476 - system_controller - INFO - Received credits complete from 'timing_manager'
2026-09-17 19:27:31.476 - records_manager - INFO - Received CREDIT_PHASE_COMPLETE message, Phase complete: PhaseRecordsStats(phase=CreditPhase.PROFILING, phase_index=0, profiling_index=0, phase_name='profiling', phase_kind='profiling', start_ns=1789644136910136426, sent_end_ns=1789644436912091248, requests_end_ns=1789644451474692783, baseline_start_ns=1789644136910124010, baseline_end_ns=1789644451474700975, total_expected_requests=None, expected_duration_sec=None, expected_num_sessions=None, expected_grace_period_sec=None, final_requests_sent=None, final_requests_completed=240, final_requests_cancelled=0, final_request_errors=0, final_sent_sessions=None, final_completed_sessions=None, final_cancelled_sessions=None, timeout_triggered=True, grace_period_timeout_triggered=False, was_cancelled=False, records_end_ns=None, success_records=238, error_records=0)
2026-09-17 19:27:31.478 - records_manager - NOTICE - All requests have completed, please wait for the results to be processed (currently 238 of 240 records processed)...
2026-09-17 19:27:31.478 - records_manager - INFO - All credits complete, please wait for the results to be processed...
2026-09-17 19:27:31.480 - records_manager - INFO - Processed 240 valid requests and 0 errors (240 total).
2026-09-17 19:27:31.481 - records_manager - INFO - Received all records, processing now...
2026-09-17 19:27:31.481 - gpu_telemetry_manager - INFO - GPU Telemetry: Profiling complete, capturing final metrics...
2026-09-17 19:27:31.482 - records_manager - INFO - Waiting 2.0s for server metrics flush period...
2026-09-17 19:27:31.486 - server_metrics_manager - INFO - Server Metrics: Profiling complete, capturing final metrics...
2026-09-17 19:27:33.474 - records_manager - INFO - Processing records results...
2026-09-17 19:27:33.660 - system_controller - INFO - Waiting for result domains: server_metrics, telemetry
2026-09-17 19:27:33.661 - system_controller - INFO - Waiting for result domains: server_metrics
2026-09-17 19:27:33.997 - records_manager - INFO - _finalize_and_process_results completed
2026-09-17 19:27:34.007 - system_controller - INFO - All results received, initiating shutdown
2026-09-17 19:27:34.611 - ExporterManager - INFO - Exporting all records
2026-09-17 19:27:34.688 - ExporterManager - INFO - Exporting console data
