2026-09-16 16:27:48.433 - system_controller - INFO - Registered Worker Manager (id: 'worker_manager')
2026-09-16 16:27:48.444 - server_metrics_manager - INFO - Server Metrics: Discovered 1 endpoints: ['http://localhost:8000/metrics']
2026-09-16 16:27:48.466 - GPUTelemetryJSONLWriter_1547df9f - INFO - GPU telemetry export enabled: /root/llm_perf/artifacts/20260916_160706_google_gemma-4-26B-A4B-it_c1,4,16,32,64,128/profile_runs/trial_0001/concurrency_64/gpu_telemetry_export.jsonl
2026-09-16 16:27:48.472 - OTelMetricsResultsProcessor_28a8ac9d - INFO - Telemetry streaming is disabled (set --otel-url and/or --mlflow-tracking-uri to enable)
2026-09-16 16:27:48.473 - RecordExportJSONLWriter_f58efc66 - INFO - Record metrics export enabled: /root/llm_perf/artifacts/20260916_160706_google_gemma-4-26B-A4B-it_c1,4,16,32,64,128/profile_runs/trial_0001/concurrency_64/profile_export.jsonl
2026-09-16 16:27:48.559 - system_controller - INFO - Registered Gpu Telemetry Manager (id: 'gpu_telemetry_manager')
2026-09-16 16:27:48.562 - system_controller - INFO - Registered Dataset Manager (id: 'dataset_manager')
2026-09-16 16:27:48.563 - system_controller - INFO - Registered Record Processor (id: 'record_processor_30f18d7b')
2026-09-16 16:27:48.564 - system_controller - INFO - Registered Record Processor (id: 'record_processor_daa5622d')
2026-09-16 16:27:48.566 - system_controller - INFO - Registered Record Processor (id: 'record_processor_5d3e2f1a')
2026-09-16 16:27:48.567 - system_controller - INFO - Registered Record Processor (id: 'record_processor_46ac3da2')
2026-09-16 16:27:48.568 - system_controller - INFO - Registered Server Metrics Manager (id: 'server_metrics_manager')
2026-09-16 16:27:48.571 - system_controller - INFO - Registered Record Processor (id: 'record_processor_c6460be0')
2026-09-16 16:27:48.573 - system_controller - INFO - Registered Record Processor (id: 'record_processor_86b880f5')
2026-09-16 16:27:48.576 - system_controller - INFO - Registered Record Processor (id: 'record_processor_fd1e441b')
2026-09-16 16:27:48.576 - system_controller - INFO - Registered Record Processor (id: 'record_processor_dded273a')
2026-09-16 16:27:48.593 - system_controller - INFO - Registered Records Manager (id: 'records_manager')
2026-09-16 16:27:48.655 - system_controller - INFO - Registered Timing Manager (id: 'timing_manager')
2026-09-16 16:27:48.679 - system_controller - INFO - Registered Worker (id: 'worker_3ed61e7c')
2026-09-16 16:27:48.698 - system_controller - INFO - Registered Worker (id: 'worker_6d100710')
2026-09-16 16:27:48.699 - system_controller - INFO - Registered Worker (id: 'worker_09a33000')
2026-09-16 16:27:48.700 - system_controller - INFO - Registered Worker (id: 'worker_e6ac5b53')
2026-09-16 16:27:48.701 - system_controller - INFO - Registered Worker (id: 'worker_3161ab5a')
2026-09-16 16:27:48.705 - system_controller - INFO - Registered Worker (id: 'worker_746cd3bd')
2026-09-16 16:27:48.709 - system_controller - INFO - Registered Worker (id: 'worker_e0022058')
2026-09-16 16:27:48.711 - system_controller - INFO - Registered Worker (id: 'worker_36ee563d')
2026-09-16 16:27:48.712 - system_controller - INFO - Registered Worker (id: 'worker_3129e2d7')
2026-09-16 16:27:48.712 - system_controller - INFO - Registered Worker (id: 'worker_cd4bc9c7')
2026-09-16 16:27:48.713 - system_controller - INFO - Registered Worker (id: 'worker_f5d3a9c6')
2026-09-16 16:27:48.714 - system_controller - INFO - Registered Worker (id: 'worker_ef2befad')
2026-09-16 16:27:48.718 - system_controller - INFO - Registered Worker (id: 'worker_bf8e385d')
2026-09-16 16:27:48.720 - system_controller - INFO - Registered Worker (id: 'worker_62bba3f0')
2026-09-16 16:27:48.721 - system_controller - INFO - Registered Worker (id: 'worker_3f9b18a5')
2026-09-16 16:27:48.723 - system_controller - INFO - Registered Worker (id: 'worker_6a2bbd5a')
2026-09-16 16:27:48.727 - system_controller - INFO - Registered Worker (id: 'worker_d3c4e935')
2026-09-16 16:27:48.727 - system_controller - INFO - Registered Worker (id: 'worker_42785b37')
2026-09-16 16:27:48.730 - system_controller - INFO - Registered Worker (id: 'worker_efe79927')
2026-09-16 16:27:48.759 - system_controller - INFO - Registered Worker (id: 'worker_b3d16824')
2026-09-16 16:27:48.760 - system_controller - INFO - Registered Worker (id: 'worker_4d19622d')
2026-09-16 16:27:48.760 - system_controller - INFO - Registered Worker (id: 'worker_ea40934a')
2026-09-16 16:27:48.761 - system_controller - INFO - Registered Worker (id: 'worker_13549898')
2026-09-16 16:27:48.764 - system_controller - INFO - Registered Worker (id: 'worker_3c96b07f')
2026-09-16 16:27:48.829 - system_controller - INFO - Registered Worker (id: 'worker_459d0dba')
2026-09-16 16:27:48.830 - system_controller - INFO - Registered Worker (id: 'worker_6c50b5a6')
2026-09-16 16:27:48.845 - system_controller - INFO - Registered Worker (id: 'worker_c2f9e3a4')
2026-09-16 16:27:48.848 - system_controller - INFO - Registered Worker (id: 'worker_522d1afe')
2026-09-16 16:27:48.848 - system_controller - INFO - Registered Worker (id: 'worker_8876a902')
2026-09-16 16:27:48.850 - system_controller - INFO - Registered Worker (id: 'worker_367a5dbf')
2026-09-16 16:27:48.860 - system_controller - INFO - Registered Worker (id: 'worker_c2059f91')
2026-09-16 16:27:48.860 - system_controller - INFO - Registered Worker (id: 'worker_97688c83')
2026-09-16 16:27:48.930 - system_controller - INFO - AIPerf System is CONFIGURING
2026-09-16 16:27:48.930 - system_controller - INFO - Configuring all services to start profiling
2026-09-16 16:27:48.931 - timing_manager - INFO - Waiting for dataset to be configured before configuring timing
2026-09-16 16:27:48.931 - InferenceResultParser_3bf4da87 - INFO - Tokenization is disabled for this endpoint, skipping tokenizer configuration
2026-09-16 16:27:48.931 - InferenceResultParser_b18093e3 - INFO - Tokenization is disabled for this endpoint, skipping tokenizer configuration
2026-09-16 16:27:48.931 - InferenceResultParser_c0a25038 - INFO - Tokenization is disabled for this endpoint, skipping tokenizer configuration
2026-09-16 16:27:48.931 - InferenceResultParser_e8f57da4 - INFO - Tokenization is disabled for this endpoint, skipping tokenizer configuration
2026-09-16 16:27:48.931 - InferenceResultParser_3c0c9c15 - INFO - Tokenization is disabled for this endpoint, skipping tokenizer configuration
2026-09-16 16:27:48.931 - InferenceResultParser_7b48c9f5 - INFO - Tokenization is disabled for this endpoint, skipping tokenizer configuration
2026-09-16 16:27:48.931 - InferenceResultParser_afacf76b - INFO - Tokenization is disabled for this endpoint, skipping tokenizer configuration
2026-09-16 16:27:48.931 - InferenceResultParser_c9bddfa2 - INFO - Tokenization is disabled for this endpoint, skipping tokenizer configuration
2026-09-16 16:27:48.931 - dataset_manager - INFO - Configuring tokenizer(s) for dataset manager
2026-09-16 16:27:48.939 - server_metrics_manager - INFO - Server Metrics: Capturing baseline metrics...
2026-09-16 16:27:48.942 - gpu_telemetry_manager - INFO - GPU Telemetry: Capturing baseline metrics from pynvml://localhost
2026-09-16 16:27:48.950 - pynvml_collector - INFO - PyNVML initialized with 1 GPU(s) (1 with GPM support)
2026-09-16 16:27:48.953 - http://localhost:8000/metrics - INFO - Skipping unsupported summary metric: http_request_size_bytes
2026-09-16 16:27:48.953 - http://localhost:8000/metrics - INFO - Skipping unsupported summary metric: http_response_size_bytes
2026-09-16 16:27:48.954 - system_controller - INFO - Server metrics enabled - 1/1 endpoint(s) reachable.
2026-09-16 16:27:48.955 - system_controller - INFO - Waiting for result domains: profile, server_metrics, telemetry
2026-09-16 16:27:48.960 - system_controller - INFO - DCGM telemetry enabled - 1/1 endpoint(s) reachable
2026-09-16 16:27:50.101 - httpx - INFO - HTTP Request: HEAD https://huggingface.co/google/gemma-4-26B-A4B-it/resolve/main/config.json "HTTP/1.1 307 Temporary Redirect"
2026-09-16 16:27:50.107 - httpx - INFO - HTTP Request: HEAD https://huggingface.co/api/resolve-cache/models/google/gemma-4-26B-A4B-it/4d7ae4984b7db7de8f8457170b3f1a419ee76d52/config.json?%2Fgoogle%2Fgemma-4-26B-A4B-it%2Fresolve%2Fmain%2Fconfig.json=&etag=%22f42adcca257bb0865c506947671e7d0af52ac9c4%22 "HTTP/1.1 200 OK"
2026-09-16 16:27:50.318 - httpx - INFO - HTTP Request: HEAD https://huggingface.co/google/gemma-4-26B-A4B-it/resolve/main/tokenizer_config.json "HTTP/1.1 307 Temporary Redirect"
2026-09-16 16:27:50.324 - httpx - INFO - HTTP Request: HEAD https://huggingface.co/api/resolve-cache/models/google/gemma-4-26B-A4B-it/4d7ae4984b7db7de8f8457170b3f1a419ee76d52/tokenizer_config.json?%2Fgoogle%2Fgemma-4-26B-A4B-it%2Fresolve%2Fmain%2Ftokenizer_config.json=&etag=%226068e357379d36f823c377e30efb101fa2c67fe4%22 "HTTP/1.1 200 OK"
2026-09-16 16:27:50.524 - httpx - INFO - HTTP Request: GET https://huggingface.co/api/models/google/gemma-4-26B-A4B-it/tree/main/additional_chat_templates?recursive=false&expand=false "HTTP/1.1 404 Not Found"
2026-09-16 16:27:50.727 - httpx - INFO - HTTP Request: GET https://huggingface.co/api/models/google/gemma-4-26B-A4B-it/tree/main?recursive=true&expand=false "HTTP/1.1 200 OK"
2026-09-16 16:27:51.882 - httpx - INFO - HTTP Request: GET https://huggingface.co/api/models/google/gemma-4-26B-A4B-it "HTTP/1.1 200 OK"
2026-09-16 16:27:51.910 - dataset_manager - INFO - Tokenizer(s) configured in 2.98 seconds
2026-09-16 16:27:51.911 - dataset_manager - INFO - Configuring dataset for dataset_manager
2026-09-16 16:27:52.216 - MemoryMapDatasetBackingStore_b82b4d67 - INFO - Memory-mapped backing store initialized (streaming to /tmp/aiperf_mmap_174616c4dc2545329d1adc37c02c10ad/dataset.dat)
2026-09-16 16:27:52.222 - MemoryMapDatasetBackingStore_b82b4d67 - INFO - Data file finalized: 100 conversations, 0.52 MB
2026-09-16 16:27:52.222 - MemoryMapDatasetBackingStore_b82b4d67 - INFO - Index file created: /tmp/aiperf_mmap_174616c4dc2545329d1adc37c02c10ad/index.dat
2026-09-16 16:27:52.222 - dataset_manager - INFO - Backing store finalized: client_type=DatasetClientStoreType.MEMORY_MAP format=MemoryMapFormat.CONVERSATION data_file_path=PosixPath('/tmp/aiperf_mmap_174616c4dc2545329d1adc37c02c10ad/dataset.dat') index_file_path=PosixPath('/tmp/aiperf_mmap_174616c4dc2545329d1adc37c02c10ad/index.dat') conversation_count=100 total_size_bytes=550002 compressed=False compressed_data_file_path=None compressed_index_file_path=None compressed_size_bytes=0
2026-09-16 16:27:52.225 - dataset_manager - INFO - sampling strategy: sequential, unique conversations: 100, unique turn count: 100
2026-09-16 16:27:52.226 - dataset_manager - INFO - Generating inputs.json file at /root/llm_perf/artifacts/20260916_160706_google_gemma-4-26B-A4B-it_c1,4,16,32,64,128/profile_runs/trial_0001/concurrency_64/inputs.json
2026-09-16 16:27:52.228 - PhaseOrchestrator_7a71ad4d - INFO - Initialized 1 phase(s): ['Profiling']
2026-09-16 16:27:52.229 - dataset_manager - INFO - inputs.json file generated in 0.00 seconds
2026-09-16 16:27:52.305 - dataset_manager - INFO - Dataset client initialized and freed 100 conversations from memory
2026-09-16 16:27:52.306 - dataset_manager - INFO - Dataset configured in 0.39 seconds
2026-09-16 16:27:52.306 - system_controller - INFO - All services configured in 3.38 seconds
2026-09-16 16:27:52.307 - system_controller - INFO - AIPerf System is CONFIGURED
2026-09-16 16:27:52.308 - server_metrics_manager - INFO - Server Metrics: Started 1 collector(s) successfully
2026-09-16 16:27:52.309 - system_controller - INFO - All services started profiling successfully
2026-09-16 16:27:52.309 - system_controller - INFO - AIPerf System is PROFILING
2026-09-16 16:27:52.310 - RateTiming - INFO - Creating interval generator: pattern=concurrency_burst, rate=None, smoothness=None
2026-09-16 16:27:52.310 - PhaseRunner - NOTICE - Phase profiling (profiling) started | phase_index=0 | profiling_index=0 | target: 300.0s duration
2026-09-16 16:27:52.311 - PhaseRunner - INFO - Waiting for event 'profiling phase sending' with timeout of 299.999307252s
2026-09-16 16:27:52.311 - records_manager - INFO - Credit phase start: profiling
2026-09-16 16:32:52.310 - PhaseRunner - INFO - Timeout of 299.999307252s elapsed for event 'profiling phase sending'
2026-09-16 16:32:52.311 - PhaseRunner - NOTICE - Phase profiling (profiling) sending complete | sent=2,944, completed=2,880, in_flight=64 | sessions: sent=2,944, completed=2,880 | timeout_triggered=True
2026-09-16 16:32:52.311 - PhaseRunner - INFO - Waiting for event 'profiling phase credits returned' with timeout of 29.998942286999977s
2026-09-16 16:32:52.312 - records_manager - INFO - Sent 2,944 requests. Waiting for all to complete...
2026-09-16 16:32:53.395 - PhaseRunner - NOTICE - Phase profiling (profiling) complete | completed=2,944, cancelled=0, errors=0 | sessions: completed=2,944, cancelled=0 | elapsed=301.08s
2026-09-16 16:32:53.396 - PhaseOrchestrator_7a71ad4d - NOTICE - All credits completed
2026-09-16 16:32:53.397 - system_controller - INFO - Received credits complete from 'timing_manager'
2026-09-16 16:32:53.396 - records_manager - INFO - Received CREDIT_PHASE_COMPLETE message, Phase complete: PhaseRecordsStats(phase=CreditPhase.PROFILING, phase_index=0, profiling_index=0, phase_name='profiling', phase_kind='profiling', start_ns=1789547272310808387, sent_end_ns=1789547572311049064, requests_end_ns=1789547573395636122, baseline_start_ns=1789547272310795522, baseline_end_ns=1789547573395644698, total_expected_requests=None, expected_duration_sec=None, expected_num_sessions=None, expected_grace_period_sec=None, final_requests_sent=None, final_requests_completed=2944, final_requests_cancelled=0, final_request_errors=0, final_sent_sessions=None, final_completed_sessions=None, final_cancelled_sessions=None, timeout_triggered=True, grace_period_timeout_triggered=False, was_cancelled=False, records_end_ns=None, success_records=2902, error_records=0)
2026-09-16 16:32:53.399 - records_manager - NOTICE - All requests have completed, please wait for the results to be processed (currently 2,902 of 2,944 records processed)...
2026-09-16 16:32:53.399 - records_manager - INFO - All credits complete, please wait for the results to be processed...
2026-09-16 16:32:53.422 - records_manager - INFO - Processed 2944 valid requests and 0 errors (2944 total).
2026-09-16 16:32:53.422 - records_manager - INFO - Received all records, processing now...
2026-09-16 16:32:53.423 - server_metrics_manager - INFO - Server Metrics: Profiling complete, capturing final metrics...
2026-09-16 16:32:53.423 - gpu_telemetry_manager - INFO - GPU Telemetry: Profiling complete, capturing final metrics...
2026-09-16 16:32:53.423 - records_manager - INFO - Waiting 2.0s for server metrics flush period...
2026-09-16 16:32:55.397 - records_manager - INFO - Processing records results...
2026-09-16 16:32:56.341 - system_controller - INFO - Waiting for result domains: server_metrics, telemetry
2026-09-16 16:32:56.342 - system_controller - INFO - Waiting for result domains: server_metrics
2026-09-16 16:32:56.669 - records_manager - INFO - _finalize_and_process_results completed
2026-09-16 16:32:56.674 - system_controller - INFO - All results received, initiating shutdown
2026-09-16 16:32:57.308 - ExporterManager - INFO - Exporting all records
2026-09-16 16:32:57.418 - ExporterManager - INFO - Exporting console data
