2026-09-16 22:36:10.708 - system_controller - INFO - Registered Worker Manager (id: 'worker_manager')
2026-09-16 22:36:10.720 - server_metrics_manager - INFO - Server Metrics: Discovered 1 endpoints: ['http://localhost:8000/metrics']
2026-09-16 22:36:10.742 - GPUTelemetryJSONLWriter_c9199525 - INFO - GPU telemetry export enabled: /root/llm_perf/artifacts/20260916_223047_nvidia_NVIDIA-Nemotron-3-Super-120B-A12B-NVFP4_c1,4,16,32,64,128/profile_runs/trial_0001/concurrency_4/gpu_telemetry_export.jsonl
2026-09-16 22:36:10.746 - system_controller - INFO - Registered Server Metrics Manager (id: 'server_metrics_manager')
2026-09-16 22:36:10.748 - OTelMetricsResultsProcessor_3cea069f - INFO - Telemetry streaming is disabled (set --otel-url and/or --mlflow-tracking-uri to enable)
2026-09-16 22:36:10.749 - RecordExportJSONLWriter_0c52578e - INFO - Record metrics export enabled: /root/llm_perf/artifacts/20260916_223047_nvidia_NVIDIA-Nemotron-3-Super-120B-A12B-NVFP4_c1,4,16,32,64,128/profile_runs/trial_0001/concurrency_4/profile_export.jsonl
2026-09-16 22:36:10.752 - system_controller - INFO - Registered Record Processor (id: 'record_processor_6d96053d')
2026-09-16 22:36:10.771 - system_controller - INFO - Registered Records Manager (id: 'records_manager')
2026-09-16 22:36:10.824 - system_controller - INFO - Registered Gpu Telemetry Manager (id: 'gpu_telemetry_manager')
2026-09-16 22:36:10.834 - system_controller - INFO - Registered Dataset Manager (id: 'dataset_manager')
2026-09-16 22:36:10.838 - system_controller - INFO - Registered Timing Manager (id: 'timing_manager')
2026-09-16 22:36:10.860 - system_controller - INFO - Registered Worker (id: 'worker_005e62ee')
2026-09-16 22:36:10.867 - system_controller - INFO - Registered Worker (id: 'worker_a703be8d')
2026-09-16 22:36:10.868 - system_controller - INFO - Registered Worker (id: 'worker_c5f8f689')
2026-09-16 22:36:10.869 - system_controller - INFO - Registered Worker (id: 'worker_dda06cdd')
2026-09-16 22:36:11.204 - system_controller - INFO - AIPerf System is CONFIGURING
2026-09-16 22:36:11.205 - system_controller - INFO - Configuring all services to start profiling
2026-09-16 22:36:11.205 - timing_manager - INFO - Waiting for dataset to be configured before configuring timing
2026-09-16 22:36:11.205 - InferenceResultParser_761477b0 - INFO - Tokenization is disabled for this endpoint, skipping tokenizer configuration
2026-09-16 22:36:11.206 - dataset_manager - INFO - Configuring tokenizer(s) for dataset manager
2026-09-16 22:36:11.214 - server_metrics_manager - INFO - Server Metrics: Capturing baseline metrics...
2026-09-16 22:36:11.216 - gpu_telemetry_manager - INFO - GPU Telemetry: Capturing baseline metrics from pynvml://localhost
2026-09-16 22:36:11.225 - pynvml_collector - INFO - PyNVML initialized with 1 GPU(s) (1 with GPM support)
2026-09-16 22:36:11.227 - http://localhost:8000/metrics - INFO - Skipping unsupported summary metric: http_request_size_bytes
2026-09-16 22:36:11.227 - http://localhost:8000/metrics - INFO - Skipping unsupported summary metric: http_response_size_bytes
2026-09-16 22:36:11.228 - system_controller - INFO - Server metrics enabled - 1/1 endpoint(s) reachable.
2026-09-16 22:36:11.229 - system_controller - INFO - Waiting for result domains: profile, server_metrics, telemetry
2026-09-16 22:36:11.236 - system_controller - INFO - DCGM telemetry enabled - 1/1 endpoint(s) reachable
2026-09-16 22:36:12.370 - httpx - INFO - HTTP Request: HEAD https://huggingface.co/nvidia/NVIDIA-Nemotron-3-Super-120B-A12B-NVFP4/resolve/main/config.json "HTTP/1.1 307 Temporary Redirect"
2026-09-16 22:36:12.376 - httpx - INFO - HTTP Request: HEAD https://huggingface.co/api/resolve-cache/models/nvidia/NVIDIA-Nemotron-3-Super-120B-A12B-NVFP4/ff433f5493e25d631c9f12b5d55c674229923d02/config.json?%2Fnvidia%2FNVIDIA-Nemotron-3-Super-120B-A12B-NVFP4%2Fresolve%2Fmain%2Fconfig.json=&etag=%2225fdfa00f468ad953fc5516aeab78a128332da1a%22 "HTTP/1.1 200 OK"
2026-09-16 22:36:13.044 - httpx - INFO - HTTP Request: HEAD https://huggingface.co/nvidia/NVIDIA-Nemotron-3-Super-120B-A12B-NVFP4/resolve/main/tokenizer_config.json "HTTP/1.1 307 Temporary Redirect"
2026-09-16 22:36:13.050 - httpx - INFO - HTTP Request: HEAD https://huggingface.co/api/resolve-cache/models/nvidia/NVIDIA-Nemotron-3-Super-120B-A12B-NVFP4/ff433f5493e25d631c9f12b5d55c674229923d02/tokenizer_config.json?%2Fnvidia%2FNVIDIA-Nemotron-3-Super-120B-A12B-NVFP4%2Fresolve%2Fmain%2Ftokenizer_config.json=&etag=%22c96e5ad00986bfa0b666d4bc425666f1c51d6d1b%22 "HTTP/1.1 200 OK"
2026-09-16 22:36:13.252 - httpx - INFO - HTTP Request: GET https://huggingface.co/api/models/nvidia/NVIDIA-Nemotron-3-Super-120B-A12B-NVFP4/tree/main/additional_chat_templates?recursive=false&expand=false "HTTP/1.1 404 Not Found"
2026-09-16 22:36:13.455 - httpx - INFO - HTTP Request: GET https://huggingface.co/api/models/nvidia/NVIDIA-Nemotron-3-Super-120B-A12B-NVFP4/tree/main?recursive=true&expand=false "HTTP/1.1 200 OK"
2026-09-16 22:36:14.402 - httpx - INFO - HTTP Request: GET https://huggingface.co/api/models/nvidia/NVIDIA-Nemotron-3-Super-120B-A12B-NVFP4 "HTTP/1.1 200 OK"
2026-09-16 22:36:14.676 - dataset_manager - INFO - Tokenizer(s) configured in 3.47 seconds
2026-09-16 22:36:14.676 - dataset_manager - INFO - Configuring dataset for dataset_manager
2026-09-16 22:36:15.018 - MemoryMapDatasetBackingStore_d937eb4f - INFO - Memory-mapped backing store initialized (streaming to /tmp/aiperf_mmap_68986b86537d4f698d3f35d41fd597b3/dataset.dat)
2026-09-16 22:36:15.024 - MemoryMapDatasetBackingStore_d937eb4f - INFO - Data file finalized: 100 conversations, 0.49 MB
2026-09-16 22:36:15.025 - MemoryMapDatasetBackingStore_d937eb4f - INFO - Index file created: /tmp/aiperf_mmap_68986b86537d4f698d3f35d41fd597b3/index.dat
2026-09-16 22:36:15.026 - dataset_manager - INFO - Backing store finalized: client_type=DatasetClientStoreType.MEMORY_MAP format=MemoryMapFormat.CONVERSATION data_file_path=PosixPath('/tmp/aiperf_mmap_68986b86537d4f698d3f35d41fd597b3/dataset.dat') index_file_path=PosixPath('/tmp/aiperf_mmap_68986b86537d4f698d3f35d41fd597b3/index.dat') conversation_count=100 total_size_bytes=517305 compressed=False compressed_data_file_path=None compressed_index_file_path=None compressed_size_bytes=0
2026-09-16 22:36:15.028 - dataset_manager - INFO - sampling strategy: sequential, unique conversations: 100, unique turn count: 100
2026-09-16 22:36:15.029 - dataset_manager - INFO - Generating inputs.json file at /root/llm_perf/artifacts/20260916_223047_nvidia_NVIDIA-Nemotron-3-Super-120B-A12B-NVFP4_c1,4,16,32,64,128/profile_runs/trial_0001/concurrency_4/inputs.json
2026-09-16 22:36:15.030 - PhaseOrchestrator_af7d8dd6 - INFO - Initialized 1 phase(s): ['Profiling']
2026-09-16 22:36:15.034 - dataset_manager - INFO - inputs.json file generated in 0.00 seconds
2026-09-16 22:36:15.098 - dataset_manager - INFO - Dataset client initialized and freed 100 conversations from memory
2026-09-16 22:36:15.099 - dataset_manager - INFO - Dataset configured in 0.42 seconds
2026-09-16 22:36:15.099 - system_controller - INFO - All services configured in 3.89 seconds
2026-09-16 22:36:15.100 - system_controller - INFO - AIPerf System is CONFIGURED
2026-09-16 22:36:15.101 - server_metrics_manager - INFO - Server Metrics: Started 1 collector(s) successfully
2026-09-16 22:36:15.102 - RateTiming - INFO - Creating interval generator: pattern=concurrency_burst, rate=None, smoothness=None
2026-09-16 22:36:15.103 - PhaseRunner - NOTICE - Phase profiling (profiling) started | phase_index=0 | profiling_index=0 | target: 300.0s duration
2026-09-16 22:36:15.103 - PhaseRunner - INFO - Waiting for event 'profiling phase sending' with timeout of 299.999319803s
2026-09-16 22:36:15.104 - records_manager - INFO - Credit phase start: profiling
2026-09-16 22:36:15.105 - system_controller - INFO - All services started profiling successfully
2026-09-16 22:36:15.106 - system_controller - INFO - AIPerf System is PROFILING
2026-09-16 22:41:15.102 - PhaseRunner - INFO - Timeout of 299.999319803s elapsed for event 'profiling phase sending'
2026-09-16 22:41:15.103 - PhaseRunner - NOTICE - Phase profiling (profiling) sending complete | sent=360, completed=356, in_flight=4 | sessions: sent=360, completed=356 | timeout_triggered=True
2026-09-16 22:41:15.103 - PhaseRunner - INFO - Waiting for event 'profiling phase credits returned' with timeout of 29.999362270999995s
2026-09-16 22:41:15.104 - records_manager - INFO - Sent 360 requests. Waiting for all to complete...
2026-09-16 22:41:16.169 - PhaseRunner - NOTICE - Phase profiling (profiling) complete | completed=360, cancelled=0, errors=0 | sessions: completed=360, cancelled=0 | elapsed=301.07s
2026-09-16 22:41:16.170 - PhaseOrchestrator_af7d8dd6 - NOTICE - All credits completed
2026-09-16 22:41:16.170 - system_controller - INFO - Received credits complete from 'timing_manager'
2026-09-16 22:41:16.170 - records_manager - INFO - Received CREDIT_PHASE_COMPLETE message, Phase complete: PhaseRecordsStats(phase=CreditPhase.PROFILING, phase_index=0, profiling_index=0, phase_name='profiling', phase_kind='profiling', start_ns=1789569375103231782, sent_end_ns=1789569675103104352, requests_end_ns=1789569676169164517, baseline_start_ns=1789569375103220325, baseline_end_ns=1789569676169171589, total_expected_requests=None, expected_duration_sec=None, expected_num_sessions=None, expected_grace_period_sec=None, final_requests_sent=None, final_requests_completed=360, final_requests_cancelled=0, final_request_errors=0, final_sent_sessions=None, final_completed_sessions=None, final_cancelled_sessions=None, timeout_triggered=True, grace_period_timeout_triggered=False, was_cancelled=False, records_end_ns=None, success_records=357, error_records=0)
2026-09-16 22:41:16.172 - records_manager - NOTICE - All requests have completed, please wait for the results to be processed (currently 357 of 360 records processed)...
2026-09-16 22:41:16.172 - records_manager - INFO - All credits complete, please wait for the results to be processed...
2026-09-16 22:41:16.179 - records_manager - INFO - Processed 360 valid requests and 0 errors (360 total).
2026-09-16 22:41:16.180 - records_manager - INFO - Received all records, processing now...
2026-09-16 22:41:16.180 - server_metrics_manager - INFO - Server Metrics: Profiling complete, capturing final metrics...
2026-09-16 22:41:16.180 - gpu_telemetry_manager - INFO - GPU Telemetry: Profiling complete, capturing final metrics...
2026-09-16 22:41:16.181 - records_manager - INFO - Waiting 2.0s for server metrics flush period...
2026-09-16 22:41:18.169 - records_manager - INFO - Processing records results...
2026-09-16 22:41:18.513 - system_controller - INFO - Waiting for result domains: server_metrics, telemetry
2026-09-16 22:41:18.513 - system_controller - INFO - Waiting for result domains: server_metrics
2026-09-16 22:41:18.815 - records_manager - INFO - _finalize_and_process_results completed
2026-09-16 22:41:18.819 - system_controller - INFO - All results received, initiating shutdown
2026-09-16 22:41:19.422 - ExporterManager - INFO - Exporting all records
2026-09-16 22:41:19.530 - ExporterManager - INFO - Exporting console data
