2026-09-16 16:12:18.375 - system_controller - INFO - Registered Worker Manager (id: 'worker_manager')
2026-09-16 16:12:18.386 - server_metrics_manager - INFO - Server Metrics: Discovered 1 endpoints: ['http://localhost:8000/metrics']
2026-09-16 16:12:18.401 - system_controller - INFO - Registered Gpu Telemetry Manager (id: 'gpu_telemetry_manager')
2026-09-16 16:12:18.408 - GPUTelemetryJSONLWriter_82d04c71 - INFO - GPU telemetry export enabled: /root/llm_perf/artifacts/20260916_160706_google_gemma-4-26B-A4B-it_c1,4,16,32,64,128/profile_runs/trial_0001/concurrency_4/gpu_telemetry_export.jsonl
2026-09-16 16:12:18.414 - OTelMetricsResultsProcessor_48e65c62 - INFO - Telemetry streaming is disabled (set --otel-url and/or --mlflow-tracking-uri to enable)
2026-09-16 16:12:18.415 - system_controller - INFO - Registered Record Processor (id: 'record_processor_ca0ada9c')
2026-09-16 16:12:18.415 - RecordExportJSONLWriter_8b606eeb - INFO - Record metrics export enabled: /root/llm_perf/artifacts/20260916_160706_google_gemma-4-26B-A4B-it_c1,4,16,32,64,128/profile_runs/trial_0001/concurrency_4/profile_export.jsonl
2026-09-16 16:12:18.438 - system_controller - INFO - Registered Records Manager (id: 'records_manager')
2026-09-16 16:12:18.501 - system_controller - INFO - Registered Server Metrics Manager (id: 'server_metrics_manager')
2026-09-16 16:12:18.501 - system_controller - INFO - Registered Dataset Manager (id: 'dataset_manager')
2026-09-16 16:12:18.507 - system_controller - INFO - Registered Timing Manager (id: 'timing_manager')
2026-09-16 16:12:18.521 - system_controller - INFO - Registered Worker (id: 'worker_aad028f0')
2026-09-16 16:12:18.528 - system_controller - INFO - Registered Worker (id: 'worker_77ac09f4')
2026-09-16 16:12:18.535 - system_controller - INFO - Registered Worker (id: 'worker_54bf0781')
2026-09-16 16:12:18.536 - system_controller - INFO - Registered Worker (id: 'worker_ee2d8beb')
2026-09-16 16:12:18.871 - system_controller - INFO - AIPerf System is CONFIGURING
2026-09-16 16:12:18.871 - system_controller - INFO - Configuring all services to start profiling
2026-09-16 16:12:18.872 - timing_manager - INFO - Waiting for dataset to be configured before configuring timing
2026-09-16 16:12:18.872 - InferenceResultParser_aae36596 - INFO - Tokenization is disabled for this endpoint, skipping tokenizer configuration
2026-09-16 16:12:18.872 - dataset_manager - INFO - Configuring tokenizer(s) for dataset manager
2026-09-16 16:12:18.881 - server_metrics_manager - INFO - Server Metrics: Capturing baseline metrics...
2026-09-16 16:12:18.883 - gpu_telemetry_manager - INFO - GPU Telemetry: Capturing baseline metrics from pynvml://localhost
2026-09-16 16:12:18.891 - pynvml_collector - INFO - PyNVML initialized with 1 GPU(s) (1 with GPM support)
2026-09-16 16:12:18.894 - http://localhost:8000/metrics - INFO - Skipping unsupported summary metric: http_request_size_bytes
2026-09-16 16:12:18.894 - http://localhost:8000/metrics - INFO - Skipping unsupported summary metric: http_response_size_bytes
2026-09-16 16:12:18.895 - system_controller - INFO - Server metrics enabled - 1/1 endpoint(s) reachable.
2026-09-16 16:12:18.896 - system_controller - INFO - Waiting for result domains: profile, server_metrics, telemetry
2026-09-16 16:12:18.912 - system_controller - INFO - DCGM telemetry enabled - 1/1 endpoint(s) reachable
2026-09-16 16:12:20.020 - httpx - INFO - HTTP Request: HEAD https://huggingface.co/google/gemma-4-26B-A4B-it/resolve/main/config.json "HTTP/1.1 307 Temporary Redirect"
2026-09-16 16:12:20.026 - httpx - INFO - HTTP Request: HEAD https://huggingface.co/api/resolve-cache/models/google/gemma-4-26B-A4B-it/4d7ae4984b7db7de8f8457170b3f1a419ee76d52/config.json?%2Fgoogle%2Fgemma-4-26B-A4B-it%2Fresolve%2Fmain%2Fconfig.json=&etag=%22f42adcca257bb0865c506947671e7d0af52ac9c4%22 "HTTP/1.1 200 OK"
2026-09-16 16:12:20.242 - httpx - INFO - HTTP Request: HEAD https://huggingface.co/google/gemma-4-26B-A4B-it/resolve/main/tokenizer_config.json "HTTP/1.1 307 Temporary Redirect"
2026-09-16 16:12:20.249 - httpx - INFO - HTTP Request: HEAD https://huggingface.co/api/resolve-cache/models/google/gemma-4-26B-A4B-it/4d7ae4984b7db7de8f8457170b3f1a419ee76d52/tokenizer_config.json?%2Fgoogle%2Fgemma-4-26B-A4B-it%2Fresolve%2Fmain%2Ftokenizer_config.json=&etag=%226068e357379d36f823c377e30efb101fa2c67fe4%22 "HTTP/1.1 200 OK"
2026-09-16 16:12:20.452 - httpx - INFO - HTTP Request: GET https://huggingface.co/api/models/google/gemma-4-26B-A4B-it/tree/main/additional_chat_templates?recursive=false&expand=false "HTTP/1.1 404 Not Found"
2026-09-16 16:12:20.656 - httpx - INFO - HTTP Request: GET https://huggingface.co/api/models/google/gemma-4-26B-A4B-it/tree/main?recursive=true&expand=false "HTTP/1.1 200 OK"
2026-09-16 16:12:21.753 - httpx - INFO - HTTP Request: GET https://huggingface.co/api/models/google/gemma-4-26B-A4B-it "HTTP/1.1 200 OK"
2026-09-16 16:12:21.783 - dataset_manager - INFO - Tokenizer(s) configured in 2.91 seconds
2026-09-16 16:12:21.784 - dataset_manager - INFO - Configuring dataset for dataset_manager
2026-09-16 16:12:22.093 - MemoryMapDatasetBackingStore_bcee3730 - INFO - Memory-mapped backing store initialized (streaming to /tmp/aiperf_mmap_d4d5d0c4e3074e1b8d33e0e562acbf92/dataset.dat)
2026-09-16 16:12:22.099 - MemoryMapDatasetBackingStore_bcee3730 - INFO - Data file finalized: 100 conversations, 0.52 MB
2026-09-16 16:12:22.099 - MemoryMapDatasetBackingStore_bcee3730 - INFO - Index file created: /tmp/aiperf_mmap_d4d5d0c4e3074e1b8d33e0e562acbf92/index.dat
2026-09-16 16:12:22.100 - dataset_manager - INFO - Backing store finalized: client_type=DatasetClientStoreType.MEMORY_MAP format=MemoryMapFormat.CONVERSATION data_file_path=PosixPath('/tmp/aiperf_mmap_d4d5d0c4e3074e1b8d33e0e562acbf92/dataset.dat') index_file_path=PosixPath('/tmp/aiperf_mmap_d4d5d0c4e3074e1b8d33e0e562acbf92/index.dat') conversation_count=100 total_size_bytes=549161 compressed=False compressed_data_file_path=None compressed_index_file_path=None compressed_size_bytes=0
2026-09-16 16:12:22.102 - dataset_manager - INFO - sampling strategy: sequential, unique conversations: 100, unique turn count: 100
2026-09-16 16:12:22.103 - dataset_manager - INFO - Generating inputs.json file at /root/llm_perf/artifacts/20260916_160706_google_gemma-4-26B-A4B-it_c1,4,16,32,64,128/profile_runs/trial_0001/concurrency_4/inputs.json
2026-09-16 16:12:22.104 - PhaseOrchestrator_6df3a6cb - INFO - Initialized 1 phase(s): ['Profiling']
2026-09-16 16:12:22.106 - dataset_manager - INFO - inputs.json file generated in 0.00 seconds
2026-09-16 16:12:22.184 - dataset_manager - INFO - Dataset client initialized and freed 100 conversations from memory
2026-09-16 16:12:22.185 - dataset_manager - INFO - Dataset configured in 0.40 seconds
2026-09-16 16:12:22.185 - system_controller - INFO - All services configured in 3.31 seconds
2026-09-16 16:12:22.186 - system_controller - INFO - AIPerf System is CONFIGURED
2026-09-16 16:12:22.187 - server_metrics_manager - INFO - Server Metrics: Started 1 collector(s) successfully
2026-09-16 16:12:22.188 - system_controller - INFO - All services started profiling successfully
2026-09-16 16:12:22.188 - system_controller - INFO - AIPerf System is PROFILING
2026-09-16 16:12:22.188 - RateTiming - INFO - Creating interval generator: pattern=concurrency_burst, rate=None, smoothness=None
2026-09-16 16:12:22.189 - PhaseRunner - NOTICE - Phase profiling (profiling) started | phase_index=0 | profiling_index=0 | target: 300.0s duration
2026-09-16 16:12:22.190 - PhaseRunner - INFO - Waiting for event 'profiling phase sending' with timeout of 299.99927366s
2026-09-16 16:12:22.190 - records_manager - INFO - Credit phase start: profiling
2026-09-16 16:17:22.189 - PhaseRunner - INFO - Timeout of 299.99927366s elapsed for event 'profiling phase sending'
2026-09-16 16:17:22.190 - PhaseRunner - NOTICE - Phase profiling (profiling) sending complete | sent=460, completed=456, in_flight=4 | sessions: sent=460, completed=456 | timeout_triggered=True
2026-09-16 16:17:22.190 - PhaseRunner - INFO - Waiting for event 'profiling phase credits returned' with timeout of 29.998729450999974s
2026-09-16 16:17:22.191 - records_manager - INFO - Sent 460 requests. Waiting for all to complete...
2026-09-16 16:17:23.422 - PhaseRunner - NOTICE - Phase profiling (profiling) complete | completed=460, cancelled=0, errors=0 | sessions: completed=460, cancelled=0 | elapsed=301.23s
2026-09-16 16:17:23.423 - PhaseOrchestrator_6df3a6cb - NOTICE - All credits completed
2026-09-16 16:17:23.423 - system_controller - INFO - Received credits complete from 'timing_manager'
2026-09-16 16:17:23.423 - records_manager - INFO - Received CREDIT_PHASE_COMPLETE message, Phase complete: PhaseRecordsStats(phase=CreditPhase.PROFILING, phase_index=0, profiling_index=0, phase_name='profiling', phase_kind='profiling', start_ns=1789546342189576714, sent_end_ns=1789546642190054656, requests_end_ns=1789546643422182472, baseline_start_ns=1789546342189562570, baseline_end_ns=1789546643422189832, total_expected_requests=None, expected_duration_sec=None, expected_num_sessions=None, expected_grace_period_sec=None, final_requests_sent=None, final_requests_completed=460, final_requests_cancelled=0, final_request_errors=0, final_sent_sessions=None, final_completed_sessions=None, final_cancelled_sessions=None, timeout_triggered=True, grace_period_timeout_triggered=False, was_cancelled=False, records_end_ns=None, success_records=457, error_records=0)
2026-09-16 16:17:23.425 - records_manager - NOTICE - All requests have completed, please wait for the results to be processed (currently 457 of 460 records processed)...
2026-09-16 16:17:23.426 - records_manager - INFO - All credits complete, please wait for the results to be processed...
2026-09-16 16:17:23.433 - records_manager - INFO - Processed 460 valid requests and 0 errors (460 total).
2026-09-16 16:17:23.433 - records_manager - INFO - Received all records, processing now...
2026-09-16 16:17:23.434 - gpu_telemetry_manager - INFO - GPU Telemetry: Profiling complete, capturing final metrics...
2026-09-16 16:17:23.434 - server_metrics_manager - INFO - Server Metrics: Profiling complete, capturing final metrics...
2026-09-16 16:17:23.434 - records_manager - INFO - Waiting 2.0s for server metrics flush period...
2026-09-16 16:17:25.422 - records_manager - INFO - Processing records results...
2026-09-16 16:17:25.850 - system_controller - INFO - Waiting for result domains: server_metrics, telemetry
2026-09-16 16:17:25.851 - system_controller - INFO - Waiting for result domains: server_metrics
2026-09-16 16:17:26.177 - records_manager - INFO - _finalize_and_process_results completed
2026-09-16 16:17:26.182 - system_controller - INFO - All results received, initiating shutdown
2026-09-16 16:17:26.787 - ExporterManager - INFO - Exporting all records
2026-09-16 16:17:26.897 - ExporterManager - INFO - Exporting console data
