2026-09-16 22:30:59.897 - system_controller - INFO - Registered Worker Manager (id: 'worker_manager')
2026-09-16 22:30:59.908 - server_metrics_manager - INFO - Server Metrics: Discovered 1 endpoints: ['http://localhost:8000/metrics']
2026-09-16 22:30:59.908 - system_controller - INFO - Registered Dataset Manager (id: 'dataset_manager')
2026-09-16 22:30:59.911 - system_controller - INFO - Registered Gpu Telemetry Manager (id: 'gpu_telemetry_manager')
2026-09-16 22:30:59.928 - GPUTelemetryJSONLWriter_f19b7f4e - INFO - GPU telemetry export enabled: /root/llm_perf/artifacts/20260916_223047_nvidia_NVIDIA-Nemotron-3-Super-120B-A12B-NVFP4_c1,4,16,32,64,128/profile_runs/trial_0001/concurrency_1/gpu_telemetry_export.jsonl
2026-09-16 22:30:59.931 - system_controller - INFO - Registered Server Metrics Manager (id: 'server_metrics_manager')
2026-09-16 22:30:59.936 - OTelMetricsResultsProcessor_90d8f5e0 - INFO - Telemetry streaming is disabled (set --otel-url and/or --mlflow-tracking-uri to enable)
2026-09-16 22:30:59.937 - RecordExportJSONLWriter_3eb9ccd7 - INFO - Record metrics export enabled: /root/llm_perf/artifacts/20260916_223047_nvidia_NVIDIA-Nemotron-3-Super-120B-A12B-NVFP4_c1,4,16,32,64,128/profile_runs/trial_0001/concurrency_1/profile_export.jsonl
2026-09-16 22:30:59.958 - system_controller - INFO - Registered Records Manager (id: 'records_manager')
2026-09-16 22:31:00.003 - system_controller - INFO - Registered Timing Manager (id: 'timing_manager')
2026-09-16 22:31:00.025 - system_controller - INFO - Registered Worker (id: 'worker_af08d01e')
2026-09-16 22:31:00.041 - system_controller - INFO - Registered Record Processor (id: 'record_processor_813045ba')
2026-09-16 22:31:00.391 - system_controller - INFO - AIPerf System is CONFIGURING
2026-09-16 22:31:00.391 - system_controller - INFO - Configuring all services to start profiling
2026-09-16 22:31:00.392 - timing_manager - INFO - Waiting for dataset to be configured before configuring timing
2026-09-16 22:31:00.392 - InferenceResultParser_95413f7b - INFO - Tokenization is disabled for this endpoint, skipping tokenizer configuration
2026-09-16 22:31:00.393 - dataset_manager - INFO - Configuring tokenizer(s) for dataset manager
2026-09-16 22:31:00.399 - server_metrics_manager - INFO - Server Metrics: Capturing baseline metrics...
2026-09-16 22:31:00.403 - gpu_telemetry_manager - INFO - GPU Telemetry: Capturing baseline metrics from pynvml://localhost
2026-09-16 22:31:00.414 - pynvml_collector - INFO - PyNVML initialized with 1 GPU(s) (1 with GPM support)
2026-09-16 22:31:00.424 - system_controller - INFO - DCGM telemetry enabled - 1/1 endpoint(s) reachable
2026-09-16 22:31:00.424 - system_controller - INFO - Waiting for result domains: profile, server_metrics, telemetry
2026-09-16 22:31:00.452 - http://localhost:8000/metrics - INFO - Skipping unsupported summary metric: http_request_size_bytes
2026-09-16 22:31:00.452 - http://localhost:8000/metrics - INFO - Skipping unsupported summary metric: http_response_size_bytes
2026-09-16 22:31:00.453 - system_controller - INFO - Server metrics enabled - 1/1 endpoint(s) reachable.
2026-09-16 22:31:01.448 - httpx - INFO - HTTP Request: HEAD https://huggingface.co/nvidia/NVIDIA-Nemotron-3-Super-120B-A12B-NVFP4/resolve/main/config.json "HTTP/1.1 307 Temporary Redirect"
2026-09-16 22:31:01.490 - httpx - INFO - HTTP Request: HEAD https://huggingface.co/api/resolve-cache/models/nvidia/NVIDIA-Nemotron-3-Super-120B-A12B-NVFP4/ff433f5493e25d631c9f12b5d55c674229923d02/config.json?%2Fnvidia%2FNVIDIA-Nemotron-3-Super-120B-A12B-NVFP4%2Fresolve%2Fmain%2Fconfig.json=&etag=%2225fdfa00f468ad953fc5516aeab78a128332da1a%22 "HTTP/1.1 200 OK"
2026-09-16 22:31:02.178 - httpx - INFO - HTTP Request: HEAD https://huggingface.co/nvidia/NVIDIA-Nemotron-3-Super-120B-A12B-NVFP4/resolve/main/tokenizer_config.json "HTTP/1.1 307 Temporary Redirect"
2026-09-16 22:31:02.285 - httpx - INFO - HTTP Request: HEAD https://huggingface.co/api/resolve-cache/models/nvidia/NVIDIA-Nemotron-3-Super-120B-A12B-NVFP4/ff433f5493e25d631c9f12b5d55c674229923d02/tokenizer_config.json?%2Fnvidia%2FNVIDIA-Nemotron-3-Super-120B-A12B-NVFP4%2Fresolve%2Fmain%2Ftokenizer_config.json=&etag=%22c96e5ad00986bfa0b666d4bc425666f1c51d6d1b%22 "HTTP/1.1 200 OK"
2026-09-16 22:31:02.500 - httpx - INFO - HTTP Request: GET https://huggingface.co/api/models/nvidia/NVIDIA-Nemotron-3-Super-120B-A12B-NVFP4/tree/main/additional_chat_templates?recursive=false&expand=false "HTTP/1.1 404 Not Found"
2026-09-16 22:31:02.709 - httpx - INFO - HTTP Request: GET https://huggingface.co/api/models/nvidia/NVIDIA-Nemotron-3-Super-120B-A12B-NVFP4/tree/main?recursive=true&expand=false "HTTP/1.1 200 OK"
2026-09-16 22:31:03.745 - httpx - INFO - HTTP Request: GET https://huggingface.co/api/models/nvidia/NVIDIA-Nemotron-3-Super-120B-A12B-NVFP4 "HTTP/1.1 200 OK"
2026-09-16 22:31:03.933 - dataset_manager - INFO - Tokenizer(s) configured in 3.54 seconds
2026-09-16 22:31:03.933 - dataset_manager - INFO - Configuring dataset for dataset_manager
2026-09-16 22:31:04.279 - MemoryMapDatasetBackingStore_32997fd3 - INFO - Memory-mapped backing store initialized (streaming to /tmp/aiperf_mmap_9eb295f14c694cd9b2cf094f011a26e7/dataset.dat)
2026-09-16 22:31:04.285 - MemoryMapDatasetBackingStore_32997fd3 - INFO - Data file finalized: 100 conversations, 0.49 MB
2026-09-16 22:31:04.286 - MemoryMapDatasetBackingStore_32997fd3 - INFO - Index file created: /tmp/aiperf_mmap_9eb295f14c694cd9b2cf094f011a26e7/index.dat
2026-09-16 22:31:04.286 - dataset_manager - INFO - Backing store finalized: client_type=DatasetClientStoreType.MEMORY_MAP format=MemoryMapFormat.CONVERSATION data_file_path=PosixPath('/tmp/aiperf_mmap_9eb295f14c694cd9b2cf094f011a26e7/dataset.dat') index_file_path=PosixPath('/tmp/aiperf_mmap_9eb295f14c694cd9b2cf094f011a26e7/index.dat') conversation_count=100 total_size_bytes=515274 compressed=False compressed_data_file_path=None compressed_index_file_path=None compressed_size_bytes=0
2026-09-16 22:31:04.288 - dataset_manager - INFO - sampling strategy: sequential, unique conversations: 100, unique turn count: 100
2026-09-16 22:31:04.289 - dataset_manager - INFO - Generating inputs.json file at /root/llm_perf/artifacts/20260916_223047_nvidia_NVIDIA-Nemotron-3-Super-120B-A12B-NVFP4_c1,4,16,32,64,128/profile_runs/trial_0001/concurrency_1/inputs.json
2026-09-16 22:31:04.291 - PhaseOrchestrator_e467e062 - INFO - Initialized 1 phase(s): ['Profiling']
2026-09-16 22:31:04.295 - dataset_manager - INFO - inputs.json file generated in 0.00 seconds
2026-09-16 22:31:04.357 - dataset_manager - INFO - Dataset client initialized and freed 100 conversations from memory
2026-09-16 22:31:04.358 - dataset_manager - INFO - Dataset configured in 0.42 seconds
2026-09-16 22:31:04.359 - system_controller - INFO - All services configured in 3.97 seconds
2026-09-16 22:31:04.359 - system_controller - INFO - AIPerf System is CONFIGURED
2026-09-16 22:31:04.360 - server_metrics_manager - INFO - Server Metrics: Started 1 collector(s) successfully
2026-09-16 22:31:04.361 - system_controller - INFO - All services started profiling successfully
2026-09-16 22:31:04.361 - system_controller - INFO - AIPerf System is PROFILING
2026-09-16 22:31:04.362 - RateTiming - INFO - Creating interval generator: pattern=concurrency_burst, rate=None, smoothness=None
2026-09-16 22:31:04.362 - PhaseRunner - NOTICE - Phase profiling (profiling) started | phase_index=0 | profiling_index=0 | target: 300.0s duration
2026-09-16 22:31:04.363 - PhaseRunner - INFO - Waiting for event 'profiling phase sending' with timeout of 299.999287258s
2026-09-16 22:31:04.363 - records_manager - INFO - Credit phase start: profiling
2026-09-16 22:36:04.362 - PhaseRunner - INFO - Timeout of 299.999287258s elapsed for event 'profiling phase sending'
2026-09-16 22:36:04.363 - PhaseRunner - NOTICE - Phase profiling (profiling) sending complete | sent=119, completed=118, in_flight=1 | sessions: sent=119, completed=118 | timeout_triggered=True
2026-09-16 22:36:04.363 - PhaseRunner - INFO - Waiting for event 'profiling phase credits returned' with timeout of 29.99908469799999s
2026-09-16 22:36:04.364 - records_manager - INFO - Sent 119 requests. Waiting for all to complete...
2026-09-16 22:36:06.440 - PhaseRunner - NOTICE - Phase profiling (profiling) complete | completed=119, cancelled=0, errors=0 | sessions: completed=119, cancelled=0 | elapsed=302.08s
2026-09-16 22:36:06.441 - PhaseOrchestrator_e467e062 - NOTICE - All credits completed
2026-09-16 22:36:06.441 - system_controller - INFO - Received credits complete from 'timing_manager'
2026-09-16 22:36:06.441 - records_manager - INFO - Received CREDIT_PHASE_COMPLETE message, Phase complete: PhaseRecordsStats(phase=CreditPhase.PROFILING, phase_index=0, profiling_index=0, phase_name='profiling', phase_kind='profiling', start_ns=1789569064362900625, sent_end_ns=1789569364363052337, requests_end_ns=1789569366440292509, baseline_start_ns=1789569064362888337, baseline_end_ns=1789569366440299933, total_expected_requests=None, expected_duration_sec=None, expected_num_sessions=None, expected_grace_period_sec=None, final_requests_sent=None, final_requests_completed=119, final_requests_cancelled=0, final_request_errors=0, final_sent_sessions=None, final_completed_sessions=None, final_cancelled_sessions=None, timeout_triggered=True, grace_period_timeout_triggered=False, was_cancelled=False, records_end_ns=None, success_records=118, error_records=0)
2026-09-16 22:36:06.443 - records_manager - NOTICE - All requests have completed, please wait for the results to be processed (currently 118 of 119 records processed)...
2026-09-16 22:36:06.444 - records_manager - INFO - All credits complete, please wait for the results to be processed...
2026-09-16 22:36:06.445 - records_manager - INFO - Processed 119 valid requests and 0 errors (119 total).
2026-09-16 22:36:06.445 - records_manager - INFO - Received all records, processing now...
2026-09-16 22:36:06.446 - gpu_telemetry_manager - INFO - GPU Telemetry: Profiling complete, capturing final metrics...
2026-09-16 22:36:06.446 - records_manager - INFO - Waiting 2.0s for server metrics flush period...
2026-09-16 22:36:06.451 - server_metrics_manager - INFO - Server Metrics: Profiling complete, capturing final metrics...
2026-09-16 22:36:08.441 - records_manager - INFO - Processing records results...
2026-09-16 22:36:08.611 - system_controller - INFO - Waiting for result domains: server_metrics, telemetry
2026-09-16 22:36:08.612 - system_controller - INFO - Waiting for result domains: server_metrics
2026-09-16 22:36:08.908 - records_manager - INFO - _finalize_and_process_results completed
2026-09-16 22:36:08.912 - system_controller - INFO - All results received, initiating shutdown
2026-09-16 22:36:09.517 - ExporterManager - INFO - Exporting all records
2026-09-16 22:36:09.664 - ExporterManager - INFO - Exporting console data
