2026-09-16 18:58:40.971 - system_controller - INFO - Registered Worker Manager (id: 'worker_manager')
2026-09-16 18:58:40.982 - server_metrics_manager - INFO - Server Metrics: Discovered 1 endpoints: ['http://localhost:8000/metrics']
2026-09-16 18:58:41.004 - GPUTelemetryJSONLWriter_25bf0da2 - INFO - GPU telemetry export enabled: /root/llm_perf/artifacts/20260916_183753_google_gemma-4-E4B-it-qat-w4a16-ct_c1,4,16,32,64,128,256/profile_runs/trial_0001/concurrency_64/gpu_telemetry_export.jsonl
2026-09-16 18:58:41.011 - OTelMetricsResultsProcessor_1994bd1f - INFO - Telemetry streaming is disabled (set --otel-url and/or --mlflow-tracking-uri to enable)
2026-09-16 18:58:41.012 - RecordExportJSONLWriter_02f9a1f4 - INFO - Record metrics export enabled: /root/llm_perf/artifacts/20260916_183753_google_gemma-4-E4B-it-qat-w4a16-ct_c1,4,16,32,64,128,256/profile_runs/trial_0001/concurrency_64/profile_export.jsonl
2026-09-16 18:58:41.097 - system_controller - INFO - Registered Server Metrics Manager (id: 'server_metrics_manager')
2026-09-16 18:58:41.099 - system_controller - INFO - Registered Dataset Manager (id: 'dataset_manager')
2026-09-16 18:58:41.100 - system_controller - INFO - Registered Gpu Telemetry Manager (id: 'gpu_telemetry_manager')
2026-09-16 18:58:41.101 - system_controller - INFO - Registered Record Processor (id: 'record_processor_cf01b648')
2026-09-16 18:58:41.102 - system_controller - INFO - Registered Record Processor (id: 'record_processor_513b3dc4')
2026-09-16 18:58:41.103 - system_controller - INFO - Registered Record Processor (id: 'record_processor_8780067b')
2026-09-16 18:58:41.106 - system_controller - INFO - Registered Record Processor (id: 'record_processor_6a330373')
2026-09-16 18:58:41.109 - system_controller - INFO - Registered Record Processor (id: 'record_processor_dccecf3e')
2026-09-16 18:58:41.111 - system_controller - INFO - Registered Record Processor (id: 'record_processor_e19b6b48')
2026-09-16 18:58:41.113 - system_controller - INFO - Registered Record Processor (id: 'record_processor_c039f88c')
2026-09-16 18:58:41.114 - system_controller - INFO - Registered Record Processor (id: 'record_processor_1dcff254')
2026-09-16 18:58:41.140 - system_controller - INFO - Registered Records Manager (id: 'records_manager')
2026-09-16 18:58:41.194 - system_controller - INFO - Registered Timing Manager (id: 'timing_manager')
2026-09-16 18:58:41.217 - system_controller - INFO - Registered Worker (id: 'worker_6bf260b8')
2026-09-16 18:58:41.234 - system_controller - INFO - Registered Worker (id: 'worker_37233a01')
2026-09-16 18:58:41.235 - system_controller - INFO - Registered Worker (id: 'worker_234ffa83')
2026-09-16 18:58:41.235 - system_controller - INFO - Registered Worker (id: 'worker_f41857d9')
2026-09-16 18:58:41.236 - system_controller - INFO - Registered Worker (id: 'worker_6cbd1eb0')
2026-09-16 18:58:41.239 - system_controller - INFO - Registered Worker (id: 'worker_fc6c470d')
2026-09-16 18:58:41.241 - system_controller - INFO - Registered Worker (id: 'worker_1e838dab')
2026-09-16 18:58:41.244 - system_controller - INFO - Registered Worker (id: 'worker_a5b1016c')
2026-09-16 18:58:41.245 - system_controller - INFO - Registered Worker (id: 'worker_a8ab7bf2')
2026-09-16 18:58:41.245 - system_controller - INFO - Registered Worker (id: 'worker_e6e4bf21')
2026-09-16 18:58:41.245 - system_controller - INFO - Registered Worker (id: 'worker_a3888860')
2026-09-16 18:58:41.251 - system_controller - INFO - Registered Worker (id: 'worker_fa169b41')
2026-09-16 18:58:41.251 - system_controller - INFO - Registered Worker (id: 'worker_0f7d849f')
2026-09-16 18:58:41.255 - system_controller - INFO - Registered Worker (id: 'worker_66d99926')
2026-09-16 18:58:41.256 - system_controller - INFO - Registered Worker (id: 'worker_262052ae')
2026-09-16 18:58:41.257 - system_controller - INFO - Registered Worker (id: 'worker_ec793c37')
2026-09-16 18:58:41.260 - system_controller - INFO - Registered Worker (id: 'worker_1f903964')
2026-09-16 18:58:41.260 - system_controller - INFO - Registered Worker (id: 'worker_376b8652')
2026-09-16 18:58:41.285 - system_controller - INFO - Registered Worker (id: 'worker_4b9cb3b9')
2026-09-16 18:58:41.286 - system_controller - INFO - Registered Worker (id: 'worker_e75927ba')
2026-09-16 18:58:41.289 - system_controller - INFO - Registered Worker (id: 'worker_fb395d03')
2026-09-16 18:58:41.290 - system_controller - INFO - Registered Worker (id: 'worker_12096035')
2026-09-16 18:58:41.292 - system_controller - INFO - Registered Worker (id: 'worker_e0c270af')
2026-09-16 18:58:41.357 - system_controller - INFO - Registered Worker (id: 'worker_0b88ea8f')
2026-09-16 18:58:41.364 - system_controller - INFO - Registered Worker (id: 'worker_a09f4522')
2026-09-16 18:58:41.365 - system_controller - INFO - Registered Worker (id: 'worker_2f3e9388')
2026-09-16 18:58:41.380 - system_controller - INFO - Registered Worker (id: 'worker_ede8eca3')
2026-09-16 18:58:41.381 - system_controller - INFO - Registered Worker (id: 'worker_2a12aefb')
2026-09-16 18:58:41.382 - system_controller - INFO - Registered Worker (id: 'worker_f616142a')
2026-09-16 18:58:41.385 - system_controller - INFO - Registered Worker (id: 'worker_7208278e')
2026-09-16 18:58:41.386 - system_controller - INFO - Registered Worker (id: 'worker_9a30013e')
2026-09-16 18:58:41.386 - system_controller - INFO - Registered Worker (id: 'worker_39bd13db')
2026-09-16 18:58:41.466 - system_controller - INFO - AIPerf System is CONFIGURING
2026-09-16 18:58:41.466 - system_controller - INFO - Configuring all services to start profiling
2026-09-16 18:58:41.467 - timing_manager - INFO - Waiting for dataset to be configured before configuring timing
2026-09-16 18:58:41.467 - InferenceResultParser_db02bd27 - INFO - Tokenization is disabled for this endpoint, skipping tokenizer configuration
2026-09-16 18:58:41.467 - InferenceResultParser_6fdf6f05 - INFO - Tokenization is disabled for this endpoint, skipping tokenizer configuration
2026-09-16 18:58:41.467 - InferenceResultParser_0cac8e8f - INFO - Tokenization is disabled for this endpoint, skipping tokenizer configuration
2026-09-16 18:58:41.467 - InferenceResultParser_b7294b28 - INFO - Tokenization is disabled for this endpoint, skipping tokenizer configuration
2026-09-16 18:58:41.467 - InferenceResultParser_16da0101 - INFO - Tokenization is disabled for this endpoint, skipping tokenizer configuration
2026-09-16 18:58:41.467 - InferenceResultParser_3f8f7d02 - INFO - Tokenization is disabled for this endpoint, skipping tokenizer configuration
2026-09-16 18:58:41.467 - InferenceResultParser_446e44b5 - INFO - Tokenization is disabled for this endpoint, skipping tokenizer configuration
2026-09-16 18:58:41.467 - InferenceResultParser_099623bf - INFO - Tokenization is disabled for this endpoint, skipping tokenizer configuration
2026-09-16 18:58:41.468 - dataset_manager - INFO - Configuring tokenizer(s) for dataset manager
2026-09-16 18:58:41.477 - server_metrics_manager - INFO - Server Metrics: Capturing baseline metrics...
2026-09-16 18:58:41.478 - gpu_telemetry_manager - INFO - GPU Telemetry: Capturing baseline metrics from pynvml://localhost
2026-09-16 18:58:41.486 - pynvml_collector - INFO - PyNVML initialized with 1 GPU(s) (1 with GPM support)
2026-09-16 18:58:41.490 - http://localhost:8000/metrics - INFO - Skipping unsupported summary metric: http_request_size_bytes
2026-09-16 18:58:41.490 - http://localhost:8000/metrics - INFO - Skipping unsupported summary metric: http_response_size_bytes
2026-09-16 18:58:41.491 - system_controller - INFO - Server metrics enabled - 1/1 endpoint(s) reachable.
2026-09-16 18:58:41.492 - system_controller - INFO - Waiting for result domains: profile, server_metrics, telemetry
2026-09-16 18:58:41.500 - system_controller - INFO - DCGM telemetry enabled - 1/1 endpoint(s) reachable
2026-09-16 18:58:42.648 - httpx - INFO - HTTP Request: HEAD https://huggingface.co/google/gemma-4-E4B-it-qat-w4a16-ct/resolve/main/config.json "HTTP/1.1 307 Temporary Redirect"
2026-09-16 18:58:42.653 - httpx - INFO - HTTP Request: HEAD https://huggingface.co/api/resolve-cache/models/google/gemma-4-E4B-it-qat-w4a16-ct/6cd26aaa2357fb2bad8c51699a7558a4d1a965bb/config.json?%2Fgoogle%2Fgemma-4-E4B-it-qat-w4a16-ct%2Fresolve%2Fmain%2Fconfig.json=&etag=%22cc8c5ca64e33c073a961fc35777c38badb2efd52%22 "HTTP/1.1 200 OK"
2026-09-16 18:58:42.873 - httpx - INFO - HTTP Request: HEAD https://huggingface.co/google/gemma-4-E4B-it-qat-w4a16-ct/resolve/main/tokenizer_config.json "HTTP/1.1 307 Temporary Redirect"
2026-09-16 18:58:42.878 - httpx - INFO - HTTP Request: HEAD https://huggingface.co/api/resolve-cache/models/google/gemma-4-E4B-it-qat-w4a16-ct/6cd26aaa2357fb2bad8c51699a7558a4d1a965bb/tokenizer_config.json?%2Fgoogle%2Fgemma-4-E4B-it-qat-w4a16-ct%2Fresolve%2Fmain%2Ftokenizer_config.json=&etag=%22b22e2c5c05597a7e8c0cb1cebdb7d45570772005%22 "HTTP/1.1 200 OK"
2026-09-16 18:58:43.075 - httpx - INFO - HTTP Request: GET https://huggingface.co/api/models/google/gemma-4-E4B-it-qat-w4a16-ct/tree/main/additional_chat_templates?recursive=false&expand=false "HTTP/1.1 404 Not Found"
2026-09-16 18:58:43.273 - httpx - INFO - HTTP Request: GET https://huggingface.co/api/models/google/gemma-4-E4B-it-qat-w4a16-ct/tree/main?recursive=true&expand=false "HTTP/1.1 200 OK"
2026-09-16 18:58:44.382 - httpx - INFO - HTTP Request: GET https://huggingface.co/api/models/google/gemma-4-E4B-it-qat-w4a16-ct "HTTP/1.1 200 OK"
2026-09-16 18:58:44.414 - dataset_manager - INFO - Tokenizer(s) configured in 2.95 seconds
2026-09-16 18:58:44.414 - dataset_manager - INFO - Configuring dataset for dataset_manager
2026-09-16 18:58:44.724 - MemoryMapDatasetBackingStore_49896ee0 - INFO - Memory-mapped backing store initialized (streaming to /tmp/aiperf_mmap_fb108b6cd75a4b04ac87dfd56ea45c45/dataset.dat)
2026-09-16 18:58:44.731 - MemoryMapDatasetBackingStore_49896ee0 - INFO - Data file finalized: 100 conversations, 0.53 MB
2026-09-16 18:58:44.731 - MemoryMapDatasetBackingStore_49896ee0 - INFO - Index file created: /tmp/aiperf_mmap_fb108b6cd75a4b04ac87dfd56ea45c45/index.dat
2026-09-16 18:58:44.732 - dataset_manager - INFO - Backing store finalized: client_type=DatasetClientStoreType.MEMORY_MAP format=MemoryMapFormat.CONVERSATION data_file_path=PosixPath('/tmp/aiperf_mmap_fb108b6cd75a4b04ac87dfd56ea45c45/dataset.dat') index_file_path=PosixPath('/tmp/aiperf_mmap_fb108b6cd75a4b04ac87dfd56ea45c45/index.dat') conversation_count=100 total_size_bytes=550902 compressed=False compressed_data_file_path=None compressed_index_file_path=None compressed_size_bytes=0
2026-09-16 18:58:44.734 - dataset_manager - INFO - sampling strategy: sequential, unique conversations: 100, unique turn count: 100
2026-09-16 18:58:44.735 - dataset_manager - INFO - Generating inputs.json file at /root/llm_perf/artifacts/20260916_183753_google_gemma-4-E4B-it-qat-w4a16-ct_c1,4,16,32,64,128,256/profile_runs/trial_0001/concurrency_64/inputs.json
2026-09-16 18:58:44.737 - PhaseOrchestrator_ee62f3aa - INFO - Initialized 1 phase(s): ['Profiling']
2026-09-16 18:58:44.738 - dataset_manager - INFO - inputs.json file generated in 0.00 seconds
2026-09-16 18:58:44.818 - dataset_manager - INFO - Dataset client initialized and freed 100 conversations from memory
2026-09-16 18:58:44.819 - dataset_manager - INFO - Dataset configured in 0.40 seconds
2026-09-16 18:58:44.819 - system_controller - INFO - All services configured in 3.35 seconds
2026-09-16 18:58:44.820 - system_controller - INFO - AIPerf System is CONFIGURED
2026-09-16 18:58:44.821 - server_metrics_manager - INFO - Server Metrics: Started 1 collector(s) successfully
2026-09-16 18:58:44.822 - system_controller - INFO - All services started profiling successfully
2026-09-16 18:58:44.822 - system_controller - INFO - AIPerf System is PROFILING
2026-09-16 18:58:44.823 - RateTiming - INFO - Creating interval generator: pattern=concurrency_burst, rate=None, smoothness=None
2026-09-16 18:58:44.823 - PhaseRunner - NOTICE - Phase profiling (profiling) started | phase_index=0 | profiling_index=0 | target: 300.0s duration
2026-09-16 18:58:44.824 - PhaseRunner - INFO - Waiting for event 'profiling phase sending' with timeout of 299.999291898s
2026-09-16 18:58:44.824 - records_manager - INFO - Credit phase start: profiling
2026-09-16 19:03:44.823 - PhaseRunner - INFO - Timeout of 299.999291898s elapsed for event 'profiling phase sending'
2026-09-16 19:03:44.824 - PhaseRunner - NOTICE - Phase profiling (profiling) sending complete | sent=4,288, completed=4,224, in_flight=64 | sessions: sent=4,288, completed=4,224 | timeout_triggered=True
2026-09-16 19:03:44.824 - PhaseRunner - INFO - Waiting for event 'profiling phase credits returned' with timeout of 29.998987564000004s
2026-09-16 19:03:44.825 - records_manager - INFO - Sent 4,288 requests. Waiting for all to complete...
2026-09-16 19:03:45.734 - PhaseRunner - NOTICE - Phase profiling (profiling) complete | completed=4,288, cancelled=0, errors=0 | sessions: completed=4,288, cancelled=0 | elapsed=300.91s
2026-09-16 19:03:45.735 - PhaseOrchestrator_ee62f3aa - NOTICE - All credits completed
2026-09-16 19:03:45.735 - system_controller - INFO - Received credits complete from 'timing_manager'
2026-09-16 19:03:45.735 - records_manager - INFO - Received CREDIT_PHASE_COMPLETE message, Phase complete: PhaseRecordsStats(phase=CreditPhase.PROFILING, phase_index=0, profiling_index=0, phase_name='profiling', phase_kind='profiling', start_ns=1789556324823933060, sent_end_ns=1789556624824126193, requests_end_ns=1789556625733966209, baseline_start_ns=1789556324823919812, baseline_end_ns=1789556625733974433, total_expected_requests=None, expected_duration_sec=None, expected_num_sessions=None, expected_grace_period_sec=None, final_requests_sent=None, final_requests_completed=4288, final_requests_cancelled=0, final_request_errors=0, final_sent_sessions=None, final_completed_sessions=None, final_cancelled_sessions=None, timeout_triggered=True, grace_period_timeout_triggered=False, was_cancelled=False, records_end_ns=None, success_records=4224, error_records=0)
2026-09-16 19:03:45.737 - records_manager - NOTICE - All requests have completed, please wait for the results to be processed (currently 4,224 of 4,288 records processed)...
2026-09-16 19:03:45.738 - records_manager - INFO - All credits complete, please wait for the results to be processed...
2026-09-16 19:03:45.769 - records_manager - INFO - Processed 4288 valid requests and 0 errors (4288 total).
2026-09-16 19:03:45.769 - records_manager - INFO - Received all records, processing now...
2026-09-16 19:03:45.770 - gpu_telemetry_manager - INFO - GPU Telemetry: Profiling complete, capturing final metrics...
2026-09-16 19:03:45.770 - server_metrics_manager - INFO - Server Metrics: Profiling complete, capturing final metrics...
2026-09-16 19:03:45.771 - records_manager - INFO - Waiting 2.0s for server metrics flush period...
2026-09-16 19:03:47.735 - records_manager - INFO - Processing records results...
2026-09-16 19:03:48.661 - system_controller - INFO - Waiting for result domains: server_metrics, telemetry
2026-09-16 19:03:48.662 - system_controller - INFO - Waiting for result domains: server_metrics
2026-09-16 19:03:48.995 - records_manager - INFO - _finalize_and_process_results completed
2026-09-16 19:03:49.000 - system_controller - INFO - All results received, initiating shutdown
2026-09-16 19:03:49.604 - ExporterManager - INFO - Exporting all records
2026-09-16 19:03:49.713 - ExporterManager - INFO - Exporting console data
