2026-09-16 19:20:31.721 - system_controller - INFO - Registered Worker Manager (id: 'worker_manager')
2026-09-16 19:20:31.732 - server_metrics_manager - INFO - Server Metrics: Discovered 1 endpoints: ['http://localhost:8000/metrics']
2026-09-16 19:20:31.755 - GPUTelemetryJSONLWriter_425eb06a - INFO - GPU telemetry export enabled: /root/llm_perf/artifacts/20260916_183753_google_gemma-4-E4B-it-qat-w4a16-ct_c1,4,16,32,64,128,256/profile_runs/trial_0002/concurrency_4/gpu_telemetry_export.jsonl
2026-09-16 19:20:31.761 - OTelMetricsResultsProcessor_2d884c81 - INFO - Telemetry streaming is disabled (set --otel-url and/or --mlflow-tracking-uri to enable)
2026-09-16 19:20:31.762 - RecordExportJSONLWriter_f68e44c6 - INFO - Record metrics export enabled: /root/llm_perf/artifacts/20260916_183753_google_gemma-4-E4B-it-qat-w4a16-ct_c1,4,16,32,64,128,256/profile_runs/trial_0002/concurrency_4/profile_export.jsonl
2026-09-16 19:20:31.767 - system_controller - INFO - Registered Record Processor (id: 'record_processor_6a518ed5')
2026-09-16 19:20:31.783 - system_controller - INFO - Registered Records Manager (id: 'records_manager')
2026-09-16 19:20:31.840 - system_controller - INFO - Registered Gpu Telemetry Manager (id: 'gpu_telemetry_manager')
2026-09-16 19:20:31.846 - system_controller - INFO - Registered Server Metrics Manager (id: 'server_metrics_manager')
2026-09-16 19:20:31.847 - system_controller - INFO - Registered Dataset Manager (id: 'dataset_manager')
2026-09-16 19:20:31.858 - system_controller - INFO - Registered Timing Manager (id: 'timing_manager')
2026-09-16 19:20:31.869 - system_controller - INFO - Registered Worker (id: 'worker_425a140f')
2026-09-16 19:20:31.874 - system_controller - INFO - Registered Worker (id: 'worker_462f7ba3')
2026-09-16 19:20:31.874 - system_controller - INFO - Registered Worker (id: 'worker_89ed132c')
2026-09-16 19:20:31.879 - system_controller - INFO - Registered Worker (id: 'worker_4379a928')
2026-09-16 19:20:32.217 - system_controller - INFO - AIPerf System is CONFIGURING
2026-09-16 19:20:32.217 - system_controller - INFO - Configuring all services to start profiling
2026-09-16 19:20:32.218 - timing_manager - INFO - Waiting for dataset to be configured before configuring timing
2026-09-16 19:20:32.218 - InferenceResultParser_20f36cdc - INFO - Tokenization is disabled for this endpoint, skipping tokenizer configuration
2026-09-16 19:20:32.219 - dataset_manager - INFO - Configuring tokenizer(s) for dataset manager
2026-09-16 19:20:32.226 - server_metrics_manager - INFO - Server Metrics: Capturing baseline metrics...
2026-09-16 19:20:32.229 - gpu_telemetry_manager - INFO - GPU Telemetry: Capturing baseline metrics from pynvml://localhost
2026-09-16 19:20:32.237 - pynvml_collector - INFO - PyNVML initialized with 1 GPU(s) (1 with GPM support)
2026-09-16 19:20:32.241 - http://localhost:8000/metrics - INFO - Skipping unsupported summary metric: http_request_size_bytes
2026-09-16 19:20:32.241 - http://localhost:8000/metrics - INFO - Skipping unsupported summary metric: http_response_size_bytes
2026-09-16 19:20:32.242 - system_controller - INFO - Server metrics enabled - 1/1 endpoint(s) reachable.
2026-09-16 19:20:32.243 - system_controller - INFO - Waiting for result domains: profile, server_metrics, telemetry
2026-09-16 19:20:32.249 - system_controller - INFO - DCGM telemetry enabled - 1/1 endpoint(s) reachable
2026-09-16 19:20:33.408 - httpx - INFO - HTTP Request: HEAD https://huggingface.co/google/gemma-4-E4B-it-qat-w4a16-ct/resolve/main/config.json "HTTP/1.1 307 Temporary Redirect"
2026-09-16 19:20:33.414 - httpx - INFO - HTTP Request: HEAD https://huggingface.co/api/resolve-cache/models/google/gemma-4-E4B-it-qat-w4a16-ct/6cd26aaa2357fb2bad8c51699a7558a4d1a965bb/config.json?%2Fgoogle%2Fgemma-4-E4B-it-qat-w4a16-ct%2Fresolve%2Fmain%2Fconfig.json=&etag=%22cc8c5ca64e33c073a961fc35777c38badb2efd52%22 "HTTP/1.1 200 OK"
2026-09-16 19:20:33.634 - httpx - INFO - HTTP Request: HEAD https://huggingface.co/google/gemma-4-E4B-it-qat-w4a16-ct/resolve/main/tokenizer_config.json "HTTP/1.1 307 Temporary Redirect"
2026-09-16 19:20:33.640 - httpx - INFO - HTTP Request: HEAD https://huggingface.co/api/resolve-cache/models/google/gemma-4-E4B-it-qat-w4a16-ct/6cd26aaa2357fb2bad8c51699a7558a4d1a965bb/tokenizer_config.json?%2Fgoogle%2Fgemma-4-E4B-it-qat-w4a16-ct%2Fresolve%2Fmain%2Ftokenizer_config.json=&etag=%22b22e2c5c05597a7e8c0cb1cebdb7d45570772005%22 "HTTP/1.1 200 OK"
2026-09-16 19:20:33.843 - httpx - INFO - HTTP Request: GET https://huggingface.co/api/models/google/gemma-4-E4B-it-qat-w4a16-ct/tree/main/additional_chat_templates?recursive=false&expand=false "HTTP/1.1 404 Not Found"
2026-09-16 19:20:34.051 - httpx - INFO - HTTP Request: GET https://huggingface.co/api/models/google/gemma-4-E4B-it-qat-w4a16-ct/tree/main?recursive=true&expand=false "HTTP/1.1 200 OK"
2026-09-16 19:20:35.189 - httpx - INFO - HTTP Request: GET https://huggingface.co/api/models/google/gemma-4-E4B-it-qat-w4a16-ct "HTTP/1.1 200 OK"
2026-09-16 19:20:35.221 - dataset_manager - INFO - Tokenizer(s) configured in 3.00 seconds
2026-09-16 19:20:35.222 - dataset_manager - INFO - Configuring dataset for dataset_manager
2026-09-16 19:20:35.535 - MemoryMapDatasetBackingStore_1ec59978 - INFO - Memory-mapped backing store initialized (streaming to /tmp/aiperf_mmap_9a7ef0d351c64817a74baed0193edc74/dataset.dat)
2026-09-16 19:20:35.542 - MemoryMapDatasetBackingStore_1ec59978 - INFO - Data file finalized: 100 conversations, 0.52 MB
2026-09-16 19:20:35.542 - MemoryMapDatasetBackingStore_1ec59978 - INFO - Index file created: /tmp/aiperf_mmap_9a7ef0d351c64817a74baed0193edc74/index.dat
2026-09-16 19:20:35.543 - dataset_manager - INFO - Backing store finalized: client_type=DatasetClientStoreType.MEMORY_MAP format=MemoryMapFormat.CONVERSATION data_file_path=PosixPath('/tmp/aiperf_mmap_9a7ef0d351c64817a74baed0193edc74/dataset.dat') index_file_path=PosixPath('/tmp/aiperf_mmap_9a7ef0d351c64817a74baed0193edc74/index.dat') conversation_count=100 total_size_bytes=550061 compressed=False compressed_data_file_path=None compressed_index_file_path=None compressed_size_bytes=0
2026-09-16 19:20:35.545 - dataset_manager - INFO - sampling strategy: sequential, unique conversations: 100, unique turn count: 100
2026-09-16 19:20:35.546 - dataset_manager - INFO - Generating inputs.json file at /root/llm_perf/artifacts/20260916_183753_google_gemma-4-E4B-it-qat-w4a16-ct_c1,4,16,32,64,128,256/profile_runs/trial_0002/concurrency_4/inputs.json
2026-09-16 19:20:35.547 - PhaseOrchestrator_3a95b658 - INFO - Initialized 1 phase(s): ['Profiling']
2026-09-16 19:20:35.549 - dataset_manager - INFO - inputs.json file generated in 0.00 seconds
2026-09-16 19:20:35.628 - dataset_manager - INFO - Dataset client initialized and freed 100 conversations from memory
2026-09-16 19:20:35.628 - dataset_manager - INFO - Dataset configured in 0.41 seconds
2026-09-16 19:20:35.629 - system_controller - INFO - All services configured in 3.41 seconds
2026-09-16 19:20:35.630 - system_controller - INFO - AIPerf System is CONFIGURED
2026-09-16 19:20:35.631 - server_metrics_manager - INFO - Server Metrics: Started 1 collector(s) successfully
2026-09-16 19:20:35.631 - system_controller - INFO - All services started profiling successfully
2026-09-16 19:20:35.632 - system_controller - INFO - AIPerf System is PROFILING
2026-09-16 19:20:35.632 - RateTiming - INFO - Creating interval generator: pattern=concurrency_burst, rate=None, smoothness=None
2026-09-16 19:20:35.633 - PhaseRunner - NOTICE - Phase profiling (profiling) started | phase_index=0 | profiling_index=0 | target: 300.0s duration
2026-09-16 19:20:35.634 - PhaseRunner - INFO - Waiting for event 'profiling phase sending' with timeout of 299.999284122s
2026-09-16 19:20:35.634 - records_manager - INFO - Credit phase start: profiling
2026-09-16 19:25:35.633 - PhaseRunner - INFO - Timeout of 299.999284122s elapsed for event 'profiling phase sending'
2026-09-16 19:25:35.634 - PhaseRunner - NOTICE - Phase profiling (profiling) sending complete | sent=452, completed=448, in_flight=4 | sessions: sent=452, completed=448 | timeout_triggered=True
2026-09-16 19:25:35.634 - PhaseRunner - INFO - Waiting for event 'profiling phase credits returned' with timeout of 29.998526551999987s
2026-09-16 19:25:35.634 - records_manager - INFO - Sent 452 requests. Waiting for all to complete...
2026-09-16 19:25:37.660 - PhaseRunner - NOTICE - Phase profiling (profiling) complete | completed=452, cancelled=0, errors=0 | sessions: completed=452, cancelled=0 | elapsed=302.03s
2026-09-16 19:25:37.661 - PhaseOrchestrator_3a95b658 - NOTICE - All credits completed
2026-09-16 19:25:37.661 - system_controller - INFO - Received credits complete from 'timing_manager'
2026-09-16 19:25:37.661 - records_manager - INFO - Received CREDIT_PHASE_COMPLETE message, Phase complete: PhaseRecordsStats(phase=CreditPhase.PROFILING, phase_index=0, profiling_index=0, phase_name='profiling', phase_kind='profiling', start_ns=1789557635633350539, sent_end_ns=1789557935634041036, requests_end_ns=1789557937660101763, baseline_start_ns=1789557635633337451, baseline_end_ns=1789557937660109347, total_expected_requests=None, expected_duration_sec=None, expected_num_sessions=None, expected_grace_period_sec=None, final_requests_sent=None, final_requests_completed=452, final_requests_cancelled=0, final_request_errors=0, final_sent_sessions=None, final_completed_sessions=None, final_cancelled_sessions=None, timeout_triggered=True, grace_period_timeout_triggered=False, was_cancelled=False, records_end_ns=None, success_records=449, error_records=0)
2026-09-16 19:25:37.663 - records_manager - NOTICE - All requests have completed, please wait for the results to be processed (currently 449 of 452 records processed)...
2026-09-16 19:25:37.663 - records_manager - INFO - All credits complete, please wait for the results to be processed...
2026-09-16 19:25:37.671 - records_manager - INFO - Processed 452 valid requests and 0 errors (452 total).
2026-09-16 19:25:37.671 - records_manager - INFO - Received all records, processing now...
2026-09-16 19:25:37.672 - server_metrics_manager - INFO - Server Metrics: Profiling complete, capturing final metrics...
2026-09-16 19:25:37.672 - gpu_telemetry_manager - INFO - GPU Telemetry: Profiling complete, capturing final metrics...
2026-09-16 19:25:37.672 - records_manager - INFO - Waiting 2.0s for server metrics flush period...
2026-09-16 19:25:39.661 - records_manager - INFO - Processing records results...
2026-09-16 19:25:40.088 - system_controller - INFO - Waiting for result domains: server_metrics, telemetry
2026-09-16 19:25:40.089 - system_controller - INFO - Waiting for result domains: server_metrics
2026-09-16 19:25:40.429 - records_manager - INFO - _finalize_and_process_results completed
2026-09-16 19:25:40.435 - system_controller - INFO - All results received, initiating shutdown
2026-09-16 19:25:41.039 - ExporterManager - INFO - Exporting all records
2026-09-16 19:25:41.150 - ExporterManager - INFO - Exporting console data
