2026-09-17 21:33:24.582 - system_controller - INFO - Registered Worker Manager (id: 'worker_manager')
2026-09-17 21:33:24.594 - server_metrics_manager - INFO - Server Metrics: Discovered 1 endpoints: ['http://localhost:8000/metrics']
2026-09-17 21:33:24.615 - GPUTelemetryJSONLWriter_911d8cd8 - INFO - GPU telemetry export enabled: /root/llm_perf/artifacts/20260917_211657_zai-org_GLM-5.3-Flash_c1,4,16,32/profile_runs/trial_0001/concurrency_32/gpu_telemetry_export.jsonl
2026-09-17 21:33:24.622 - OTelMetricsResultsProcessor_06b04f1c - INFO - Telemetry streaming is disabled (set --otel-url and/or --mlflow-tracking-uri to enable)
2026-09-17 21:33:24.623 - RecordExportJSONLWriter_4c41fa1c - INFO - Record metrics export enabled: /root/llm_perf/artifacts/20260917_211657_zai-org_GLM-5.3-Flash_c1,4,16,32/profile_runs/trial_0001/concurrency_32/profile_export.jsonl
2026-09-17 21:33:24.707 - system_controller - INFO - Registered Records Manager (id: 'records_manager')
2026-09-17 21:33:24.709 - system_controller - INFO - Registered Gpu Telemetry Manager (id: 'gpu_telemetry_manager')
2026-09-17 21:33:24.710 - system_controller - INFO - Registered Dataset Manager (id: 'dataset_manager')
2026-09-17 21:33:24.711 - system_controller - INFO - Registered Record Processor (id: 'record_processor_013f17c5')
2026-09-17 21:33:24.711 - system_controller - INFO - Registered Record Processor (id: 'record_processor_13fc022d')
2026-09-17 21:33:24.712 - system_controller - INFO - Registered Record Processor (id: 'record_processor_918f9e5f')
2026-09-17 21:33:24.714 - system_controller - INFO - Registered Server Metrics Manager (id: 'server_metrics_manager')
2026-09-17 21:33:24.715 - system_controller - INFO - Registered Record Processor (id: 'record_processor_89fdc47e')
2026-09-17 21:33:24.718 - system_controller - INFO - Registered Record Processor (id: 'record_processor_7e27dc7c')
2026-09-17 21:33:24.720 - system_controller - INFO - Registered Record Processor (id: 'record_processor_430901c9')
2026-09-17 21:33:24.723 - system_controller - INFO - Registered Record Processor (id: 'record_processor_bffab534')
2026-09-17 21:33:24.724 - system_controller - INFO - Registered Record Processor (id: 'record_processor_099332a1')
2026-09-17 21:33:24.806 - system_controller - INFO - Registered Timing Manager (id: 'timing_manager')
2026-09-17 21:33:24.825 - system_controller - INFO - Registered Worker (id: 'worker_f66edd02')
2026-09-17 21:33:24.844 - system_controller - INFO - Registered Worker (id: 'worker_9a5e9d81')
2026-09-17 21:33:24.847 - system_controller - INFO - Registered Worker (id: 'worker_72bc1f1f')
2026-09-17 21:33:24.848 - system_controller - INFO - Registered Worker (id: 'worker_2d868d4c')
2026-09-17 21:33:24.849 - system_controller - INFO - Registered Worker (id: 'worker_584c3c6b')
2026-09-17 21:33:24.858 - system_controller - INFO - Registered Worker (id: 'worker_a010e1ff')
2026-09-17 21:33:24.858 - system_controller - INFO - Registered Worker (id: 'worker_5dad8b1d')
2026-09-17 21:33:24.860 - system_controller - INFO - Registered Worker (id: 'worker_0e452a29')
2026-09-17 21:33:24.863 - system_controller - INFO - Registered Worker (id: 'worker_c65ba317')
2026-09-17 21:33:24.865 - system_controller - INFO - Registered Worker (id: 'worker_9fa631ad')
2026-09-17 21:33:24.866 - system_controller - INFO - Registered Worker (id: 'worker_32c8edc9')
2026-09-17 21:33:24.867 - system_controller - INFO - Registered Worker (id: 'worker_6ce1439b')
2026-09-17 21:33:24.871 - system_controller - INFO - Registered Worker (id: 'worker_5557f246')
2026-09-17 21:33:24.872 - system_controller - INFO - Registered Worker (id: 'worker_16b821e3')
2026-09-17 21:33:24.877 - system_controller - INFO - Registered Worker (id: 'worker_a7c1c3c6')
2026-09-17 21:33:24.878 - system_controller - INFO - Registered Worker (id: 'worker_1d0e0b61')
2026-09-17 21:33:24.880 - system_controller - INFO - Registered Worker (id: 'worker_97f363d2')
2026-09-17 21:33:24.881 - system_controller - INFO - Registered Worker (id: 'worker_ab0cb760')
2026-09-17 21:33:24.884 - system_controller - INFO - Registered Worker (id: 'worker_a2c25a22')
2026-09-17 21:33:24.903 - system_controller - INFO - Registered Worker (id: 'worker_4c23b219')
2026-09-17 21:33:24.904 - system_controller - INFO - Registered Worker (id: 'worker_1a4ee433')
2026-09-17 21:33:24.905 - system_controller - INFO - Registered Worker (id: 'worker_6c9e5de1')
2026-09-17 21:33:24.905 - system_controller - INFO - Registered Worker (id: 'worker_286a9f7c')
2026-09-17 21:33:24.907 - system_controller - INFO - Registered Worker (id: 'worker_2a88ea61')
2026-09-17 21:33:24.967 - system_controller - INFO - Registered Worker (id: 'worker_a37cf8e8')
2026-09-17 21:33:24.979 - system_controller - INFO - Registered Worker (id: 'worker_04262190')
2026-09-17 21:33:24.998 - system_controller - INFO - Registered Worker (id: 'worker_afb6611b')
2026-09-17 21:33:24.999 - system_controller - INFO - Registered Worker (id: 'worker_a031660a')
2026-09-17 21:33:25.000 - system_controller - INFO - Registered Worker (id: 'worker_4d82b674')
2026-09-17 21:33:25.001 - system_controller - INFO - Registered Worker (id: 'worker_ea3d17f9')
2026-09-17 21:33:25.004 - system_controller - INFO - Registered Worker (id: 'worker_d7219d9b')
2026-09-17 21:33:25.004 - system_controller - INFO - Registered Worker (id: 'worker_1e3726fe')
2026-09-17 21:33:25.078 - system_controller - INFO - AIPerf System is CONFIGURING
2026-09-17 21:33:25.078 - system_controller - INFO - Configuring all services to start profiling
2026-09-17 21:33:25.079 - timing_manager - INFO - Waiting for dataset to be configured before configuring timing
2026-09-17 21:33:25.079 - InferenceResultParser_e4930950 - INFO - Tokenization is disabled for this endpoint, skipping tokenizer configuration
2026-09-17 21:33:25.079 - InferenceResultParser_c5976f00 - INFO - Tokenization is disabled for this endpoint, skipping tokenizer configuration
2026-09-17 21:33:25.079 - InferenceResultParser_adc3e30e - INFO - Tokenization is disabled for this endpoint, skipping tokenizer configuration
2026-09-17 21:33:25.079 - InferenceResultParser_c20fec4d - INFO - Tokenization is disabled for this endpoint, skipping tokenizer configuration
2026-09-17 21:33:25.079 - InferenceResultParser_1017d90b - INFO - Tokenization is disabled for this endpoint, skipping tokenizer configuration
2026-09-17 21:33:25.079 - InferenceResultParser_7ee4983b - INFO - Tokenization is disabled for this endpoint, skipping tokenizer configuration
2026-09-17 21:33:25.079 - InferenceResultParser_cbccfe65 - INFO - Tokenization is disabled for this endpoint, skipping tokenizer configuration
2026-09-17 21:33:25.079 - InferenceResultParser_b8923543 - INFO - Tokenization is disabled for this endpoint, skipping tokenizer configuration
2026-09-17 21:33:25.080 - dataset_manager - INFO - Configuring tokenizer(s) for dataset manager
2026-09-17 21:33:25.088 - server_metrics_manager - INFO - Server Metrics: Capturing baseline metrics...
2026-09-17 21:33:25.090 - gpu_telemetry_manager - INFO - GPU Telemetry: Capturing baseline metrics from pynvml://localhost
2026-09-17 21:33:25.099 - pynvml_collector - INFO - PyNVML initialized with 1 GPU(s) (1 with GPM support)
2026-09-17 21:33:25.101 - http://localhost:8000/metrics - INFO - Skipping unsupported summary metric: http_request_size_bytes
2026-09-17 21:33:25.102 - http://localhost:8000/metrics - INFO - Skipping unsupported summary metric: http_response_size_bytes
2026-09-17 21:33:25.103 - system_controller - INFO - Server metrics enabled - 1/1 endpoint(s) reachable.
2026-09-17 21:33:25.104 - system_controller - INFO - Waiting for result domains: profile, server_metrics, telemetry
2026-09-17 21:33:25.109 - system_controller - INFO - DCGM telemetry enabled - 1/1 endpoint(s) reachable
2026-09-17 21:33:26.319 - httpx - INFO - HTTP Request: HEAD https://huggingface.co/zai-org/GLM-5.3-Flash/resolve/main/config.json "HTTP/1.1 307 Temporary Redirect"
2026-09-17 21:33:26.325 - httpx - INFO - HTTP Request: HEAD https://huggingface.co/api/resolve-cache/models/zai-org/GLM-5.3-Flash/eb9eb208eb0d988989d07a6a12d0fdeb5f52574a/config.json?%2Fzai-org%2FGLM-5.3-Flash%2Fresolve%2Fmain%2Fconfig.json=&etag=%22f93128cf7f31ca2b22e367cd63676c320c4164a7%22 "HTTP/1.1 200 OK"
2026-09-17 21:33:26.537 - httpx - INFO - HTTP Request: HEAD https://huggingface.co/zai-org/GLM-5.3-Flash/resolve/main/tokenizer_config.json "HTTP/1.1 307 Temporary Redirect"
2026-09-17 21:33:26.542 - httpx - INFO - HTTP Request: HEAD https://huggingface.co/api/resolve-cache/models/zai-org/GLM-5.3-Flash/eb9eb208eb0d988989d07a6a12d0fdeb5f52574a/tokenizer_config.json?%2Fzai-org%2FGLM-5.3-Flash%2Fresolve%2Fmain%2Ftokenizer_config.json=&etag=%22e375fa0a4e16660ce0e2026e39374d35dad4c079%22 "HTTP/1.1 200 OK"
2026-09-17 21:33:26.742 - httpx - INFO - HTTP Request: GET https://huggingface.co/api/models/zai-org/GLM-5.3-Flash/tree/main/additional_chat_templates?recursive=false&expand=false "HTTP/1.1 404 Not Found"
2026-09-17 21:33:26.937 - httpx - INFO - HTTP Request: GET https://huggingface.co/api/models/zai-org/GLM-5.3-Flash/tree/main?recursive=true&expand=false "HTTP/1.1 200 OK"
2026-09-17 21:33:28.080 - httpx - INFO - HTTP Request: GET https://huggingface.co/api/models/zai-org/GLM-5.3-Flash "HTTP/1.1 200 OK"
2026-09-17 21:33:28.136 - dataset_manager - INFO - Tokenizer(s) configured in 3.06 seconds
2026-09-17 21:33:28.137 - dataset_manager - INFO - Configuring dataset for dataset_manager
2026-09-17 21:33:28.439 - MemoryMapDatasetBackingStore_4331270f - INFO - Memory-mapped backing store initialized (streaming to /tmp/aiperf_mmap_fd9c6f5a8dce4350a48c848eff271b1d/dataset.dat)
2026-09-17 21:33:28.445 - MemoryMapDatasetBackingStore_4331270f - INFO - Data file finalized: 100 conversations, 0.51 MB
2026-09-17 21:33:28.447 - MemoryMapDatasetBackingStore_4331270f - INFO - Index file created: /tmp/aiperf_mmap_fd9c6f5a8dce4350a48c848eff271b1d/index.dat
2026-09-17 21:33:28.447 - dataset_manager - INFO - Backing store finalized: client_type=DatasetClientStoreType.MEMORY_MAP format=MemoryMapFormat.CONVERSATION data_file_path=PosixPath('/tmp/aiperf_mmap_fd9c6f5a8dce4350a48c848eff271b1d/dataset.dat') index_file_path=PosixPath('/tmp/aiperf_mmap_fd9c6f5a8dce4350a48c848eff271b1d/index.dat') conversation_count=100 total_size_bytes=531822 compressed=False compressed_data_file_path=None compressed_index_file_path=None compressed_size_bytes=0
2026-09-17 21:33:28.450 - dataset_manager - INFO - sampling strategy: sequential, unique conversations: 100, unique turn count: 100
2026-09-17 21:33:28.451 - dataset_manager - INFO - Generating inputs.json file at /root/llm_perf/artifacts/20260917_211657_zai-org_GLM-5.3-Flash_c1,4,16,32/profile_runs/trial_0001/concurrency_32/inputs.json
2026-09-17 21:33:28.453 - PhaseOrchestrator_205d2e0e - INFO - Initialized 1 phase(s): ['Profiling']
2026-09-17 21:33:28.454 - dataset_manager - INFO - inputs.json file generated in 0.00 seconds
2026-09-17 21:33:28.518 - dataset_manager - INFO - Dataset client initialized and freed 100 conversations from memory
2026-09-17 21:33:28.519 - dataset_manager - INFO - Dataset configured in 0.38 seconds
2026-09-17 21:33:28.519 - system_controller - INFO - All services configured in 3.44 seconds
2026-09-17 21:33:28.520 - system_controller - INFO - AIPerf System is CONFIGURED
2026-09-17 21:33:28.521 - server_metrics_manager - INFO - Server Metrics: Started 1 collector(s) successfully
2026-09-17 21:33:28.522 - system_controller - INFO - All services started profiling successfully
2026-09-17 21:33:28.522 - system_controller - INFO - AIPerf System is PROFILING
2026-09-17 21:33:28.523 - RateTiming - INFO - Creating interval generator: pattern=concurrency_burst, rate=None, smoothness=None
2026-09-17 21:33:28.523 - PhaseRunner - NOTICE - Phase profiling (profiling) started | phase_index=0 | profiling_index=0 | target: 300.0s duration
2026-09-17 21:33:28.524 - PhaseRunner - INFO - Waiting for event 'profiling phase sending' with timeout of 299.999160408s
2026-09-17 21:33:28.524 - records_manager - INFO - Credit phase start: profiling
2026-09-17 21:38:28.523 - PhaseRunner - INFO - Timeout of 299.999160408s elapsed for event 'profiling phase sending'
2026-09-17 21:38:28.524 - PhaseRunner - NOTICE - Phase profiling (profiling) sending complete | sent=128, completed=96, in_flight=32 | sessions: sent=128, completed=96 | timeout_triggered=True
2026-09-17 21:38:28.524 - PhaseRunner - INFO - Waiting for event 'profiling phase credits returned' with timeout of 29.99873874000002s
2026-09-17 21:38:28.525 - records_manager - INFO - Sent 128 requests. Waiting for all to complete...
2026-09-17 21:38:58.524 - PhaseRunner - INFO - Timeout of 29.99873874000002s elapsed for event 'profiling phase credits returned'
2026-09-17 21:38:58.525 - PhaseRunner - WARNING - Phase profiling timed out, cancelling all credits. Stats: sent=128, completed=96, cancelled=0, in_flight=32
2026-09-17 21:38:58.526 - StickyCreditRouter_19dac3c5 - INFO - Sent cancellation requests for 32 in-flight credits across 32 workers
2026-09-17 21:38:58.526 - PhaseRunner - INFO - Waiting for all cancelled credits to be returned for phase profiling. Need 32 more credits.
2026-09-17 21:38:58.527 - PhaseRunner - INFO - All cancelled credits returned for phase profiling
2026-09-17 21:38:58.527 - PhaseRunner - NOTICE - Phase profiling (profiling) complete | completed=96, cancelled=32, errors=0 | sessions: completed=96, cancelled=32 | elapsed=330.00s | grace_period_timeout=True
2026-09-17 21:38:58.528 - PhaseOrchestrator_205d2e0e - NOTICE - All credits completed
2026-09-17 21:38:58.529 - system_controller - INFO - Received credits complete from 'timing_manager'
2026-09-17 21:38:58.528 - records_manager - INFO - Received CREDIT_PHASE_COMPLETE message, Phase complete: PhaseRecordsStats(phase=CreditPhase.PROFILING, phase_index=0, profiling_index=0, phase_name='profiling', phase_kind='profiling', start_ns=1789652008523702189, sent_end_ns=1789652308524116720, requests_end_ns=1789652338527706121, baseline_start_ns=1789652008523690797, baseline_end_ns=1789652338527713898, total_expected_requests=None, expected_duration_sec=None, expected_num_sessions=None, expected_grace_period_sec=None, final_requests_sent=None, final_requests_completed=96, final_requests_cancelled=32, final_request_errors=0, final_sent_sessions=None, final_completed_sessions=None, final_cancelled_sessions=None, timeout_triggered=True, grace_period_timeout_triggered=True, was_cancelled=False, records_end_ns=None, success_records=96, error_records=0)
2026-09-17 21:38:58.531 - records_manager - NOTICE - All requests have completed, please wait for the results to be processed (currently 96 of 96 records processed)...
2026-09-17 21:38:58.531 - records_manager - INFO - Processed 96 valid requests and 0 errors (96 total).
2026-09-17 21:38:58.532 - records_manager - INFO - Received all records, processing now...
2026-09-17 21:38:58.532 - records_manager - INFO - All credits complete, please wait for the results to be processed...
2026-09-17 21:38:58.532 - server_metrics_manager - INFO - Server Metrics: Profiling complete, capturing final metrics...
2026-09-17 21:38:58.532 - gpu_telemetry_manager - INFO - GPU Telemetry: Profiling complete, capturing final metrics...
2026-09-17 21:38:58.533 - records_manager - INFO - Waiting 2.0s for server metrics flush period...
2026-09-17 21:39:00.528 - records_manager - INFO - Processing records results...
2026-09-17 21:39:00.588 - system_controller - INFO - Waiting for result domains: server_metrics, telemetry
2026-09-17 21:39:00.588 - system_controller - INFO - Waiting for result domains: server_metrics
2026-09-17 21:39:00.926 - records_manager - INFO - _finalize_and_process_results completed
2026-09-17 21:39:00.938 - system_controller - INFO - All results received, initiating shutdown
2026-09-17 21:39:01.543 - ExporterManager - INFO - Exporting all records
2026-09-17 21:39:01.596 - ExporterManager - INFO - Exporting console data
