2026-09-17 21:17:00.955 - system_controller - INFO - Registered Worker Manager (id: 'worker_manager')
2026-09-17 21:17:00.968 - server_metrics_manager - INFO - Server Metrics: Discovered 1 endpoints: ['http://localhost:8000/metrics']
2026-09-17 21:17:00.971 - system_controller - INFO - Registered Gpu Telemetry Manager (id: 'gpu_telemetry_manager')
2026-09-17 21:17:00.984 - system_controller - INFO - Registered Dataset Manager (id: 'dataset_manager')
2026-09-17 21:17:00.985 - system_controller - INFO - Registered Server Metrics Manager (id: 'server_metrics_manager')
2026-09-17 21:17:00.988 - GPUTelemetryJSONLWriter_55eda37a - INFO - GPU telemetry export enabled: /root/llm_perf/artifacts/20260917_211657_zai-org_GLM-5.3-Flash_c1,4,16,32/profile_runs/trial_0001/concurrency_1/gpu_telemetry_export.jsonl
2026-09-17 21:17:00.996 - OTelMetricsResultsProcessor_ec9d0e1d - INFO - Telemetry streaming is disabled (set --otel-url and/or --mlflow-tracking-uri to enable)
2026-09-17 21:17:00.997 - RecordExportJSONLWriter_47cec21f - INFO - Record metrics export enabled: /root/llm_perf/artifacts/20260917_211657_zai-org_GLM-5.3-Flash_c1,4,16,32/profile_runs/trial_0001/concurrency_1/profile_export.jsonl
2026-09-17 21:17:01.017 - system_controller - INFO - Registered Records Manager (id: 'records_manager')
2026-09-17 21:17:01.048 - system_controller - INFO - Registered Timing Manager (id: 'timing_manager')
2026-09-17 21:17:01.068 - system_controller - INFO - Registered Worker (id: 'worker_ac4f28da')
2026-09-17 21:17:01.095 - system_controller - INFO - Registered Record Processor (id: 'record_processor_264d8a47')
2026-09-17 21:17:01.449 - system_controller - INFO - AIPerf System is CONFIGURING
2026-09-17 21:17:01.449 - system_controller - INFO - Configuring all services to start profiling
2026-09-17 21:17:01.450 - timing_manager - INFO - Waiting for dataset to be configured before configuring timing
2026-09-17 21:17:01.450 - InferenceResultParser_394a8f97 - INFO - Tokenization is disabled for this endpoint, skipping tokenizer configuration
2026-09-17 21:17:01.451 - dataset_manager - INFO - Configuring tokenizer(s) for dataset manager
2026-09-17 21:17:01.462 - gpu_telemetry_manager - INFO - GPU Telemetry: Capturing baseline metrics from pynvml://localhost
2026-09-17 21:17:01.463 - server_metrics_manager - INFO - Server Metrics: Capturing baseline metrics...
2026-09-17 21:17:01.470 - pynvml_collector - INFO - PyNVML initialized with 1 GPU(s) (1 with GPM support)
2026-09-17 21:17:01.480 - system_controller - INFO - DCGM telemetry enabled - 1/1 endpoint(s) reachable
2026-09-17 21:17:01.481 - system_controller - INFO - Waiting for result domains: profile, server_metrics, telemetry
2026-09-17 21:17:01.517 - http://localhost:8000/metrics - INFO - Skipping unsupported summary metric: http_request_size_bytes
2026-09-17 21:17:01.518 - http://localhost:8000/metrics - INFO - Skipping unsupported summary metric: http_response_size_bytes
2026-09-17 21:17:01.519 - system_controller - INFO - Server metrics enabled - 1/1 endpoint(s) reachable.
2026-09-17 21:17:02.607 - httpx - INFO - HTTP Request: HEAD https://huggingface.co/zai-org/GLM-5.3-Flash/resolve/main/config.json "HTTP/1.1 307 Temporary Redirect"
2026-09-17 21:17:02.810 - httpx - INFO - HTTP Request: HEAD https://huggingface.co/api/resolve-cache/models/zai-org/GLM-5.3-Flash/eb9eb208eb0d988989d07a6a12d0fdeb5f52574a/config.json?%2Fzai-org%2FGLM-5.3-Flash%2Fresolve%2Fmain%2Fconfig.json=&etag=%22f93128cf7f31ca2b22e367cd63676c320c4164a7%22 "HTTP/1.1 200 OK"
2026-09-17 21:17:03.048 - httpx - INFO - HTTP Request: HEAD https://huggingface.co/zai-org/GLM-5.3-Flash/resolve/main/tokenizer_config.json "HTTP/1.1 307 Temporary Redirect"
2026-09-17 21:17:03.250 - httpx - INFO - HTTP Request: HEAD https://huggingface.co/api/resolve-cache/models/zai-org/GLM-5.3-Flash/eb9eb208eb0d988989d07a6a12d0fdeb5f52574a/tokenizer_config.json?%2Fzai-org%2FGLM-5.3-Flash%2Fresolve%2Fmain%2Ftokenizer_config.json=&etag=%22e375fa0a4e16660ce0e2026e39374d35dad4c079%22 "HTTP/1.1 200 OK"
2026-09-17 21:17:03.459 - httpx - INFO - HTTP Request: GET https://huggingface.co/api/models/zai-org/GLM-5.3-Flash/tree/main/additional_chat_templates?recursive=false&expand=false "HTTP/1.1 404 Not Found"
2026-09-17 21:17:03.682 - httpx - INFO - HTTP Request: GET https://huggingface.co/api/models/zai-org/GLM-5.3-Flash/tree/main?recursive=true&expand=false "HTTP/1.1 200 OK"
2026-09-17 21:17:03.879 - httpx - INFO - HTTP Request: HEAD https://huggingface.co/zai-org/GLM-5.3-Flash/resolve/main/tokenizer.model "HTTP/1.1 404 Not Found"
2026-09-17 21:17:04.096 - httpx - INFO - HTTP Request: HEAD https://huggingface.co/zai-org/GLM-5.3-Flash/resolve/main/added_tokens.json "HTTP/1.1 404 Not Found"
2026-09-17 21:17:04.295 - httpx - INFO - HTTP Request: HEAD https://huggingface.co/zai-org/GLM-5.3-Flash/resolve/main/special_tokens_map.json "HTTP/1.1 404 Not Found"
2026-09-17 21:17:05.446 - httpx - INFO - HTTP Request: GET https://huggingface.co/api/models/zai-org/GLM-5.3-Flash "HTTP/1.1 200 OK"
2026-09-17 21:17:05.504 - dataset_manager - INFO - Tokenizer(s) configured in 4.05 seconds
2026-09-17 21:17:05.505 - dataset_manager - INFO - Configuring dataset for dataset_manager
2026-09-17 21:17:05.809 - MemoryMapDatasetBackingStore_77d6a648 - INFO - Memory-mapped backing store initialized (streaming to /tmp/aiperf_mmap_a791033dbffc4fed876cf1bb078d3381/dataset.dat)
2026-09-17 21:17:05.816 - MemoryMapDatasetBackingStore_77d6a648 - INFO - Data file finalized: 100 conversations, 0.50 MB
2026-09-17 21:17:05.818 - MemoryMapDatasetBackingStore_77d6a648 - INFO - Index file created: /tmp/aiperf_mmap_a791033dbffc4fed876cf1bb078d3381/index.dat
2026-09-17 21:17:05.818 - dataset_manager - INFO - Backing store finalized: client_type=DatasetClientStoreType.MEMORY_MAP format=MemoryMapFormat.CONVERSATION data_file_path=PosixPath('/tmp/aiperf_mmap_a791033dbffc4fed876cf1bb078d3381/dataset.dat') index_file_path=PosixPath('/tmp/aiperf_mmap_a791033dbffc4fed876cf1bb078d3381/index.dat') conversation_count=100 total_size_bytes=526121 compressed=False compressed_data_file_path=None compressed_index_file_path=None compressed_size_bytes=0
2026-09-17 21:17:05.820 - dataset_manager - INFO - sampling strategy: sequential, unique conversations: 100, unique turn count: 100
2026-09-17 21:17:05.821 - dataset_manager - INFO - Generating inputs.json file at /root/llm_perf/artifacts/20260917_211657_zai-org_GLM-5.3-Flash_c1,4,16,32/profile_runs/trial_0001/concurrency_1/inputs.json
2026-09-17 21:17:05.823 - PhaseOrchestrator_67f2ca5e - INFO - Initialized 1 phase(s): ['Profiling']
2026-09-17 21:17:05.824 - dataset_manager - INFO - inputs.json file generated in 0.00 seconds
2026-09-17 21:17:05.888 - dataset_manager - INFO - Dataset client initialized and freed 100 conversations from memory
2026-09-17 21:17:05.889 - dataset_manager - INFO - Dataset configured in 0.38 seconds
2026-09-17 21:17:05.889 - system_controller - INFO - All services configured in 4.44 seconds
2026-09-17 21:17:05.890 - system_controller - INFO - AIPerf System is CONFIGURED
2026-09-17 21:17:05.891 - server_metrics_manager - INFO - Server Metrics: Started 1 collector(s) successfully
2026-09-17 21:17:05.891 - system_controller - INFO - All services started profiling successfully
2026-09-17 21:17:05.892 - system_controller - INFO - AIPerf System is PROFILING
2026-09-17 21:17:05.892 - RateTiming - INFO - Creating interval generator: pattern=concurrency_burst, rate=None, smoothness=None
2026-09-17 21:17:05.893 - PhaseRunner - NOTICE - Phase profiling (profiling) started | phase_index=0 | profiling_index=0 | target: 300.0s duration
2026-09-17 21:17:05.894 - PhaseRunner - INFO - Waiting for event 'profiling phase sending' with timeout of 299.999176289s
2026-09-17 21:17:05.894 - records_manager - INFO - Credit phase start: profiling
2026-09-17 21:22:05.893 - PhaseRunner - INFO - Timeout of 299.999176289s elapsed for event 'profiling phase sending'
2026-09-17 21:22:05.894 - PhaseRunner - NOTICE - Phase profiling (profiling) sending complete | sent=18, completed=17, in_flight=1 | sessions: sent=18, completed=17 | timeout_triggered=True
2026-09-17 21:22:05.895 - PhaseRunner - INFO - Waiting for event 'profiling phase credits returned' with timeout of 29.998354577999976s
2026-09-17 21:22:05.895 - records_manager - INFO - Sent 18 requests. Waiting for all to complete...
2026-09-17 21:22:14.646 - PhaseRunner - NOTICE - Phase profiling (profiling) complete | completed=18, cancelled=0, errors=0 | sessions: completed=18, cancelled=0 | elapsed=308.75s
2026-09-17 21:22:14.647 - PhaseOrchestrator_67f2ca5e - NOTICE - All credits completed
2026-09-17 21:22:14.648 - system_controller - INFO - Received credits complete from 'timing_manager'
2026-09-17 21:22:14.647 - records_manager - INFO - Received CREDIT_PHASE_COMPLETE message, Phase complete: PhaseRecordsStats(phase=CreditPhase.PROFILING, phase_index=0, profiling_index=0, phase_name='profiling', phase_kind='profiling', start_ns=1789651025893348252, sent_end_ns=1789651325894102983, requests_end_ns=1789651334646390458, baseline_start_ns=1789651025893335900, baseline_end_ns=1789651334646397626, total_expected_requests=None, expected_duration_sec=None, expected_num_sessions=None, expected_grace_period_sec=None, final_requests_sent=None, final_requests_completed=18, final_requests_cancelled=0, final_request_errors=0, final_sent_sessions=None, final_completed_sessions=None, final_cancelled_sessions=None, timeout_triggered=True, grace_period_timeout_triggered=False, was_cancelled=False, records_end_ns=None, success_records=17, error_records=0)
2026-09-17 21:22:14.650 - records_manager - NOTICE - All requests have completed, please wait for the results to be processed (currently 17 of 18 records processed)...
2026-09-17 21:22:14.650 - records_manager - INFO - All credits complete, please wait for the results to be processed...
2026-09-17 21:22:14.652 - records_manager - INFO - Processed 18 valid requests and 0 errors (18 total).
2026-09-17 21:22:14.652 - records_manager - INFO - Received all records, processing now...
2026-09-17 21:22:14.653 - records_manager - INFO - Waiting 2.0s for server metrics flush period...
2026-09-17 21:22:14.653 - gpu_telemetry_manager - INFO - GPU Telemetry: Profiling complete, capturing final metrics...
2026-09-17 21:22:14.657 - server_metrics_manager - INFO - Server Metrics: Profiling complete, capturing final metrics...
2026-09-17 21:22:16.647 - records_manager - INFO - Processing records results...
2026-09-17 21:22:16.717 - system_controller - INFO - Waiting for result domains: server_metrics, telemetry
2026-09-17 21:22:16.717 - system_controller - INFO - Waiting for result domains: server_metrics
2026-09-17 21:22:17.032 - records_manager - INFO - _finalize_and_process_results completed
2026-09-17 21:22:17.038 - system_controller - INFO - All results received, initiating shutdown
2026-09-17 21:22:17.644 - ExporterManager - INFO - Exporting all records
2026-09-17 21:22:17.726 - ExporterManager - INFO - Exporting console data
