2026-09-17 20:40:43.717 - system_controller - INFO - Registered Worker Manager (id: 'worker_manager')
2026-09-17 20:40:43.728 - server_metrics_manager - INFO - Server Metrics: Discovered 1 endpoints: ['http://localhost:8000/metrics']
2026-09-17 20:40:43.750 - GPUTelemetryJSONLWriter_55a13960 - INFO - GPU telemetry export enabled: /root/llm_perf/artifacts/20260917_203021_RedHatAI_GLM-5.3-Flash-NVFP4_c1,4,16,32/profile_runs/trial_0001/concurrency_16/gpu_telemetry_export.jsonl
2026-09-17 20:40:43.757 - OTelMetricsResultsProcessor_41370c64 - INFO - Telemetry streaming is disabled (set --otel-url and/or --mlflow-tracking-uri to enable)
2026-09-17 20:40:43.758 - RecordExportJSONLWriter_88674564 - INFO - Record metrics export enabled: /root/llm_perf/artifacts/20260917_203021_RedHatAI_GLM-5.3-Flash-NVFP4_c1,4,16,32/profile_runs/trial_0001/concurrency_16/profile_export.jsonl
2026-09-17 20:40:43.773 - system_controller - INFO - Registered Server Metrics Manager (id: 'server_metrics_manager')
2026-09-17 20:40:43.781 - system_controller - INFO - Registered Records Manager (id: 'records_manager')
2026-09-17 20:40:43.784 - system_controller - INFO - Registered Record Processor (id: 'record_processor_963bfcb8')
2026-09-17 20:40:43.785 - system_controller - INFO - Registered Record Processor (id: 'record_processor_b093a57e')
2026-09-17 20:40:43.788 - system_controller - INFO - Registered Record Processor (id: 'record_processor_032e5559')
2026-09-17 20:40:43.788 - system_controller - INFO - Registered Record Processor (id: 'record_processor_e4a19a96')
2026-09-17 20:40:43.842 - system_controller - INFO - Registered Gpu Telemetry Manager (id: 'gpu_telemetry_manager')
2026-09-17 20:40:43.845 - system_controller - INFO - Registered Dataset Manager (id: 'dataset_manager')
2026-09-17 20:40:43.892 - system_controller - INFO - Registered Timing Manager (id: 'timing_manager')
2026-09-17 20:40:43.914 - system_controller - INFO - Registered Worker (id: 'worker_cdaf8641')
2026-09-17 20:40:43.932 - system_controller - INFO - Registered Worker (id: 'worker_57ad5eef')
2026-09-17 20:40:43.933 - system_controller - INFO - Registered Worker (id: 'worker_54581a24')
2026-09-17 20:40:44.022 - system_controller - INFO - Registered Worker (id: 'worker_8358bde7')
2026-09-17 20:40:44.025 - system_controller - INFO - Registered Worker (id: 'worker_605b8bb4')
2026-09-17 20:40:44.026 - system_controller - INFO - Registered Worker (id: 'worker_534e56f7')
2026-09-17 20:40:44.026 - system_controller - INFO - Registered Worker (id: 'worker_304d0389')
2026-09-17 20:40:44.027 - system_controller - INFO - Registered Worker (id: 'worker_8c2099ac')
2026-09-17 20:40:44.028 - system_controller - INFO - Registered Worker (id: 'worker_8405a2b2')
2026-09-17 20:40:44.031 - system_controller - INFO - Registered Worker (id: 'worker_f9976497')
2026-09-17 20:40:44.032 - system_controller - INFO - Registered Worker (id: 'worker_b1c853d6')
2026-09-17 20:40:44.032 - system_controller - INFO - Registered Worker (id: 'worker_129b073e')
2026-09-17 20:40:44.034 - system_controller - INFO - Registered Worker (id: 'worker_75b5bbb0')
2026-09-17 20:40:44.034 - system_controller - INFO - Registered Worker (id: 'worker_f5a74dce')
2026-09-17 20:40:44.035 - system_controller - INFO - Registered Worker (id: 'worker_6c629e7f')
2026-09-17 20:40:44.036 - system_controller - INFO - Registered Worker (id: 'worker_ba6175ec')
2026-09-17 20:40:44.214 - system_controller - INFO - AIPerf System is CONFIGURING
2026-09-17 20:40:44.214 - system_controller - INFO - Configuring all services to start profiling
2026-09-17 20:40:44.215 - timing_manager - INFO - Waiting for dataset to be configured before configuring timing
2026-09-17 20:40:44.215 - InferenceResultParser_4edeac1e - INFO - Tokenization is disabled for this endpoint, skipping tokenizer configuration
2026-09-17 20:40:44.215 - InferenceResultParser_32081137 - INFO - Tokenization is disabled for this endpoint, skipping tokenizer configuration
2026-09-17 20:40:44.215 - InferenceResultParser_a3a44428 - INFO - Tokenization is disabled for this endpoint, skipping tokenizer configuration
2026-09-17 20:40:44.215 - InferenceResultParser_afe16c82 - INFO - Tokenization is disabled for this endpoint, skipping tokenizer configuration
2026-09-17 20:40:44.215 - dataset_manager - INFO - Configuring tokenizer(s) for dataset manager
2026-09-17 20:40:44.224 - server_metrics_manager - INFO - Server Metrics: Capturing baseline metrics...
2026-09-17 20:40:44.226 - gpu_telemetry_manager - INFO - GPU Telemetry: Capturing baseline metrics from pynvml://localhost
2026-09-17 20:40:44.235 - pynvml_collector - INFO - PyNVML initialized with 1 GPU(s) (1 with GPM support)
2026-09-17 20:40:44.236 - http://localhost:8000/metrics - INFO - Skipping unsupported summary metric: http_request_size_bytes
2026-09-17 20:40:44.237 - http://localhost:8000/metrics - INFO - Skipping unsupported summary metric: http_response_size_bytes
2026-09-17 20:40:44.238 - system_controller - INFO - Server metrics enabled - 1/1 endpoint(s) reachable.
2026-09-17 20:40:44.238 - system_controller - INFO - Waiting for result domains: profile, server_metrics, telemetry
2026-09-17 20:40:44.245 - system_controller - INFO - DCGM telemetry enabled - 1/1 endpoint(s) reachable
2026-09-17 20:40:45.358 - httpx - INFO - HTTP Request: HEAD https://huggingface.co/RedHatAI/GLM-5.3-Flash-NVFP4/resolve/main/config.json "HTTP/1.1 307 Temporary Redirect"
2026-09-17 20:40:45.364 - httpx - INFO - HTTP Request: HEAD https://huggingface.co/api/resolve-cache/models/RedHatAI/GLM-5.3-Flash-NVFP4/c245560b6d7e62c329cd3042343b358a4279affd/config.json?%2FRedHatAI%2FGLM-5.3-Flash-NVFP4%2Fresolve%2Fmain%2Fconfig.json=&etag=%22e62581648d702e1d270189b4efdc001ac2844279%22 "HTTP/1.1 200 OK"
2026-09-17 20:40:45.603 - httpx - INFO - HTTP Request: HEAD https://huggingface.co/RedHatAI/GLM-5.3-Flash-NVFP4/resolve/main/tokenizer_config.json "HTTP/1.1 307 Temporary Redirect"
2026-09-17 20:40:45.610 - httpx - INFO - HTTP Request: HEAD https://huggingface.co/api/resolve-cache/models/RedHatAI/GLM-5.3-Flash-NVFP4/c245560b6d7e62c329cd3042343b358a4279affd/tokenizer_config.json?%2FRedHatAI%2FGLM-5.3-Flash-NVFP4%2Fresolve%2Fmain%2Ftokenizer_config.json=&etag=%220891a18eef6fc3d26dd2e87796ed39c7f91e3a77%22 "HTTP/1.1 200 OK"
2026-09-17 20:40:45.813 - httpx - INFO - HTTP Request: GET https://huggingface.co/api/models/RedHatAI/GLM-5.3-Flash-NVFP4/tree/main/additional_chat_templates?recursive=false&expand=false "HTTP/1.1 404 Not Found"
2026-09-17 20:40:46.012 - httpx - INFO - HTTP Request: GET https://huggingface.co/api/models/RedHatAI/GLM-5.3-Flash-NVFP4/tree/main?recursive=true&expand=false "HTTP/1.1 200 OK"
2026-09-17 20:40:47.146 - httpx - INFO - HTTP Request: GET https://huggingface.co/api/models/RedHatAI/GLM-5.3-Flash-NVFP4 "HTTP/1.1 200 OK"
2026-09-17 20:40:47.200 - dataset_manager - INFO - Tokenizer(s) configured in 2.98 seconds
2026-09-17 20:40:47.200 - dataset_manager - INFO - Configuring dataset for dataset_manager
2026-09-17 20:40:47.503 - MemoryMapDatasetBackingStore_a0540d76 - INFO - Memory-mapped backing store initialized (streaming to /tmp/aiperf_mmap_1a9e087ecd464e54b4866cdded49567d/dataset.dat)
2026-09-17 20:40:47.509 - MemoryMapDatasetBackingStore_a0540d76 - INFO - Data file finalized: 100 conversations, 0.51 MB
2026-09-17 20:40:47.511 - MemoryMapDatasetBackingStore_a0540d76 - INFO - Index file created: /tmp/aiperf_mmap_1a9e087ecd464e54b4866cdded49567d/index.dat
2026-09-17 20:40:47.511 - dataset_manager - INFO - Backing store finalized: client_type=DatasetClientStoreType.MEMORY_MAP format=MemoryMapFormat.CONVERSATION data_file_path=PosixPath('/tmp/aiperf_mmap_1a9e087ecd464e54b4866cdded49567d/dataset.dat') index_file_path=PosixPath('/tmp/aiperf_mmap_1a9e087ecd464e54b4866cdded49567d/index.dat') conversation_count=100 total_size_bytes=531162 compressed=False compressed_data_file_path=None compressed_index_file_path=None compressed_size_bytes=0
2026-09-17 20:40:47.513 - dataset_manager - INFO - sampling strategy: sequential, unique conversations: 100, unique turn count: 100
2026-09-17 20:40:47.515 - dataset_manager - INFO - Generating inputs.json file at /root/llm_perf/artifacts/20260917_203021_RedHatAI_GLM-5.3-Flash-NVFP4_c1,4,16,32/profile_runs/trial_0001/concurrency_16/inputs.json
2026-09-17 20:40:47.516 - PhaseOrchestrator_96b7b2de - INFO - Initialized 1 phase(s): ['Profiling']
2026-09-17 20:40:47.518 - dataset_manager - INFO - inputs.json file generated in 0.00 seconds
2026-09-17 20:40:47.583 - dataset_manager - INFO - Dataset client initialized and freed 100 conversations from memory
2026-09-17 20:40:47.583 - dataset_manager - INFO - Dataset configured in 0.38 seconds
2026-09-17 20:40:47.584 - system_controller - INFO - All services configured in 3.37 seconds
2026-09-17 20:40:47.585 - system_controller - INFO - AIPerf System is CONFIGURED
2026-09-17 20:40:47.585 - server_metrics_manager - INFO - Server Metrics: Started 1 collector(s) successfully
2026-09-17 20:40:47.586 - system_controller - INFO - All services started profiling successfully
2026-09-17 20:40:47.587 - system_controller - INFO - AIPerf System is PROFILING
2026-09-17 20:40:47.587 - RateTiming - INFO - Creating interval generator: pattern=concurrency_burst, rate=None, smoothness=None
2026-09-17 20:40:47.588 - PhaseRunner - NOTICE - Phase profiling (profiling) started | phase_index=0 | profiling_index=0 | target: 300.0s duration
2026-09-17 20:40:47.588 - PhaseRunner - INFO - Waiting for event 'profiling phase sending' with timeout of 299.999192348s
2026-09-17 20:40:47.589 - records_manager - INFO - Credit phase start: profiling
2026-09-17 20:45:47.589 - PhaseRunner - INFO - Timeout of 299.999192348s elapsed for event 'profiling phase sending'
2026-09-17 20:45:47.590 - PhaseRunner - NOTICE - Phase profiling (profiling) sending complete | sent=608, completed=592, in_flight=16 | sessions: sent=608, completed=592 | timeout_triggered=True
2026-09-17 20:45:47.590 - PhaseRunner - INFO - Waiting for event 'profiling phase credits returned' with timeout of 29.99727038200001s
2026-09-17 20:45:47.591 - records_manager - INFO - Sent 608 requests. Waiting for all to complete...
2026-09-17 20:45:53.779 - PhaseRunner - NOTICE - Phase profiling (profiling) complete | completed=608, cancelled=0, errors=0 | sessions: completed=608, cancelled=0 | elapsed=306.19s
2026-09-17 20:45:53.780 - PhaseOrchestrator_96b7b2de - NOTICE - All credits completed
2026-09-17 20:45:53.781 - system_controller - INFO - Received credits complete from 'timing_manager'
2026-09-17 20:45:53.780 - records_manager - INFO - Received CREDIT_PHASE_COMPLETE message, Phase complete: PhaseRecordsStats(phase=CreditPhase.PROFILING, phase_index=0, profiling_index=0, phase_name='profiling', phase_kind='profiling', start_ns=1789648847588119798, sent_end_ns=1789649147589990664, requests_end_ns=1789649153779025201, baseline_start_ns=1789648847588107702, baseline_end_ns=1789649153779032017, total_expected_requests=None, expected_duration_sec=None, expected_num_sessions=None, expected_grace_period_sec=None, final_requests_sent=None, final_requests_completed=608, final_requests_cancelled=0, final_request_errors=0, final_sent_sessions=None, final_completed_sessions=None, final_cancelled_sessions=None, timeout_triggered=True, grace_period_timeout_triggered=False, was_cancelled=False, records_end_ns=None, success_records=593, error_records=0)
2026-09-17 20:45:53.782 - records_manager - NOTICE - All requests have completed, please wait for the results to be processed (currently 593 of 608 records processed)...
2026-09-17 20:45:53.783 - records_manager - INFO - All credits complete, please wait for the results to be processed...
2026-09-17 20:45:53.799 - records_manager - INFO - Processed 608 valid requests and 0 errors (608 total).
2026-09-17 20:45:53.799 - records_manager - INFO - Received all records, processing now...
2026-09-17 20:45:53.800 - records_manager - INFO - Waiting 2.0s for server metrics flush period...
2026-09-17 20:45:53.800 - server_metrics_manager - INFO - Server Metrics: Profiling complete, capturing final metrics...
2026-09-17 20:45:53.800 - gpu_telemetry_manager - INFO - GPU Telemetry: Profiling complete, capturing final metrics...
2026-09-17 20:45:55.780 - records_manager - INFO - Processing records results...
2026-09-17 20:45:56.314 - system_controller - INFO - Waiting for result domains: server_metrics, telemetry
2026-09-17 20:45:56.315 - system_controller - INFO - Waiting for result domains: server_metrics
2026-09-17 20:45:56.621 - records_manager - INFO - _finalize_and_process_results completed
2026-09-17 20:45:56.625 - system_controller - INFO - All results received, initiating shutdown
2026-09-17 20:45:57.257 - ExporterManager - INFO - Exporting all records
2026-09-17 20:45:57.367 - ExporterManager - INFO - Exporting console data
