2026-09-16 16:32:58.430 - system_controller - INFO - Registered Worker Manager (id: 'worker_manager')
2026-09-16 16:32:58.441 - server_metrics_manager - INFO - Server Metrics: Discovered 1 endpoints: ['http://localhost:8000/metrics']
2026-09-16 16:32:58.463 - GPUTelemetryJSONLWriter_0a6ac25d - INFO - GPU telemetry export enabled: /root/llm_perf/artifacts/20260916_160706_google_gemma-4-26B-A4B-it_c1,4,16,32,64,128/profile_runs/trial_0001/concurrency_128/gpu_telemetry_export.jsonl
2026-09-16 16:32:58.470 - OTelMetricsResultsProcessor_1b4e7d23 - INFO - Telemetry streaming is disabled (set --otel-url and/or --mlflow-tracking-uri to enable)
2026-09-16 16:32:58.472 - RecordExportJSONLWriter_d45fcccc - INFO - Record metrics export enabled: /root/llm_perf/artifacts/20260916_160706_google_gemma-4-26B-A4B-it_c1,4,16,32,64,128/profile_runs/trial_0001/concurrency_128/profile_export.jsonl
2026-09-16 16:32:58.546 - system_controller - INFO - Registered Server Metrics Manager (id: 'server_metrics_manager')
2026-09-16 16:32:58.548 - system_controller - INFO - Registered Gpu Telemetry Manager (id: 'gpu_telemetry_manager')
2026-09-16 16:32:58.551 - system_controller - INFO - Registered Record Processor (id: 'record_processor_e5c6c719')
2026-09-16 16:32:58.552 - system_controller - INFO - Registered Record Processor (id: 'record_processor_6e4dc16f')
2026-09-16 16:32:58.554 - system_controller - INFO - Registered Record Processor (id: 'record_processor_3dca92bb')
2026-09-16 16:32:58.556 - system_controller - INFO - Registered Dataset Manager (id: 'dataset_manager')
2026-09-16 16:32:58.558 - system_controller - INFO - Registered Record Processor (id: 'record_processor_9f1c5b8f')
2026-09-16 16:32:58.560 - system_controller - INFO - Registered Record Processor (id: 'record_processor_d4819e34')
2026-09-16 16:32:58.560 - system_controller - INFO - Registered Record Processor (id: 'record_processor_2a93f5ff')
2026-09-16 16:32:58.563 - system_controller - INFO - Registered Record Processor (id: 'record_processor_08b16a2f')
2026-09-16 16:32:58.563 - system_controller - INFO - Registered Record Processor (id: 'record_processor_d3ad7408')
2026-09-16 16:32:58.597 - system_controller - INFO - Registered Records Manager (id: 'records_manager')
2026-09-16 16:32:58.658 - system_controller - INFO - Registered Timing Manager (id: 'timing_manager')
2026-09-16 16:32:58.675 - system_controller - INFO - Registered Worker (id: 'worker_7e89d99d')
2026-09-16 16:32:58.685 - system_controller - INFO - Registered Worker (id: 'worker_5402cec6')
2026-09-16 16:32:58.686 - system_controller - INFO - Registered Worker (id: 'worker_09a55c94')
2026-09-16 16:32:58.687 - system_controller - INFO - Registered Worker (id: 'worker_9fadd4b9')
2026-09-16 16:32:58.688 - system_controller - INFO - Registered Worker (id: 'worker_1fede3e7')
2026-09-16 16:32:58.694 - system_controller - INFO - Registered Worker (id: 'worker_073f69b1')
2026-09-16 16:32:58.695 - system_controller - INFO - Registered Worker (id: 'worker_c6613d3b')
2026-09-16 16:32:58.695 - system_controller - INFO - Registered Worker (id: 'worker_b1355105')
2026-09-16 16:32:58.696 - system_controller - INFO - Registered Worker (id: 'worker_9aa03c45')
2026-09-16 16:32:58.699 - system_controller - INFO - Registered Worker (id: 'worker_0c413e77')
2026-09-16 16:32:58.701 - system_controller - INFO - Registered Worker (id: 'worker_a6311408')
2026-09-16 16:32:58.708 - system_controller - INFO - Registered Worker (id: 'worker_d52b7107')
2026-09-16 16:32:58.712 - system_controller - INFO - Registered Worker (id: 'worker_8a1b1698')
2026-09-16 16:32:58.713 - system_controller - INFO - Registered Worker (id: 'worker_74f8a747')
2026-09-16 16:32:58.719 - system_controller - INFO - Registered Worker (id: 'worker_5f804cd0')
2026-09-16 16:32:58.746 - system_controller - INFO - Registered Worker (id: 'worker_7b3066bc')
2026-09-16 16:32:58.747 - system_controller - INFO - Registered Worker (id: 'worker_fcfc8bef')
2026-09-16 16:32:58.747 - system_controller - INFO - Registered Worker (id: 'worker_8d800ba5')
2026-09-16 16:32:58.751 - system_controller - INFO - Registered Worker (id: 'worker_bee94a2e')
2026-09-16 16:32:58.754 - system_controller - INFO - Registered Worker (id: 'worker_dd51170d')
2026-09-16 16:32:58.800 - system_controller - INFO - Registered Worker (id: 'worker_7f68a3dd')
2026-09-16 16:32:58.807 - system_controller - INFO - Registered Worker (id: 'worker_c2520836')
2026-09-16 16:32:58.810 - system_controller - INFO - Registered Worker (id: 'worker_7f8cf45f')
2026-09-16 16:32:58.811 - system_controller - INFO - Registered Worker (id: 'worker_5c54c3c9')
2026-09-16 16:32:58.817 - system_controller - INFO - Registered Worker (id: 'worker_b5f6b94f')
2026-09-16 16:32:58.821 - system_controller - INFO - Registered Worker (id: 'worker_49b93cbe')
2026-09-16 16:32:58.836 - system_controller - INFO - Registered Worker (id: 'worker_5ec0d2df')
2026-09-16 16:32:58.836 - system_controller - INFO - Registered Worker (id: 'worker_5ad6f74d')
2026-09-16 16:32:58.838 - system_controller - INFO - Registered Worker (id: 'worker_ce9cabea')
2026-09-16 16:32:58.841 - system_controller - INFO - Registered Worker (id: 'worker_a1cd79c6')
2026-09-16 16:32:58.846 - system_controller - INFO - Registered Worker (id: 'worker_55ae83ec')
2026-09-16 16:32:58.848 - system_controller - INFO - Registered Worker (id: 'worker_5985a143')
2026-09-16 16:32:58.927 - system_controller - INFO - AIPerf System is CONFIGURING
2026-09-16 16:32:58.927 - system_controller - INFO - Configuring all services to start profiling
2026-09-16 16:32:58.928 - timing_manager - INFO - Waiting for dataset to be configured before configuring timing
2026-09-16 16:32:58.928 - InferenceResultParser_b0e3a824 - INFO - Tokenization is disabled for this endpoint, skipping tokenizer configuration
2026-09-16 16:32:58.928 - InferenceResultParser_24ddb7cb - INFO - Tokenization is disabled for this endpoint, skipping tokenizer configuration
2026-09-16 16:32:58.928 - InferenceResultParser_47b7ba89 - INFO - Tokenization is disabled for this endpoint, skipping tokenizer configuration
2026-09-16 16:32:58.928 - InferenceResultParser_aa2ec31e - INFO - Tokenization is disabled for this endpoint, skipping tokenizer configuration
2026-09-16 16:32:58.928 - InferenceResultParser_9e3b3f80 - INFO - Tokenization is disabled for this endpoint, skipping tokenizer configuration
2026-09-16 16:32:58.928 - InferenceResultParser_90981d0d - INFO - Tokenization is disabled for this endpoint, skipping tokenizer configuration
2026-09-16 16:32:58.928 - InferenceResultParser_a118ab3d - INFO - Tokenization is disabled for this endpoint, skipping tokenizer configuration
2026-09-16 16:32:58.928 - InferenceResultParser_8a966f0d - INFO - Tokenization is disabled for this endpoint, skipping tokenizer configuration
2026-09-16 16:32:58.928 - dataset_manager - INFO - Configuring tokenizer(s) for dataset manager
2026-09-16 16:32:58.936 - server_metrics_manager - INFO - Server Metrics: Capturing baseline metrics...
2026-09-16 16:32:58.939 - gpu_telemetry_manager - INFO - GPU Telemetry: Capturing baseline metrics from pynvml://localhost
2026-09-16 16:32:58.947 - pynvml_collector - INFO - PyNVML initialized with 1 GPU(s) (1 with GPM support)
2026-09-16 16:32:58.949 - http://localhost:8000/metrics - INFO - Skipping unsupported summary metric: http_request_size_bytes
2026-09-16 16:32:58.950 - http://localhost:8000/metrics - INFO - Skipping unsupported summary metric: http_response_size_bytes
2026-09-16 16:32:58.951 - system_controller - INFO - Server metrics enabled - 1/1 endpoint(s) reachable.
2026-09-16 16:32:58.952 - system_controller - INFO - Waiting for result domains: profile, server_metrics, telemetry
2026-09-16 16:32:58.957 - system_controller - INFO - DCGM telemetry enabled - 1/1 endpoint(s) reachable
2026-09-16 16:33:00.106 - httpx - INFO - HTTP Request: HEAD https://huggingface.co/google/gemma-4-26B-A4B-it/resolve/main/config.json "HTTP/1.1 307 Temporary Redirect"
2026-09-16 16:33:00.112 - httpx - INFO - HTTP Request: HEAD https://huggingface.co/api/resolve-cache/models/google/gemma-4-26B-A4B-it/4d7ae4984b7db7de8f8457170b3f1a419ee76d52/config.json?%2Fgoogle%2Fgemma-4-26B-A4B-it%2Fresolve%2Fmain%2Fconfig.json=&etag=%22f42adcca257bb0865c506947671e7d0af52ac9c4%22 "HTTP/1.1 200 OK"
2026-09-16 16:33:00.324 - httpx - INFO - HTTP Request: HEAD https://huggingface.co/google/gemma-4-26B-A4B-it/resolve/main/tokenizer_config.json "HTTP/1.1 307 Temporary Redirect"
2026-09-16 16:33:00.330 - httpx - INFO - HTTP Request: HEAD https://huggingface.co/api/resolve-cache/models/google/gemma-4-26B-A4B-it/4d7ae4984b7db7de8f8457170b3f1a419ee76d52/tokenizer_config.json?%2Fgoogle%2Fgemma-4-26B-A4B-it%2Fresolve%2Fmain%2Ftokenizer_config.json=&etag=%226068e357379d36f823c377e30efb101fa2c67fe4%22 "HTTP/1.1 200 OK"
2026-09-16 16:33:00.531 - httpx - INFO - HTTP Request: GET https://huggingface.co/api/models/google/gemma-4-26B-A4B-it/tree/main/additional_chat_templates?recursive=false&expand=false "HTTP/1.1 404 Not Found"
2026-09-16 16:33:00.727 - httpx - INFO - HTTP Request: GET https://huggingface.co/api/models/google/gemma-4-26B-A4B-it/tree/main?recursive=true&expand=false "HTTP/1.1 200 OK"
2026-09-16 16:33:01.875 - httpx - INFO - HTTP Request: GET https://huggingface.co/api/models/google/gemma-4-26B-A4B-it "HTTP/1.1 200 OK"
2026-09-16 16:33:01.909 - dataset_manager - INFO - Tokenizer(s) configured in 2.98 seconds
2026-09-16 16:33:01.910 - dataset_manager - INFO - Configuring dataset for dataset_manager
2026-09-16 16:33:02.217 - MemoryMapDatasetBackingStore_9be94d35 - INFO - Memory-mapped backing store initialized (streaming to /tmp/aiperf_mmap_dfc54ca8b59d4df2b94dfa51d9a21578/dataset.dat)
2026-09-16 16:33:02.223 - MemoryMapDatasetBackingStore_9be94d35 - INFO - Data file finalized: 100 conversations, 0.53 MB
2026-09-16 16:33:02.224 - MemoryMapDatasetBackingStore_9be94d35 - INFO - Index file created: /tmp/aiperf_mmap_dfc54ca8b59d4df2b94dfa51d9a21578/index.dat
2026-09-16 16:33:02.224 - dataset_manager - INFO - Backing store finalized: client_type=DatasetClientStoreType.MEMORY_MAP format=MemoryMapFormat.CONVERSATION data_file_path=PosixPath('/tmp/aiperf_mmap_dfc54ca8b59d4df2b94dfa51d9a21578/dataset.dat') index_file_path=PosixPath('/tmp/aiperf_mmap_dfc54ca8b59d4df2b94dfa51d9a21578/index.dat') conversation_count=100 total_size_bytes=551673 compressed=False compressed_data_file_path=None compressed_index_file_path=None compressed_size_bytes=0
2026-09-16 16:33:02.226 - dataset_manager - INFO - sampling strategy: sequential, unique conversations: 100, unique turn count: 100
2026-09-16 16:33:02.227 - dataset_manager - INFO - Generating inputs.json file at /root/llm_perf/artifacts/20260916_160706_google_gemma-4-26B-A4B-it_c1,4,16,32,64,128/profile_runs/trial_0001/concurrency_128/inputs.json
2026-09-16 16:33:02.229 - PhaseOrchestrator_76bd2956 - INFO - Initialized 1 phase(s): ['Profiling']
2026-09-16 16:33:02.231 - dataset_manager - INFO - inputs.json file generated in 0.00 seconds
2026-09-16 16:33:02.310 - dataset_manager - INFO - Dataset client initialized and freed 100 conversations from memory
2026-09-16 16:33:02.311 - dataset_manager - INFO - Dataset configured in 0.40 seconds
2026-09-16 16:33:02.312 - system_controller - INFO - All services configured in 3.38 seconds
2026-09-16 16:33:02.312 - system_controller - INFO - AIPerf System is CONFIGURED
2026-09-16 16:33:02.313 - server_metrics_manager - INFO - Server Metrics: Started 1 collector(s) successfully
2026-09-16 16:33:02.314 - system_controller - INFO - All services started profiling successfully
2026-09-16 16:33:02.315 - system_controller - INFO - AIPerf System is PROFILING
2026-09-16 16:33:02.315 - RateTiming - INFO - Creating interval generator: pattern=concurrency_burst, rate=None, smoothness=None
2026-09-16 16:33:02.316 - PhaseRunner - NOTICE - Phase profiling (profiling) started | phase_index=0 | profiling_index=0 | target: 300.0s duration
2026-09-16 16:33:02.317 - PhaseRunner - INFO - Waiting for event 'profiling phase sending' with timeout of 299.999270517s
2026-09-16 16:33:02.317 - records_manager - INFO - Credit phase start: profiling
2026-09-16 16:38:02.317 - PhaseRunner - INFO - Timeout of 299.999270517s elapsed for event 'profiling phase sending'
2026-09-16 16:38:02.318 - PhaseRunner - NOTICE - Phase profiling (profiling) sending complete | sent=4,352, completed=4,224, in_flight=128 | sessions: sent=4,352, completed=4,224 | timeout_triggered=True
2026-09-16 16:38:02.318 - PhaseRunner - INFO - Waiting for event 'profiling phase credits returned' with timeout of 29.997355528000014s
2026-09-16 16:38:02.319 - records_manager - INFO - Sent 4,352 requests. Waiting for all to complete...
2026-09-16 16:38:11.141 - PhaseRunner - NOTICE - Phase profiling (profiling) complete | completed=4,352, cancelled=0, errors=0 | sessions: completed=4,352, cancelled=0 | elapsed=308.83s
2026-09-16 16:38:11.142 - PhaseOrchestrator_76bd2956 - NOTICE - All credits completed
2026-09-16 16:38:11.143 - system_controller - INFO - Received credits complete from 'timing_manager'
2026-09-16 16:38:11.144 - records_manager - INFO - Received CREDIT_PHASE_COMPLETE message, Phase complete: PhaseRecordsStats(phase=CreditPhase.PROFILING, phase_index=0, profiling_index=0, phase_name='profiling', phase_kind='profiling', start_ns=1789547582316289536, sent_end_ns=1789547882318094413, requests_end_ns=1789547891141566880, baseline_start_ns=1789547582316275776, baseline_end_ns=1789547891141577472, total_expected_requests=None, expected_duration_sec=None, expected_num_sessions=None, expected_grace_period_sec=None, final_requests_sent=None, final_requests_completed=4352, final_requests_cancelled=0, final_request_errors=0, final_sent_sessions=None, final_completed_sessions=None, final_cancelled_sessions=None, timeout_triggered=True, grace_period_timeout_triggered=False, was_cancelled=False, records_end_ns=None, success_records=4328, error_records=0)
2026-09-16 16:38:11.146 - records_manager - NOTICE - All requests have completed, please wait for the results to be processed (currently 4,328 of 4,352 records processed)...
2026-09-16 16:38:11.146 - records_manager - INFO - All credits complete, please wait for the results to be processed...
2026-09-16 16:38:11.155 - records_manager - INFO - Processed 4352 valid requests and 0 errors (4352 total).
2026-09-16 16:38:11.156 - records_manager - INFO - Received all records, processing now...
2026-09-16 16:38:11.157 - gpu_telemetry_manager - INFO - GPU Telemetry: Profiling complete, capturing final metrics...
2026-09-16 16:38:11.157 - records_manager - INFO - Waiting 2.0s for server metrics flush period...
2026-09-16 16:38:11.159 - server_metrics_manager - INFO - Server Metrics: Profiling complete, capturing final metrics...
2026-09-16 16:38:13.141 - records_manager - INFO - Processing records results...
2026-09-16 16:38:14.034 - system_controller - INFO - Waiting for result domains: server_metrics, telemetry
2026-09-16 16:38:14.035 - system_controller - INFO - Waiting for result domains: server_metrics
2026-09-16 16:38:14.370 - records_manager - INFO - _finalize_and_process_results completed
2026-09-16 16:38:14.375 - system_controller - INFO - All results received, initiating shutdown
2026-09-16 16:38:14.979 - ExporterManager - INFO - Exporting all records
2026-09-16 16:38:15.088 - ExporterManager - INFO - Exporting console data
