2026-09-17 00:12:27.093 - system_controller - INFO - Registered Worker Manager (id: 'worker_manager')
2026-09-17 00:12:27.104 - server_metrics_manager - INFO - Server Metrics: Discovered 1 endpoints: ['http://localhost:8000/metrics']
2026-09-17 00:12:27.125 - GPUTelemetryJSONLWriter_0cbb577b - INFO - GPU telemetry export enabled: /root/llm_perf/artifacts/20260916_234041_nvidia_NVIDIA-Nemotron-3.5-Lightning-30B-A3B-NVFP4_c1,4,16,32,64,128,256/profile_runs/trial_0001/concurrency_256/gpu_telemetry_export.jsonl
2026-09-17 00:12:27.132 - OTelMetricsResultsProcessor_50f85aa1 - INFO - Telemetry streaming is disabled (set --otel-url and/or --mlflow-tracking-uri to enable)
2026-09-17 00:12:27.133 - RecordExportJSONLWriter_acbd8456 - INFO - Record metrics export enabled: /root/llm_perf/artifacts/20260916_234041_nvidia_NVIDIA-Nemotron-3.5-Lightning-30B-A3B-NVFP4_c1,4,16,32,64,128,256/profile_runs/trial_0001/concurrency_256/profile_export.jsonl
2026-09-17 00:12:27.221 - system_controller - INFO - Registered Gpu Telemetry Manager (id: 'gpu_telemetry_manager')
2026-09-17 00:12:27.223 - system_controller - INFO - Registered Dataset Manager (id: 'dataset_manager')
2026-09-17 00:12:27.224 - system_controller - INFO - Registered Server Metrics Manager (id: 'server_metrics_manager')
2026-09-17 00:12:27.227 - system_controller - INFO - Registered Record Processor (id: 'record_processor_e253830c')
2026-09-17 00:12:27.229 - system_controller - INFO - Registered Record Processor (id: 'record_processor_705be688')
2026-09-17 00:12:27.232 - system_controller - INFO - Registered Record Processor (id: 'record_processor_ef0e3803')
2026-09-17 00:12:27.234 - system_controller - INFO - Registered Record Processor (id: 'record_processor_4060243e')
2026-09-17 00:12:27.237 - system_controller - INFO - Registered Record Processor (id: 'record_processor_f7da3361')
2026-09-17 00:12:27.238 - system_controller - INFO - Registered Record Processor (id: 'record_processor_13b43dbd')
2026-09-17 00:12:27.259 - system_controller - INFO - Registered Records Manager (id: 'records_manager')
2026-09-17 00:12:27.320 - system_controller - INFO - Registered Timing Manager (id: 'timing_manager')
2026-09-17 00:12:27.325 - system_controller - INFO - Registered Record Processor (id: 'record_processor_9ec7971e')
2026-09-17 00:12:27.326 - system_controller - INFO - Registered Record Processor (id: 'record_processor_dbda5748')
2026-09-17 00:12:27.344 - system_controller - INFO - Registered Worker (id: 'worker_690fea91')
2026-09-17 00:12:27.359 - system_controller - INFO - Registered Worker (id: 'worker_5e4eb8af')
2026-09-17 00:12:27.359 - system_controller - INFO - Registered Worker (id: 'worker_ad486011')
2026-09-17 00:12:27.360 - system_controller - INFO - Registered Worker (id: 'worker_6e350f6f')
2026-09-17 00:12:27.361 - system_controller - INFO - Registered Worker (id: 'worker_0243ba34')
2026-09-17 00:12:27.368 - system_controller - INFO - Registered Worker (id: 'worker_c840071a')
2026-09-17 00:12:27.369 - system_controller - INFO - Registered Worker (id: 'worker_05c4e3f5')
2026-09-17 00:12:27.372 - system_controller - INFO - Registered Worker (id: 'worker_1db8943b')
2026-09-17 00:12:27.373 - system_controller - INFO - Registered Worker (id: 'worker_69d88656')
2026-09-17 00:12:27.373 - system_controller - INFO - Registered Worker (id: 'worker_2139607f')
2026-09-17 00:12:27.377 - system_controller - INFO - Registered Worker (id: 'worker_365954e2')
2026-09-17 00:12:27.380 - system_controller - INFO - Registered Worker (id: 'worker_21195968')
2026-09-17 00:12:27.384 - system_controller - INFO - Registered Worker (id: 'worker_cc9904cb')
2026-09-17 00:12:27.387 - system_controller - INFO - Registered Worker (id: 'worker_861234ee')
2026-09-17 00:12:27.417 - system_controller - INFO - Registered Worker (id: 'worker_f3d1f08c')
2026-09-17 00:12:27.424 - system_controller - INFO - Registered Worker (id: 'worker_cd6e0653')
2026-09-17 00:12:27.425 - system_controller - INFO - Registered Worker (id: 'worker_25ab2e57')
2026-09-17 00:12:27.477 - system_controller - INFO - Registered Worker (id: 'worker_c4ebe338')
2026-09-17 00:12:27.484 - system_controller - INFO - Registered Worker (id: 'worker_7c475d7a')
2026-09-17 00:12:27.484 - system_controller - INFO - Registered Worker (id: 'worker_9241890f')
2026-09-17 00:12:27.487 - system_controller - INFO - Registered Worker (id: 'worker_171b225e')
2026-09-17 00:12:27.490 - system_controller - INFO - Registered Worker (id: 'worker_ba8386ec')
2026-09-17 00:12:27.491 - system_controller - INFO - Registered Worker (id: 'worker_2272eba1')
2026-09-17 00:12:27.492 - system_controller - INFO - Registered Worker (id: 'worker_2a0b0a91')
2026-09-17 00:12:27.507 - system_controller - INFO - Registered Worker (id: 'worker_dab35455')
2026-09-17 00:12:27.509 - system_controller - INFO - Registered Worker (id: 'worker_73cd94be')
2026-09-17 00:12:27.510 - system_controller - INFO - Registered Worker (id: 'worker_81545c2e')
2026-09-17 00:12:27.511 - system_controller - INFO - Registered Worker (id: 'worker_8af24371')
2026-09-17 00:12:27.513 - system_controller - INFO - Registered Worker (id: 'worker_ac6d734b')
2026-09-17 00:12:27.514 - system_controller - INFO - Registered Worker (id: 'worker_f4cd0182')
2026-09-17 00:12:27.515 - system_controller - INFO - Registered Worker (id: 'worker_52640df4')
2026-09-17 00:12:27.515 - system_controller - INFO - Registered Worker (id: 'worker_638d0d7f')
2026-09-17 00:12:27.590 - system_controller - INFO - AIPerf System is CONFIGURING
2026-09-17 00:12:27.590 - system_controller - INFO - Configuring all services to start profiling
2026-09-17 00:12:27.591 - timing_manager - INFO - Waiting for dataset to be configured before configuring timing
2026-09-17 00:12:27.591 - InferenceResultParser_64a39f63 - INFO - Tokenization is disabled for this endpoint, skipping tokenizer configuration
2026-09-17 00:12:27.591 - InferenceResultParser_d60ac1f9 - INFO - Tokenization is disabled for this endpoint, skipping tokenizer configuration
2026-09-17 00:12:27.591 - InferenceResultParser_17cfb4dc - INFO - Tokenization is disabled for this endpoint, skipping tokenizer configuration
2026-09-17 00:12:27.591 - InferenceResultParser_a74eb7f6 - INFO - Tokenization is disabled for this endpoint, skipping tokenizer configuration
2026-09-17 00:12:27.591 - InferenceResultParser_f986f232 - INFO - Tokenization is disabled for this endpoint, skipping tokenizer configuration
2026-09-17 00:12:27.591 - InferenceResultParser_1592ee11 - INFO - Tokenization is disabled for this endpoint, skipping tokenizer configuration
2026-09-17 00:12:27.591 - InferenceResultParser_4fe663ee - INFO - Tokenization is disabled for this endpoint, skipping tokenizer configuration
2026-09-17 00:12:27.591 - InferenceResultParser_7fa00141 - INFO - Tokenization is disabled for this endpoint, skipping tokenizer configuration
2026-09-17 00:12:27.591 - dataset_manager - INFO - Configuring tokenizer(s) for dataset manager
2026-09-17 00:12:27.600 - server_metrics_manager - INFO - Server Metrics: Capturing baseline metrics...
2026-09-17 00:12:27.602 - gpu_telemetry_manager - INFO - GPU Telemetry: Capturing baseline metrics from pynvml://localhost
2026-09-17 00:12:27.610 - pynvml_collector - INFO - PyNVML initialized with 1 GPU(s) (1 with GPM support)
2026-09-17 00:12:27.612 - http://localhost:8000/metrics - INFO - Skipping unsupported summary metric: http_request_size_bytes
2026-09-17 00:12:27.613 - http://localhost:8000/metrics - INFO - Skipping unsupported summary metric: http_response_size_bytes
2026-09-17 00:12:27.614 - system_controller - INFO - Server metrics enabled - 1/1 endpoint(s) reachable.
2026-09-17 00:12:27.615 - system_controller - INFO - Waiting for result domains: profile, server_metrics, telemetry
2026-09-17 00:12:27.620 - system_controller - INFO - DCGM telemetry enabled - 1/1 endpoint(s) reachable
2026-09-17 00:12:28.754 - httpx - INFO - HTTP Request: HEAD https://huggingface.co/nvidia/NVIDIA-Nemotron-3.5-Lightning-30B-A3B-NVFP4/resolve/main/config.json "HTTP/1.1 307 Temporary Redirect"
2026-09-17 00:12:28.760 - httpx - INFO - HTTP Request: HEAD https://huggingface.co/api/resolve-cache/models/nvidia/NVIDIA-Nemotron-3.5-Lightning-30B-A3B-NVFP4/bee7596271d1495f6992ae224aefde4410e816b8/config.json?%2Fnvidia%2FNVIDIA-Nemotron-3.5-Lightning-30B-A3B-NVFP4%2Fresolve%2Fmain%2Fconfig.json=&etag=%22ec1c51734e6cc510664d8a989861644d1f4b60f9%22 "HTTP/1.1 200 OK"
2026-09-17 00:12:29.035 - httpx - INFO - HTTP Request: HEAD https://huggingface.co/nvidia/NVIDIA-Nemotron-3.5-Lightning-30B-A3B-NVFP4/resolve/main/tokenizer_config.json "HTTP/1.1 307 Temporary Redirect"
2026-09-17 00:12:29.040 - httpx - INFO - HTTP Request: HEAD https://huggingface.co/api/resolve-cache/models/nvidia/NVIDIA-Nemotron-3.5-Lightning-30B-A3B-NVFP4/bee7596271d1495f6992ae224aefde4410e816b8/tokenizer_config.json?%2Fnvidia%2FNVIDIA-Nemotron-3.5-Lightning-30B-A3B-NVFP4%2Fresolve%2Fmain%2Ftokenizer_config.json=&etag=%22c96e5ad00986bfa0b666d4bc425666f1c51d6d1b%22 "HTTP/1.1 200 OK"
2026-09-17 00:12:29.247 - httpx - INFO - HTTP Request: GET https://huggingface.co/api/models/nvidia/NVIDIA-Nemotron-3.5-Lightning-30B-A3B-NVFP4/tree/main/additional_chat_templates?recursive=false&expand=false "HTTP/1.1 404 Not Found"
2026-09-17 00:12:29.454 - httpx - INFO - HTTP Request: GET https://huggingface.co/api/models/nvidia/NVIDIA-Nemotron-3.5-Lightning-30B-A3B-NVFP4/tree/main?recursive=true&expand=false "HTTP/1.1 200 OK"
2026-09-17 00:12:30.430 - httpx - INFO - HTTP Request: GET https://huggingface.co/api/models/nvidia/NVIDIA-Nemotron-3.5-Lightning-30B-A3B-NVFP4 "HTTP/1.1 200 OK"
2026-09-17 00:12:30.481 - dataset_manager - INFO - Tokenizer(s) configured in 2.89 seconds
2026-09-17 00:12:30.482 - dataset_manager - INFO - Configuring dataset for dataset_manager
2026-09-17 00:12:30.822 - MemoryMapDatasetBackingStore_7baaa817 - INFO - Memory-mapped backing store initialized (streaming to /tmp/aiperf_mmap_1fbfb5466a4b4b2193be3cb4863579d4/dataset.dat)
2026-09-17 00:12:30.828 - MemoryMapDatasetBackingStore_7baaa817 - INFO - Data file finalized: 100 conversations, 0.50 MB
2026-09-17 00:12:30.830 - MemoryMapDatasetBackingStore_7baaa817 - INFO - Index file created: /tmp/aiperf_mmap_1fbfb5466a4b4b2193be3cb4863579d4/index.dat
2026-09-17 00:12:30.830 - dataset_manager - INFO - Backing store finalized: client_type=DatasetClientStoreType.MEMORY_MAP format=MemoryMapFormat.CONVERSATION data_file_path=PosixPath('/tmp/aiperf_mmap_1fbfb5466a4b4b2193be3cb4863579d4/dataset.dat') index_file_path=PosixPath('/tmp/aiperf_mmap_1fbfb5466a4b4b2193be3cb4863579d4/index.dat') conversation_count=100 total_size_bytes=519505 compressed=False compressed_data_file_path=None compressed_index_file_path=None compressed_size_bytes=0
2026-09-17 00:12:30.832 - dataset_manager - INFO - sampling strategy: sequential, unique conversations: 100, unique turn count: 100
2026-09-17 00:12:30.833 - dataset_manager - INFO - Generating inputs.json file at /root/llm_perf/artifacts/20260916_234041_nvidia_NVIDIA-Nemotron-3.5-Lightning-30B-A3B-NVFP4_c1,4,16,32,64,128,256/profile_runs/trial_0001/concurrency_256/inputs.json
2026-09-17 00:12:30.835 - PhaseOrchestrator_69b3f616 - INFO - Initialized 1 phase(s): ['Profiling']
2026-09-17 00:12:30.839 - dataset_manager - INFO - inputs.json file generated in 0.00 seconds
2026-09-17 00:12:30.904 - dataset_manager - INFO - Dataset client initialized and freed 100 conversations from memory
2026-09-17 00:12:30.905 - dataset_manager - INFO - Dataset configured in 0.42 seconds
2026-09-17 00:12:30.906 - system_controller - INFO - All services configured in 3.32 seconds
2026-09-17 00:12:30.906 - system_controller - INFO - AIPerf System is CONFIGURED
2026-09-17 00:12:30.907 - server_metrics_manager - INFO - Server Metrics: Started 1 collector(s) successfully
2026-09-17 00:12:30.908 - system_controller - INFO - All services started profiling successfully
2026-09-17 00:12:30.908 - system_controller - INFO - AIPerf System is PROFILING
2026-09-17 00:12:30.909 - RateTiming - INFO - Creating interval generator: pattern=concurrency_burst, rate=None, smoothness=None
2026-09-17 00:12:30.910 - PhaseRunner - NOTICE - Phase profiling (profiling) started | phase_index=0 | profiling_index=0 | target: 300.0s duration
2026-09-17 00:12:30.910 - PhaseRunner - INFO - Waiting for event 'profiling phase sending' with timeout of 299.999239995s
2026-09-17 00:12:30.911 - records_manager - INFO - Credit phase start: profiling
2026-09-17 00:17:30.909 - PhaseRunner - INFO - Timeout of 299.999239995s elapsed for event 'profiling phase sending'
2026-09-17 00:17:30.910 - PhaseRunner - NOTICE - Phase profiling (profiling) sending complete | sent=5,376, completed=5,120, in_flight=256 | sessions: sent=5,376, completed=5,120 | timeout_triggered=True
2026-09-17 00:17:30.911 - PhaseRunner - INFO - Waiting for event 'profiling phase credits returned' with timeout of 29.999026583999978s
2026-09-17 00:17:30.911 - records_manager - INFO - Sent 5,376 requests. Waiting for all to complete...
2026-09-17 00:17:33.553 - PhaseRunner - NOTICE - Phase profiling (profiling) complete | completed=5,376, cancelled=0, errors=0 | sessions: completed=5,376, cancelled=0 | elapsed=302.64s
2026-09-17 00:17:33.554 - PhaseOrchestrator_69b3f616 - NOTICE - All credits completed
2026-09-17 00:17:33.555 - system_controller - INFO - Received credits complete from 'timing_manager'
2026-09-17 00:17:33.554 - records_manager - INFO - Received CREDIT_PHASE_COMPLETE message, Phase complete: PhaseRecordsStats(phase=CreditPhase.PROFILING, phase_index=0, profiling_index=0, phase_name='profiling', phase_kind='profiling', start_ns=1789575150910013984, sent_end_ns=1789575450910061761, requests_end_ns=1789575453553350139, baseline_start_ns=1789575150910000544, baseline_end_ns=1789575453553359963, total_expected_requests=None, expected_duration_sec=None, expected_num_sessions=None, expected_grace_period_sec=None, final_requests_sent=None, final_requests_completed=5376, final_requests_cancelled=0, final_request_errors=0, final_sent_sessions=None, final_completed_sessions=None, final_cancelled_sessions=None, timeout_triggered=True, grace_period_timeout_triggered=False, was_cancelled=False, records_end_ns=None, success_records=5255, error_records=0)
2026-09-17 00:17:33.557 - records_manager - NOTICE - All requests have completed, please wait for the results to be processed (currently 5,255 of 5,376 records processed)...
2026-09-17 00:17:33.558 - records_manager - INFO - All credits complete, please wait for the results to be processed...
2026-09-17 00:17:33.649 - records_manager - INFO - Processed 5376 valid requests and 0 errors (5376 total).
2026-09-17 00:17:33.650 - records_manager - INFO - Received all records, processing now...
2026-09-17 00:17:33.651 - server_metrics_manager - INFO - Server Metrics: Profiling complete, capturing final metrics...
2026-09-17 00:17:33.651 - gpu_telemetry_manager - INFO - GPU Telemetry: Profiling complete, capturing final metrics...
2026-09-17 00:17:33.651 - records_manager - INFO - Waiting 1.9s for server metrics flush period...
2026-09-17 00:17:35.552 - records_manager - INFO - Processing records results...
2026-09-17 00:17:39.410 - system_controller - INFO - Waiting for result domains: server_metrics, telemetry
2026-09-17 00:17:39.410 - system_controller - INFO - Waiting for result domains: server_metrics
2026-09-17 00:17:39.710 - records_manager - INFO - _finalize_and_process_results completed
2026-09-17 00:17:39.715 - system_controller - INFO - All results received, initiating shutdown
2026-09-17 00:17:40.319 - ExporterManager - INFO - Exporting all records
2026-09-17 00:17:40.409 - ExporterManager - INFO - Exporting console data
