2026-09-16 18:10:08.604 - system_controller - INFO - Registered Worker Manager (id: 'worker_manager')
2026-09-16 18:10:08.615 - server_metrics_manager - INFO - Server Metrics: Discovered 1 endpoints: ['http://localhost:8000/metrics']
2026-09-16 18:10:08.636 - GPUTelemetryJSONLWriter_91cad1d2 - INFO - GPU telemetry export enabled: /root/llm_perf/artifacts/20260916_171715_google_gemma-4-E4B-it_c1,4,16,32,64,128,256/profile_runs/trial_0002/concurrency_32/gpu_telemetry_export.jsonl
2026-09-16 18:10:08.643 - OTelMetricsResultsProcessor_2ead467a - INFO - Telemetry streaming is disabled (set --otel-url and/or --mlflow-tracking-uri to enable)
2026-09-16 18:10:08.644 - RecordExportJSONLWriter_7ffe0d83 - INFO - Record metrics export enabled: /root/llm_perf/artifacts/20260916_171715_google_gemma-4-E4B-it_c1,4,16,32,64,128,256/profile_runs/trial_0002/concurrency_32/profile_export.jsonl
2026-09-16 18:10:08.731 - system_controller - INFO - Registered Gpu Telemetry Manager (id: 'gpu_telemetry_manager')
2026-09-16 18:10:08.733 - system_controller - INFO - Registered Dataset Manager (id: 'dataset_manager')
2026-09-16 18:10:08.736 - system_controller - INFO - Registered Record Processor (id: 'record_processor_8f7bba62')
2026-09-16 18:10:08.737 - system_controller - INFO - Registered Record Processor (id: 'record_processor_4815b600')
2026-09-16 18:10:08.738 - system_controller - INFO - Registered Server Metrics Manager (id: 'server_metrics_manager')
2026-09-16 18:10:08.740 - system_controller - INFO - Registered Record Processor (id: 'record_processor_fcd41127')
2026-09-16 18:10:08.743 - system_controller - INFO - Registered Record Processor (id: 'record_processor_56c29f16')
2026-09-16 18:10:08.743 - system_controller - INFO - Registered Record Processor (id: 'record_processor_4769d316')
2026-09-16 18:10:08.745 - system_controller - INFO - Registered Record Processor (id: 'record_processor_d68a3151')
2026-09-16 18:10:08.748 - system_controller - INFO - Registered Record Processor (id: 'record_processor_4b1b4cdf')
2026-09-16 18:10:08.749 - system_controller - INFO - Registered Record Processor (id: 'record_processor_1c5c5c13')
2026-09-16 18:10:08.772 - system_controller - INFO - Registered Records Manager (id: 'records_manager')
2026-09-16 18:10:08.826 - system_controller - INFO - Registered Timing Manager (id: 'timing_manager')
2026-09-16 18:10:08.841 - system_controller - INFO - Registered Worker (id: 'worker_1cb7c76d')
2026-09-16 18:10:08.863 - system_controller - INFO - Registered Worker (id: 'worker_08cc9b75')
2026-09-16 18:10:08.865 - system_controller - INFO - Registered Worker (id: 'worker_c88f6c6f')
2026-09-16 18:10:08.865 - system_controller - INFO - Registered Worker (id: 'worker_16e7f2b6')
2026-09-16 18:10:08.866 - system_controller - INFO - Registered Worker (id: 'worker_cb1b063f')
2026-09-16 18:10:08.876 - system_controller - INFO - Registered Worker (id: 'worker_be9a2d80')
2026-09-16 18:10:08.876 - system_controller - INFO - Registered Worker (id: 'worker_17566203')
2026-09-16 18:10:08.878 - system_controller - INFO - Registered Worker (id: 'worker_94edd096')
2026-09-16 18:10:08.880 - system_controller - INFO - Registered Worker (id: 'worker_1ed6427d')
2026-09-16 18:10:08.883 - system_controller - INFO - Registered Worker (id: 'worker_329a613d')
2026-09-16 18:10:08.885 - system_controller - INFO - Registered Worker (id: 'worker_5a50b6f4')
2026-09-16 18:10:08.885 - system_controller - INFO - Registered Worker (id: 'worker_35e1dba4')
2026-09-16 18:10:08.886 - system_controller - INFO - Registered Worker (id: 'worker_9db6012b')
2026-09-16 18:10:08.888 - system_controller - INFO - Registered Worker (id: 'worker_068a48e9')
2026-09-16 18:10:08.892 - system_controller - INFO - Registered Worker (id: 'worker_49139fa9')
2026-09-16 18:10:08.894 - system_controller - INFO - Registered Worker (id: 'worker_00120edf')
2026-09-16 18:10:08.926 - system_controller - INFO - Registered Worker (id: 'worker_32b866e2')
2026-09-16 18:10:08.929 - system_controller - INFO - Registered Worker (id: 'worker_093a6dee')
2026-09-16 18:10:08.930 - system_controller - INFO - Registered Worker (id: 'worker_f8a111a8')
2026-09-16 18:10:08.994 - system_controller - INFO - Registered Worker (id: 'worker_4fbc8706')
2026-09-16 18:10:08.995 - system_controller - INFO - Registered Worker (id: 'worker_004f2cd4')
2026-09-16 18:10:08.996 - system_controller - INFO - Registered Worker (id: 'worker_a5af8479')
2026-09-16 18:10:08.998 - system_controller - INFO - Registered Worker (id: 'worker_d5cdc327')
2026-09-16 18:10:08.999 - system_controller - INFO - Registered Worker (id: 'worker_48a7026d')
2026-09-16 18:10:09.018 - system_controller - INFO - Registered Worker (id: 'worker_fd8fabd6')
2026-09-16 18:10:09.018 - system_controller - INFO - Registered Worker (id: 'worker_b3e10fdb')
2026-09-16 18:10:09.019 - system_controller - INFO - Registered Worker (id: 'worker_007a6740')
2026-09-16 18:10:09.019 - system_controller - INFO - Registered Worker (id: 'worker_a12c3276')
2026-09-16 18:10:09.019 - system_controller - INFO - Registered Worker (id: 'worker_e5b806fd')
2026-09-16 18:10:09.020 - system_controller - INFO - Registered Worker (id: 'worker_d3dc92a0')
2026-09-16 18:10:09.020 - system_controller - INFO - Registered Worker (id: 'worker_ca42cc4e')
2026-09-16 18:10:09.021 - system_controller - INFO - Registered Worker (id: 'worker_3544cc05')
2026-09-16 18:10:09.101 - system_controller - INFO - AIPerf System is CONFIGURING
2026-09-16 18:10:09.101 - system_controller - INFO - Configuring all services to start profiling
2026-09-16 18:10:09.102 - timing_manager - INFO - Waiting for dataset to be configured before configuring timing
2026-09-16 18:10:09.102 - InferenceResultParser_fbc4fce6 - INFO - Tokenization is disabled for this endpoint, skipping tokenizer configuration
2026-09-16 18:10:09.102 - InferenceResultParser_b3c88cec - INFO - Tokenization is disabled for this endpoint, skipping tokenizer configuration
2026-09-16 18:10:09.102 - InferenceResultParser_3ed2a265 - INFO - Tokenization is disabled for this endpoint, skipping tokenizer configuration
2026-09-16 18:10:09.102 - InferenceResultParser_d3c6856a - INFO - Tokenization is disabled for this endpoint, skipping tokenizer configuration
2026-09-16 18:10:09.102 - InferenceResultParser_79cde170 - INFO - Tokenization is disabled for this endpoint, skipping tokenizer configuration
2026-09-16 18:10:09.102 - InferenceResultParser_65e55db4 - INFO - Tokenization is disabled for this endpoint, skipping tokenizer configuration
2026-09-16 18:10:09.102 - InferenceResultParser_19f6978c - INFO - Tokenization is disabled for this endpoint, skipping tokenizer configuration
2026-09-16 18:10:09.102 - InferenceResultParser_f91afbe4 - INFO - Tokenization is disabled for this endpoint, skipping tokenizer configuration
2026-09-16 18:10:09.102 - dataset_manager - INFO - Configuring tokenizer(s) for dataset manager
2026-09-16 18:10:09.111 - server_metrics_manager - INFO - Server Metrics: Capturing baseline metrics...
2026-09-16 18:10:09.113 - gpu_telemetry_manager - INFO - GPU Telemetry: Capturing baseline metrics from pynvml://localhost
2026-09-16 18:10:09.122 - pynvml_collector - INFO - PyNVML initialized with 1 GPU(s) (1 with GPM support)
2026-09-16 18:10:09.125 - http://localhost:8000/metrics - INFO - Skipping unsupported summary metric: http_request_size_bytes
2026-09-16 18:10:09.126 - http://localhost:8000/metrics - INFO - Skipping unsupported summary metric: http_response_size_bytes
2026-09-16 18:10:09.127 - system_controller - INFO - Server metrics enabled - 1/1 endpoint(s) reachable.
2026-09-16 18:10:09.128 - system_controller - INFO - Waiting for result domains: profile, server_metrics, telemetry
2026-09-16 18:10:09.133 - system_controller - INFO - DCGM telemetry enabled - 1/1 endpoint(s) reachable
2026-09-16 18:10:10.276 - httpx - INFO - HTTP Request: HEAD https://huggingface.co/google/gemma-4-E4B-it/resolve/main/config.json "HTTP/1.1 307 Temporary Redirect"
2026-09-16 18:10:10.281 - httpx - INFO - HTTP Request: HEAD https://huggingface.co/api/resolve-cache/models/google/gemma-4-E4B-it/ee0ef6023621cff504d758262d4e04895a5af4a2/config.json?%2Fgoogle%2Fgemma-4-E4B-it%2Fresolve%2Fmain%2Fconfig.json=&etag=%22d68960fdcce766f2bfe41436325a8a483a74d125%22 "HTTP/1.1 200 OK"
2026-09-16 18:10:10.498 - httpx - INFO - HTTP Request: HEAD https://huggingface.co/google/gemma-4-E4B-it/resolve/main/tokenizer_config.json "HTTP/1.1 307 Temporary Redirect"
2026-09-16 18:10:10.504 - httpx - INFO - HTTP Request: HEAD https://huggingface.co/api/resolve-cache/models/google/gemma-4-E4B-it/ee0ef6023621cff504d758262d4e04895a5af4a2/tokenizer_config.json?%2Fgoogle%2Fgemma-4-E4B-it%2Fresolve%2Fmain%2Ftokenizer_config.json=&etag=%226068e357379d36f823c377e30efb101fa2c67fe4%22 "HTTP/1.1 200 OK"
2026-09-16 18:10:10.701 - httpx - INFO - HTTP Request: GET https://huggingface.co/api/models/google/gemma-4-E4B-it/tree/main/additional_chat_templates?recursive=false&expand=false "HTTP/1.1 404 Not Found"
2026-09-16 18:10:11.154 - httpx - INFO - HTTP Request: GET https://huggingface.co/api/models/google/gemma-4-E4B-it/tree/main?recursive=true&expand=false "HTTP/1.1 200 OK"
2026-09-16 18:10:12.296 - httpx - INFO - HTTP Request: GET https://huggingface.co/api/models/google/gemma-4-E4B-it "HTTP/1.1 200 OK"
2026-09-16 18:10:12.325 - dataset_manager - INFO - Tokenizer(s) configured in 3.22 seconds
2026-09-16 18:10:12.326 - dataset_manager - INFO - Configuring dataset for dataset_manager
2026-09-16 18:10:12.632 - MemoryMapDatasetBackingStore_6aa092c1 - INFO - Memory-mapped backing store initialized (streaming to /tmp/aiperf_mmap_6873b6d6e6f14f5c86407bfe26daff3e/dataset.dat)
2026-09-16 18:10:12.638 - MemoryMapDatasetBackingStore_6aa092c1 - INFO - Data file finalized: 100 conversations, 0.53 MB
2026-09-16 18:10:12.638 - MemoryMapDatasetBackingStore_6aa092c1 - INFO - Index file created: /tmp/aiperf_mmap_6873b6d6e6f14f5c86407bfe26daff3e/index.dat
2026-09-16 18:10:12.639 - dataset_manager - INFO - Backing store finalized: client_type=DatasetClientStoreType.MEMORY_MAP format=MemoryMapFormat.CONVERSATION data_file_path=PosixPath('/tmp/aiperf_mmap_6873b6d6e6f14f5c86407bfe26daff3e/dataset.dat') index_file_path=PosixPath('/tmp/aiperf_mmap_6873b6d6e6f14f5c86407bfe26daff3e/index.dat') conversation_count=100 total_size_bytes=551364 compressed=False compressed_data_file_path=None compressed_index_file_path=None compressed_size_bytes=0
2026-09-16 18:10:12.641 - dataset_manager - INFO - sampling strategy: sequential, unique conversations: 100, unique turn count: 100
2026-09-16 18:10:12.642 - dataset_manager - INFO - Generating inputs.json file at /root/llm_perf/artifacts/20260916_171715_google_gemma-4-E4B-it_c1,4,16,32,64,128,256/profile_runs/trial_0002/concurrency_32/inputs.json
2026-09-16 18:10:12.644 - PhaseOrchestrator_b1208dda - INFO - Initialized 1 phase(s): ['Profiling']
2026-09-16 18:10:12.645 - dataset_manager - INFO - inputs.json file generated in 0.00 seconds
2026-09-16 18:10:12.725 - dataset_manager - INFO - Dataset client initialized and freed 100 conversations from memory
2026-09-16 18:10:12.726 - dataset_manager - INFO - Dataset configured in 0.40 seconds
2026-09-16 18:10:12.727 - system_controller - INFO - All services configured in 3.63 seconds
2026-09-16 18:10:12.727 - system_controller - INFO - AIPerf System is CONFIGURED
2026-09-16 18:10:12.728 - server_metrics_manager - INFO - Server Metrics: Started 1 collector(s) successfully
2026-09-16 18:10:12.729 - system_controller - INFO - All services started profiling successfully
2026-09-16 18:10:12.729 - system_controller - INFO - AIPerf System is PROFILING
2026-09-16 18:10:12.730 - RateTiming - INFO - Creating interval generator: pattern=concurrency_burst, rate=None, smoothness=None
2026-09-16 18:10:12.731 - PhaseRunner - NOTICE - Phase profiling (profiling) started | phase_index=0 | profiling_index=0 | target: 300.0s duration
2026-09-16 18:10:12.731 - PhaseRunner - INFO - Waiting for event 'profiling phase sending' with timeout of 299.999308344s
2026-09-16 18:10:12.732 - records_manager - INFO - Credit phase start: profiling
2026-09-16 18:15:12.730 - PhaseRunner - INFO - Timeout of 299.999308344s elapsed for event 'profiling phase sending'
2026-09-16 18:15:12.731 - PhaseRunner - NOTICE - Phase profiling (profiling) sending complete | sent=3,968, completed=3,936, in_flight=32 | sessions: sent=3,968, completed=3,936 | timeout_triggered=True
2026-09-16 18:15:12.731 - PhaseRunner - INFO - Waiting for event 'profiling phase credits returned' with timeout of 29.999105688999975s
2026-09-16 18:15:12.732 - records_manager - INFO - Sent 3,968 requests. Waiting for all to complete...
2026-09-16 18:15:13.711 - PhaseRunner - NOTICE - Phase profiling (profiling) complete | completed=3,968, cancelled=0, errors=0 | sessions: completed=3,968, cancelled=0 | elapsed=300.98s
2026-09-16 18:15:13.712 - PhaseOrchestrator_b1208dda - NOTICE - All credits completed
2026-09-16 18:15:13.713 - system_controller - INFO - Received credits complete from 'timing_manager'
2026-09-16 18:15:13.713 - records_manager - INFO - Received CREDIT_PHASE_COMPLETE message, Phase complete: PhaseRecordsStats(phase=CreditPhase.PROFILING, phase_index=0, profiling_index=0, phase_name='profiling', phase_kind='profiling', start_ns=1789553412731006331, sent_end_ns=1789553712731047194, requests_end_ns=1789553713711736053, baseline_start_ns=1789553412730992571, baseline_end_ns=1789553713711743733, total_expected_requests=None, expected_duration_sec=None, expected_num_sessions=None, expected_grace_period_sec=None, final_requests_sent=None, final_requests_completed=3968, final_requests_cancelled=0, final_request_errors=0, final_sent_sessions=None, final_completed_sessions=None, final_cancelled_sessions=None, timeout_triggered=True, grace_period_timeout_triggered=False, was_cancelled=False, records_end_ns=None, success_records=3953, error_records=0)
2026-09-16 18:15:13.715 - records_manager - NOTICE - All requests have completed, please wait for the results to be processed (currently 3,953 of 3,968 records processed)...
2026-09-16 18:15:13.716 - records_manager - INFO - All credits complete, please wait for the results to be processed...
2026-09-16 18:15:13.720 - records_manager - INFO - Processed 3968 valid requests and 0 errors (3968 total).
2026-09-16 18:15:13.720 - records_manager - INFO - Received all records, processing now...
2026-09-16 18:15:13.721 - gpu_telemetry_manager - INFO - GPU Telemetry: Profiling complete, capturing final metrics...
2026-09-16 18:15:13.721 - records_manager - INFO - Waiting 2.0s for server metrics flush period...
2026-09-16 18:15:13.731 - server_metrics_manager - INFO - Server Metrics: Profiling complete, capturing final metrics...
2026-09-16 18:15:15.713 - records_manager - INFO - Processing records results...
2026-09-16 18:15:16.671 - system_controller - INFO - Waiting for result domains: server_metrics, telemetry
2026-09-16 18:15:16.672 - system_controller - INFO - Waiting for result domains: server_metrics
2026-09-16 18:15:17.092 - records_manager - INFO - _finalize_and_process_results completed
2026-09-16 18:15:17.098 - system_controller - INFO - All results received, initiating shutdown
2026-09-16 18:15:17.702 - ExporterManager - INFO - Exporting all records
2026-09-16 18:15:17.812 - ExporterManager - INFO - Exporting console data
