2026-09-17 20:45:58.387 - system_controller - INFO - Registered Worker Manager (id: 'worker_manager')
2026-09-17 20:45:58.398 - server_metrics_manager - INFO - Server Metrics: Discovered 1 endpoints: ['http://localhost:8000/metrics']
2026-09-17 20:45:58.420 - GPUTelemetryJSONLWriter_258beebc - INFO - GPU telemetry export enabled: /root/llm_perf/artifacts/20260917_203021_RedHatAI_GLM-5.3-Flash-NVFP4_c1,4,16,32/profile_runs/trial_0001/concurrency_32/gpu_telemetry_export.jsonl
2026-09-17 20:45:58.426 - OTelMetricsResultsProcessor_a455dda2 - INFO - Telemetry streaming is disabled (set --otel-url and/or --mlflow-tracking-uri to enable)
2026-09-17 20:45:58.428 - RecordExportJSONLWriter_eecab901 - INFO - Record metrics export enabled: /root/llm_perf/artifacts/20260917_203021_RedHatAI_GLM-5.3-Flash-NVFP4_c1,4,16,32/profile_runs/trial_0001/concurrency_32/profile_export.jsonl
2026-09-17 20:45:58.509 - system_controller - INFO - Registered Server Metrics Manager (id: 'server_metrics_manager')
2026-09-17 20:45:58.513 - system_controller - INFO - Registered Gpu Telemetry Manager (id: 'gpu_telemetry_manager')
2026-09-17 20:45:58.514 - system_controller - INFO - Registered Dataset Manager (id: 'dataset_manager')
2026-09-17 20:45:58.515 - system_controller - INFO - Registered Record Processor (id: 'record_processor_d199b299')
2026-09-17 20:45:58.517 - system_controller - INFO - Registered Record Processor (id: 'record_processor_cca887fb')
2026-09-17 20:45:58.519 - system_controller - INFO - Registered Record Processor (id: 'record_processor_fc7ba585')
2026-09-17 20:45:58.521 - system_controller - INFO - Registered Record Processor (id: 'record_processor_5720049d')
2026-09-17 20:45:58.522 - system_controller - INFO - Registered Record Processor (id: 'record_processor_dd154c18')
2026-09-17 20:45:58.524 - system_controller - INFO - Registered Record Processor (id: 'record_processor_54097584')
2026-09-17 20:45:58.526 - system_controller - INFO - Registered Record Processor (id: 'record_processor_04d27311')
2026-09-17 20:45:58.527 - system_controller - INFO - Registered Record Processor (id: 'record_processor_edc66ca2')
2026-09-17 20:45:58.552 - system_controller - INFO - Registered Records Manager (id: 'records_manager')
2026-09-17 20:45:58.615 - system_controller - INFO - Registered Timing Manager (id: 'timing_manager')
2026-09-17 20:45:58.636 - system_controller - INFO - Registered Worker (id: 'worker_405fe053')
2026-09-17 20:45:58.643 - system_controller - INFO - Registered Worker (id: 'worker_0735e42e')
2026-09-17 20:45:58.644 - system_controller - INFO - Registered Worker (id: 'worker_33a40d39')
2026-09-17 20:45:58.648 - system_controller - INFO - Registered Worker (id: 'worker_b82ae716')
2026-09-17 20:45:58.651 - system_controller - INFO - Registered Worker (id: 'worker_47978003')
2026-09-17 20:45:58.652 - system_controller - INFO - Registered Worker (id: 'worker_06d44c8d')
2026-09-17 20:45:58.652 - system_controller - INFO - Registered Worker (id: 'worker_3f0121f8')
2026-09-17 20:45:58.663 - system_controller - INFO - Registered Worker (id: 'worker_1bee5710')
2026-09-17 20:45:58.667 - system_controller - INFO - Registered Worker (id: 'worker_c9654372')
2026-09-17 20:45:58.668 - system_controller - INFO - Registered Worker (id: 'worker_4acc0596')
2026-09-17 20:45:58.673 - system_controller - INFO - Registered Worker (id: 'worker_3af51189')
2026-09-17 20:45:58.675 - system_controller - INFO - Registered Worker (id: 'worker_5b24770c')
2026-09-17 20:45:58.680 - system_controller - INFO - Registered Worker (id: 'worker_f864a4d4')
2026-09-17 20:45:58.680 - system_controller - INFO - Registered Worker (id: 'worker_1b096aed')
2026-09-17 20:45:58.709 - system_controller - INFO - Registered Worker (id: 'worker_6a5b324b')
2026-09-17 20:45:58.710 - system_controller - INFO - Registered Worker (id: 'worker_a5ef187a')
2026-09-17 20:45:58.712 - system_controller - INFO - Registered Worker (id: 'worker_2de772ff')
2026-09-17 20:45:58.716 - system_controller - INFO - Registered Worker (id: 'worker_6abb4ffe')
2026-09-17 20:45:58.772 - system_controller - INFO - Registered Worker (id: 'worker_64fc04b7')
2026-09-17 20:45:58.772 - system_controller - INFO - Registered Worker (id: 'worker_b4128c2e')
2026-09-17 20:45:58.775 - system_controller - INFO - Registered Worker (id: 'worker_c8c5e30d')
2026-09-17 20:45:58.782 - system_controller - INFO - Registered Worker (id: 'worker_1d7f2434')
2026-09-17 20:45:58.784 - system_controller - INFO - Registered Worker (id: 'worker_a156998b')
2026-09-17 20:45:58.798 - system_controller - INFO - Registered Worker (id: 'worker_a56207a2')
2026-09-17 20:45:58.799 - system_controller - INFO - Registered Worker (id: 'worker_ca5b5edb')
2026-09-17 20:45:58.800 - system_controller - INFO - Registered Worker (id: 'worker_1a8dba97')
2026-09-17 20:45:58.801 - system_controller - INFO - Registered Worker (id: 'worker_5efd6b83')
2026-09-17 20:45:58.802 - system_controller - INFO - Registered Worker (id: 'worker_800327fa')
2026-09-17 20:45:58.809 - system_controller - INFO - Registered Worker (id: 'worker_6731034d')
2026-09-17 20:45:58.811 - system_controller - INFO - Registered Worker (id: 'worker_ddf4731e')
2026-09-17 20:45:58.811 - system_controller - INFO - Registered Worker (id: 'worker_0a5792bd')
2026-09-17 20:45:58.812 - system_controller - INFO - Registered Worker (id: 'worker_29214fe7')
2026-09-17 20:45:58.883 - system_controller - INFO - AIPerf System is CONFIGURING
2026-09-17 20:45:58.884 - system_controller - INFO - Configuring all services to start profiling
2026-09-17 20:45:58.884 - timing_manager - INFO - Waiting for dataset to be configured before configuring timing
2026-09-17 20:45:58.884 - InferenceResultParser_11abae94 - INFO - Tokenization is disabled for this endpoint, skipping tokenizer configuration
2026-09-17 20:45:58.884 - InferenceResultParser_508aee9e - INFO - Tokenization is disabled for this endpoint, skipping tokenizer configuration
2026-09-17 20:45:58.884 - InferenceResultParser_e19c1992 - INFO - Tokenization is disabled for this endpoint, skipping tokenizer configuration
2026-09-17 20:45:58.884 - InferenceResultParser_7efabcc5 - INFO - Tokenization is disabled for this endpoint, skipping tokenizer configuration
2026-09-17 20:45:58.884 - InferenceResultParser_ddf45635 - INFO - Tokenization is disabled for this endpoint, skipping tokenizer configuration
2026-09-17 20:45:58.884 - InferenceResultParser_ad84d524 - INFO - Tokenization is disabled for this endpoint, skipping tokenizer configuration
2026-09-17 20:45:58.884 - InferenceResultParser_badced8f - INFO - Tokenization is disabled for this endpoint, skipping tokenizer configuration
2026-09-17 20:45:58.884 - InferenceResultParser_81984717 - INFO - Tokenization is disabled for this endpoint, skipping tokenizer configuration
2026-09-17 20:45:58.885 - dataset_manager - INFO - Configuring tokenizer(s) for dataset manager
2026-09-17 20:45:58.893 - server_metrics_manager - INFO - Server Metrics: Capturing baseline metrics...
2026-09-17 20:45:58.896 - gpu_telemetry_manager - INFO - GPU Telemetry: Capturing baseline metrics from pynvml://localhost
2026-09-17 20:45:58.904 - pynvml_collector - INFO - PyNVML initialized with 1 GPU(s) (1 with GPM support)
2026-09-17 20:45:58.906 - http://localhost:8000/metrics - INFO - Skipping unsupported summary metric: http_request_size_bytes
2026-09-17 20:45:58.906 - http://localhost:8000/metrics - INFO - Skipping unsupported summary metric: http_response_size_bytes
2026-09-17 20:45:58.907 - system_controller - INFO - Server metrics enabled - 1/1 endpoint(s) reachable.
2026-09-17 20:45:58.908 - system_controller - INFO - Waiting for result domains: profile, server_metrics, telemetry
2026-09-17 20:45:58.916 - system_controller - INFO - DCGM telemetry enabled - 1/1 endpoint(s) reachable
2026-09-17 20:46:00.030 - httpx - INFO - HTTP Request: HEAD https://huggingface.co/RedHatAI/GLM-5.3-Flash-NVFP4/resolve/main/config.json "HTTP/1.1 307 Temporary Redirect"
2026-09-17 20:46:00.036 - httpx - INFO - HTTP Request: HEAD https://huggingface.co/api/resolve-cache/models/RedHatAI/GLM-5.3-Flash-NVFP4/c245560b6d7e62c329cd3042343b358a4279affd/config.json?%2FRedHatAI%2FGLM-5.3-Flash-NVFP4%2Fresolve%2Fmain%2Fconfig.json=&etag=%22e62581648d702e1d270189b4efdc001ac2844279%22 "HTTP/1.1 200 OK"
2026-09-17 20:46:00.255 - httpx - INFO - HTTP Request: HEAD https://huggingface.co/RedHatAI/GLM-5.3-Flash-NVFP4/resolve/main/tokenizer_config.json "HTTP/1.1 307 Temporary Redirect"
2026-09-17 20:46:00.261 - httpx - INFO - HTTP Request: HEAD https://huggingface.co/api/resolve-cache/models/RedHatAI/GLM-5.3-Flash-NVFP4/c245560b6d7e62c329cd3042343b358a4279affd/tokenizer_config.json?%2FRedHatAI%2FGLM-5.3-Flash-NVFP4%2Fresolve%2Fmain%2Ftokenizer_config.json=&etag=%220891a18eef6fc3d26dd2e87796ed39c7f91e3a77%22 "HTTP/1.1 200 OK"
2026-09-17 20:46:00.460 - httpx - INFO - HTTP Request: GET https://huggingface.co/api/models/RedHatAI/GLM-5.3-Flash-NVFP4/tree/main/additional_chat_templates?recursive=false&expand=false "HTTP/1.1 404 Not Found"
2026-09-17 20:46:00.663 - httpx - INFO - HTTP Request: GET https://huggingface.co/api/models/RedHatAI/GLM-5.3-Flash-NVFP4/tree/main?recursive=true&expand=false "HTTP/1.1 200 OK"
2026-09-17 20:46:01.793 - httpx - INFO - HTTP Request: GET https://huggingface.co/api/models/RedHatAI/GLM-5.3-Flash-NVFP4 "HTTP/1.1 200 OK"
2026-09-17 20:46:01.845 - dataset_manager - INFO - Tokenizer(s) configured in 2.96 seconds
2026-09-17 20:46:01.846 - dataset_manager - INFO - Configuring dataset for dataset_manager
2026-09-17 20:46:02.149 - MemoryMapDatasetBackingStore_a9d04d59 - INFO - Memory-mapped backing store initialized (streaming to /tmp/aiperf_mmap_88dab887efd547038cfb5fe0957288ac/dataset.dat)
2026-09-17 20:46:02.155 - MemoryMapDatasetBackingStore_a9d04d59 - INFO - Data file finalized: 100 conversations, 0.51 MB
2026-09-17 20:46:02.157 - MemoryMapDatasetBackingStore_a9d04d59 - INFO - Index file created: /tmp/aiperf_mmap_88dab887efd547038cfb5fe0957288ac/index.dat
2026-09-17 20:46:02.158 - dataset_manager - INFO - Backing store finalized: client_type=DatasetClientStoreType.MEMORY_MAP format=MemoryMapFormat.CONVERSATION data_file_path=PosixPath('/tmp/aiperf_mmap_88dab887efd547038cfb5fe0957288ac/dataset.dat') index_file_path=PosixPath('/tmp/aiperf_mmap_88dab887efd547038cfb5fe0957288ac/index.dat') conversation_count=100 total_size_bytes=532522 compressed=False compressed_data_file_path=None compressed_index_file_path=None compressed_size_bytes=0
2026-09-17 20:46:02.160 - dataset_manager - INFO - sampling strategy: sequential, unique conversations: 100, unique turn count: 100
2026-09-17 20:46:02.161 - dataset_manager - INFO - Generating inputs.json file at /root/llm_perf/artifacts/20260917_203021_RedHatAI_GLM-5.3-Flash-NVFP4_c1,4,16,32/profile_runs/trial_0001/concurrency_32/inputs.json
2026-09-17 20:46:02.163 - PhaseOrchestrator_13056db4 - INFO - Initialized 1 phase(s): ['Profiling']
2026-09-17 20:46:02.165 - dataset_manager - INFO - inputs.json file generated in 0.00 seconds
2026-09-17 20:46:02.230 - dataset_manager - INFO - Dataset client initialized and freed 100 conversations from memory
2026-09-17 20:46:02.231 - dataset_manager - INFO - Dataset configured in 0.38 seconds
2026-09-17 20:46:02.232 - system_controller - INFO - All services configured in 3.35 seconds
2026-09-17 20:46:02.232 - system_controller - INFO - AIPerf System is CONFIGURED
2026-09-17 20:46:02.233 - server_metrics_manager - INFO - Server Metrics: Started 1 collector(s) successfully
2026-09-17 20:46:02.234 - system_controller - INFO - All services started profiling successfully
2026-09-17 20:46:02.234 - system_controller - INFO - AIPerf System is PROFILING
2026-09-17 20:46:02.235 - RateTiming - INFO - Creating interval generator: pattern=concurrency_burst, rate=None, smoothness=None
2026-09-17 20:46:02.235 - PhaseRunner - NOTICE - Phase profiling (profiling) started | phase_index=0 | profiling_index=0 | target: 300.0s duration
2026-09-17 20:46:02.236 - PhaseRunner - INFO - Waiting for event 'profiling phase sending' with timeout of 299.999172609s
2026-09-17 20:46:02.237 - records_manager - INFO - Credit phase start: profiling
2026-09-17 20:51:02.235 - PhaseRunner - INFO - Timeout of 299.999172609s elapsed for event 'profiling phase sending'
2026-09-17 20:51:02.236 - PhaseRunner - NOTICE - Phase profiling (profiling) sending complete | sent=896, completed=864, in_flight=32 | sessions: sent=896, completed=864 | timeout_triggered=True
2026-09-17 20:51:02.236 - PhaseRunner - INFO - Waiting for event 'profiling phase credits returned' with timeout of 29.998897125999974s
2026-09-17 20:51:02.237 - records_manager - INFO - Sent 896 requests. Waiting for all to complete...
2026-09-17 20:51:06.498 - PhaseRunner - NOTICE - Phase profiling (profiling) complete | completed=896, cancelled=0, errors=0 | sessions: completed=896, cancelled=0 | elapsed=304.26s
2026-09-17 20:51:06.499 - PhaseOrchestrator_13056db4 - NOTICE - All credits completed
2026-09-17 20:51:06.500 - system_controller - INFO - Received credits complete from 'timing_manager'
2026-09-17 20:51:06.500 - records_manager - INFO - Received CREDIT_PHASE_COMPLETE message, Phase complete: PhaseRecordsStats(phase=CreditPhase.PROFILING, phase_index=0, profiling_index=0, phase_name='profiling', phase_kind='profiling', start_ns=1789649162235848378, sent_end_ns=1789649462236071229, requests_end_ns=1789649466498692577, baseline_start_ns=1789649162235834234, baseline_end_ns=1789649466498702402, total_expected_requests=None, expected_duration_sec=None, expected_num_sessions=None, expected_grace_period_sec=None, final_requests_sent=None, final_requests_completed=896, final_requests_cancelled=0, final_request_errors=0, final_sent_sessions=None, final_completed_sessions=None, final_cancelled_sessions=None, timeout_triggered=True, grace_period_timeout_triggered=False, was_cancelled=False, records_end_ns=None, success_records=880, error_records=0)
2026-09-17 20:51:06.502 - records_manager - NOTICE - All requests have completed, please wait for the results to be processed (currently 880 of 896 records processed)...
2026-09-17 20:51:06.503 - records_manager - INFO - All credits complete, please wait for the results to be processed...
2026-09-17 20:51:06.514 - records_manager - INFO - Processed 896 valid requests and 0 errors (896 total).
2026-09-17 20:51:06.514 - records_manager - INFO - Received all records, processing now...
2026-09-17 20:51:06.515 - server_metrics_manager - INFO - Server Metrics: Profiling complete, capturing final metrics...
2026-09-17 20:51:06.515 - gpu_telemetry_manager - INFO - GPU Telemetry: Profiling complete, capturing final metrics...
2026-09-17 20:51:06.516 - records_manager - INFO - Waiting 2.0s for server metrics flush period...
2026-09-17 20:51:08.499 - records_manager - INFO - Processing records results...
2026-09-17 20:51:09.239 - system_controller - INFO - Waiting for result domains: server_metrics, telemetry
2026-09-17 20:51:09.240 - system_controller - INFO - Waiting for result domains: server_metrics
2026-09-17 20:51:09.546 - records_manager - INFO - _finalize_and_process_results completed
2026-09-17 20:51:09.550 - system_controller - INFO - All results received, initiating shutdown
2026-09-17 20:51:10.154 - ExporterManager - INFO - Exporting all records
2026-09-17 20:51:10.261 - ExporterManager - INFO - Exporting console data
