2026-09-16 20:51:17.668 - system_controller - INFO - Registered Worker Manager (id: 'worker_manager')
2026-09-16 20:51:17.679 - server_metrics_manager - INFO - Server Metrics: Discovered 1 endpoints: ['http://localhost:8000/metrics']
2026-09-16 20:51:17.700 - GPUTelemetryJSONLWriter_eb1f630f - INFO - GPU telemetry export enabled: /root/llm_perf/artifacts/20260916_195805_ibm-granite_granite-4.2-30b_c1,4,16,32,64,128/profile_runs/trial_0002/concurrency_64/gpu_telemetry_export.jsonl
2026-09-16 20:51:17.707 - OTelMetricsResultsProcessor_2650189d - INFO - Telemetry streaming is disabled (set --otel-url and/or --mlflow-tracking-uri to enable)
2026-09-16 20:51:17.708 - RecordExportJSONLWriter_ecdadf20 - INFO - Record metrics export enabled: /root/llm_perf/artifacts/20260916_195805_ibm-granite_granite-4.2-30b_c1,4,16,32,64,128/profile_runs/trial_0002/concurrency_64/profile_export.jsonl
2026-09-16 20:51:17.790 - system_controller - INFO - Registered Gpu Telemetry Manager (id: 'gpu_telemetry_manager')
2026-09-16 20:51:17.793 - system_controller - INFO - Registered Dataset Manager (id: 'dataset_manager')
2026-09-16 20:51:17.794 - system_controller - INFO - Registered Record Processor (id: 'record_processor_7bac7675')
2026-09-16 20:51:17.795 - system_controller - INFO - Registered Record Processor (id: 'record_processor_d41fde19')
2026-09-16 20:51:17.798 - system_controller - INFO - Registered Record Processor (id: 'record_processor_6188532c')
2026-09-16 20:51:17.799 - system_controller - INFO - Registered Record Processor (id: 'record_processor_8083a763')
2026-09-16 20:51:17.800 - system_controller - INFO - Registered Record Processor (id: 'record_processor_2c6e29d0')
2026-09-16 20:51:17.801 - system_controller - INFO - Registered Server Metrics Manager (id: 'server_metrics_manager')
2026-09-16 20:51:17.804 - system_controller - INFO - Registered Record Processor (id: 'record_processor_c2496438')
2026-09-16 20:51:17.806 - system_controller - INFO - Registered Record Processor (id: 'record_processor_820df424')
2026-09-16 20:51:17.808 - system_controller - INFO - Registered Record Processor (id: 'record_processor_6c60a668')
2026-09-16 20:51:17.834 - system_controller - INFO - Registered Records Manager (id: 'records_manager')
2026-09-16 20:51:17.890 - system_controller - INFO - Registered Timing Manager (id: 'timing_manager')
2026-09-16 20:51:17.902 - system_controller - INFO - Registered Worker (id: 'worker_832c3292')
2026-09-16 20:51:17.929 - system_controller - INFO - Registered Worker (id: 'worker_3f60875b')
2026-09-16 20:51:17.930 - system_controller - INFO - Registered Worker (id: 'worker_ba44157d')
2026-09-16 20:51:17.933 - system_controller - INFO - Registered Worker (id: 'worker_59a7dfd7')
2026-09-16 20:51:17.940 - system_controller - INFO - Registered Worker (id: 'worker_07cee042')
2026-09-16 20:51:17.941 - system_controller - INFO - Registered Worker (id: 'worker_f9c62d55')
2026-09-16 20:51:17.942 - system_controller - INFO - Registered Worker (id: 'worker_70efc212')
2026-09-16 20:51:17.943 - system_controller - INFO - Registered Worker (id: 'worker_2f19e219')
2026-09-16 20:51:17.944 - system_controller - INFO - Registered Worker (id: 'worker_cf249954')
2026-09-16 20:51:17.946 - system_controller - INFO - Registered Worker (id: 'worker_d7adcc75')
2026-09-16 20:51:17.950 - system_controller - INFO - Registered Worker (id: 'worker_1e79f443')
2026-09-16 20:51:17.951 - system_controller - INFO - Registered Worker (id: 'worker_44802b34')
2026-09-16 20:51:17.953 - system_controller - INFO - Registered Worker (id: 'worker_3aed745a')
2026-09-16 20:51:17.958 - system_controller - INFO - Registered Worker (id: 'worker_2e4d5a71')
2026-09-16 20:51:17.978 - system_controller - INFO - Registered Worker (id: 'worker_1c57c1d7')
2026-09-16 20:51:17.981 - system_controller - INFO - Registered Worker (id: 'worker_190857b1')
2026-09-16 20:51:17.982 - system_controller - INFO - Registered Worker (id: 'worker_0457e4c5')
2026-09-16 20:51:17.982 - system_controller - INFO - Registered Worker (id: 'worker_3e9a7acf')
2026-09-16 20:51:17.987 - system_controller - INFO - Registered Worker (id: 'worker_7e7b8410')
2026-09-16 20:51:17.988 - system_controller - INFO - Registered Worker (id: 'worker_9ab8b614')
2026-09-16 20:51:17.988 - system_controller - INFO - Registered Worker (id: 'worker_31e256e1')
2026-09-16 20:51:17.992 - system_controller - INFO - Registered Worker (id: 'worker_e4181eb9')
2026-09-16 20:51:18.045 - system_controller - INFO - Registered Worker (id: 'worker_0d0d5d0a')
2026-09-16 20:51:18.056 - system_controller - INFO - Registered Worker (id: 'worker_770cf5f2')
2026-09-16 20:51:18.057 - system_controller - INFO - Registered Worker (id: 'worker_b9942532')
2026-09-16 20:51:18.057 - system_controller - INFO - Registered Worker (id: 'worker_df64e6b1')
2026-09-16 20:51:18.058 - system_controller - INFO - Registered Worker (id: 'worker_69c6e6c0')
2026-09-16 20:51:18.060 - system_controller - INFO - Registered Worker (id: 'worker_42adb01f')
2026-09-16 20:51:18.062 - system_controller - INFO - Registered Worker (id: 'worker_ffdd32ab')
2026-09-16 20:51:18.080 - system_controller - INFO - Registered Worker (id: 'worker_39bf49b5')
2026-09-16 20:51:18.080 - system_controller - INFO - Registered Worker (id: 'worker_bcb4fad0')
2026-09-16 20:51:18.087 - system_controller - INFO - Registered Worker (id: 'worker_5136a3c8')
2026-09-16 20:51:18.165 - system_controller - INFO - AIPerf System is CONFIGURING
2026-09-16 20:51:18.165 - system_controller - INFO - Configuring all services to start profiling
2026-09-16 20:51:18.166 - timing_manager - INFO - Waiting for dataset to be configured before configuring timing
2026-09-16 20:51:18.166 - InferenceResultParser_12142386 - INFO - Tokenization is disabled for this endpoint, skipping tokenizer configuration
2026-09-16 20:51:18.166 - InferenceResultParser_729705d9 - INFO - Tokenization is disabled for this endpoint, skipping tokenizer configuration
2026-09-16 20:51:18.166 - InferenceResultParser_216ae8bf - INFO - Tokenization is disabled for this endpoint, skipping tokenizer configuration
2026-09-16 20:51:18.166 - InferenceResultParser_7dbcc9e0 - INFO - Tokenization is disabled for this endpoint, skipping tokenizer configuration
2026-09-16 20:51:18.166 - InferenceResultParser_be48de35 - INFO - Tokenization is disabled for this endpoint, skipping tokenizer configuration
2026-09-16 20:51:18.166 - InferenceResultParser_5bdbe44b - INFO - Tokenization is disabled for this endpoint, skipping tokenizer configuration
2026-09-16 20:51:18.166 - InferenceResultParser_e2282326 - INFO - Tokenization is disabled for this endpoint, skipping tokenizer configuration
2026-09-16 20:51:18.166 - InferenceResultParser_ce543e83 - INFO - Tokenization is disabled for this endpoint, skipping tokenizer configuration
2026-09-16 20:51:18.166 - dataset_manager - INFO - Configuring tokenizer(s) for dataset manager
2026-09-16 20:51:18.174 - server_metrics_manager - INFO - Server Metrics: Capturing baseline metrics...
2026-09-16 20:51:18.177 - gpu_telemetry_manager - INFO - GPU Telemetry: Capturing baseline metrics from pynvml://localhost
2026-09-16 20:51:18.185 - pynvml_collector - INFO - PyNVML initialized with 1 GPU(s) (1 with GPM support)
2026-09-16 20:51:18.187 - http://localhost:8000/metrics - INFO - Skipping unsupported summary metric: http_request_size_bytes
2026-09-16 20:51:18.188 - http://localhost:8000/metrics - INFO - Skipping unsupported summary metric: http_response_size_bytes
2026-09-16 20:51:18.189 - system_controller - INFO - Server metrics enabled - 1/1 endpoint(s) reachable.
2026-09-16 20:51:18.190 - system_controller - INFO - Waiting for result domains: profile, server_metrics, telemetry
2026-09-16 20:51:18.199 - system_controller - INFO - DCGM telemetry enabled - 1/1 endpoint(s) reachable
2026-09-16 20:51:19.342 - httpx - INFO - HTTP Request: HEAD https://huggingface.co/ibm-granite/granite-4.2-30b/resolve/main/config.json "HTTP/1.1 307 Temporary Redirect"
2026-09-16 20:51:19.348 - httpx - INFO - HTTP Request: HEAD https://huggingface.co/api/resolve-cache/models/ibm-granite/granite-4.2-30b/9e668ce1c538387ef24d3644e9b0606647762636/config.json?%2Fibm-granite%2Fgranite-4.2-30b%2Fresolve%2Fmain%2Fconfig.json=&etag=%2244e67eb085e68158de41f04810c159ba73f04e0c%22 "HTTP/1.1 200 OK"
2026-09-16 20:51:19.556 - httpx - INFO - HTTP Request: HEAD https://huggingface.co/ibm-granite/granite-4.2-30b/resolve/main/tokenizer_config.json "HTTP/1.1 307 Temporary Redirect"
2026-09-16 20:51:19.561 - httpx - INFO - HTTP Request: HEAD https://huggingface.co/api/resolve-cache/models/ibm-granite/granite-4.2-30b/9e668ce1c538387ef24d3644e9b0606647762636/tokenizer_config.json?%2Fibm-granite%2Fgranite-4.2-30b%2Fresolve%2Fmain%2Ftokenizer_config.json=&etag=%2257e792da3e95fb4b48532fd6f477d35ebd479947%22 "HTTP/1.1 200 OK"
2026-09-16 20:51:19.761 - httpx - INFO - HTTP Request: HEAD https://huggingface.co/ibm-granite/granite-4.2-30b/resolve/main/tokenizer_config.json "HTTP/1.1 307 Temporary Redirect"
2026-09-16 20:51:19.767 - httpx - INFO - HTTP Request: HEAD https://huggingface.co/api/resolve-cache/models/ibm-granite/granite-4.2-30b/9e668ce1c538387ef24d3644e9b0606647762636/tokenizer_config.json?%2Fibm-granite%2Fgranite-4.2-30b%2Fresolve%2Fmain%2Ftokenizer_config.json=&etag=%2257e792da3e95fb4b48532fd6f477d35ebd479947%22 "HTTP/1.1 200 OK"
2026-09-16 20:51:19.968 - httpx - INFO - HTTP Request: GET https://huggingface.co/api/models/ibm-granite/granite-4.2-30b/tree/main/additional_chat_templates?recursive=false&expand=false "HTTP/1.1 404 Not Found"
2026-09-16 20:51:20.169 - httpx - INFO - HTTP Request: GET https://huggingface.co/api/models/ibm-granite/granite-4.2-30b/tree/main?recursive=true&expand=false "HTTP/1.1 200 OK"
2026-09-16 20:51:20.682 - httpx - INFO - HTTP Request: GET https://huggingface.co/api/models/ibm-granite/granite-4.2-30b "HTTP/1.1 200 OK"
2026-09-16 20:51:20.698 - dataset_manager - INFO - Tokenizer(s) configured in 2.53 seconds
2026-09-16 20:51:20.699 - dataset_manager - INFO - Configuring dataset for dataset_manager
2026-09-16 20:51:21.036 - MemoryMapDatasetBackingStore_3c9923f5 - INFO - Memory-mapped backing store initialized (streaming to /tmp/aiperf_mmap_21177f65443f4b3f8bd4969eb26f6d6d/dataset.dat)
2026-09-16 20:51:21.042 - MemoryMapDatasetBackingStore_3c9923f5 - INFO - Data file finalized: 100 conversations, 0.51 MB
2026-09-16 20:51:21.045 - MemoryMapDatasetBackingStore_3c9923f5 - INFO - Index file created: /tmp/aiperf_mmap_21177f65443f4b3f8bd4969eb26f6d6d/index.dat
2026-09-16 20:51:21.045 - dataset_manager - INFO - Backing store finalized: client_type=DatasetClientStoreType.MEMORY_MAP format=MemoryMapFormat.CONVERSATION data_file_path=PosixPath('/tmp/aiperf_mmap_21177f65443f4b3f8bd4969eb26f6d6d/dataset.dat') index_file_path=PosixPath('/tmp/aiperf_mmap_21177f65443f4b3f8bd4969eb26f6d6d/index.dat') conversation_count=100 total_size_bytes=532612 compressed=False compressed_data_file_path=None compressed_index_file_path=None compressed_size_bytes=0
2026-09-16 20:51:21.047 - dataset_manager - INFO - sampling strategy: sequential, unique conversations: 100, unique turn count: 100
2026-09-16 20:51:21.048 - dataset_manager - INFO - Generating inputs.json file at /root/llm_perf/artifacts/20260916_195805_ibm-granite_granite-4.2-30b_c1,4,16,32,64,128/profile_runs/trial_0002/concurrency_64/inputs.json
2026-09-16 20:51:21.050 - PhaseOrchestrator_ed2747d3 - INFO - Initialized 1 phase(s): ['Profiling']
2026-09-16 20:51:21.052 - dataset_manager - INFO - inputs.json file generated in 0.00 seconds
2026-09-16 20:51:21.116 - dataset_manager - INFO - Dataset client initialized and freed 100 conversations from memory
2026-09-16 20:51:21.116 - dataset_manager - INFO - Dataset configured in 0.42 seconds
2026-09-16 20:51:21.117 - system_controller - INFO - All services configured in 2.95 seconds
2026-09-16 20:51:21.118 - system_controller - INFO - AIPerf System is CONFIGURED
2026-09-16 20:51:21.118 - server_metrics_manager - INFO - Server Metrics: Started 1 collector(s) successfully
2026-09-16 20:51:21.119 - system_controller - INFO - All services started profiling successfully
2026-09-16 20:51:21.120 - system_controller - INFO - AIPerf System is PROFILING
2026-09-16 20:51:21.120 - RateTiming - INFO - Creating interval generator: pattern=concurrency_burst, rate=None, smoothness=None
2026-09-16 20:51:21.121 - PhaseRunner - NOTICE - Phase profiling (profiling) started | phase_index=0 | profiling_index=0 | target: 300.0s duration
2026-09-16 20:51:21.122 - PhaseRunner - INFO - Waiting for event 'profiling phase sending' with timeout of 299.999298263s
2026-09-16 20:51:21.122 - records_manager - INFO - Credit phase start: profiling
2026-09-16 20:56:21.122 - PhaseRunner - INFO - Timeout of 299.999298263s elapsed for event 'profiling phase sending'
2026-09-16 20:56:21.123 - PhaseRunner - NOTICE - Phase profiling (profiling) sending complete | sent=2,496, completed=2,432, in_flight=64 | sessions: sent=2,496, completed=2,432 | timeout_triggered=True
2026-09-16 20:56:21.124 - PhaseRunner - INFO - Waiting for event 'profiling phase credits returned' with timeout of 29.99727433800001s
2026-09-16 20:56:21.124 - records_manager - INFO - Sent 2,496 requests. Waiting for all to complete...
2026-09-16 20:56:27.021 - PhaseRunner - NOTICE - Phase profiling (profiling) complete | completed=2,496, cancelled=0, errors=0 | sessions: completed=2,496, cancelled=0 | elapsed=305.90s
2026-09-16 20:56:27.022 - PhaseOrchestrator_ed2747d3 - NOTICE - All credits completed
2026-09-16 20:56:27.023 - system_controller - INFO - Received credits complete from 'timing_manager'
2026-09-16 20:56:27.022 - records_manager - INFO - Received CREDIT_PHASE_COMPLETE message, Phase complete: PhaseRecordsStats(phase=CreditPhase.PROFILING, phase_index=0, profiling_index=0, phase_name='profiling', phase_kind='profiling', start_ns=1789563081121294745, sent_end_ns=1789563381123147693, requests_end_ns=1789563387021147766, baseline_start_ns=1789563081121281817, baseline_end_ns=1789563387021159254, total_expected_requests=None, expected_duration_sec=None, expected_num_sessions=None, expected_grace_period_sec=None, final_requests_sent=None, final_requests_completed=2496, final_requests_cancelled=0, final_request_errors=0, final_sent_sessions=None, final_completed_sessions=None, final_cancelled_sessions=None, timeout_triggered=True, grace_period_timeout_triggered=False, was_cancelled=False, records_end_ns=None, success_records=2490, error_records=0)
2026-09-16 20:56:27.024 - records_manager - NOTICE - All requests have completed, please wait for the results to be processed (currently 2,490 of 2,496 records processed)...
2026-09-16 20:56:27.025 - records_manager - INFO - All credits complete, please wait for the results to be processed...
2026-09-16 20:56:27.030 - records_manager - INFO - Processed 2496 valid requests and 0 errors (2496 total).
2026-09-16 20:56:27.030 - records_manager - INFO - Received all records, processing now...
2026-09-16 20:56:27.031 - gpu_telemetry_manager - INFO - GPU Telemetry: Profiling complete, capturing final metrics...
2026-09-16 20:56:27.032 - records_manager - INFO - Waiting 2.0s for server metrics flush period...
2026-09-16 20:56:27.033 - server_metrics_manager - INFO - Server Metrics: Profiling complete, capturing final metrics...
2026-09-16 20:56:29.021 - records_manager - INFO - Processing records results...
2026-09-16 20:56:31.012 - system_controller - INFO - Waiting for result domains: server_metrics, telemetry
2026-09-16 20:56:31.013 - system_controller - INFO - Waiting for result domains: server_metrics
2026-09-16 20:56:31.346 - records_manager - INFO - _finalize_and_process_results completed
2026-09-16 20:56:31.351 - system_controller - INFO - All results received, initiating shutdown
2026-09-16 20:56:31.955 - ExporterManager - INFO - Exporting all records
2026-09-16 20:56:32.060 - ExporterManager - INFO - Exporting console data
