2026-09-16 23:03:16.197 - system_controller - INFO - Registered Worker Manager (id: 'worker_manager')
2026-09-16 23:03:16.208 - server_metrics_manager - INFO - Server Metrics: Discovered 1 endpoints: ['http://localhost:8000/metrics']
2026-09-16 23:03:16.212 - system_controller - INFO - Registered Gpu Telemetry Manager (id: 'gpu_telemetry_manager')
2026-09-16 23:03:16.222 - system_controller - INFO - Registered Dataset Manager (id: 'dataset_manager')
2026-09-16 23:03:16.225 - system_controller - INFO - Registered Server Metrics Manager (id: 'server_metrics_manager')
2026-09-16 23:03:16.229 - GPUTelemetryJSONLWriter_c5ffb41b - INFO - GPU telemetry export enabled: /root/llm_perf/artifacts/20260916_223047_nvidia_NVIDIA-Nemotron-3-Super-120B-A12B-NVFP4_c1,4,16,32,64,128/profile_runs/trial_0002/concurrency_1/gpu_telemetry_export.jsonl
2026-09-16 23:03:16.235 - OTelMetricsResultsProcessor_1ca16cc7 - INFO - Telemetry streaming is disabled (set --otel-url and/or --mlflow-tracking-uri to enable)
2026-09-16 23:03:16.236 - RecordExportJSONLWriter_9e2e7807 - INFO - Record metrics export enabled: /root/llm_perf/artifacts/20260916_223047_nvidia_NVIDIA-Nemotron-3-Super-120B-A12B-NVFP4_c1,4,16,32,64,128/profile_runs/trial_0002/concurrency_1/profile_export.jsonl
2026-09-16 23:03:16.260 - system_controller - INFO - Registered Records Manager (id: 'records_manager')
2026-09-16 23:03:16.292 - system_controller - INFO - Registered Timing Manager (id: 'timing_manager')
2026-09-16 23:03:16.305 - system_controller - INFO - Registered Worker (id: 'worker_bd3038cb')
2026-09-16 23:03:16.333 - system_controller - INFO - Registered Record Processor (id: 'record_processor_28e47285')
2026-09-16 23:03:16.694 - system_controller - INFO - AIPerf System is CONFIGURING
2026-09-16 23:03:16.694 - system_controller - INFO - Configuring all services to start profiling
2026-09-16 23:03:16.695 - timing_manager - INFO - Waiting for dataset to be configured before configuring timing
2026-09-16 23:03:16.695 - InferenceResultParser_5ae7d642 - INFO - Tokenization is disabled for this endpoint, skipping tokenizer configuration
2026-09-16 23:03:16.695 - dataset_manager - INFO - Configuring tokenizer(s) for dataset manager
2026-09-16 23:03:16.703 - server_metrics_manager - INFO - Server Metrics: Capturing baseline metrics...
2026-09-16 23:03:16.706 - gpu_telemetry_manager - INFO - GPU Telemetry: Capturing baseline metrics from pynvml://localhost
2026-09-16 23:03:16.714 - pynvml_collector - INFO - PyNVML initialized with 1 GPU(s) (1 with GPM support)
2026-09-16 23:03:16.716 - http://localhost:8000/metrics - INFO - Skipping unsupported summary metric: http_request_size_bytes
2026-09-16 23:03:16.717 - http://localhost:8000/metrics - INFO - Skipping unsupported summary metric: http_response_size_bytes
2026-09-16 23:03:16.718 - system_controller - INFO - Server metrics enabled - 1/1 endpoint(s) reachable.
2026-09-16 23:03:16.718 - system_controller - INFO - Waiting for result domains: profile, server_metrics, telemetry
2026-09-16 23:03:16.724 - system_controller - INFO - DCGM telemetry enabled - 1/1 endpoint(s) reachable
2026-09-16 23:03:17.844 - httpx - INFO - HTTP Request: HEAD https://huggingface.co/nvidia/NVIDIA-Nemotron-3-Super-120B-A12B-NVFP4/resolve/main/config.json "HTTP/1.1 307 Temporary Redirect"
2026-09-16 23:03:17.851 - httpx - INFO - HTTP Request: HEAD https://huggingface.co/api/resolve-cache/models/nvidia/NVIDIA-Nemotron-3-Super-120B-A12B-NVFP4/ff433f5493e25d631c9f12b5d55c674229923d02/config.json?%2Fnvidia%2FNVIDIA-Nemotron-3-Super-120B-A12B-NVFP4%2Fresolve%2Fmain%2Fconfig.json=&etag=%2225fdfa00f468ad953fc5516aeab78a128332da1a%22 "HTTP/1.1 200 OK"
2026-09-16 23:03:18.574 - httpx - INFO - HTTP Request: HEAD https://huggingface.co/nvidia/NVIDIA-Nemotron-3-Super-120B-A12B-NVFP4/resolve/main/tokenizer_config.json "HTTP/1.1 307 Temporary Redirect"
2026-09-16 23:03:18.579 - httpx - INFO - HTTP Request: HEAD https://huggingface.co/api/resolve-cache/models/nvidia/NVIDIA-Nemotron-3-Super-120B-A12B-NVFP4/ff433f5493e25d631c9f12b5d55c674229923d02/tokenizer_config.json?%2Fnvidia%2FNVIDIA-Nemotron-3-Super-120B-A12B-NVFP4%2Fresolve%2Fmain%2Ftokenizer_config.json=&etag=%22c96e5ad00986bfa0b666d4bc425666f1c51d6d1b%22 "HTTP/1.1 200 OK"
2026-09-16 23:03:18.783 - httpx - INFO - HTTP Request: GET https://huggingface.co/api/models/nvidia/NVIDIA-Nemotron-3-Super-120B-A12B-NVFP4/tree/main/additional_chat_templates?recursive=false&expand=false "HTTP/1.1 404 Not Found"
2026-09-16 23:03:18.987 - httpx - INFO - HTTP Request: GET https://huggingface.co/api/models/nvidia/NVIDIA-Nemotron-3-Super-120B-A12B-NVFP4/tree/main?recursive=true&expand=false "HTTP/1.1 200 OK"
2026-09-16 23:03:20.030 - httpx - INFO - HTTP Request: GET https://huggingface.co/api/models/nvidia/NVIDIA-Nemotron-3-Super-120B-A12B-NVFP4 "HTTP/1.1 200 OK"
2026-09-16 23:03:20.308 - dataset_manager - INFO - Tokenizer(s) configured in 3.61 seconds
2026-09-16 23:03:20.308 - dataset_manager - INFO - Configuring dataset for dataset_manager
2026-09-16 23:03:20.611 - MemoryMapDatasetBackingStore_9440bd85 - INFO - Memory-mapped backing store initialized (streaming to /tmp/aiperf_mmap_8ca32978630b4524a4f7347a38eed67c/dataset.dat)
2026-09-16 23:03:20.617 - MemoryMapDatasetBackingStore_9440bd85 - INFO - Data file finalized: 100 conversations, 0.49 MB
2026-09-16 23:03:20.618 - MemoryMapDatasetBackingStore_9440bd85 - INFO - Index file created: /tmp/aiperf_mmap_8ca32978630b4524a4f7347a38eed67c/index.dat
2026-09-16 23:03:20.619 - dataset_manager - INFO - Backing store finalized: client_type=DatasetClientStoreType.MEMORY_MAP format=MemoryMapFormat.CONVERSATION data_file_path=PosixPath('/tmp/aiperf_mmap_8ca32978630b4524a4f7347a38eed67c/dataset.dat') index_file_path=PosixPath('/tmp/aiperf_mmap_8ca32978630b4524a4f7347a38eed67c/index.dat') conversation_count=100 total_size_bytes=515274 compressed=False compressed_data_file_path=None compressed_index_file_path=None compressed_size_bytes=0
2026-09-16 23:03:20.621 - dataset_manager - INFO - sampling strategy: sequential, unique conversations: 100, unique turn count: 100
2026-09-16 23:03:20.622 - dataset_manager - INFO - Generating inputs.json file at /root/llm_perf/artifacts/20260916_223047_nvidia_NVIDIA-Nemotron-3-Super-120B-A12B-NVFP4_c1,4,16,32,64,128/profile_runs/trial_0002/concurrency_1/inputs.json
2026-09-16 23:03:20.623 - PhaseOrchestrator_b422d468 - INFO - Initialized 1 phase(s): ['Profiling']
2026-09-16 23:03:20.627 - dataset_manager - INFO - inputs.json file generated in 0.00 seconds
2026-09-16 23:03:20.690 - dataset_manager - INFO - Dataset client initialized and freed 100 conversations from memory
2026-09-16 23:03:20.690 - dataset_manager - INFO - Dataset configured in 0.38 seconds
2026-09-16 23:03:20.691 - system_controller - INFO - All services configured in 4.00 seconds
2026-09-16 23:03:20.692 - system_controller - INFO - AIPerf System is CONFIGURED
2026-09-16 23:03:20.693 - server_metrics_manager - INFO - Server Metrics: Started 1 collector(s) successfully
2026-09-16 23:03:20.693 - system_controller - INFO - All services started profiling successfully
2026-09-16 23:03:20.694 - system_controller - INFO - AIPerf System is PROFILING
2026-09-16 23:03:20.694 - RateTiming - INFO - Creating interval generator: pattern=concurrency_burst, rate=None, smoothness=None
2026-09-16 23:03:20.695 - PhaseRunner - NOTICE - Phase profiling (profiling) started | phase_index=0 | profiling_index=0 | target: 300.0s duration
2026-09-16 23:03:20.695 - PhaseRunner - INFO - Waiting for event 'profiling phase sending' with timeout of 299.999269593s
2026-09-16 23:03:20.696 - records_manager - INFO - Credit phase start: profiling
2026-09-16 23:08:20.696 - PhaseRunner - INFO - Timeout of 299.999269593s elapsed for event 'profiling phase sending'
2026-09-16 23:08:20.697 - PhaseRunner - NOTICE - Phase profiling (profiling) sending complete | sent=119, completed=118, in_flight=1 | sessions: sent=119, completed=118 | timeout_triggered=True
2026-09-16 23:08:20.697 - PhaseRunner - INFO - Waiting for event 'profiling phase credits returned' with timeout of 29.99739396000001s
2026-09-16 23:08:20.698 - records_manager - INFO - Sent 119 requests. Waiting for all to complete...
2026-09-16 23:08:22.873 - PhaseRunner - NOTICE - Phase profiling (profiling) complete | completed=119, cancelled=0, errors=0 | sessions: completed=119, cancelled=0 | elapsed=302.18s
2026-09-16 23:08:22.874 - PhaseOrchestrator_b422d468 - NOTICE - All credits completed
2026-09-16 23:08:22.874 - system_controller - INFO - Received credits complete from 'timing_manager'
2026-09-16 23:08:22.874 - records_manager - INFO - Received CREDIT_PHASE_COMPLETE message, Phase complete: PhaseRecordsStats(phase=CreditPhase.PROFILING, phase_index=0, profiling_index=0, phase_name='profiling', phase_kind='profiling', start_ns=1789571000695221306, sent_end_ns=1789571300697039754, requests_end_ns=1789571302873439287, baseline_start_ns=1789571000695208250, baseline_end_ns=1789571302873447159, total_expected_requests=None, expected_duration_sec=None, expected_num_sessions=None, expected_grace_period_sec=None, final_requests_sent=None, final_requests_completed=119, final_requests_cancelled=0, final_request_errors=0, final_sent_sessions=None, final_completed_sessions=None, final_cancelled_sessions=None, timeout_triggered=True, grace_period_timeout_triggered=False, was_cancelled=False, records_end_ns=None, success_records=118, error_records=0)
2026-09-16 23:08:22.876 - records_manager - NOTICE - All requests have completed, please wait for the results to be processed (currently 118 of 119 records processed)...
2026-09-16 23:08:22.877 - records_manager - INFO - All credits complete, please wait for the results to be processed...
2026-09-16 23:08:22.878 - records_manager - INFO - Processed 119 valid requests and 0 errors (119 total).
2026-09-16 23:08:22.878 - records_manager - INFO - Received all records, processing now...
2026-09-16 23:08:22.879 - gpu_telemetry_manager - INFO - GPU Telemetry: Profiling complete, capturing final metrics...
2026-09-16 23:08:22.879 - records_manager - INFO - Waiting 2.0s for server metrics flush period...
2026-09-16 23:08:22.884 - server_metrics_manager - INFO - Server Metrics: Profiling complete, capturing final metrics...
2026-09-16 23:08:24.873 - records_manager - INFO - Processing records results...
2026-09-16 23:08:25.038 - system_controller - INFO - Waiting for result domains: server_metrics, telemetry
2026-09-16 23:08:25.039 - system_controller - INFO - Waiting for result domains: server_metrics
2026-09-16 23:08:25.344 - records_manager - INFO - _finalize_and_process_results completed
2026-09-16 23:08:25.347 - system_controller - INFO - All results received, initiating shutdown
2026-09-16 23:08:25.952 - ExporterManager - INFO - Exporting all records
2026-09-16 23:08:26.062 - ExporterManager - INFO - Exporting console data
