2026-09-16 20:56:33.096 - server_metrics_manager - INFO - Server Metrics: Discovered 1 endpoints: ['http://localhost:8000/metrics']
2026-09-16 20:56:33.104 - system_controller - INFO - Registered Gpu Telemetry Manager (id: 'gpu_telemetry_manager')
2026-09-16 20:56:33.108 - system_controller - INFO - Registered Server Metrics Manager (id: 'server_metrics_manager')
2026-09-16 20:56:33.110 - system_controller - INFO - Registered Dataset Manager (id: 'dataset_manager')
2026-09-16 20:56:33.117 - GPUTelemetryJSONLWriter_bc5211df - INFO - GPU telemetry export enabled: /root/llm_perf/artifacts/20260916_195805_ibm-granite_granite-4.2-30b_c1,4,16,32,64,128/profile_runs/trial_0002/concurrency_128/gpu_telemetry_export.jsonl
2026-09-16 20:56:33.122 - OTelMetricsResultsProcessor_d7544032 - INFO - Telemetry streaming is disabled (set --otel-url and/or --mlflow-tracking-uri to enable)
2026-09-16 20:56:33.123 - RecordExportJSONLWriter_14515300 - INFO - Record metrics export enabled: /root/llm_perf/artifacts/20260916_195805_ibm-granite_granite-4.2-30b_c1,4,16,32,64,128/profile_runs/trial_0002/concurrency_128/profile_export.jsonl
2026-09-16 20:56:33.144 - system_controller - INFO - Registered Records Manager (id: 'records_manager')
2026-09-16 20:56:33.167 - system_controller - INFO - Registered Timing Manager (id: 'timing_manager')
2026-09-16 20:56:33.186 - system_controller - INFO - Registered Worker Manager (id: 'worker_manager')
2026-09-16 20:56:33.301 - system_controller - INFO - Registered Record Processor (id: 'record_processor_d1a72f71')
2026-09-16 20:56:33.303 - system_controller - INFO - Registered Record Processor (id: 'record_processor_f3133378')
2026-09-16 20:56:33.304 - system_controller - INFO - Registered Record Processor (id: 'record_processor_8c73dada')
2026-09-16 20:56:33.306 - system_controller - INFO - Registered Record Processor (id: 'record_processor_26c344e4')
2026-09-16 20:56:33.308 - system_controller - INFO - Registered Record Processor (id: 'record_processor_d563381b')
2026-09-16 20:56:33.311 - system_controller - INFO - Registered Record Processor (id: 'record_processor_2f9e25d6')
2026-09-16 20:56:33.313 - system_controller - INFO - Registered Record Processor (id: 'record_processor_ea05acfd')
2026-09-16 20:56:33.315 - system_controller - INFO - Registered Record Processor (id: 'record_processor_50d5471d')
2026-09-16 20:56:33.432 - system_controller - INFO - Registered Worker (id: 'worker_a83a0266')
2026-09-16 20:56:33.433 - system_controller - INFO - Registered Worker (id: 'worker_f45dae5f')
2026-09-16 20:56:33.433 - system_controller - INFO - Registered Worker (id: 'worker_25602c8e')
2026-09-16 20:56:33.437 - system_controller - INFO - Registered Worker (id: 'worker_4089cc2a')
2026-09-16 20:56:33.438 - system_controller - INFO - Registered Worker (id: 'worker_5aaa1fa6')
2026-09-16 20:56:33.438 - system_controller - INFO - Registered Worker (id: 'worker_3456161e')
2026-09-16 20:56:33.444 - system_controller - INFO - Registered Worker (id: 'worker_a080fff8')
2026-09-16 20:56:33.445 - system_controller - INFO - Registered Worker (id: 'worker_8ee50cdd')
2026-09-16 20:56:33.445 - system_controller - INFO - Registered Worker (id: 'worker_16ce5773')
2026-09-16 20:56:33.446 - system_controller - INFO - Registered Worker (id: 'worker_dc13ec6d')
2026-09-16 20:56:33.446 - system_controller - INFO - Registered Worker (id: 'worker_920f0d73')
2026-09-16 20:56:33.450 - system_controller - INFO - Registered Worker (id: 'worker_dc5e96d8')
2026-09-16 20:56:33.451 - system_controller - INFO - Registered Worker (id: 'worker_8f65e2e8')
2026-09-16 20:56:33.455 - system_controller - INFO - Registered Worker (id: 'worker_c48c7260')
2026-09-16 20:56:33.465 - system_controller - INFO - Registered Worker (id: 'worker_28a857c2')
2026-09-16 20:56:33.481 - system_controller - INFO - Registered Worker (id: 'worker_8984d14e')
2026-09-16 20:56:33.484 - system_controller - INFO - Registered Worker (id: 'worker_41445e94')
2026-09-16 20:56:33.484 - system_controller - INFO - Registered Worker (id: 'worker_6465b530')
2026-09-16 20:56:33.486 - system_controller - INFO - Registered Worker (id: 'worker_a14146d0')
2026-09-16 20:56:33.486 - system_controller - INFO - Registered Worker (id: 'worker_f30dd750')
2026-09-16 20:56:33.491 - system_controller - INFO - Registered Worker (id: 'worker_4f503cd9')
2026-09-16 20:56:33.554 - system_controller - INFO - Registered Worker (id: 'worker_4b102bde')
2026-09-16 20:56:33.558 - system_controller - INFO - Registered Worker (id: 'worker_55977865')
2026-09-16 20:56:33.560 - system_controller - INFO - Registered Worker (id: 'worker_71159061')
2026-09-16 20:56:33.561 - system_controller - INFO - Registered Worker (id: 'worker_bb9ef3bb')
2026-09-16 20:56:33.564 - system_controller - INFO - Registered Worker (id: 'worker_0c70ea85')
2026-09-16 20:56:33.580 - system_controller - INFO - Registered Worker (id: 'worker_c8cad0e6')
2026-09-16 20:56:33.581 - system_controller - INFO - Registered Worker (id: 'worker_d35791ff')
2026-09-16 20:56:33.582 - system_controller - INFO - AIPerf System is CONFIGURING
2026-09-16 20:56:33.583 - system_controller - INFO - Configuring all services to start profiling
2026-09-16 20:56:33.583 - timing_manager - INFO - Waiting for dataset to be configured before configuring timing
2026-09-16 20:56:33.583 - InferenceResultParser_2d0a66f8 - INFO - Tokenization is disabled for this endpoint, skipping tokenizer configuration
2026-09-16 20:56:33.583 - InferenceResultParser_cdd6f844 - INFO - Tokenization is disabled for this endpoint, skipping tokenizer configuration
2026-09-16 20:56:33.583 - InferenceResultParser_b9c7ac9e - INFO - Tokenization is disabled for this endpoint, skipping tokenizer configuration
2026-09-16 20:56:33.584 - InferenceResultParser_e9e55096 - INFO - Tokenization is disabled for this endpoint, skipping tokenizer configuration
2026-09-16 20:56:33.583 - InferenceResultParser_9520506c - INFO - Tokenization is disabled for this endpoint, skipping tokenizer configuration
2026-09-16 20:56:33.584 - InferenceResultParser_e7e01d3b - INFO - Tokenization is disabled for this endpoint, skipping tokenizer configuration
2026-09-16 20:56:33.584 - InferenceResultParser_1e088bc4 - INFO - Tokenization is disabled for this endpoint, skipping tokenizer configuration
2026-09-16 20:56:33.584 - InferenceResultParser_30e77c7d - INFO - Tokenization is disabled for this endpoint, skipping tokenizer configuration
2026-09-16 20:56:33.584 - dataset_manager - INFO - Configuring tokenizer(s) for dataset manager
2026-09-16 20:56:33.585 - system_controller - INFO - Registered Worker (id: 'worker_96b06f93')
2026-09-16 20:56:33.586 - system_controller - INFO - Registered Worker (id: 'worker_3e203477')
2026-09-16 20:56:33.587 - system_controller - INFO - Registered Worker (id: 'worker_2ada8b8d')
2026-09-16 20:56:33.593 - server_metrics_manager - INFO - Server Metrics: Capturing baseline metrics...
2026-09-16 20:56:33.594 - system_controller - INFO - Registered Worker (id: 'worker_2a04e9be')
2026-09-16 20:56:33.595 - gpu_telemetry_manager - INFO - GPU Telemetry: Capturing baseline metrics from pynvml://localhost
2026-09-16 20:56:33.603 - pynvml_collector - INFO - PyNVML initialized with 1 GPU(s) (1 with GPM support)
2026-09-16 20:56:33.605 - http://localhost:8000/metrics - INFO - Skipping unsupported summary metric: http_request_size_bytes
2026-09-16 20:56:33.606 - http://localhost:8000/metrics - INFO - Skipping unsupported summary metric: http_response_size_bytes
2026-09-16 20:56:33.607 - system_controller - INFO - Server metrics enabled - 1/1 endpoint(s) reachable.
2026-09-16 20:56:33.607 - system_controller - INFO - Waiting for result domains: profile, server_metrics, telemetry
2026-09-16 20:56:33.613 - system_controller - INFO - DCGM telemetry enabled - 1/1 endpoint(s) reachable
2026-09-16 20:56:34.740 - httpx - INFO - HTTP Request: HEAD https://huggingface.co/ibm-granite/granite-4.2-30b/resolve/main/config.json "HTTP/1.1 307 Temporary Redirect"
2026-09-16 20:56:34.745 - httpx - INFO - HTTP Request: HEAD https://huggingface.co/api/resolve-cache/models/ibm-granite/granite-4.2-30b/9e668ce1c538387ef24d3644e9b0606647762636/config.json?%2Fibm-granite%2Fgranite-4.2-30b%2Fresolve%2Fmain%2Fconfig.json=&etag=%2244e67eb085e68158de41f04810c159ba73f04e0c%22 "HTTP/1.1 200 OK"
2026-09-16 20:56:34.951 - httpx - INFO - HTTP Request: HEAD https://huggingface.co/ibm-granite/granite-4.2-30b/resolve/main/tokenizer_config.json "HTTP/1.1 307 Temporary Redirect"
2026-09-16 20:56:34.957 - httpx - INFO - HTTP Request: HEAD https://huggingface.co/api/resolve-cache/models/ibm-granite/granite-4.2-30b/9e668ce1c538387ef24d3644e9b0606647762636/tokenizer_config.json?%2Fibm-granite%2Fgranite-4.2-30b%2Fresolve%2Fmain%2Ftokenizer_config.json=&etag=%2257e792da3e95fb4b48532fd6f477d35ebd479947%22 "HTTP/1.1 200 OK"
2026-09-16 20:56:35.163 - httpx - INFO - HTTP Request: HEAD https://huggingface.co/ibm-granite/granite-4.2-30b/resolve/main/tokenizer_config.json "HTTP/1.1 307 Temporary Redirect"
2026-09-16 20:56:35.170 - httpx - INFO - HTTP Request: HEAD https://huggingface.co/api/resolve-cache/models/ibm-granite/granite-4.2-30b/9e668ce1c538387ef24d3644e9b0606647762636/tokenizer_config.json?%2Fibm-granite%2Fgranite-4.2-30b%2Fresolve%2Fmain%2Ftokenizer_config.json=&etag=%2257e792da3e95fb4b48532fd6f477d35ebd479947%22 "HTTP/1.1 200 OK"
2026-09-16 20:56:35.371 - httpx - INFO - HTTP Request: GET https://huggingface.co/api/models/ibm-granite/granite-4.2-30b/tree/main/additional_chat_templates?recursive=false&expand=false "HTTP/1.1 404 Not Found"
2026-09-16 20:56:35.574 - httpx - INFO - HTTP Request: GET https://huggingface.co/api/models/ibm-granite/granite-4.2-30b/tree/main?recursive=true&expand=false "HTTP/1.1 200 OK"
2026-09-16 20:56:36.089 - httpx - INFO - HTTP Request: GET https://huggingface.co/api/models/ibm-granite/granite-4.2-30b "HTTP/1.1 200 OK"
2026-09-16 20:56:36.109 - dataset_manager - INFO - Tokenizer(s) configured in 2.52 seconds
2026-09-16 20:56:36.109 - dataset_manager - INFO - Configuring dataset for dataset_manager
2026-09-16 20:56:36.443 - MemoryMapDatasetBackingStore_715f11db - INFO - Memory-mapped backing store initialized (streaming to /tmp/aiperf_mmap_b10233915b33494a95ee0629a898dbe3/dataset.dat)
2026-09-16 20:56:36.449 - MemoryMapDatasetBackingStore_715f11db - INFO - Data file finalized: 100 conversations, 0.51 MB
2026-09-16 20:56:36.451 - MemoryMapDatasetBackingStore_715f11db - INFO - Index file created: /tmp/aiperf_mmap_b10233915b33494a95ee0629a898dbe3/index.dat
2026-09-16 20:56:36.452 - dataset_manager - INFO - Backing store finalized: client_type=DatasetClientStoreType.MEMORY_MAP format=MemoryMapFormat.CONVERSATION data_file_path=PosixPath('/tmp/aiperf_mmap_b10233915b33494a95ee0629a898dbe3/dataset.dat') index_file_path=PosixPath('/tmp/aiperf_mmap_b10233915b33494a95ee0629a898dbe3/index.dat') conversation_count=100 total_size_bytes=531044 compressed=False compressed_data_file_path=None compressed_index_file_path=None compressed_size_bytes=0
2026-09-16 20:56:36.454 - dataset_manager - INFO - sampling strategy: sequential, unique conversations: 100, unique turn count: 100
2026-09-16 20:56:36.455 - dataset_manager - INFO - Generating inputs.json file at /root/llm_perf/artifacts/20260916_195805_ibm-granite_granite-4.2-30b_c1,4,16,32,64,128/profile_runs/trial_0002/concurrency_128/inputs.json
2026-09-16 20:56:36.457 - PhaseOrchestrator_2bb69edd - INFO - Initialized 1 phase(s): ['Profiling']
2026-09-16 20:56:36.457 - system_controller - WARNING - Received command response for service we were not expecting: worker_2a04e9be. Ignoring.
2026-09-16 20:56:36.458 - system_controller - WARNING - Received command response for service we were not expecting: worker_2ada8b8d. Ignoring.
2026-09-16 20:56:36.458 - system_controller - WARNING - Received command response for service we were not expecting: worker_3e203477. Ignoring.
2026-09-16 20:56:36.459 - dataset_manager - INFO - inputs.json file generated in 0.00 seconds
2026-09-16 20:56:36.459 - system_controller - WARNING - Received command response for service we were not expecting: worker_96b06f93. Ignoring.
2026-09-16 20:56:36.522 - dataset_manager - INFO - Dataset client initialized and freed 100 conversations from memory
2026-09-16 20:56:36.523 - dataset_manager - INFO - Dataset configured in 0.41 seconds
2026-09-16 20:56:36.523 - system_controller - INFO - All services configured in 2.94 seconds
2026-09-16 20:56:36.524 - system_controller - INFO - AIPerf System is CONFIGURED
2026-09-16 20:56:36.525 - server_metrics_manager - INFO - Server Metrics: Started 1 collector(s) successfully
2026-09-16 20:56:36.525 - system_controller - INFO - All services started profiling successfully
2026-09-16 20:56:36.526 - system_controller - INFO - AIPerf System is PROFILING
2026-09-16 20:56:36.526 - RateTiming - INFO - Creating interval generator: pattern=concurrency_burst, rate=None, smoothness=None
2026-09-16 20:56:36.527 - PhaseRunner - NOTICE - Phase profiling (profiling) started | phase_index=0 | profiling_index=0 | target: 300.0s duration
2026-09-16 20:56:36.528 - PhaseRunner - INFO - Waiting for event 'profiling phase sending' with timeout of 299.99931484s
2026-09-16 20:56:36.528 - records_manager - INFO - Credit phase start: profiling
2026-09-16 21:01:36.527 - PhaseRunner - INFO - Timeout of 299.99931484s elapsed for event 'profiling phase sending'
2026-09-16 21:01:36.528 - PhaseRunner - NOTICE - Phase profiling (profiling) sending complete | sent=4,352, completed=4,224, in_flight=128 | sessions: sent=4,352, completed=4,224 | timeout_triggered=True
2026-09-16 21:01:36.528 - PhaseRunner - INFO - Waiting for event 'profiling phase credits returned' with timeout of 29.998397610999973s
2026-09-16 21:01:36.529 - records_manager - INFO - Sent 4,352 requests. Waiting for all to complete...
2026-09-16 21:01:43.591 - PhaseRunner - NOTICE - Phase profiling (profiling) complete | completed=4,352, cancelled=0, errors=0 | sessions: completed=4,352, cancelled=0 | elapsed=307.06s
2026-09-16 21:01:43.592 - PhaseOrchestrator_2bb69edd - NOTICE - All credits completed
2026-09-16 21:01:43.592 - system_controller - INFO - Received credits complete from 'timing_manager'
2026-09-16 21:01:43.592 - records_manager - INFO - Received CREDIT_PHASE_COMPLETE message, Phase complete: PhaseRecordsStats(phase=CreditPhase.PROFILING, phase_index=0, profiling_index=0, phase_name='profiling', phase_kind='profiling', start_ns=1789563396527321483, sent_end_ns=1789563696528058647, requests_end_ns=1789563703591114944, baseline_start_ns=1789563396527302443, baseline_end_ns=1789563703591123968, total_expected_requests=None, expected_duration_sec=None, expected_num_sessions=None, expected_grace_period_sec=None, final_requests_sent=None, final_requests_completed=4352, final_requests_cancelled=0, final_request_errors=0, final_sent_sessions=None, final_completed_sessions=None, final_cancelled_sessions=None, timeout_triggered=True, grace_period_timeout_triggered=False, was_cancelled=False, records_end_ns=None, success_records=4341, error_records=0)
2026-09-16 21:01:43.595 - records_manager - NOTICE - All requests have completed, please wait for the results to be processed (currently 4,341 of 4,352 records processed)...
2026-09-16 21:01:43.596 - records_manager - INFO - All credits complete, please wait for the results to be processed...
2026-09-16 21:01:43.624 - records_manager - INFO - Processed 4352 valid requests and 0 errors (4352 total).
2026-09-16 21:01:43.624 - records_manager - INFO - Received all records, processing now...
2026-09-16 21:01:43.625 - server_metrics_manager - INFO - Server Metrics: Profiling complete, capturing final metrics...
2026-09-16 21:01:43.625 - gpu_telemetry_manager - INFO - GPU Telemetry: Profiling complete, capturing final metrics...
2026-09-16 21:01:43.625 - records_manager - INFO - Waiting 2.0s for server metrics flush period...
2026-09-16 21:01:45.590 - records_manager - INFO - Processing records results...
2026-09-16 21:01:49.160 - system_controller - INFO - Waiting for result domains: server_metrics, telemetry
2026-09-16 21:01:49.161 - system_controller - INFO - Waiting for result domains: server_metrics
2026-09-16 21:01:49.494 - records_manager - INFO - _finalize_and_process_results completed
2026-09-16 21:01:49.498 - system_controller - INFO - All results received, initiating shutdown
2026-09-16 21:01:50.103 - ExporterManager - INFO - Exporting all records
2026-09-16 21:01:50.211 - ExporterManager - INFO - Exporting console data
