2026-09-16 16:59:55.861 - system_controller - INFO - Registered Worker Manager (id: 'worker_manager')
2026-09-16 16:59:55.872 - server_metrics_manager - INFO - Server Metrics: Discovered 1 endpoints: ['http://localhost:8000/metrics']
2026-09-16 16:59:55.894 - GPUTelemetryJSONLWriter_1099dc4a - INFO - GPU telemetry export enabled: /root/llm_perf/artifacts/20260916_160706_google_gemma-4-26B-A4B-it_c1,4,16,32,64,128/profile_runs/trial_0002/concurrency_64/gpu_telemetry_export.jsonl
2026-09-16 16:59:55.901 - OTelMetricsResultsProcessor_60fcb1d2 - INFO - Telemetry streaming is disabled (set --otel-url and/or --mlflow-tracking-uri to enable)
2026-09-16 16:59:55.902 - RecordExportJSONLWriter_a1d7264b - INFO - Record metrics export enabled: /root/llm_perf/artifacts/20260916_160706_google_gemma-4-26B-A4B-it_c1,4,16,32,64,128/profile_runs/trial_0002/concurrency_64/profile_export.jsonl
2026-09-16 16:59:55.985 - system_controller - INFO - Registered Gpu Telemetry Manager (id: 'gpu_telemetry_manager')
2026-09-16 16:59:55.988 - system_controller - INFO - Registered Dataset Manager (id: 'dataset_manager')
2026-09-16 16:59:55.988 - system_controller - INFO - Registered Record Processor (id: 'record_processor_da82697d')
2026-09-16 16:59:55.989 - system_controller - INFO - Registered Record Processor (id: 'record_processor_375be450')
2026-09-16 16:59:55.990 - system_controller - INFO - Registered Record Processor (id: 'record_processor_43728093')
2026-09-16 16:59:55.992 - system_controller - INFO - Registered Record Processor (id: 'record_processor_ed416b1b')
2026-09-16 16:59:55.995 - system_controller - INFO - Registered Record Processor (id: 'record_processor_662153ce')
2026-09-16 16:59:55.997 - system_controller - INFO - Registered Record Processor (id: 'record_processor_c39b1b73')
2026-09-16 16:59:55.999 - system_controller - INFO - Registered Server Metrics Manager (id: 'server_metrics_manager')
2026-09-16 16:59:56.000 - system_controller - INFO - Registered Record Processor (id: 'record_processor_112e4d43')
2026-09-16 16:59:56.000 - system_controller - INFO - Registered Record Processor (id: 'record_processor_54bb5680')
2026-09-16 16:59:56.025 - system_controller - INFO - Registered Records Manager (id: 'records_manager')
2026-09-16 16:59:56.084 - system_controller - INFO - Registered Timing Manager (id: 'timing_manager')
2026-09-16 16:59:56.100 - system_controller - INFO - Registered Worker (id: 'worker_398cf26e')
2026-09-16 16:59:56.127 - system_controller - INFO - Registered Worker (id: 'worker_c6520e50')
2026-09-16 16:59:56.128 - system_controller - INFO - Registered Worker (id: 'worker_de907b78')
2026-09-16 16:59:56.130 - system_controller - INFO - Registered Worker (id: 'worker_2677165a')
2026-09-16 16:59:56.131 - system_controller - INFO - Registered Worker (id: 'worker_01f89398')
2026-09-16 16:59:56.131 - system_controller - INFO - Registered Worker (id: 'worker_faa0fb75')
2026-09-16 16:59:56.132 - system_controller - INFO - Registered Worker (id: 'worker_c9a45525')
2026-09-16 16:59:56.132 - system_controller - INFO - Registered Worker (id: 'worker_ef64cba9')
2026-09-16 16:59:56.135 - system_controller - INFO - Registered Worker (id: 'worker_56d6ed6f')
2026-09-16 16:59:56.136 - system_controller - INFO - Registered Worker (id: 'worker_c5441374')
2026-09-16 16:59:56.137 - system_controller - INFO - Registered Worker (id: 'worker_4c290425')
2026-09-16 16:59:56.140 - system_controller - INFO - Registered Worker (id: 'worker_9d5f1d3b')
2026-09-16 16:59:56.141 - system_controller - INFO - Registered Worker (id: 'worker_42cc903c')
2026-09-16 16:59:56.143 - system_controller - INFO - Registered Worker (id: 'worker_6ba97f3b')
2026-09-16 16:59:56.146 - system_controller - INFO - Registered Worker (id: 'worker_0c513b49')
2026-09-16 16:59:56.151 - system_controller - INFO - Registered Worker (id: 'worker_75f83415')
2026-09-16 16:59:56.169 - system_controller - INFO - Registered Worker (id: 'worker_ca96c094')
2026-09-16 16:59:56.170 - system_controller - INFO - Registered Worker (id: 'worker_b1417aa8')
2026-09-16 16:59:56.170 - system_controller - INFO - Registered Worker (id: 'worker_60d3f1f0')
2026-09-16 16:59:56.171 - system_controller - INFO - Registered Worker (id: 'worker_c4ebe0dc')
2026-09-16 16:59:56.171 - system_controller - INFO - Registered Worker (id: 'worker_42e9e417')
2026-09-16 16:59:56.172 - system_controller - INFO - Registered Worker (id: 'worker_5874c7a8')
2026-09-16 16:59:56.177 - system_controller - INFO - Registered Worker (id: 'worker_bad5c0f4')
2026-09-16 16:59:56.178 - system_controller - INFO - Registered Worker (id: 'worker_3431b1df')
2026-09-16 16:59:56.179 - system_controller - INFO - Registered Worker (id: 'worker_008c5e09')
2026-09-16 16:59:56.231 - system_controller - INFO - Registered Worker (id: 'worker_5bf0d754')
2026-09-16 16:59:56.240 - system_controller - INFO - Registered Worker (id: 'worker_8464d8f2')
2026-09-16 16:59:56.241 - system_controller - INFO - Registered Worker (id: 'worker_dcfb09eb')
2026-09-16 16:59:56.250 - system_controller - INFO - Registered Worker (id: 'worker_9828c060')
2026-09-16 16:59:56.251 - system_controller - INFO - Registered Worker (id: 'worker_19e4d391')
2026-09-16 16:59:56.267 - system_controller - INFO - Registered Worker (id: 'worker_f59f6a56')
2026-09-16 16:59:56.271 - system_controller - INFO - Registered Worker (id: 'worker_dd9ce952')
2026-09-16 16:59:56.357 - system_controller - INFO - AIPerf System is CONFIGURING
2026-09-16 16:59:56.357 - system_controller - INFO - Configuring all services to start profiling
2026-09-16 16:59:56.358 - timing_manager - INFO - Waiting for dataset to be configured before configuring timing
2026-09-16 16:59:56.358 - InferenceResultParser_6d89b08e - INFO - Tokenization is disabled for this endpoint, skipping tokenizer configuration
2026-09-16 16:59:56.358 - InferenceResultParser_07c77fdd - INFO - Tokenization is disabled for this endpoint, skipping tokenizer configuration
2026-09-16 16:59:56.358 - InferenceResultParser_015fc9d4 - INFO - Tokenization is disabled for this endpoint, skipping tokenizer configuration
2026-09-16 16:59:56.358 - InferenceResultParser_aac2bdba - INFO - Tokenization is disabled for this endpoint, skipping tokenizer configuration
2026-09-16 16:59:56.358 - InferenceResultParser_26ae6fba - INFO - Tokenization is disabled for this endpoint, skipping tokenizer configuration
2026-09-16 16:59:56.358 - InferenceResultParser_61162fd7 - INFO - Tokenization is disabled for this endpoint, skipping tokenizer configuration
2026-09-16 16:59:56.358 - InferenceResultParser_e8fbb815 - INFO - Tokenization is disabled for this endpoint, skipping tokenizer configuration
2026-09-16 16:59:56.358 - InferenceResultParser_e9f69af7 - INFO - Tokenization is disabled for this endpoint, skipping tokenizer configuration
2026-09-16 16:59:56.358 - dataset_manager - INFO - Configuring tokenizer(s) for dataset manager
2026-09-16 16:59:56.366 - server_metrics_manager - INFO - Server Metrics: Capturing baseline metrics...
2026-09-16 16:59:56.369 - gpu_telemetry_manager - INFO - GPU Telemetry: Capturing baseline metrics from pynvml://localhost
2026-09-16 16:59:56.377 - pynvml_collector - INFO - PyNVML initialized with 1 GPU(s) (1 with GPM support)
2026-09-16 16:59:56.380 - http://localhost:8000/metrics - INFO - Skipping unsupported summary metric: http_request_size_bytes
2026-09-16 16:59:56.380 - http://localhost:8000/metrics - INFO - Skipping unsupported summary metric: http_response_size_bytes
2026-09-16 16:59:56.382 - system_controller - INFO - Server metrics enabled - 1/1 endpoint(s) reachable.
2026-09-16 16:59:56.382 - system_controller - INFO - Waiting for result domains: profile, server_metrics, telemetry
2026-09-16 16:59:56.387 - system_controller - INFO - DCGM telemetry enabled - 1/1 endpoint(s) reachable
2026-09-16 16:59:57.509 - httpx - INFO - HTTP Request: HEAD https://huggingface.co/google/gemma-4-26B-A4B-it/resolve/main/config.json "HTTP/1.1 307 Temporary Redirect"
2026-09-16 16:59:57.515 - httpx - INFO - HTTP Request: HEAD https://huggingface.co/api/resolve-cache/models/google/gemma-4-26B-A4B-it/4d7ae4984b7db7de8f8457170b3f1a419ee76d52/config.json?%2Fgoogle%2Fgemma-4-26B-A4B-it%2Fresolve%2Fmain%2Fconfig.json=&etag=%22f42adcca257bb0865c506947671e7d0af52ac9c4%22 "HTTP/1.1 200 OK"
2026-09-16 16:59:57.719 - httpx - INFO - HTTP Request: HEAD https://huggingface.co/google/gemma-4-26B-A4B-it/resolve/main/tokenizer_config.json "HTTP/1.1 307 Temporary Redirect"
2026-09-16 16:59:57.725 - httpx - INFO - HTTP Request: HEAD https://huggingface.co/api/resolve-cache/models/google/gemma-4-26B-A4B-it/4d7ae4984b7db7de8f8457170b3f1a419ee76d52/tokenizer_config.json?%2Fgoogle%2Fgemma-4-26B-A4B-it%2Fresolve%2Fmain%2Ftokenizer_config.json=&etag=%226068e357379d36f823c377e30efb101fa2c67fe4%22 "HTTP/1.1 200 OK"
2026-09-16 16:59:57.928 - httpx - INFO - HTTP Request: GET https://huggingface.co/api/models/google/gemma-4-26B-A4B-it/tree/main/additional_chat_templates?recursive=false&expand=false "HTTP/1.1 404 Not Found"
2026-09-16 16:59:58.133 - httpx - INFO - HTTP Request: GET https://huggingface.co/api/models/google/gemma-4-26B-A4B-it/tree/main?recursive=true&expand=false "HTTP/1.1 200 OK"
2026-09-16 16:59:59.299 - httpx - INFO - HTTP Request: GET https://huggingface.co/api/models/google/gemma-4-26B-A4B-it "HTTP/1.1 200 OK"
2026-09-16 16:59:59.334 - dataset_manager - INFO - Tokenizer(s) configured in 2.97 seconds
2026-09-16 16:59:59.335 - dataset_manager - INFO - Configuring dataset for dataset_manager
2026-09-16 16:59:59.640 - MemoryMapDatasetBackingStore_1be02861 - INFO - Memory-mapped backing store initialized (streaming to /tmp/aiperf_mmap_51303de60ded441eb9a44255221da532/dataset.dat)
2026-09-16 16:59:59.646 - MemoryMapDatasetBackingStore_1be02861 - INFO - Data file finalized: 100 conversations, 0.52 MB
2026-09-16 16:59:59.647 - MemoryMapDatasetBackingStore_1be02861 - INFO - Index file created: /tmp/aiperf_mmap_51303de60ded441eb9a44255221da532/index.dat
2026-09-16 16:59:59.647 - dataset_manager - INFO - Backing store finalized: client_type=DatasetClientStoreType.MEMORY_MAP format=MemoryMapFormat.CONVERSATION data_file_path=PosixPath('/tmp/aiperf_mmap_51303de60ded441eb9a44255221da532/dataset.dat') index_file_path=PosixPath('/tmp/aiperf_mmap_51303de60ded441eb9a44255221da532/index.dat') conversation_count=100 total_size_bytes=550002 compressed=False compressed_data_file_path=None compressed_index_file_path=None compressed_size_bytes=0
2026-09-16 16:59:59.649 - dataset_manager - INFO - sampling strategy: sequential, unique conversations: 100, unique turn count: 100
2026-09-16 16:59:59.650 - dataset_manager - INFO - Generating inputs.json file at /root/llm_perf/artifacts/20260916_160706_google_gemma-4-26B-A4B-it_c1,4,16,32,64,128/profile_runs/trial_0002/concurrency_64/inputs.json
2026-09-16 16:59:59.652 - PhaseOrchestrator_80de3091 - INFO - Initialized 1 phase(s): ['Profiling']
2026-09-16 16:59:59.653 - dataset_manager - INFO - inputs.json file generated in 0.00 seconds
2026-09-16 16:59:59.730 - dataset_manager - INFO - Dataset client initialized and freed 100 conversations from memory
2026-09-16 16:59:59.730 - dataset_manager - INFO - Dataset configured in 0.40 seconds
2026-09-16 16:59:59.731 - system_controller - INFO - All services configured in 3.37 seconds
2026-09-16 16:59:59.732 - system_controller - INFO - AIPerf System is CONFIGURED
2026-09-16 16:59:59.733 - server_metrics_manager - INFO - Server Metrics: Started 1 collector(s) successfully
2026-09-16 16:59:59.733 - system_controller - INFO - All services started profiling successfully
2026-09-16 16:59:59.734 - system_controller - INFO - AIPerf System is PROFILING
2026-09-16 16:59:59.734 - RateTiming - INFO - Creating interval generator: pattern=concurrency_burst, rate=None, smoothness=None
2026-09-16 16:59:59.735 - PhaseRunner - NOTICE - Phase profiling (profiling) started | phase_index=0 | profiling_index=0 | target: 300.0s duration
2026-09-16 16:59:59.736 - PhaseRunner - INFO - Waiting for event 'profiling phase sending' with timeout of 299.999288516s
2026-09-16 16:59:59.736 - records_manager - INFO - Credit phase start: profiling
2026-09-16 17:04:59.735 - PhaseRunner - INFO - Timeout of 299.999288516s elapsed for event 'profiling phase sending'
2026-09-16 17:04:59.736 - PhaseRunner - NOTICE - Phase profiling (profiling) sending complete | sent=2,944, completed=2,880, in_flight=64 | sessions: sent=2,944, completed=2,880 | timeout_triggered=True
2026-09-16 17:04:59.736 - PhaseRunner - INFO - Waiting for event 'profiling phase credits returned' with timeout of 29.998660502999996s
2026-09-16 17:04:59.737 - records_manager - INFO - Sent 2,944 requests. Waiting for all to complete...
2026-09-16 17:05:01.045 - PhaseRunner - NOTICE - Phase profiling (profiling) complete | completed=2,944, cancelled=0, errors=0 | sessions: completed=2,944, cancelled=0 | elapsed=301.31s
2026-09-16 17:05:01.046 - PhaseOrchestrator_80de3091 - NOTICE - All credits completed
2026-09-16 17:05:01.047 - system_controller - INFO - Received credits complete from 'timing_manager'
2026-09-16 17:05:01.052 - records_manager - INFO - Received CREDIT_PHASE_COMPLETE message, Phase complete: PhaseRecordsStats(phase=CreditPhase.PROFILING, phase_index=0, profiling_index=0, phase_name='profiling', phase_kind='profiling', start_ns=1789549199735543895, sent_end_ns=1789549499736061985, requests_end_ns=1789549501045442974, baseline_start_ns=1789549199735532119, baseline_end_ns=1789549501045450590, total_expected_requests=None, expected_duration_sec=None, expected_num_sessions=None, expected_grace_period_sec=None, final_requests_sent=None, final_requests_completed=2944, final_requests_cancelled=0, final_request_errors=0, final_sent_sessions=None, final_completed_sessions=None, final_cancelled_sessions=None, timeout_triggered=True, grace_period_timeout_triggered=False, was_cancelled=False, records_end_ns=None, success_records=2913, error_records=0)
2026-09-16 17:05:01.054 - records_manager - NOTICE - All requests have completed, please wait for the results to be processed (currently 2,913 of 2,944 records processed)...
2026-09-16 17:05:01.055 - records_manager - INFO - All credits complete, please wait for the results to be processed...
2026-09-16 17:05:01.061 - records_manager - INFO - Processed 2944 valid requests and 0 errors (2944 total).
2026-09-16 17:05:01.062 - records_manager - INFO - Received all records, processing now...
2026-09-16 17:05:01.062 - server_metrics_manager - INFO - Server Metrics: Profiling complete, capturing final metrics...
2026-09-16 17:05:01.062 - gpu_telemetry_manager - INFO - GPU Telemetry: Profiling complete, capturing final metrics...
2026-09-16 17:05:01.063 - records_manager - INFO - Waiting 2.0s for server metrics flush period...
2026-09-16 17:05:03.046 - records_manager - INFO - Processing records results...
2026-09-16 17:05:03.985 - system_controller - INFO - Waiting for result domains: server_metrics, telemetry
2026-09-16 17:05:03.986 - system_controller - INFO - Waiting for result domains: server_metrics
2026-09-16 17:05:04.321 - records_manager - INFO - _finalize_and_process_results completed
2026-09-16 17:05:04.326 - system_controller - INFO - All results received, initiating shutdown
2026-09-16 17:05:04.957 - ExporterManager - INFO - Exporting all records
2026-09-16 17:05:05.067 - ExporterManager - INFO - Exporting console data
