2026-09-16 22:56:57.006 - system_controller - INFO - Registered Worker Manager (id: 'worker_manager')
2026-09-16 22:56:57.016 - server_metrics_manager - INFO - Server Metrics: Discovered 1 endpoints: ['http://localhost:8000/metrics']
2026-09-16 22:56:57.038 - GPUTelemetryJSONLWriter_7018cfcc - INFO - GPU telemetry export enabled: /root/llm_perf/artifacts/20260916_223047_nvidia_NVIDIA-Nemotron-3-Super-120B-A12B-NVFP4_c1,4,16,32,64,128/profile_runs/trial_0001/concurrency_128/gpu_telemetry_export.jsonl
2026-09-16 22:56:57.045 - OTelMetricsResultsProcessor_2e61bbcc - INFO - Telemetry streaming is disabled (set --otel-url and/or --mlflow-tracking-uri to enable)
2026-09-16 22:56:57.047 - RecordExportJSONLWriter_78121cd6 - INFO - Record metrics export enabled: /root/llm_perf/artifacts/20260916_223047_nvidia_NVIDIA-Nemotron-3-Super-120B-A12B-NVFP4_c1,4,16,32,64,128/profile_runs/trial_0001/concurrency_128/profile_export.jsonl
2026-09-16 22:56:57.125 - system_controller - INFO - Registered Records Manager (id: 'records_manager')
2026-09-16 22:56:57.127 - system_controller - INFO - Registered Gpu Telemetry Manager (id: 'gpu_telemetry_manager')
2026-09-16 22:56:57.130 - system_controller - INFO - Registered Record Processor (id: 'record_processor_96d7a472')
2026-09-16 22:56:57.131 - system_controller - INFO - Registered Dataset Manager (id: 'dataset_manager')
2026-09-16 22:56:57.132 - system_controller - INFO - Registered Record Processor (id: 'record_processor_702bf608')
2026-09-16 22:56:57.135 - system_controller - INFO - Registered Record Processor (id: 'record_processor_a88d569a')
2026-09-16 22:56:57.137 - system_controller - INFO - Registered Record Processor (id: 'record_processor_9cd26318')
2026-09-16 22:56:57.138 - system_controller - INFO - Registered Server Metrics Manager (id: 'server_metrics_manager')
2026-09-16 22:56:57.138 - system_controller - INFO - Registered Record Processor (id: 'record_processor_8a6082dc')
2026-09-16 22:56:57.139 - system_controller - INFO - Registered Record Processor (id: 'record_processor_dfdb2e35')
2026-09-16 22:56:57.142 - system_controller - INFO - Registered Record Processor (id: 'record_processor_c9f52aa3')
2026-09-16 22:56:57.143 - system_controller - INFO - Registered Record Processor (id: 'record_processor_2102c48a')
2026-09-16 22:56:57.230 - system_controller - INFO - Registered Timing Manager (id: 'timing_manager')
2026-09-16 22:56:57.250 - system_controller - INFO - Registered Worker (id: 'worker_805a4d4c')
2026-09-16 22:56:57.259 - system_controller - INFO - Registered Worker (id: 'worker_ec50d7ee')
2026-09-16 22:56:57.260 - system_controller - INFO - Registered Worker (id: 'worker_d9fb5a6d')
2026-09-16 22:56:57.261 - system_controller - INFO - Registered Worker (id: 'worker_f0755b16')
2026-09-16 22:56:57.261 - system_controller - INFO - Registered Worker (id: 'worker_92aaccd6')
2026-09-16 22:56:57.271 - system_controller - INFO - Registered Worker (id: 'worker_fcdf540d')
2026-09-16 22:56:57.272 - system_controller - INFO - Registered Worker (id: 'worker_3971e170')
2026-09-16 22:56:57.272 - system_controller - INFO - Registered Worker (id: 'worker_2fbb536f')
2026-09-16 22:56:57.274 - system_controller - INFO - Registered Worker (id: 'worker_22c91fd0')
2026-09-16 22:56:57.275 - system_controller - INFO - Registered Worker (id: 'worker_34c16c65')
2026-09-16 22:56:57.278 - system_controller - INFO - Registered Worker (id: 'worker_22d83108')
2026-09-16 22:56:57.278 - system_controller - INFO - Registered Worker (id: 'worker_003b4d2c')
2026-09-16 22:56:57.281 - system_controller - INFO - Registered Worker (id: 'worker_00b911a4')
2026-09-16 22:56:57.283 - system_controller - INFO - Registered Worker (id: 'worker_e02fa1c5')
2026-09-16 22:56:57.286 - system_controller - INFO - Registered Worker (id: 'worker_c5742e1b')
2026-09-16 22:56:57.293 - system_controller - INFO - Registered Worker (id: 'worker_7957819b')
2026-09-16 22:56:57.293 - system_controller - INFO - Registered Worker (id: 'worker_52d3a73d')
2026-09-16 22:56:57.295 - system_controller - INFO - Registered Worker (id: 'worker_5d450398')
2026-09-16 22:56:57.321 - system_controller - INFO - Registered Worker (id: 'worker_e46814f4')
2026-09-16 22:56:57.329 - system_controller - INFO - Registered Worker (id: 'worker_b5b42b96')
2026-09-16 22:56:57.382 - system_controller - INFO - Registered Worker (id: 'worker_e217f939')
2026-09-16 22:56:57.389 - system_controller - INFO - Registered Worker (id: 'worker_7ad000b1')
2026-09-16 22:56:57.391 - system_controller - INFO - Registered Worker (id: 'worker_af203e6a')
2026-09-16 22:56:57.397 - system_controller - INFO - Registered Worker (id: 'worker_53c81cc6')
2026-09-16 22:56:57.412 - system_controller - INFO - Registered Worker (id: 'worker_a4be3dd5')
2026-09-16 22:56:57.412 - system_controller - INFO - Registered Worker (id: 'worker_045d4499')
2026-09-16 22:56:57.413 - system_controller - INFO - Registered Worker (id: 'worker_70b655fd')
2026-09-16 22:56:57.417 - system_controller - INFO - Registered Worker (id: 'worker_6464fe17')
2026-09-16 22:56:57.417 - system_controller - INFO - Registered Worker (id: 'worker_4a3ec08e')
2026-09-16 22:56:57.417 - system_controller - INFO - Registered Worker (id: 'worker_732d9b7a')
2026-09-16 22:56:57.419 - system_controller - INFO - Registered Worker (id: 'worker_c13f43a5')
2026-09-16 22:56:57.419 - system_controller - INFO - Registered Worker (id: 'worker_3f7f8e07')
2026-09-16 22:56:57.502 - system_controller - INFO - AIPerf System is CONFIGURING
2026-09-16 22:56:57.502 - system_controller - INFO - Configuring all services to start profiling
2026-09-16 22:56:57.503 - timing_manager - INFO - Waiting for dataset to be configured before configuring timing
2026-09-16 22:56:57.503 - InferenceResultParser_dfac0518 - INFO - Tokenization is disabled for this endpoint, skipping tokenizer configuration
2026-09-16 22:56:57.503 - InferenceResultParser_d56fe6eb - INFO - Tokenization is disabled for this endpoint, skipping tokenizer configuration
2026-09-16 22:56:57.503 - InferenceResultParser_6f8f0fa4 - INFO - Tokenization is disabled for this endpoint, skipping tokenizer configuration
2026-09-16 22:56:57.503 - InferenceResultParser_d62b6690 - INFO - Tokenization is disabled for this endpoint, skipping tokenizer configuration
2026-09-16 22:56:57.503 - InferenceResultParser_96e5cfb9 - INFO - Tokenization is disabled for this endpoint, skipping tokenizer configuration
2026-09-16 22:56:57.503 - InferenceResultParser_4e257b05 - INFO - Tokenization is disabled for this endpoint, skipping tokenizer configuration
2026-09-16 22:56:57.503 - InferenceResultParser_d55c1b85 - INFO - Tokenization is disabled for this endpoint, skipping tokenizer configuration
2026-09-16 22:56:57.503 - InferenceResultParser_76d50326 - INFO - Tokenization is disabled for this endpoint, skipping tokenizer configuration
2026-09-16 22:56:57.504 - dataset_manager - INFO - Configuring tokenizer(s) for dataset manager
2026-09-16 22:56:57.511 - server_metrics_manager - INFO - Server Metrics: Capturing baseline metrics...
2026-09-16 22:56:57.514 - gpu_telemetry_manager - INFO - GPU Telemetry: Capturing baseline metrics from pynvml://localhost
2026-09-16 22:56:57.522 - pynvml_collector - INFO - PyNVML initialized with 1 GPU(s) (1 with GPM support)
2026-09-16 22:56:57.525 - http://localhost:8000/metrics - INFO - Skipping unsupported summary metric: http_request_size_bytes
2026-09-16 22:56:57.525 - http://localhost:8000/metrics - INFO - Skipping unsupported summary metric: http_response_size_bytes
2026-09-16 22:56:57.526 - system_controller - INFO - Server metrics enabled - 1/1 endpoint(s) reachable.
2026-09-16 22:56:57.527 - system_controller - INFO - Waiting for result domains: profile, server_metrics, telemetry
2026-09-16 22:56:57.533 - system_controller - INFO - DCGM telemetry enabled - 1/1 endpoint(s) reachable
2026-09-16 22:56:58.664 - httpx - INFO - HTTP Request: HEAD https://huggingface.co/nvidia/NVIDIA-Nemotron-3-Super-120B-A12B-NVFP4/resolve/main/config.json "HTTP/1.1 307 Temporary Redirect"
2026-09-16 22:56:58.670 - httpx - INFO - HTTP Request: HEAD https://huggingface.co/api/resolve-cache/models/nvidia/NVIDIA-Nemotron-3-Super-120B-A12B-NVFP4/ff433f5493e25d631c9f12b5d55c674229923d02/config.json?%2Fnvidia%2FNVIDIA-Nemotron-3-Super-120B-A12B-NVFP4%2Fresolve%2Fmain%2Fconfig.json=&etag=%2225fdfa00f468ad953fc5516aeab78a128332da1a%22 "HTTP/1.1 200 OK"
2026-09-16 22:56:59.351 - httpx - INFO - HTTP Request: HEAD https://huggingface.co/nvidia/NVIDIA-Nemotron-3-Super-120B-A12B-NVFP4/resolve/main/tokenizer_config.json "HTTP/1.1 307 Temporary Redirect"
2026-09-16 22:56:59.357 - httpx - INFO - HTTP Request: HEAD https://huggingface.co/api/resolve-cache/models/nvidia/NVIDIA-Nemotron-3-Super-120B-A12B-NVFP4/ff433f5493e25d631c9f12b5d55c674229923d02/tokenizer_config.json?%2Fnvidia%2FNVIDIA-Nemotron-3-Super-120B-A12B-NVFP4%2Fresolve%2Fmain%2Ftokenizer_config.json=&etag=%22c96e5ad00986bfa0b666d4bc425666f1c51d6d1b%22 "HTTP/1.1 200 OK"
2026-09-16 22:56:59.559 - httpx - INFO - HTTP Request: GET https://huggingface.co/api/models/nvidia/NVIDIA-Nemotron-3-Super-120B-A12B-NVFP4/tree/main/additional_chat_templates?recursive=false&expand=false "HTTP/1.1 404 Not Found"
2026-09-16 22:56:59.765 - httpx - INFO - HTTP Request: GET https://huggingface.co/api/models/nvidia/NVIDIA-Nemotron-3-Super-120B-A12B-NVFP4/tree/main?recursive=true&expand=false "HTTP/1.1 200 OK"
2026-09-16 22:57:00.766 - httpx - INFO - HTTP Request: GET https://huggingface.co/api/models/nvidia/NVIDIA-Nemotron-3-Super-120B-A12B-NVFP4 "HTTP/1.1 200 OK"
2026-09-16 22:57:01.020 - dataset_manager - INFO - Tokenizer(s) configured in 3.52 seconds
2026-09-16 22:57:01.021 - dataset_manager - INFO - Configuring dataset for dataset_manager
2026-09-16 22:57:01.320 - MemoryMapDatasetBackingStore_9a385e95 - INFO - Memory-mapped backing store initialized (streaming to /tmp/aiperf_mmap_4f6fcbb215c64695a63d852c152a333d/dataset.dat)
2026-09-16 22:57:01.326 - MemoryMapDatasetBackingStore_9a385e95 - INFO - Data file finalized: 100 conversations, 0.50 MB
2026-09-16 22:57:01.328 - MemoryMapDatasetBackingStore_9a385e95 - INFO - Index file created: /tmp/aiperf_mmap_4f6fcbb215c64695a63d852c152a333d/index.dat
2026-09-16 22:57:01.328 - dataset_manager - INFO - Backing store finalized: client_type=DatasetClientStoreType.MEMORY_MAP format=MemoryMapFormat.CONVERSATION data_file_path=PosixPath('/tmp/aiperf_mmap_4f6fcbb215c64695a63d852c152a333d/dataset.dat') index_file_path=PosixPath('/tmp/aiperf_mmap_4f6fcbb215c64695a63d852c152a333d/index.dat') conversation_count=100 total_size_bytes=520224 compressed=False compressed_data_file_path=None compressed_index_file_path=None compressed_size_bytes=0
2026-09-16 22:57:01.330 - dataset_manager - INFO - sampling strategy: sequential, unique conversations: 100, unique turn count: 100
2026-09-16 22:57:01.331 - dataset_manager - INFO - Generating inputs.json file at /root/llm_perf/artifacts/20260916_223047_nvidia_NVIDIA-Nemotron-3-Super-120B-A12B-NVFP4_c1,4,16,32,64,128/profile_runs/trial_0001/concurrency_128/inputs.json
2026-09-16 22:57:01.333 - PhaseOrchestrator_11f2fd1e - INFO - Initialized 1 phase(s): ['Profiling']
2026-09-16 22:57:01.336 - dataset_manager - INFO - inputs.json file generated in 0.00 seconds
2026-09-16 22:57:01.401 - dataset_manager - INFO - Dataset client initialized and freed 100 conversations from memory
2026-09-16 22:57:01.401 - dataset_manager - INFO - Dataset configured in 0.38 seconds
2026-09-16 22:57:01.402 - system_controller - INFO - All services configured in 3.90 seconds
2026-09-16 22:57:01.403 - system_controller - INFO - AIPerf System is CONFIGURED
2026-09-16 22:57:01.403 - server_metrics_manager - INFO - Server Metrics: Started 1 collector(s) successfully
2026-09-16 22:57:01.404 - system_controller - INFO - All services started profiling successfully
2026-09-16 22:57:01.405 - system_controller - INFO - AIPerf System is PROFILING
2026-09-16 22:57:01.405 - RateTiming - INFO - Creating interval generator: pattern=concurrency_burst, rate=None, smoothness=None
2026-09-16 22:57:01.406 - PhaseRunner - NOTICE - Phase profiling (profiling) started | phase_index=0 | profiling_index=0 | target: 300.0s duration
2026-09-16 22:57:01.406 - PhaseRunner - INFO - Waiting for event 'profiling phase sending' with timeout of 299.999283354s
2026-09-16 22:57:01.407 - records_manager - INFO - Credit phase start: profiling
2026-09-16 23:02:01.407 - PhaseRunner - INFO - Timeout of 299.999283354s elapsed for event 'profiling phase sending'
2026-09-16 23:02:01.408 - PhaseRunner - NOTICE - Phase profiling (profiling) sending complete | sent=2,648, completed=2,520, in_flight=128 | sessions: sent=2,648, completed=2,520 | timeout_triggered=True
2026-09-16 23:02:01.408 - PhaseRunner - INFO - Waiting for event 'profiling phase credits returned' with timeout of 29.99729547300001s
2026-09-16 23:02:01.409 - records_manager - INFO - Sent 2,648 requests. Waiting for all to complete...
2026-09-16 23:02:10.207 - PhaseRunner - NOTICE - Phase profiling (profiling) complete | completed=2,648, cancelled=0, errors=0 | sessions: completed=2,648, cancelled=0 | elapsed=308.80s
2026-09-16 23:02:10.208 - PhaseOrchestrator_11f2fd1e - NOTICE - All credits completed
2026-09-16 23:02:10.209 - system_controller - INFO - Received credits complete from 'timing_manager'
2026-09-16 23:02:10.208 - records_manager - INFO - Received CREDIT_PHASE_COMPLETE message, Phase complete: PhaseRecordsStats(phase=CreditPhase.PROFILING, phase_index=0, profiling_index=0, phase_name='profiling', phase_kind='profiling', start_ns=1789570621406214486, sent_end_ns=1789570921408082110, requests_end_ns=1789570930207477871, baseline_start_ns=1789570621406199638, baseline_end_ns=1789570930207488399, total_expected_requests=None, expected_duration_sec=None, expected_num_sessions=None, expected_grace_period_sec=None, final_requests_sent=None, final_requests_completed=2648, final_requests_cancelled=0, final_request_errors=0, final_sent_sessions=None, final_completed_sessions=None, final_cancelled_sessions=None, timeout_triggered=True, grace_period_timeout_triggered=False, was_cancelled=False, records_end_ns=None, success_records=2647, error_records=0)
2026-09-16 23:02:10.211 - records_manager - NOTICE - All requests have completed, please wait for the results to be processed (currently 2,647 of 2,648 records processed)...
2026-09-16 23:02:10.211 - records_manager - INFO - All credits complete, please wait for the results to be processed...
2026-09-16 23:02:10.212 - records_manager - INFO - Processed 2648 valid requests and 0 errors (2648 total).
2026-09-16 23:02:10.213 - records_manager - INFO - Received all records, processing now...
2026-09-16 23:02:10.214 - gpu_telemetry_manager - INFO - GPU Telemetry: Profiling complete, capturing final metrics...
2026-09-16 23:02:10.214 - records_manager - INFO - Waiting 2.0s for server metrics flush period...
2026-09-16 23:02:10.218 - server_metrics_manager - INFO - Server Metrics: Profiling complete, capturing final metrics...
2026-09-16 23:02:12.207 - records_manager - INFO - Processing records results...
2026-09-16 23:02:14.086 - system_controller - INFO - Waiting for result domains: server_metrics, telemetry
2026-09-16 23:02:14.095 - system_controller - INFO - Waiting for result domains: server_metrics
2026-09-16 23:02:14.403 - records_manager - INFO - _finalize_and_process_results completed
2026-09-16 23:02:14.408 - system_controller - INFO - All results received, initiating shutdown
2026-09-16 23:02:15.012 - ExporterManager - INFO - Exporting all records
2026-09-16 23:02:15.110 - ExporterManager - INFO - Exporting console data
