2026-09-16 17:17:17.160 - aiperf.cli_runner._multi_run - INFO - ================================================================================
2026-09-16 17:17:17.162 - aiperf.cli_runner._multi_run - INFO - Starting Multi-Run Benchmark
2026-09-16 17:17:17.163 - aiperf.cli_runner._multi_run - INFO -   Configurations: 7
2026-09-16 17:17:17.163 - aiperf.cli_runner._multi_run - INFO -   Trials per config: 2
2026-09-16 17:17:17.163 - aiperf.cli_runner._multi_run - INFO -   Total runs: 14
2026-09-16 17:17:17.164 - aiperf.cli_runner._multi_run - INFO -   Confidence level: 95%
2026-09-16 17:17:17.164 - aiperf.cli_runner._multi_run - INFO -   Cooldown between runs: 60.0s
2026-09-16 17:17:17.164 - aiperf.cli_runner._multi_run - INFO - ================================================================================
2026-09-16 17:17:17.165 - aiperf.cli_runner._multi_run - INFO -   Estimated duration: 5400s
2026-09-16 17:17:17.166 - aiperf.orchestrator.orchestrator - INFO - Starting multi-run benchmark (repeated): 2 trials x 7 variations
2026-09-16 17:17:17.167 - aiperf.orchestrator.orchestrator - INFO - [v0 t0] Executing run_0001...
2026-09-16 17:17:17.944 - aiperf.cli_runner._single_run - INFO - Starting AIPerf System
2026-09-16 17:17:18.291 - httpx - INFO - HTTP Request: GET https://huggingface.co/api/models/google/gemma-4-E4B-it "HTTP/1.1 200 OK"
2026-09-16 17:17:18.296 - aiperf.config.resolution.resolvers - INFO - [OK] Tokenizer google/gemma-4-E4B-it detected
2026-09-16 17:17:18.296 - aiperf.config.resolution.resolvers - INFO - 1 tokenizer validated | 0.3s
2026-09-16 17:17:18.297 - aiperf.config.resolution.resolvers - INFO - Prefetching 1 tokenizer into HF cache...
2026-09-16 17:17:19.332 - httpx - INFO - HTTP Request: HEAD https://huggingface.co/google/gemma-4-E4B-it/resolve/main/config.json "HTTP/1.1 307 Temporary Redirect"
2026-09-16 17:17:19.534 - httpx - INFO - HTTP Request: HEAD https://huggingface.co/api/resolve-cache/models/google/gemma-4-E4B-it/ee0ef6023621cff504d758262d4e04895a5af4a2/config.json?%2Fgoogle%2Fgemma-4-E4B-it%2Fresolve%2Fmain%2Fconfig.json=&etag=%22d68960fdcce766f2bfe41436325a8a483a74d125%22 "HTTP/1.1 200 OK"
2026-09-16 17:17:19.733 - httpx - INFO - HTTP Request: GET https://huggingface.co/api/resolve-cache/models/google/gemma-4-E4B-it/ee0ef6023621cff504d758262d4e04895a5af4a2/config.json?%2Fgoogle%2Fgemma-4-E4B-it%2Fresolve%2Fmain%2Fconfig.json=&etag=%22d68960fdcce766f2bfe41436325a8a483a74d125%22 "HTTP/1.1 200 OK"
2026-09-16 17:17:19.952 - httpx - INFO - HTTP Request: HEAD https://huggingface.co/google/gemma-4-E4B-it/resolve/main/tokenizer_config.json "HTTP/1.1 307 Temporary Redirect"
2026-09-16 17:17:20.215 - httpx - INFO - HTTP Request: HEAD https://huggingface.co/api/resolve-cache/models/google/gemma-4-E4B-it/ee0ef6023621cff504d758262d4e04895a5af4a2/tokenizer_config.json?%2Fgoogle%2Fgemma-4-E4B-it%2Fresolve%2Fmain%2Ftokenizer_config.json=&etag=%226068e357379d36f823c377e30efb101fa2c67fe4%22 "HTTP/1.1 200 OK"
2026-09-16 17:17:20.418 - httpx - INFO - HTTP Request: GET https://huggingface.co/api/resolve-cache/models/google/gemma-4-E4B-it/ee0ef6023621cff504d758262d4e04895a5af4a2/tokenizer_config.json?%2Fgoogle%2Fgemma-4-E4B-it%2Fresolve%2Fmain%2Ftokenizer_config.json=&etag=%226068e357379d36f823c377e30efb101fa2c67fe4%22 "HTTP/1.1 200 OK"
2026-09-16 17:17:20.617 - httpx - INFO - HTTP Request: GET https://huggingface.co/api/models/google/gemma-4-E4B-it/tree/main/additional_chat_templates?recursive=false&expand=false "HTTP/1.1 404 Not Found"
2026-09-16 17:17:20.815 - httpx - INFO - HTTP Request: GET https://huggingface.co/api/models/google/gemma-4-E4B-it/tree/main?recursive=true&expand=false "HTTP/1.1 200 OK"
2026-09-16 17:17:21.032 - httpx - INFO - HTTP Request: HEAD https://huggingface.co/google/gemma-4-E4B-it/resolve/main/tokenizer.json "HTTP/1.1 302 Found"
2026-09-16 17:17:21.232 - httpx - INFO - HTTP Request: GET https://huggingface.co/api/models/google/gemma-4-E4B-it/xet-read-token/ee0ef6023621cff504d758262d4e04895a5af4a2 "HTTP/1.1 200 OK"
2026-09-16 17:17:23.314 - httpx - INFO - HTTP Request: HEAD https://huggingface.co/google/gemma-4-E4B-it/resolve/main/added_tokens.json "HTTP/1.1 404 Not Found"
2026-09-16 17:17:23.515 - httpx - INFO - HTTP Request: HEAD https://huggingface.co/google/gemma-4-E4B-it/resolve/main/special_tokens_map.json "HTTP/1.1 404 Not Found"
2026-09-16 17:17:23.712 - httpx - INFO - HTTP Request: HEAD https://huggingface.co/google/gemma-4-E4B-it/resolve/main/chat_template.jinja "HTTP/1.1 307 Temporary Redirect"
2026-09-16 17:17:23.913 - httpx - INFO - HTTP Request: HEAD https://huggingface.co/api/resolve-cache/models/google/gemma-4-E4B-it/ee0ef6023621cff504d758262d4e04895a5af4a2/chat_template.jinja?%2Fgoogle%2Fgemma-4-E4B-it%2Fresolve%2Fmain%2Fchat_template.jinja=&etag=%22fbe3b59b625cd1b8850ea592d4203df6ec04684b%22 "HTTP/1.1 200 OK"
2026-09-16 17:17:24.124 - httpx - INFO - HTTP Request: GET https://huggingface.co/api/resolve-cache/models/google/gemma-4-E4B-it/ee0ef6023621cff504d758262d4e04895a5af4a2/chat_template.jinja?%2Fgoogle%2Fgemma-4-E4B-it%2Fresolve%2Fmain%2Fchat_template.jinja=&etag=%22fbe3b59b625cd1b8850ea592d4203df6ec04684b%22 "HTTP/1.1 200 OK"
2026-09-16 17:17:25.240 - httpx - INFO - HTTP Request: GET https://huggingface.co/api/models/google/gemma-4-E4B-it "HTTP/1.1 200 OK"
2026-09-16 17:17:25.352 - aiperf.config.resolution.resolvers - INFO -   Cached google/gemma-4-E4B-it (7.05s)
2026-09-16 17:17:25.356 - aiperf.config.resolution.resolvers - INFO - 1 tokenizer cached • 7.1s
2026-09-16 17:22:34.090 - aiperf.orchestrator.orchestrator - INFO - [v1 t0] Executing run_0001...
2026-09-16 17:22:34.874 - aiperf.cli_runner._single_run - INFO - Starting AIPerf System
2026-09-16 17:22:34.882 - aiperf.config.resolution.resolvers - INFO - [OK] Tokenizer google/gemma-4-E4B-it detected
2026-09-16 17:22:34.883 - aiperf.config.resolution.resolvers - INFO - 1 tokenizer validated | 0.0s
2026-09-16 17:22:34.883 - aiperf.config.resolution.resolvers - INFO - HF cache hit (skipping prefetch): ['google/gemma-4-E4B-it']
2026-09-16 17:27:43.659 - aiperf.orchestrator.orchestrator - INFO - [v2 t0] Executing run_0001...
2026-09-16 17:27:44.438 - aiperf.cli_runner._single_run - INFO - Starting AIPerf System
2026-09-16 17:27:44.446 - aiperf.config.resolution.resolvers - INFO - [OK] Tokenizer google/gemma-4-E4B-it detected
2026-09-16 17:27:44.447 - aiperf.config.resolution.resolvers - INFO - 1 tokenizer validated | 0.0s
2026-09-16 17:27:44.447 - aiperf.config.resolution.resolvers - INFO - HF cache hit (skipping prefetch): ['google/gemma-4-E4B-it']
2026-09-16 17:32:53.142 - aiperf.orchestrator.orchestrator - INFO - [v3 t0] Executing run_0001...
2026-09-16 17:32:53.922 - aiperf.cli_runner._single_run - INFO - Starting AIPerf System
2026-09-16 17:32:53.930 - aiperf.config.resolution.resolvers - INFO - [OK] Tokenizer google/gemma-4-E4B-it detected
2026-09-16 17:32:53.931 - aiperf.config.resolution.resolvers - INFO - 1 tokenizer validated | 0.0s
2026-09-16 17:32:53.931 - aiperf.config.resolution.resolvers - INFO - HF cache hit (skipping prefetch): ['google/gemma-4-E4B-it']
2026-09-16 17:38:02.310 - aiperf.orchestrator.orchestrator - INFO - [v4 t0] Executing run_0001...
2026-09-16 17:38:03.073 - aiperf.cli_runner._single_run - INFO - Starting AIPerf System
2026-09-16 17:38:03.081 - aiperf.config.resolution.resolvers - INFO - [OK] Tokenizer google/gemma-4-E4B-it detected
2026-09-16 17:38:03.082 - aiperf.config.resolution.resolvers - INFO - 1 tokenizer validated | 0.0s
2026-09-16 17:38:03.082 - aiperf.config.resolution.resolvers - INFO - HF cache hit (skipping prefetch): ['google/gemma-4-E4B-it']
2026-09-16 17:43:11.574 - aiperf.orchestrator.orchestrator - INFO - [v5 t0] Executing run_0001...
2026-09-16 17:43:12.352 - aiperf.cli_runner._single_run - INFO - Starting AIPerf System
2026-09-16 17:43:12.360 - aiperf.config.resolution.resolvers - INFO - [OK] Tokenizer google/gemma-4-E4B-it detected
2026-09-16 17:43:12.360 - aiperf.config.resolution.resolvers - INFO - 1 tokenizer validated | 0.0s
2026-09-16 17:43:12.361 - aiperf.config.resolution.resolvers - INFO - HF cache hit (skipping prefetch): ['google/gemma-4-E4B-it']
2026-09-16 17:48:23.355 - aiperf.orchestrator.orchestrator - INFO - [v6 t0] Executing run_0001...
2026-09-16 17:48:24.127 - aiperf.cli_runner._single_run - INFO - Starting AIPerf System
2026-09-16 17:48:24.136 - aiperf.config.resolution.resolvers - INFO - [OK] Tokenizer google/gemma-4-E4B-it detected
2026-09-16 17:48:24.136 - aiperf.config.resolution.resolvers - INFO - 1 tokenizer validated | 0.0s
2026-09-16 17:48:24.137 - aiperf.config.resolution.resolvers - INFO - HF cache hit (skipping prefetch): ['google/gemma-4-E4B-it']
2026-09-16 17:53:38.009 - aiperf.orchestrator.orchestrator - INFO - Inter-trial cooldown: 60.0s
2026-09-16 17:54:38.042 - aiperf.orchestrator.orchestrator - INFO - [v0 t1] Executing run_0002...
2026-09-16 17:54:38.838 - aiperf.cli_runner._single_run - INFO - Starting AIPerf System
2026-09-16 17:54:38.846 - aiperf.config.resolution.resolvers - INFO - [OK] Tokenizer google/gemma-4-E4B-it detected
2026-09-16 17:54:38.847 - aiperf.config.resolution.resolvers - INFO - 1 tokenizer validated | 0.0s
2026-09-16 17:54:38.847 - aiperf.config.resolution.resolvers - INFO - HF cache hit (skipping prefetch): ['google/gemma-4-E4B-it']
2026-09-16 17:59:47.841 - aiperf.cli_runner._multi_run - INFO - 
                                                                                                                                 
  phases.profiling.concurrency   output_token_throughput   time_to_first_token   inter_token_latency   request_latency   trials  
 ━━━━━━━━━━━━━━━━━━━━━━━━━━━━━━━━━━━━━━━━━━━━━━━━━━━━━━━━━━━━━━━━━━━━━━━━━━━━━━━━━━━━━━━━━━━━━━━━━━━━━━━━━━━━━━━━━━━━━━━━━━━━━━━ 
                             1                                                                                                2  
                                                                                                                                 

2026-09-16 17:59:47.843 - aiperf.orchestrator.orchestrator - INFO - [v1 t1] Executing run_0002...
2026-09-16 17:59:48.630 - aiperf.cli_runner._single_run - INFO - Starting AIPerf System
2026-09-16 17:59:48.638 - aiperf.config.resolution.resolvers - INFO - [OK] Tokenizer google/gemma-4-E4B-it detected
2026-09-16 17:59:48.639 - aiperf.config.resolution.resolvers - INFO - 1 tokenizer validated | 0.0s
2026-09-16 17:59:48.639 - aiperf.config.resolution.resolvers - INFO - HF cache hit (skipping prefetch): ['google/gemma-4-E4B-it']
2026-09-16 18:04:57.681 - aiperf.cli_runner._multi_run - INFO - 
                                                                                                                                 
  phases.profiling.concurrency   output_token_throughput   time_to_first_token   inter_token_latency   request_latency   trials  
 ━━━━━━━━━━━━━━━━━━━━━━━━━━━━━━━━━━━━━━━━━━━━━━━━━━━━━━━━━━━━━━━━━━━━━━━━━━━━━━━━━━━━━━━━━━━━━━━━━━━━━━━━━━━━━━━━━━━━━━━━━━━━━━━ 
                             1                                                                                                2  
                             4                                                                                                2  
                                                                                                                                 

2026-09-16 18:04:57.683 - aiperf.orchestrator.orchestrator - INFO - [v2 t1] Executing run_0002...
2026-09-16 18:04:58.463 - aiperf.cli_runner._single_run - INFO - Starting AIPerf System
2026-09-16 18:04:58.472 - aiperf.config.resolution.resolvers - INFO - [OK] Tokenizer google/gemma-4-E4B-it detected
2026-09-16 18:04:58.472 - aiperf.config.resolution.resolvers - INFO - 1 tokenizer validated | 0.0s
2026-09-16 18:04:58.473 - aiperf.config.resolution.resolvers - INFO - HF cache hit (skipping prefetch): ['google/gemma-4-E4B-it']
2026-09-16 18:10:07.645 - aiperf.cli_runner._multi_run - INFO - 
                                                                                                                                 
  phases.profiling.concurrency   output_token_throughput   time_to_first_token   inter_token_latency   request_latency   trials  
 ━━━━━━━━━━━━━━━━━━━━━━━━━━━━━━━━━━━━━━━━━━━━━━━━━━━━━━━━━━━━━━━━━━━━━━━━━━━━━━━━━━━━━━━━━━━━━━━━━━━━━━━━━━━━━━━━━━━━━━━━━━━━━━━ 
                             1                                                                                                2  
                             4                                                                                                2  
                            16                                                                                                2  
                                                                                                                                 

2026-09-16 18:10:07.648 - aiperf.orchestrator.orchestrator - INFO - [v3 t1] Executing run_0002...
2026-09-16 18:10:08.427 - aiperf.cli_runner._single_run - INFO - Starting AIPerf System
2026-09-16 18:10:08.436 - aiperf.config.resolution.resolvers - INFO - [OK] Tokenizer google/gemma-4-E4B-it detected
2026-09-16 18:10:08.436 - aiperf.config.resolution.resolvers - INFO - 1 tokenizer validated | 0.0s
2026-09-16 18:10:08.437 - aiperf.config.resolution.resolvers - INFO - HF cache hit (skipping prefetch): ['google/gemma-4-E4B-it']
2026-09-16 18:15:17.894 - aiperf.cli_runner._multi_run - INFO - 
                                                                                                                                 
  phases.profiling.concurrency   output_token_throughput   time_to_first_token   inter_token_latency   request_latency   trials  
 ━━━━━━━━━━━━━━━━━━━━━━━━━━━━━━━━━━━━━━━━━━━━━━━━━━━━━━━━━━━━━━━━━━━━━━━━━━━━━━━━━━━━━━━━━━━━━━━━━━━━━━━━━━━━━━━━━━━━━━━━━━━━━━━ 
                             1                                                                                                2  
                             4                                                                                                2  
                            16                                                                                                2  
                            32                                                                                                2  
                                                                                                                                 

2026-09-16 18:15:17.896 - aiperf.orchestrator.orchestrator - INFO - [v4 t1] Executing run_0002...
2026-09-16 18:15:18.664 - aiperf.cli_runner._single_run - INFO - Starting AIPerf System
2026-09-16 18:15:18.672 - aiperf.config.resolution.resolvers - INFO - [OK] Tokenizer google/gemma-4-E4B-it detected
2026-09-16 18:15:18.673 - aiperf.config.resolution.resolvers - INFO - 1 tokenizer validated | 0.0s
2026-09-16 18:15:18.673 - aiperf.config.resolution.resolvers - INFO - HF cache hit (skipping prefetch): ['google/gemma-4-E4B-it']
2026-09-16 18:20:29.156 - aiperf.cli_runner._multi_run - INFO - 
                                                                                                                                 
  phases.profiling.concurrency   output_token_throughput   time_to_first_token   inter_token_latency   request_latency   trials  
 ━━━━━━━━━━━━━━━━━━━━━━━━━━━━━━━━━━━━━━━━━━━━━━━━━━━━━━━━━━━━━━━━━━━━━━━━━━━━━━━━━━━━━━━━━━━━━━━━━━━━━━━━━━━━━━━━━━━━━━━━━━━━━━━ 
                             1                                                                                                2  
                             4                                                                                                2  
                            16                                                                                                2  
                            32                                                                                                2  
                            64                                                                                                2  
                                                                                                                                 

2026-09-16 18:20:29.159 - aiperf.orchestrator.orchestrator - INFO - [v5 t1] Executing run_0002...
2026-09-16 18:20:29.937 - aiperf.cli_runner._single_run - INFO - Starting AIPerf System
2026-09-16 18:20:29.945 - aiperf.config.resolution.resolvers - INFO - [OK] Tokenizer google/gemma-4-E4B-it detected
2026-09-16 18:20:29.946 - aiperf.config.resolution.resolvers - INFO - 1 tokenizer validated | 0.0s
2026-09-16 18:20:29.946 - aiperf.config.resolution.resolvers - INFO - HF cache hit (skipping prefetch): ['google/gemma-4-E4B-it']
2026-09-16 18:25:40.029 - aiperf.cli_runner._multi_run - INFO - 
                                                                                                                                 
  phases.profiling.concurrency   output_token_throughput   time_to_first_token   inter_token_latency   request_latency   trials  
 ━━━━━━━━━━━━━━━━━━━━━━━━━━━━━━━━━━━━━━━━━━━━━━━━━━━━━━━━━━━━━━━━━━━━━━━━━━━━━━━━━━━━━━━━━━━━━━━━━━━━━━━━━━━━━━━━━━━━━━━━━━━━━━━ 
                             1                                                                                                2  
                             4                                                                                                2  
                            16                                                                                                2  
                            32                                                                                                2  
                            64                                                                                                2  
                           128                                                                                                2  
                                                                                                                                 

2026-09-16 18:25:40.032 - aiperf.orchestrator.orchestrator - INFO - [v6 t1] Executing run_0002...
2026-09-16 18:25:40.808 - aiperf.cli_runner._single_run - INFO - Starting AIPerf System
2026-09-16 18:25:40.817 - aiperf.config.resolution.resolvers - INFO - [OK] Tokenizer google/gemma-4-E4B-it detected
2026-09-16 18:25:40.817 - aiperf.config.resolution.resolvers - INFO - 1 tokenizer validated | 0.0s
2026-09-16 18:25:40.818 - aiperf.config.resolution.resolvers - INFO - HF cache hit (skipping prefetch): ['google/gemma-4-E4B-it']
2026-09-16 18:31:02.107 - aiperf.cli_runner._multi_run - INFO - 
                                                                                                                                 
  phases.profiling.concurrency   output_token_throughput   time_to_first_token   inter_token_latency   request_latency   trials  
 ━━━━━━━━━━━━━━━━━━━━━━━━━━━━━━━━━━━━━━━━━━━━━━━━━━━━━━━━━━━━━━━━━━━━━━━━━━━━━━━━━━━━━━━━━━━━━━━━━━━━━━━━━━━━━━━━━━━━━━━━━━━━━━━ 
                             1                                                                                                2  
                             4                                                                                                2  
                            16                                                                                                2  
                            32                                                                                                2  
                            64                                                                                                2  
                           128                                                                                                2  
                           256                                                                                                2  
                                                                                                                                 

2026-09-16 18:31:02.110 - aiperf.orchestrator.orchestrator - INFO - Repeated mode complete: 14/14 runs successful
2026-09-16 18:31:02.112 - aiperf.cli_runner._multi_run - INFO - ================================================================================
2026-09-16 18:31:02.112 - aiperf.cli_runner._multi_run - INFO - ================================================================================
2026-09-16 18:31:02.112 - aiperf.cli_runner._multi_run - INFO - Computing aggregate statistics...
2026-09-16 18:31:02.355 - AggregateConfidenceCsvExporter - INFO - Exported aggregate data to: /root/llm_perf/artifacts/20260916_171715_google_gemma-4-E4B-it_c1,4,16,32,64,128,256/aggregate/concurrency_1/profile_export_aiperf_aggregate.csv
2026-09-16 18:31:02.356 - AggregateConfidenceJsonExporter - INFO - Exported aggregate data to: /root/llm_perf/artifacts/20260916_171715_google_gemma-4-E4B-it_c1,4,16,32,64,128,256/aggregate/concurrency_1/profile_export_aiperf_aggregate.json
2026-09-16 18:31:02.357 - AggregateSweepJsonExporter - INFO - Exported aggregate data to: /root/llm_perf/artifacts/20260916_171715_google_gemma-4-E4B-it_c1,4,16,32,64,128,256/aggregate/sweep_aggregate/profile_export_aiperf_sweep.json
2026-09-16 18:31:02.357 - AggregateSweepCsvExporter - INFO - Exported aggregate data to: /root/llm_perf/artifacts/20260916_171715_google_gemma-4-E4B-it_c1,4,16,32,64,128,256/aggregate/sweep_aggregate/profile_export_aiperf_sweep.csv
2026-09-16 18:31:02.358 - aiperf.cli_runner._multi_run - INFO - Per-variation aggregate (phases.profiling.concurrency=1) JSON: /root/llm_perf/artifacts/20260916_171715_google_gemma-4-E4B-it_c1,4,16,32,64,128,256/aggregate/concurrency_1/profile_export_aiperf_aggregate.json; CSV: /root/llm_perf/artifacts/20260916_171715_google_gemma-4-E4B-it_c1,4,16,32,64,128,256/aggregate/concurrency_1/profile_export_aiperf_aggregate.csv
2026-09-16 18:31:02.381 - aiperf.cli_runner._multi_run - INFO - Sweep aggregate JSON written to: /root/llm_perf/artifacts/20260916_171715_google_gemma-4-E4B-it_c1,4,16,32,64,128,256/aggregate/sweep_aggregate/profile_export_aiperf_sweep.json
2026-09-16 18:31:02.382 - aiperf.cli_runner._multi_run - INFO - Sweep aggregate CSV written to: /root/llm_perf/artifacts/20260916_171715_google_gemma-4-E4B-it_c1,4,16,32,64,128,256/aggregate/sweep_aggregate/profile_export_aiperf_sweep.csv
2026-09-16 18:31:02.382 - aiperf.cli_runner._multi_run - INFO - 
2026-09-16 18:31:02.382 - aiperf.cli_runner._multi_run - INFO - Best Configurations:
2026-09-16 18:31:02.382 - aiperf.cli_runner._multi_run - INFO -   Best throughput: concurrency=128 (34.26 requests/sec)
2026-09-16 18:31:02.383 - aiperf.cli_runner._multi_run - INFO -   Best latency (p99): concurrency=1 (34.95 ms)
2026-09-16 18:31:02.383 - aiperf.cli_runner._multi_run - INFO -   Pareto optimal points: [{'concurrency': 1}, {'concurrency': 4}, {'concurrency': 16}, {'concurrency': 32}, {'concurrency': 64}, {'concurrency': 128}]
2026-09-16 18:31:02.391 - AggregateConfidenceCsvExporter - INFO - Exported aggregate data to: /root/llm_perf/artifacts/20260916_171715_google_gemma-4-E4B-it_c1,4,16,32,64,128,256/aggregate/concurrency_4/profile_export_aiperf_aggregate.csv
2026-09-16 18:31:02.391 - AggregateConfidenceJsonExporter - INFO - Exported aggregate data to: /root/llm_perf/artifacts/20260916_171715_google_gemma-4-E4B-it_c1,4,16,32,64,128,256/aggregate/concurrency_4/profile_export_aiperf_aggregate.json
2026-09-16 18:31:02.392 - aiperf.cli_runner._multi_run - INFO - Per-variation aggregate (phases.profiling.concurrency=4) JSON: /root/llm_perf/artifacts/20260916_171715_google_gemma-4-E4B-it_c1,4,16,32,64,128,256/aggregate/concurrency_4/profile_export_aiperf_aggregate.json; CSV: /root/llm_perf/artifacts/20260916_171715_google_gemma-4-E4B-it_c1,4,16,32,64,128,256/aggregate/concurrency_4/profile_export_aiperf_aggregate.csv
2026-09-16 18:31:02.422 - AggregateConfidenceCsvExporter - INFO - Exported aggregate data to: /root/llm_perf/artifacts/20260916_171715_google_gemma-4-E4B-it_c1,4,16,32,64,128,256/aggregate/concurrency_16/profile_export_aiperf_aggregate.csv
2026-09-16 18:31:02.422 - AggregateConfidenceJsonExporter - INFO - Exported aggregate data to: /root/llm_perf/artifacts/20260916_171715_google_gemma-4-E4B-it_c1,4,16,32,64,128,256/aggregate/concurrency_16/profile_export_aiperf_aggregate.json
2026-09-16 18:31:02.423 - aiperf.cli_runner._multi_run - INFO - Per-variation aggregate (phases.profiling.concurrency=16) JSON: /root/llm_perf/artifacts/20260916_171715_google_gemma-4-E4B-it_c1,4,16,32,64,128,256/aggregate/concurrency_16/profile_export_aiperf_aggregate.json; CSV: /root/llm_perf/artifacts/20260916_171715_google_gemma-4-E4B-it_c1,4,16,32,64,128,256/aggregate/concurrency_16/profile_export_aiperf_aggregate.csv
2026-09-16 18:31:02.452 - AggregateConfidenceJsonExporter - INFO - Exported aggregate data to: /root/llm_perf/artifacts/20260916_171715_google_gemma-4-E4B-it_c1,4,16,32,64,128,256/aggregate/concurrency_32/profile_export_aiperf_aggregate.json
2026-09-16 18:31:02.452 - AggregateConfidenceCsvExporter - INFO - Exported aggregate data to: /root/llm_perf/artifacts/20260916_171715_google_gemma-4-E4B-it_c1,4,16,32,64,128,256/aggregate/concurrency_32/profile_export_aiperf_aggregate.csv
2026-09-16 18:31:02.453 - aiperf.cli_runner._multi_run - INFO - Per-variation aggregate (phases.profiling.concurrency=32) JSON: /root/llm_perf/artifacts/20260916_171715_google_gemma-4-E4B-it_c1,4,16,32,64,128,256/aggregate/concurrency_32/profile_export_aiperf_aggregate.json; CSV: /root/llm_perf/artifacts/20260916_171715_google_gemma-4-E4B-it_c1,4,16,32,64,128,256/aggregate/concurrency_32/profile_export_aiperf_aggregate.csv
2026-09-16 18:31:02.482 - AggregateConfidenceJsonExporter - INFO - Exported aggregate data to: /root/llm_perf/artifacts/20260916_171715_google_gemma-4-E4B-it_c1,4,16,32,64,128,256/aggregate/concurrency_64/profile_export_aiperf_aggregate.json
2026-09-16 18:31:02.483 - AggregateConfidenceCsvExporter - INFO - Exported aggregate data to: /root/llm_perf/artifacts/20260916_171715_google_gemma-4-E4B-it_c1,4,16,32,64,128,256/aggregate/concurrency_64/profile_export_aiperf_aggregate.csv
2026-09-16 18:31:02.484 - aiperf.cli_runner._multi_run - INFO - Per-variation aggregate (phases.profiling.concurrency=64) JSON: /root/llm_perf/artifacts/20260916_171715_google_gemma-4-E4B-it_c1,4,16,32,64,128,256/aggregate/concurrency_64/profile_export_aiperf_aggregate.json; CSV: /root/llm_perf/artifacts/20260916_171715_google_gemma-4-E4B-it_c1,4,16,32,64,128,256/aggregate/concurrency_64/profile_export_aiperf_aggregate.csv
2026-09-16 18:31:02.513 - AggregateConfidenceCsvExporter - INFO - Exported aggregate data to: /root/llm_perf/artifacts/20260916_171715_google_gemma-4-E4B-it_c1,4,16,32,64,128,256/aggregate/concurrency_128/profile_export_aiperf_aggregate.csv
2026-09-16 18:31:02.514 - AggregateConfidenceJsonExporter - INFO - Exported aggregate data to: /root/llm_perf/artifacts/20260916_171715_google_gemma-4-E4B-it_c1,4,16,32,64,128,256/aggregate/concurrency_128/profile_export_aiperf_aggregate.json
2026-09-16 18:31:02.514 - aiperf.cli_runner._multi_run - INFO - Per-variation aggregate (phases.profiling.concurrency=128) JSON: /root/llm_perf/artifacts/20260916_171715_google_gemma-4-E4B-it_c1,4,16,32,64,128,256/aggregate/concurrency_128/profile_export_aiperf_aggregate.json; CSV: /root/llm_perf/artifacts/20260916_171715_google_gemma-4-E4B-it_c1,4,16,32,64,128,256/aggregate/concurrency_128/profile_export_aiperf_aggregate.csv
2026-09-16 18:31:02.543 - AggregateConfidenceCsvExporter - INFO - Exported aggregate data to: /root/llm_perf/artifacts/20260916_171715_google_gemma-4-E4B-it_c1,4,16,32,64,128,256/aggregate/concurrency_256/profile_export_aiperf_aggregate.csv
2026-09-16 18:31:02.544 - AggregateConfidenceJsonExporter - INFO - Exported aggregate data to: /root/llm_perf/artifacts/20260916_171715_google_gemma-4-E4B-it_c1,4,16,32,64,128,256/aggregate/concurrency_256/profile_export_aiperf_aggregate.json
2026-09-16 18:31:02.545 - aiperf.cli_runner._multi_run - INFO - Per-variation aggregate (phases.profiling.concurrency=256) JSON: /root/llm_perf/artifacts/20260916_171715_google_gemma-4-E4B-it_c1,4,16,32,64,128,256/aggregate/concurrency_256/profile_export_aiperf_aggregate.json; CSV: /root/llm_perf/artifacts/20260916_171715_google_gemma-4-E4B-it_c1,4,16,32,64,128,256/aggregate/concurrency_256/profile_export_aiperf_aggregate.csv
