2026-09-16 16:54:44.470 - system_controller - INFO - Registered Worker Manager (id: 'worker_manager')
2026-09-16 16:54:44.481 - server_metrics_manager - INFO - Server Metrics: Discovered 1 endpoints: ['http://localhost:8000/metrics']
2026-09-16 16:54:44.503 - GPUTelemetryJSONLWriter_9a900226 - INFO - GPU telemetry export enabled: /root/llm_perf/artifacts/20260916_160706_google_gemma-4-26B-A4B-it_c1,4,16,32,64,128/profile_runs/trial_0002/concurrency_32/gpu_telemetry_export.jsonl
2026-09-16 16:54:44.509 - OTelMetricsResultsProcessor_bbfdada3 - INFO - Telemetry streaming is disabled (set --otel-url and/or --mlflow-tracking-uri to enable)
2026-09-16 16:54:44.511 - RecordExportJSONLWriter_daf6a0a0 - INFO - Record metrics export enabled: /root/llm_perf/artifacts/20260916_160706_google_gemma-4-26B-A4B-it_c1,4,16,32,64,128/profile_runs/trial_0002/concurrency_32/profile_export.jsonl
2026-09-16 16:54:44.592 - system_controller - INFO - Registered Server Metrics Manager (id: 'server_metrics_manager')
2026-09-16 16:54:44.594 - system_controller - INFO - Registered Records Manager (id: 'records_manager')
2026-09-16 16:54:44.595 - system_controller - INFO - Registered Gpu Telemetry Manager (id: 'gpu_telemetry_manager')
2026-09-16 16:54:44.596 - system_controller - INFO - Registered Dataset Manager (id: 'dataset_manager')
2026-09-16 16:54:44.597 - system_controller - INFO - Registered Record Processor (id: 'record_processor_ac83fe58')
2026-09-16 16:54:44.598 - system_controller - INFO - Registered Record Processor (id: 'record_processor_852ba126')
2026-09-16 16:54:44.600 - system_controller - INFO - Registered Record Processor (id: 'record_processor_4d9364c3')
2026-09-16 16:54:44.603 - system_controller - INFO - Registered Record Processor (id: 'record_processor_1875d33e')
2026-09-16 16:54:44.604 - system_controller - INFO - Registered Record Processor (id: 'record_processor_baa534e8')
2026-09-16 16:54:44.606 - system_controller - INFO - Registered Record Processor (id: 'record_processor_3d859e9a')
2026-09-16 16:54:44.608 - system_controller - INFO - Registered Record Processor (id: 'record_processor_539fca21')
2026-09-16 16:54:44.609 - system_controller - INFO - Registered Record Processor (id: 'record_processor_df9caba2')
2026-09-16 16:54:44.696 - system_controller - INFO - Registered Timing Manager (id: 'timing_manager')
2026-09-16 16:54:44.712 - system_controller - INFO - Registered Worker (id: 'worker_4d18d4c1')
2026-09-16 16:54:44.731 - system_controller - INFO - Registered Worker (id: 'worker_e4be6371')
2026-09-16 16:54:44.732 - system_controller - INFO - Registered Worker (id: 'worker_5ae529a5')
2026-09-16 16:54:44.732 - system_controller - INFO - Registered Worker (id: 'worker_f9b70b16')
2026-09-16 16:54:44.737 - system_controller - INFO - Registered Worker (id: 'worker_524fa534')
2026-09-16 16:54:44.738 - system_controller - INFO - Registered Worker (id: 'worker_94eb2971')
2026-09-16 16:54:44.739 - system_controller - INFO - Registered Worker (id: 'worker_839661ea')
2026-09-16 16:54:44.739 - system_controller - INFO - Registered Worker (id: 'worker_233713d8')
2026-09-16 16:54:44.740 - system_controller - INFO - Registered Worker (id: 'worker_6a53db5a')
2026-09-16 16:54:44.742 - system_controller - INFO - Registered Worker (id: 'worker_ef0cd87a')
2026-09-16 16:54:44.743 - system_controller - INFO - Registered Worker (id: 'worker_45fcb3c2')
2026-09-16 16:54:44.749 - system_controller - INFO - Registered Worker (id: 'worker_e6b23816')
2026-09-16 16:54:44.751 - system_controller - INFO - Registered Worker (id: 'worker_e38ec183')
2026-09-16 16:54:44.752 - system_controller - INFO - Registered Worker (id: 'worker_4b10e1dc')
2026-09-16 16:54:44.754 - system_controller - INFO - Registered Worker (id: 'worker_3dbb93f4')
2026-09-16 16:54:44.756 - system_controller - INFO - Registered Worker (id: 'worker_906d0b80')
2026-09-16 16:54:44.759 - system_controller - INFO - Registered Worker (id: 'worker_bd25d7c6')
2026-09-16 16:54:44.760 - system_controller - INFO - Registered Worker (id: 'worker_bd33ec57')
2026-09-16 16:54:44.787 - system_controller - INFO - Registered Worker (id: 'worker_b296d992')
2026-09-16 16:54:44.787 - system_controller - INFO - Registered Worker (id: 'worker_9fae3f4e')
2026-09-16 16:54:44.794 - system_controller - INFO - Registered Worker (id: 'worker_50bb29ed')
2026-09-16 16:54:44.795 - system_controller - INFO - Registered Worker (id: 'worker_776ec6e1')
2026-09-16 16:54:44.855 - system_controller - INFO - Registered Worker (id: 'worker_0c0d859a')
2026-09-16 16:54:44.859 - system_controller - INFO - Registered Worker (id: 'worker_dd135cd1')
2026-09-16 16:54:44.863 - system_controller - INFO - Registered Worker (id: 'worker_2ec90361')
2026-09-16 16:54:44.880 - system_controller - INFO - Registered Worker (id: 'worker_89f0eed5')
2026-09-16 16:54:44.880 - system_controller - INFO - Registered Worker (id: 'worker_ca05ae3a')
2026-09-16 16:54:44.881 - system_controller - INFO - Registered Worker (id: 'worker_471ec36c')
2026-09-16 16:54:44.887 - system_controller - INFO - Registered Worker (id: 'worker_035d7c72')
2026-09-16 16:54:44.889 - system_controller - INFO - Registered Worker (id: 'worker_e1100a9f')
2026-09-16 16:54:44.889 - system_controller - INFO - Registered Worker (id: 'worker_c28071a6')
2026-09-16 16:54:44.894 - system_controller - INFO - Registered Worker (id: 'worker_ee8f0d9f')
2026-09-16 16:54:44.967 - system_controller - INFO - AIPerf System is CONFIGURING
2026-09-16 16:54:44.967 - system_controller - INFO - Configuring all services to start profiling
2026-09-16 16:54:44.968 - timing_manager - INFO - Waiting for dataset to be configured before configuring timing
2026-09-16 16:54:44.968 - InferenceResultParser_47bccb4b - INFO - Tokenization is disabled for this endpoint, skipping tokenizer configuration
2026-09-16 16:54:44.968 - InferenceResultParser_d5a0511c - INFO - Tokenization is disabled for this endpoint, skipping tokenizer configuration
2026-09-16 16:54:44.968 - InferenceResultParser_4ca1526b - INFO - Tokenization is disabled for this endpoint, skipping tokenizer configuration
2026-09-16 16:54:44.968 - InferenceResultParser_10cb94e7 - INFO - Tokenization is disabled for this endpoint, skipping tokenizer configuration
2026-09-16 16:54:44.968 - InferenceResultParser_dc648148 - INFO - Tokenization is disabled for this endpoint, skipping tokenizer configuration
2026-09-16 16:54:44.968 - InferenceResultParser_b8207fbf - INFO - Tokenization is disabled for this endpoint, skipping tokenizer configuration
2026-09-16 16:54:44.968 - InferenceResultParser_0d512d15 - INFO - Tokenization is disabled for this endpoint, skipping tokenizer configuration
2026-09-16 16:54:44.968 - InferenceResultParser_2664d919 - INFO - Tokenization is disabled for this endpoint, skipping tokenizer configuration
2026-09-16 16:54:44.968 - dataset_manager - INFO - Configuring tokenizer(s) for dataset manager
2026-09-16 16:54:44.976 - server_metrics_manager - INFO - Server Metrics: Capturing baseline metrics...
2026-09-16 16:54:44.979 - gpu_telemetry_manager - INFO - GPU Telemetry: Capturing baseline metrics from pynvml://localhost
2026-09-16 16:54:44.987 - pynvml_collector - INFO - PyNVML initialized with 1 GPU(s) (1 with GPM support)
2026-09-16 16:54:44.990 - http://localhost:8000/metrics - INFO - Skipping unsupported summary metric: http_request_size_bytes
2026-09-16 16:54:44.990 - http://localhost:8000/metrics - INFO - Skipping unsupported summary metric: http_response_size_bytes
2026-09-16 16:54:44.992 - system_controller - INFO - Server metrics enabled - 1/1 endpoint(s) reachable.
2026-09-16 16:54:44.992 - system_controller - INFO - Waiting for result domains: profile, server_metrics, telemetry
2026-09-16 16:54:44.997 - system_controller - INFO - DCGM telemetry enabled - 1/1 endpoint(s) reachable
2026-09-16 16:54:46.133 - httpx - INFO - HTTP Request: HEAD https://huggingface.co/google/gemma-4-26B-A4B-it/resolve/main/config.json "HTTP/1.1 307 Temporary Redirect"
2026-09-16 16:54:46.138 - httpx - INFO - HTTP Request: HEAD https://huggingface.co/api/resolve-cache/models/google/gemma-4-26B-A4B-it/4d7ae4984b7db7de8f8457170b3f1a419ee76d52/config.json?%2Fgoogle%2Fgemma-4-26B-A4B-it%2Fresolve%2Fmain%2Fconfig.json=&etag=%22f42adcca257bb0865c506947671e7d0af52ac9c4%22 "HTTP/1.1 200 OK"
2026-09-16 16:54:46.352 - httpx - INFO - HTTP Request: HEAD https://huggingface.co/google/gemma-4-26B-A4B-it/resolve/main/tokenizer_config.json "HTTP/1.1 307 Temporary Redirect"
2026-09-16 16:54:46.358 - httpx - INFO - HTTP Request: HEAD https://huggingface.co/api/resolve-cache/models/google/gemma-4-26B-A4B-it/4d7ae4984b7db7de8f8457170b3f1a419ee76d52/tokenizer_config.json?%2Fgoogle%2Fgemma-4-26B-A4B-it%2Fresolve%2Fmain%2Ftokenizer_config.json=&etag=%226068e357379d36f823c377e30efb101fa2c67fe4%22 "HTTP/1.1 200 OK"
2026-09-16 16:54:46.562 - httpx - INFO - HTTP Request: GET https://huggingface.co/api/models/google/gemma-4-26B-A4B-it/tree/main/additional_chat_templates?recursive=false&expand=false "HTTP/1.1 404 Not Found"
2026-09-16 16:54:46.766 - httpx - INFO - HTTP Request: GET https://huggingface.co/api/models/google/gemma-4-26B-A4B-it/tree/main?recursive=true&expand=false "HTTP/1.1 200 OK"
2026-09-16 16:54:47.916 - httpx - INFO - HTTP Request: GET https://huggingface.co/api/models/google/gemma-4-26B-A4B-it "HTTP/1.1 200 OK"
2026-09-16 16:54:47.951 - dataset_manager - INFO - Tokenizer(s) configured in 2.98 seconds
2026-09-16 16:54:47.951 - dataset_manager - INFO - Configuring dataset for dataset_manager
2026-09-16 16:54:48.258 - MemoryMapDatasetBackingStore_af4967d8 - INFO - Memory-mapped backing store initialized (streaming to /tmp/aiperf_mmap_4fb410a159f2479a84e4fb5bdd1b66a4/dataset.dat)
2026-09-16 16:54:48.264 - MemoryMapDatasetBackingStore_af4967d8 - INFO - Data file finalized: 100 conversations, 0.53 MB
2026-09-16 16:54:48.265 - MemoryMapDatasetBackingStore_af4967d8 - INFO - Index file created: /tmp/aiperf_mmap_4fb410a159f2479a84e4fb5bdd1b66a4/index.dat
2026-09-16 16:54:48.265 - dataset_manager - INFO - Backing store finalized: client_type=DatasetClientStoreType.MEMORY_MAP format=MemoryMapFormat.CONVERSATION data_file_path=PosixPath('/tmp/aiperf_mmap_4fb410a159f2479a84e4fb5bdd1b66a4/dataset.dat') index_file_path=PosixPath('/tmp/aiperf_mmap_4fb410a159f2479a84e4fb5bdd1b66a4/index.dat') conversation_count=100 total_size_bytes=551764 compressed=False compressed_data_file_path=None compressed_index_file_path=None compressed_size_bytes=0
2026-09-16 16:54:48.267 - dataset_manager - INFO - sampling strategy: sequential, unique conversations: 100, unique turn count: 100
2026-09-16 16:54:48.268 - dataset_manager - INFO - Generating inputs.json file at /root/llm_perf/artifacts/20260916_160706_google_gemma-4-26B-A4B-it_c1,4,16,32,64,128/profile_runs/trial_0002/concurrency_32/inputs.json
2026-09-16 16:54:48.270 - PhaseOrchestrator_3299ba49 - INFO - Initialized 1 phase(s): ['Profiling']
2026-09-16 16:54:48.272 - dataset_manager - INFO - inputs.json file generated in 0.00 seconds
2026-09-16 16:54:48.350 - dataset_manager - INFO - Dataset client initialized and freed 100 conversations from memory
2026-09-16 16:54:48.351 - dataset_manager - INFO - Dataset configured in 0.40 seconds
2026-09-16 16:54:48.352 - system_controller - INFO - All services configured in 3.38 seconds
2026-09-16 16:54:48.352 - system_controller - INFO - AIPerf System is CONFIGURED
2026-09-16 16:54:48.353 - server_metrics_manager - INFO - Server Metrics: Started 1 collector(s) successfully
2026-09-16 16:54:48.354 - system_controller - INFO - All services started profiling successfully
2026-09-16 16:54:48.355 - system_controller - INFO - AIPerf System is PROFILING
2026-09-16 16:54:48.355 - RateTiming - INFO - Creating interval generator: pattern=concurrency_burst, rate=None, smoothness=None
2026-09-16 16:54:48.356 - PhaseRunner - NOTICE - Phase profiling (profiling) started | phase_index=0 | profiling_index=0 | target: 300.0s duration
2026-09-16 16:54:48.357 - PhaseRunner - INFO - Waiting for event 'profiling phase sending' with timeout of 299.999291433s
2026-09-16 16:54:48.357 - records_manager - INFO - Credit phase start: profiling
2026-09-16 16:59:48.356 - PhaseRunner - INFO - Timeout of 299.999291433s elapsed for event 'profiling phase sending'
2026-09-16 16:59:48.357 - PhaseRunner - NOTICE - Phase profiling (profiling) sending complete | sent=1,920, completed=1,888, in_flight=32 | sessions: sent=1,920, completed=1,888 | timeout_triggered=True
2026-09-16 16:59:48.357 - PhaseRunner - INFO - Waiting for event 'profiling phase credits returned' with timeout of 29.998402078000026s
2026-09-16 16:59:48.358 - records_manager - INFO - Sent 1,920 requests. Waiting for all to complete...
2026-09-16 16:59:50.849 - PhaseRunner - NOTICE - Phase profiling (profiling) complete | completed=1,920, cancelled=0, errors=0 | sessions: completed=1,920, cancelled=0 | elapsed=302.49s
2026-09-16 16:59:50.850 - PhaseOrchestrator_3299ba49 - NOTICE - All credits completed
2026-09-16 16:59:50.850 - system_controller - INFO - Received credits complete from 'timing_manager'
2026-09-16 16:59:50.850 - records_manager - INFO - Received CREDIT_PHASE_COMPLETE message, Phase complete: PhaseRecordsStats(phase=CreditPhase.PROFILING, phase_index=0, profiling_index=0, phase_name='profiling', phase_kind='profiling', start_ns=1789548888356307712, sent_end_ns=1789549188357069798, requests_end_ns=1789549190849140209, baseline_start_ns=1789548888356295520, baseline_end_ns=1789549190849147089, total_expected_requests=None, expected_duration_sec=None, expected_num_sessions=None, expected_grace_period_sec=None, final_requests_sent=None, final_requests_completed=1920, final_requests_cancelled=0, final_request_errors=0, final_sent_sessions=None, final_completed_sessions=None, final_cancelled_sessions=None, timeout_triggered=True, grace_period_timeout_triggered=False, was_cancelled=False, records_end_ns=None, success_records=1889, error_records=0)
2026-09-16 16:59:50.852 - records_manager - NOTICE - All requests have completed, please wait for the results to be processed (currently 1,889 of 1,920 records processed)...
2026-09-16 16:59:50.853 - records_manager - INFO - All credits complete, please wait for the results to be processed...
2026-09-16 16:59:50.872 - records_manager - INFO - Processed 1920 valid requests and 0 errors (1920 total).
2026-09-16 16:59:50.873 - records_manager - INFO - Received all records, processing now...
2026-09-16 16:59:50.873 - server_metrics_manager - INFO - Server Metrics: Profiling complete, capturing final metrics...
2026-09-16 16:59:50.873 - gpu_telemetry_manager - INFO - GPU Telemetry: Profiling complete, capturing final metrics...
2026-09-16 16:59:50.874 - records_manager - INFO - Waiting 2.0s for server metrics flush period...
2026-09-16 16:59:52.849 - records_manager - INFO - Processing records results...
2026-09-16 16:59:53.758 - system_controller - INFO - Waiting for result domains: server_metrics, telemetry
2026-09-16 16:59:53.759 - system_controller - INFO - Waiting for result domains: server_metrics
2026-09-16 16:59:54.094 - records_manager - INFO - _finalize_and_process_results completed
2026-09-16 16:59:54.100 - system_controller - INFO - All results received, initiating shutdown
2026-09-16 16:59:54.704 - ExporterManager - INFO - Exporting all records
2026-09-16 16:59:54.813 - ExporterManager - INFO - Exporting console data
