2026-09-16 18:43:12.874 - system_controller - INFO - Registered Worker Manager (id: 'worker_manager')
2026-09-16 18:43:12.886 - server_metrics_manager - INFO - Server Metrics: Discovered 1 endpoints: ['http://localhost:8000/metrics']
2026-09-16 18:43:12.908 - GPUTelemetryJSONLWriter_81cac749 - INFO - GPU telemetry export enabled: /root/llm_perf/artifacts/20260916_183753_google_gemma-4-E4B-it-qat-w4a16-ct_c1,4,16,32,64,128,256/profile_runs/trial_0001/concurrency_4/gpu_telemetry_export.jsonl
2026-09-16 18:43:12.909 - system_controller - INFO - Registered Server Metrics Manager (id: 'server_metrics_manager')
2026-09-16 18:43:12.914 - OTelMetricsResultsProcessor_aaab209a - INFO - Telemetry streaming is disabled (set --otel-url and/or --mlflow-tracking-uri to enable)
2026-09-16 18:43:12.915 - RecordExportJSONLWriter_402c3fca - INFO - Record metrics export enabled: /root/llm_perf/artifacts/20260916_183753_google_gemma-4-E4B-it-qat-w4a16-ct_c1,4,16,32,64,128,256/profile_runs/trial_0001/concurrency_4/profile_export.jsonl
2026-09-16 18:43:12.918 - system_controller - INFO - Registered Record Processor (id: 'record_processor_a471532b')
2026-09-16 18:43:12.945 - system_controller - INFO - Registered Records Manager (id: 'records_manager')
2026-09-16 18:43:12.993 - system_controller - INFO - Registered Gpu Telemetry Manager (id: 'gpu_telemetry_manager')
2026-09-16 18:43:13.001 - system_controller - INFO - Registered Dataset Manager (id: 'dataset_manager')
2026-09-16 18:43:13.006 - system_controller - INFO - Registered Timing Manager (id: 'timing_manager')
2026-09-16 18:43:13.032 - system_controller - INFO - Registered Worker (id: 'worker_f2955137')
2026-09-16 18:43:13.033 - system_controller - INFO - Registered Worker (id: 'worker_4d6d7c7c')
2026-09-16 18:43:13.034 - system_controller - INFO - Registered Worker (id: 'worker_8c99731d')
2026-09-16 18:43:13.133 - system_controller - INFO - Registered Worker (id: 'worker_36341f6b')
2026-09-16 18:43:13.371 - system_controller - INFO - AIPerf System is CONFIGURING
2026-09-16 18:43:13.371 - system_controller - INFO - Configuring all services to start profiling
2026-09-16 18:43:13.372 - timing_manager - INFO - Waiting for dataset to be configured before configuring timing
2026-09-16 18:43:13.372 - InferenceResultParser_513a51fe - INFO - Tokenization is disabled for this endpoint, skipping tokenizer configuration
2026-09-16 18:43:13.372 - dataset_manager - INFO - Configuring tokenizer(s) for dataset manager
2026-09-16 18:43:13.380 - server_metrics_manager - INFO - Server Metrics: Capturing baseline metrics...
2026-09-16 18:43:13.383 - gpu_telemetry_manager - INFO - GPU Telemetry: Capturing baseline metrics from pynvml://localhost
2026-09-16 18:43:13.391 - pynvml_collector - INFO - PyNVML initialized with 1 GPU(s) (1 with GPM support)
2026-09-16 18:43:13.394 - http://localhost:8000/metrics - INFO - Skipping unsupported summary metric: http_request_size_bytes
2026-09-16 18:43:13.395 - http://localhost:8000/metrics - INFO - Skipping unsupported summary metric: http_response_size_bytes
2026-09-16 18:43:13.396 - system_controller - INFO - Server metrics enabled - 1/1 endpoint(s) reachable.
2026-09-16 18:43:13.397 - system_controller - INFO - Waiting for result domains: profile, server_metrics, telemetry
2026-09-16 18:43:13.402 - system_controller - INFO - DCGM telemetry enabled - 1/1 endpoint(s) reachable
2026-09-16 18:43:14.559 - httpx - INFO - HTTP Request: HEAD https://huggingface.co/google/gemma-4-E4B-it-qat-w4a16-ct/resolve/main/config.json "HTTP/1.1 307 Temporary Redirect"
2026-09-16 18:43:14.565 - httpx - INFO - HTTP Request: HEAD https://huggingface.co/api/resolve-cache/models/google/gemma-4-E4B-it-qat-w4a16-ct/6cd26aaa2357fb2bad8c51699a7558a4d1a965bb/config.json?%2Fgoogle%2Fgemma-4-E4B-it-qat-w4a16-ct%2Fresolve%2Fmain%2Fconfig.json=&etag=%22cc8c5ca64e33c073a961fc35777c38badb2efd52%22 "HTTP/1.1 200 OK"
2026-09-16 18:43:14.782 - httpx - INFO - HTTP Request: HEAD https://huggingface.co/google/gemma-4-E4B-it-qat-w4a16-ct/resolve/main/tokenizer_config.json "HTTP/1.1 307 Temporary Redirect"
2026-09-16 18:43:14.788 - httpx - INFO - HTTP Request: HEAD https://huggingface.co/api/resolve-cache/models/google/gemma-4-E4B-it-qat-w4a16-ct/6cd26aaa2357fb2bad8c51699a7558a4d1a965bb/tokenizer_config.json?%2Fgoogle%2Fgemma-4-E4B-it-qat-w4a16-ct%2Fresolve%2Fmain%2Ftokenizer_config.json=&etag=%22b22e2c5c05597a7e8c0cb1cebdb7d45570772005%22 "HTTP/1.1 200 OK"
2026-09-16 18:43:14.983 - httpx - INFO - HTTP Request: GET https://huggingface.co/api/models/google/gemma-4-E4B-it-qat-w4a16-ct/tree/main/additional_chat_templates?recursive=false&expand=false "HTTP/1.1 404 Not Found"
2026-09-16 18:43:15.184 - httpx - INFO - HTTP Request: GET https://huggingface.co/api/models/google/gemma-4-E4B-it-qat-w4a16-ct/tree/main?recursive=true&expand=false "HTTP/1.1 200 OK"
2026-09-16 18:43:16.338 - httpx - INFO - HTTP Request: GET https://huggingface.co/api/models/google/gemma-4-E4B-it-qat-w4a16-ct "HTTP/1.1 200 OK"
2026-09-16 18:43:16.367 - dataset_manager - INFO - Tokenizer(s) configured in 2.99 seconds
2026-09-16 18:43:16.367 - dataset_manager - INFO - Configuring dataset for dataset_manager
2026-09-16 18:43:16.680 - MemoryMapDatasetBackingStore_30a10e23 - INFO - Memory-mapped backing store initialized (streaming to /tmp/aiperf_mmap_a7e1ea65ce82447e967138bf69dbf9c0/dataset.dat)
2026-09-16 18:43:16.686 - MemoryMapDatasetBackingStore_30a10e23 - INFO - Data file finalized: 100 conversations, 0.52 MB
2026-09-16 18:43:16.687 - MemoryMapDatasetBackingStore_30a10e23 - INFO - Index file created: /tmp/aiperf_mmap_a7e1ea65ce82447e967138bf69dbf9c0/index.dat
2026-09-16 18:43:16.687 - dataset_manager - INFO - Backing store finalized: client_type=DatasetClientStoreType.MEMORY_MAP format=MemoryMapFormat.CONVERSATION data_file_path=PosixPath('/tmp/aiperf_mmap_a7e1ea65ce82447e967138bf69dbf9c0/dataset.dat') index_file_path=PosixPath('/tmp/aiperf_mmap_a7e1ea65ce82447e967138bf69dbf9c0/index.dat') conversation_count=100 total_size_bytes=550061 compressed=False compressed_data_file_path=None compressed_index_file_path=None compressed_size_bytes=0
2026-09-16 18:43:16.690 - dataset_manager - INFO - sampling strategy: sequential, unique conversations: 100, unique turn count: 100
2026-09-16 18:43:16.691 - dataset_manager - INFO - Generating inputs.json file at /root/llm_perf/artifacts/20260916_183753_google_gemma-4-E4B-it-qat-w4a16-ct_c1,4,16,32,64,128,256/profile_runs/trial_0001/concurrency_4/inputs.json
2026-09-16 18:43:16.692 - PhaseOrchestrator_047b4835 - INFO - Initialized 1 phase(s): ['Profiling']
2026-09-16 18:43:16.694 - dataset_manager - INFO - inputs.json file generated in 0.00 seconds
2026-09-16 18:43:16.772 - dataset_manager - INFO - Dataset client initialized and freed 100 conversations from memory
2026-09-16 18:43:16.772 - dataset_manager - INFO - Dataset configured in 0.41 seconds
2026-09-16 18:43:16.773 - system_controller - INFO - All services configured in 3.40 seconds
2026-09-16 18:43:16.774 - system_controller - INFO - AIPerf System is CONFIGURED
2026-09-16 18:43:16.775 - server_metrics_manager - INFO - Server Metrics: Started 1 collector(s) successfully
2026-09-16 18:43:16.775 - system_controller - INFO - All services started profiling successfully
2026-09-16 18:43:16.776 - system_controller - INFO - AIPerf System is PROFILING
2026-09-16 18:43:16.776 - RateTiming - INFO - Creating interval generator: pattern=concurrency_burst, rate=None, smoothness=None
2026-09-16 18:43:16.777 - PhaseRunner - NOTICE - Phase profiling (profiling) started | phase_index=0 | profiling_index=0 | target: 300.0s duration
2026-09-16 18:43:16.778 - PhaseRunner - INFO - Waiting for event 'profiling phase sending' with timeout of 299.999307898s
2026-09-16 18:43:16.778 - records_manager - INFO - Credit phase start: profiling
2026-09-16 18:48:16.777 - PhaseRunner - INFO - Timeout of 299.999307898s elapsed for event 'profiling phase sending'
2026-09-16 18:48:16.778 - PhaseRunner - NOTICE - Phase profiling (profiling) sending complete | sent=448, completed=444, in_flight=4 | sessions: sent=448, completed=444 | timeout_triggered=True
2026-09-16 18:48:16.778 - PhaseRunner - INFO - Waiting for event 'profiling phase credits returned' with timeout of 29.998717151999983s
2026-09-16 18:48:16.778 - records_manager - INFO - Sent 448 requests. Waiting for all to complete...
2026-09-16 18:48:18.075 - PhaseRunner - NOTICE - Phase profiling (profiling) complete | completed=448, cancelled=0, errors=0 | sessions: completed=448, cancelled=0 | elapsed=301.30s
2026-09-16 18:48:18.076 - PhaseOrchestrator_047b4835 - NOTICE - All credits completed
2026-09-16 18:48:18.076 - system_controller - INFO - Received credits complete from 'timing_manager'
2026-09-16 18:48:18.076 - records_manager - INFO - Received CREDIT_PHASE_COMPLETE message, Phase complete: PhaseRecordsStats(phase=CreditPhase.PROFILING, phase_index=0, profiling_index=0, phase_name='profiling', phase_kind='profiling', start_ns=1789555396777487753, sent_end_ns=1789555696778016771, requests_end_ns=1789555698075038348, baseline_start_ns=1789555396777475113, baseline_end_ns=1789555698075045676, total_expected_requests=None, expected_duration_sec=None, expected_num_sessions=None, expected_grace_period_sec=None, final_requests_sent=None, final_requests_completed=448, final_requests_cancelled=0, final_request_errors=0, final_sent_sessions=None, final_completed_sessions=None, final_cancelled_sessions=None, timeout_triggered=True, grace_period_timeout_triggered=False, was_cancelled=False, records_end_ns=None, success_records=444, error_records=0)
2026-09-16 18:48:18.078 - records_manager - NOTICE - All requests have completed, please wait for the results to be processed (currently 444 of 448 records processed)...
2026-09-16 18:48:18.079 - records_manager - INFO - All credits complete, please wait for the results to be processed...
2026-09-16 18:48:18.121 - records_manager - INFO - Processed 448 valid requests and 0 errors (448 total).
2026-09-16 18:48:18.121 - records_manager - INFO - Received all records, processing now...
2026-09-16 18:48:18.122 - gpu_telemetry_manager - INFO - GPU Telemetry: Profiling complete, capturing final metrics...
2026-09-16 18:48:18.122 - server_metrics_manager - INFO - Server Metrics: Profiling complete, capturing final metrics...
2026-09-16 18:48:18.122 - records_manager - INFO - Waiting 2.0s for server metrics flush period...
2026-09-16 18:48:20.073 - records_manager - INFO - Processing records results...
2026-09-16 18:48:20.501 - system_controller - INFO - Waiting for result domains: server_metrics, telemetry
2026-09-16 18:48:20.502 - system_controller - INFO - Waiting for result domains: server_metrics
2026-09-16 18:48:20.841 - records_manager - INFO - _finalize_and_process_results completed
2026-09-16 18:48:20.847 - system_controller - INFO - All results received, initiating shutdown
2026-09-16 18:48:21.450 - ExporterManager - INFO - Exporting all records
2026-09-16 18:48:21.561 - ExporterManager - INFO - Exporting console data
