2026-09-16 19:41:15.105 - system_controller - INFO - Registered Worker Manager (id: 'worker_manager')
2026-09-16 19:41:15.116 - server_metrics_manager - INFO - Server Metrics: Discovered 1 endpoints: ['http://localhost:8000/metrics']
2026-09-16 19:41:15.137 - GPUTelemetryJSONLWriter_3e5248c4 - INFO - GPU telemetry export enabled: /root/llm_perf/artifacts/20260916_183753_google_gemma-4-E4B-it-qat-w4a16-ct_c1,4,16,32,64,128,256/profile_runs/trial_0002/concurrency_128/gpu_telemetry_export.jsonl
2026-09-16 19:41:15.144 - OTelMetricsResultsProcessor_61cf4c49 - INFO - Telemetry streaming is disabled (set --otel-url and/or --mlflow-tracking-uri to enable)
2026-09-16 19:41:15.145 - RecordExportJSONLWriter_fd4bcb98 - INFO - Record metrics export enabled: /root/llm_perf/artifacts/20260916_183753_google_gemma-4-E4B-it-qat-w4a16-ct_c1,4,16,32,64,128,256/profile_runs/trial_0002/concurrency_128/profile_export.jsonl
2026-09-16 19:41:15.238 - system_controller - INFO - Registered Gpu Telemetry Manager (id: 'gpu_telemetry_manager')
2026-09-16 19:41:15.240 - system_controller - INFO - Registered Dataset Manager (id: 'dataset_manager')
2026-09-16 19:41:15.241 - system_controller - INFO - Registered Server Metrics Manager (id: 'server_metrics_manager')
2026-09-16 19:41:15.242 - system_controller - INFO - Registered Record Processor (id: 'record_processor_557f445b')
2026-09-16 19:41:15.242 - system_controller - INFO - Registered Record Processor (id: 'record_processor_67fe3c67')
2026-09-16 19:41:15.244 - system_controller - INFO - Registered Record Processor (id: 'record_processor_3553cdce')
2026-09-16 19:41:15.246 - system_controller - INFO - Registered Record Processor (id: 'record_processor_1c2f2c67')
2026-09-16 19:41:15.249 - system_controller - INFO - Registered Record Processor (id: 'record_processor_3013e0b2')
2026-09-16 19:41:15.251 - system_controller - INFO - Registered Record Processor (id: 'record_processor_c457f13b')
2026-09-16 19:41:15.254 - system_controller - INFO - Registered Record Processor (id: 'record_processor_7bc50cb6')
2026-09-16 19:41:15.255 - system_controller - INFO - Registered Record Processor (id: 'record_processor_63c3191c')
2026-09-16 19:41:15.270 - system_controller - INFO - Registered Records Manager (id: 'records_manager')
2026-09-16 19:41:15.327 - system_controller - INFO - Registered Timing Manager (id: 'timing_manager')
2026-09-16 19:41:15.337 - system_controller - INFO - Registered Worker (id: 'worker_d915dd2c')
2026-09-16 19:41:15.367 - system_controller - INFO - Registered Worker (id: 'worker_23bbb605')
2026-09-16 19:41:15.368 - system_controller - INFO - Registered Worker (id: 'worker_818fb8b5')
2026-09-16 19:41:15.368 - system_controller - INFO - Registered Worker (id: 'worker_3bc3c0c3')
2026-09-16 19:41:15.369 - system_controller - INFO - Registered Worker (id: 'worker_8e0ac551')
2026-09-16 19:41:15.375 - system_controller - INFO - Registered Worker (id: 'worker_528ca81e')
2026-09-16 19:41:15.376 - system_controller - INFO - Registered Worker (id: 'worker_794b9ab2')
2026-09-16 19:41:15.378 - system_controller - INFO - Registered Worker (id: 'worker_5999bf21')
2026-09-16 19:41:15.380 - system_controller - INFO - Registered Worker (id: 'worker_c42f1bd4')
2026-09-16 19:41:15.381 - system_controller - INFO - Registered Worker (id: 'worker_b89d3550')
2026-09-16 19:41:15.384 - system_controller - INFO - Registered Worker (id: 'worker_dbee2124')
2026-09-16 19:41:15.386 - system_controller - INFO - Registered Worker (id: 'worker_1b50dc98')
2026-09-16 19:41:15.387 - system_controller - INFO - Registered Worker (id: 'worker_5bb3cbea')
2026-09-16 19:41:15.390 - system_controller - INFO - Registered Worker (id: 'worker_91cd1a89')
2026-09-16 19:41:15.391 - system_controller - INFO - Registered Worker (id: 'worker_d9ce4cb3')
2026-09-16 19:41:15.392 - system_controller - INFO - Registered Worker (id: 'worker_ca04a92e')
2026-09-16 19:41:15.394 - system_controller - INFO - Registered Worker (id: 'worker_3030e65b')
2026-09-16 19:41:15.398 - system_controller - INFO - Registered Worker (id: 'worker_03b0cc0e')
2026-09-16 19:41:15.430 - system_controller - INFO - Registered Worker (id: 'worker_9cdfb7e0')
2026-09-16 19:41:15.432 - system_controller - INFO - Registered Worker (id: 'worker_b325d1bd')
2026-09-16 19:41:15.497 - system_controller - INFO - Registered Worker (id: 'worker_f6bdfe7f')
2026-09-16 19:41:15.497 - system_controller - INFO - Registered Worker (id: 'worker_9f9a1de5')
2026-09-16 19:41:15.500 - system_controller - INFO - Registered Worker (id: 'worker_eca890f3')
2026-09-16 19:41:15.519 - system_controller - INFO - Registered Worker (id: 'worker_b93280f8')
2026-09-16 19:41:15.519 - system_controller - INFO - Registered Worker (id: 'worker_56649920')
2026-09-16 19:41:15.520 - system_controller - INFO - Registered Worker (id: 'worker_6db6501c')
2026-09-16 19:41:15.522 - system_controller - INFO - Registered Worker (id: 'worker_a1df6516')
2026-09-16 19:41:15.530 - system_controller - INFO - Registered Worker (id: 'worker_76dc535a')
2026-09-16 19:41:15.530 - system_controller - INFO - Registered Worker (id: 'worker_a75106ac')
2026-09-16 19:41:15.531 - system_controller - INFO - Registered Worker (id: 'worker_457332c1')
2026-09-16 19:41:15.531 - system_controller - INFO - Registered Worker (id: 'worker_946a55fc')
2026-09-16 19:41:15.531 - system_controller - INFO - Registered Worker (id: 'worker_734c7aab')
2026-09-16 19:41:15.601 - system_controller - INFO - AIPerf System is CONFIGURING
2026-09-16 19:41:15.601 - system_controller - INFO - Configuring all services to start profiling
2026-09-16 19:41:15.602 - timing_manager - INFO - Waiting for dataset to be configured before configuring timing
2026-09-16 19:41:15.602 - InferenceResultParser_5ab05663 - INFO - Tokenization is disabled for this endpoint, skipping tokenizer configuration
2026-09-16 19:41:15.602 - InferenceResultParser_60a115c7 - INFO - Tokenization is disabled for this endpoint, skipping tokenizer configuration
2026-09-16 19:41:15.602 - InferenceResultParser_d47312be - INFO - Tokenization is disabled for this endpoint, skipping tokenizer configuration
2026-09-16 19:41:15.602 - InferenceResultParser_5cb835e2 - INFO - Tokenization is disabled for this endpoint, skipping tokenizer configuration
2026-09-16 19:41:15.602 - InferenceResultParser_03e00582 - INFO - Tokenization is disabled for this endpoint, skipping tokenizer configuration
2026-09-16 19:41:15.602 - InferenceResultParser_e4328401 - INFO - Tokenization is disabled for this endpoint, skipping tokenizer configuration
2026-09-16 19:41:15.602 - InferenceResultParser_b2d7e53b - INFO - Tokenization is disabled for this endpoint, skipping tokenizer configuration
2026-09-16 19:41:15.602 - InferenceResultParser_0d288f19 - INFO - Tokenization is disabled for this endpoint, skipping tokenizer configuration
2026-09-16 19:41:15.603 - dataset_manager - INFO - Configuring tokenizer(s) for dataset manager
2026-09-16 19:41:15.612 - server_metrics_manager - INFO - Server Metrics: Capturing baseline metrics...
2026-09-16 19:41:15.613 - gpu_telemetry_manager - INFO - GPU Telemetry: Capturing baseline metrics from pynvml://localhost
2026-09-16 19:41:15.622 - pynvml_collector - INFO - PyNVML initialized with 1 GPU(s) (1 with GPM support)
2026-09-16 19:41:15.625 - http://localhost:8000/metrics - INFO - Skipping unsupported summary metric: http_request_size_bytes
2026-09-16 19:41:15.625 - http://localhost:8000/metrics - INFO - Skipping unsupported summary metric: http_response_size_bytes
2026-09-16 19:41:15.626 - system_controller - INFO - Server metrics enabled - 1/1 endpoint(s) reachable.
2026-09-16 19:41:15.627 - system_controller - INFO - Waiting for result domains: profile, server_metrics, telemetry
2026-09-16 19:41:15.631 - system_controller - INFO - DCGM telemetry enabled - 1/1 endpoint(s) reachable
2026-09-16 19:41:16.794 - httpx - INFO - HTTP Request: HEAD https://huggingface.co/google/gemma-4-E4B-it-qat-w4a16-ct/resolve/main/config.json "HTTP/1.1 307 Temporary Redirect"
2026-09-16 19:41:16.799 - httpx - INFO - HTTP Request: HEAD https://huggingface.co/api/resolve-cache/models/google/gemma-4-E4B-it-qat-w4a16-ct/6cd26aaa2357fb2bad8c51699a7558a4d1a965bb/config.json?%2Fgoogle%2Fgemma-4-E4B-it-qat-w4a16-ct%2Fresolve%2Fmain%2Fconfig.json=&etag=%22cc8c5ca64e33c073a961fc35777c38badb2efd52%22 "HTTP/1.1 200 OK"
2026-09-16 19:41:17.017 - httpx - INFO - HTTP Request: HEAD https://huggingface.co/google/gemma-4-E4B-it-qat-w4a16-ct/resolve/main/tokenizer_config.json "HTTP/1.1 307 Temporary Redirect"
2026-09-16 19:41:17.023 - httpx - INFO - HTTP Request: HEAD https://huggingface.co/api/resolve-cache/models/google/gemma-4-E4B-it-qat-w4a16-ct/6cd26aaa2357fb2bad8c51699a7558a4d1a965bb/tokenizer_config.json?%2Fgoogle%2Fgemma-4-E4B-it-qat-w4a16-ct%2Fresolve%2Fmain%2Ftokenizer_config.json=&etag=%22b22e2c5c05597a7e8c0cb1cebdb7d45570772005%22 "HTTP/1.1 200 OK"
2026-09-16 19:41:17.220 - httpx - INFO - HTTP Request: GET https://huggingface.co/api/models/google/gemma-4-E4B-it-qat-w4a16-ct/tree/main/additional_chat_templates?recursive=false&expand=false "HTTP/1.1 404 Not Found"
2026-09-16 19:41:17.420 - httpx - INFO - HTTP Request: GET https://huggingface.co/api/models/google/gemma-4-E4B-it-qat-w4a16-ct/tree/main?recursive=true&expand=false "HTTP/1.1 200 OK"
2026-09-16 19:41:18.536 - httpx - INFO - HTTP Request: GET https://huggingface.co/api/models/google/gemma-4-E4B-it-qat-w4a16-ct "HTTP/1.1 200 OK"
2026-09-16 19:41:18.568 - dataset_manager - INFO - Tokenizer(s) configured in 2.96 seconds
2026-09-16 19:41:18.569 - dataset_manager - INFO - Configuring dataset for dataset_manager
2026-09-16 19:41:18.880 - MemoryMapDatasetBackingStore_b17378f0 - INFO - Memory-mapped backing store initialized (streaming to /tmp/aiperf_mmap_de61b4c474ae459b9bcc9090d170f996/dataset.dat)
2026-09-16 19:41:18.886 - MemoryMapDatasetBackingStore_b17378f0 - INFO - Data file finalized: 100 conversations, 0.53 MB
2026-09-16 19:41:18.887 - MemoryMapDatasetBackingStore_b17378f0 - INFO - Index file created: /tmp/aiperf_mmap_de61b4c474ae459b9bcc9090d170f996/index.dat
2026-09-16 19:41:18.887 - dataset_manager - INFO - Backing store finalized: client_type=DatasetClientStoreType.MEMORY_MAP format=MemoryMapFormat.CONVERSATION data_file_path=PosixPath('/tmp/aiperf_mmap_de61b4c474ae459b9bcc9090d170f996/dataset.dat') index_file_path=PosixPath('/tmp/aiperf_mmap_de61b4c474ae459b9bcc9090d170f996/index.dat') conversation_count=100 total_size_bytes=552573 compressed=False compressed_data_file_path=None compressed_index_file_path=None compressed_size_bytes=0
2026-09-16 19:41:18.889 - dataset_manager - INFO - sampling strategy: sequential, unique conversations: 100, unique turn count: 100
2026-09-16 19:41:18.890 - dataset_manager - INFO - Generating inputs.json file at /root/llm_perf/artifacts/20260916_183753_google_gemma-4-E4B-it-qat-w4a16-ct_c1,4,16,32,64,128,256/profile_runs/trial_0002/concurrency_128/inputs.json
2026-09-16 19:41:18.892 - PhaseOrchestrator_37cd88a5 - INFO - Initialized 1 phase(s): ['Profiling']
2026-09-16 19:41:18.894 - dataset_manager - INFO - inputs.json file generated in 0.00 seconds
2026-09-16 19:41:18.974 - dataset_manager - INFO - Dataset client initialized and freed 100 conversations from memory
2026-09-16 19:41:18.975 - dataset_manager - INFO - Dataset configured in 0.41 seconds
2026-09-16 19:41:18.975 - system_controller - INFO - All services configured in 3.37 seconds
2026-09-16 19:41:18.976 - system_controller - INFO - AIPerf System is CONFIGURED
2026-09-16 19:41:18.977 - server_metrics_manager - INFO - Server Metrics: Started 1 collector(s) successfully
2026-09-16 19:41:18.978 - system_controller - INFO - All services started profiling successfully
2026-09-16 19:41:18.978 - system_controller - INFO - AIPerf System is PROFILING
2026-09-16 19:41:18.979 - RateTiming - INFO - Creating interval generator: pattern=concurrency_burst, rate=None, smoothness=None
2026-09-16 19:41:18.980 - PhaseRunner - NOTICE - Phase profiling (profiling) started | phase_index=0 | profiling_index=0 | target: 300.0s duration
2026-09-16 19:41:18.980 - PhaseRunner - INFO - Waiting for event 'profiling phase sending' with timeout of 299.99924873s
2026-09-16 19:41:18.981 - records_manager - INFO - Credit phase start: profiling
2026-09-16 19:46:18.979 - PhaseRunner - INFO - Timeout of 299.99924873s elapsed for event 'profiling phase sending'
2026-09-16 19:46:18.980 - PhaseRunner - NOTICE - Phase profiling (profiling) sending complete | sent=7,040, completed=6,912, in_flight=128 | sessions: sent=7,040, completed=6,912 | timeout_triggered=True
2026-09-16 19:46:18.980 - PhaseRunner - INFO - Waiting for event 'profiling phase credits returned' with timeout of 29.999028676000023s
2026-09-16 19:46:18.981 - records_manager - INFO - Sent 7,040 requests. Waiting for all to complete...
2026-09-16 19:46:22.879 - PhaseRunner - NOTICE - Phase profiling (profiling) complete | completed=7,040, cancelled=0, errors=0 | sessions: completed=7,040, cancelled=0 | elapsed=303.90s
2026-09-16 19:46:22.880 - PhaseOrchestrator_37cd88a5 - NOTICE - All credits completed
2026-09-16 19:46:22.880 - system_controller - INFO - Received credits complete from 'timing_manager'
2026-09-16 19:46:22.880 - records_manager - INFO - Received CREDIT_PHASE_COMPLETE message, Phase complete: PhaseRecordsStats(phase=CreditPhase.PROFILING, phase_index=0, profiling_index=0, phase_name='profiling', phase_kind='profiling', start_ns=1789558878979939349, sent_end_ns=1789559178980061898, requests_end_ns=1789559182878910131, baseline_start_ns=1789558878979927317, baseline_end_ns=1789559182878918580, total_expected_requests=None, expected_duration_sec=None, expected_num_sessions=None, expected_grace_period_sec=None, final_requests_sent=None, final_requests_completed=7040, final_requests_cancelled=0, final_request_errors=0, final_sent_sessions=None, final_completed_sessions=None, final_cancelled_sessions=None, timeout_triggered=True, grace_period_timeout_triggered=False, was_cancelled=False, records_end_ns=None, success_records=6968, error_records=0)
2026-09-16 19:46:22.882 - records_manager - NOTICE - All requests have completed, please wait for the results to be processed (currently 6,968 of 7,040 records processed)...
2026-09-16 19:46:22.883 - records_manager - INFO - All credits complete, please wait for the results to be processed...
2026-09-16 19:46:22.912 - records_manager - INFO - Processed 7040 valid requests and 0 errors (7040 total).
2026-09-16 19:46:22.912 - records_manager - INFO - Received all records, processing now...
2026-09-16 19:46:22.913 - server_metrics_manager - INFO - Server Metrics: Profiling complete, capturing final metrics...
2026-09-16 19:46:22.913 - gpu_telemetry_manager - INFO - GPU Telemetry: Profiling complete, capturing final metrics...
2026-09-16 19:46:22.914 - records_manager - INFO - Waiting 2.0s for server metrics flush period...
2026-09-16 19:46:24.880 - records_manager - INFO - Processing records results...
2026-09-16 19:46:25.738 - system_controller - INFO - Waiting for result domains: server_metrics, telemetry
2026-09-16 19:46:25.739 - system_controller - INFO - Waiting for result domains: server_metrics
2026-09-16 19:46:26.073 - records_manager - INFO - _finalize_and_process_results completed
2026-09-16 19:46:26.079 - system_controller - INFO - All results received, initiating shutdown
2026-09-16 19:46:26.683 - ExporterManager - INFO - Exporting all records
2026-09-16 19:46:26.791 - ExporterManager - INFO - Exporting console data
