2026-09-17 19:16:59.426 - system_controller - INFO - Registered Worker Manager (id: 'worker_manager')
2026-09-17 19:16:59.438 - server_metrics_manager - INFO - Server Metrics: Discovered 1 endpoints: ['http://localhost:8000/metrics']
2026-09-17 19:16:59.455 - system_controller - INFO - Registered Server Metrics Manager (id: 'server_metrics_manager')
2026-09-17 19:16:59.459 - GPUTelemetryJSONLWriter_752b1a51 - INFO - GPU telemetry export enabled: /root/llm_perf/artifacts/20260917_184420_MiniMaxAI_MiniMax-M2.7_c1,4,16,32,64/profile_runs/trial_0002/concurrency_4/gpu_telemetry_export.jsonl
2026-09-17 19:16:59.465 - OTelMetricsResultsProcessor_3ba23943 - INFO - Telemetry streaming is disabled (set --otel-url and/or --mlflow-tracking-uri to enable)
2026-09-17 19:16:59.466 - RecordExportJSONLWriter_37d993d2 - INFO - Record metrics export enabled: /root/llm_perf/artifacts/20260917_184420_MiniMaxAI_MiniMax-M2.7_c1,4,16,32,64/profile_runs/trial_0002/concurrency_4/profile_export.jsonl
2026-09-17 19:16:59.473 - system_controller - INFO - Registered Record Processor (id: 'record_processor_7b215394')
2026-09-17 19:16:59.489 - system_controller - INFO - Registered Records Manager (id: 'records_manager')
2026-09-17 19:16:59.551 - system_controller - INFO - Registered Gpu Telemetry Manager (id: 'gpu_telemetry_manager')
2026-09-17 19:16:59.552 - system_controller - INFO - Registered Dataset Manager (id: 'dataset_manager')
2026-09-17 19:16:59.561 - system_controller - INFO - Registered Timing Manager (id: 'timing_manager')
2026-09-17 19:16:59.575 - system_controller - INFO - Registered Worker (id: 'worker_843ec08a')
2026-09-17 19:16:59.579 - system_controller - INFO - Registered Worker (id: 'worker_e0c98060')
2026-09-17 19:16:59.579 - system_controller - INFO - Registered Worker (id: 'worker_a36c5067')
2026-09-17 19:16:59.580 - system_controller - INFO - Registered Worker (id: 'worker_32ce2a60')
2026-09-17 19:16:59.923 - system_controller - INFO - AIPerf System is CONFIGURING
2026-09-17 19:16:59.923 - system_controller - INFO - Configuring all services to start profiling
2026-09-17 19:16:59.924 - timing_manager - INFO - Waiting for dataset to be configured before configuring timing
2026-09-17 19:16:59.924 - InferenceResultParser_293f3d69 - INFO - Tokenization is disabled for this endpoint, skipping tokenizer configuration
2026-09-17 19:16:59.924 - dataset_manager - INFO - Configuring tokenizer(s) for dataset manager
2026-09-17 19:16:59.933 - server_metrics_manager - INFO - Server Metrics: Capturing baseline metrics...
2026-09-17 19:16:59.935 - gpu_telemetry_manager - INFO - GPU Telemetry: Capturing baseline metrics from pynvml://localhost
2026-09-17 19:16:59.943 - pynvml_collector - INFO - PyNVML initialized with 1 GPU(s) (1 with GPM support)
2026-09-17 19:16:59.945 - http://localhost:8000/metrics - INFO - Skipping unsupported summary metric: http_request_size_bytes
2026-09-17 19:16:59.946 - http://localhost:8000/metrics - INFO - Skipping unsupported summary metric: http_response_size_bytes
2026-09-17 19:16:59.947 - system_controller - INFO - Server metrics enabled - 1/1 endpoint(s) reachable.
2026-09-17 19:16:59.947 - system_controller - INFO - Waiting for result domains: profile, server_metrics, telemetry
2026-09-17 19:16:59.956 - system_controller - INFO - DCGM telemetry enabled - 1/1 endpoint(s) reachable
2026-09-17 19:17:01.082 - httpx - INFO - HTTP Request: HEAD https://huggingface.co/MiniMaxAI/MiniMax-M2.7/resolve/main/config.json "HTTP/1.1 307 Temporary Redirect"
2026-09-17 19:17:01.088 - httpx - INFO - HTTP Request: HEAD https://huggingface.co/api/resolve-cache/models/MiniMaxAI/MiniMax-M2.7/d494266a4affc0d2995ba1fa35c8481cbd84294b/config.json?%2FMiniMaxAI%2FMiniMax-M2.7%2Fresolve%2Fmain%2Fconfig.json=&etag=%22ba213004c5c8e8a10e7d47b7453cdc31827c840b%22 "HTTP/1.1 200 OK"
2026-09-17 19:17:01.288 - httpx - INFO - HTTP Request: HEAD https://huggingface.co/MiniMaxAI/MiniMax-M2.7/resolve/main/tokenizer_config.json "HTTP/1.1 307 Temporary Redirect"
2026-09-17 19:17:01.293 - httpx - INFO - HTTP Request: HEAD https://huggingface.co/api/resolve-cache/models/MiniMaxAI/MiniMax-M2.7/d494266a4affc0d2995ba1fa35c8481cbd84294b/tokenizer_config.json?%2FMiniMaxAI%2FMiniMax-M2.7%2Fresolve%2Fmain%2Ftokenizer_config.json=&etag=%22ff8e2ebcbdb03324603c0a734e459ec9968096ae%22 "HTTP/1.1 200 OK"
2026-09-17 19:17:01.493 - httpx - INFO - HTTP Request: HEAD https://huggingface.co/MiniMaxAI/MiniMax-M2.7/resolve/main/tokenizer_config.json "HTTP/1.1 307 Temporary Redirect"
2026-09-17 19:17:01.500 - httpx - INFO - HTTP Request: HEAD https://huggingface.co/api/resolve-cache/models/MiniMaxAI/MiniMax-M2.7/d494266a4affc0d2995ba1fa35c8481cbd84294b/tokenizer_config.json?%2FMiniMaxAI%2FMiniMax-M2.7%2Fresolve%2Fmain%2Ftokenizer_config.json=&etag=%22ff8e2ebcbdb03324603c0a734e459ec9968096ae%22 "HTTP/1.1 200 OK"
2026-09-17 19:17:01.701 - httpx - INFO - HTTP Request: GET https://huggingface.co/api/models/MiniMaxAI/MiniMax-M2.7/tree/main/additional_chat_templates?recursive=false&expand=false "HTTP/1.1 404 Not Found"
2026-09-17 19:17:01.907 - httpx - INFO - HTTP Request: GET https://huggingface.co/api/models/MiniMaxAI/MiniMax-M2.7/tree/main?recursive=true&expand=false "HTTP/1.1 200 OK"
2026-09-17 19:17:02.745 - httpx - INFO - HTTP Request: GET https://huggingface.co/api/models/MiniMaxAI/MiniMax-M2.7 "HTTP/1.1 200 OK"
2026-09-17 19:17:02.787 - dataset_manager - INFO - Tokenizer(s) configured in 2.86 seconds
2026-09-17 19:17:02.787 - dataset_manager - INFO - Configuring dataset for dataset_manager
2026-09-17 19:17:03.137 - MemoryMapDatasetBackingStore_2a6fac48 - INFO - Memory-mapped backing store initialized (streaming to /tmp/aiperf_mmap_ff1e7ce23e3341249895971e3ac76b54/dataset.dat)
2026-09-17 19:17:03.143 - MemoryMapDatasetBackingStore_2a6fac48 - INFO - Data file finalized: 100 conversations, 0.52 MB
2026-09-17 19:17:03.144 - MemoryMapDatasetBackingStore_2a6fac48 - INFO - Index file created: /tmp/aiperf_mmap_ff1e7ce23e3341249895971e3ac76b54/index.dat
2026-09-17 19:17:03.145 - dataset_manager - INFO - Backing store finalized: client_type=DatasetClientStoreType.MEMORY_MAP format=MemoryMapFormat.CONVERSATION data_file_path=PosixPath('/tmp/aiperf_mmap_ff1e7ce23e3341249895971e3ac76b54/dataset.dat') index_file_path=PosixPath('/tmp/aiperf_mmap_ff1e7ce23e3341249895971e3ac76b54/index.dat') conversation_count=100 total_size_bytes=543460 compressed=False compressed_data_file_path=None compressed_index_file_path=None compressed_size_bytes=0
2026-09-17 19:17:03.147 - dataset_manager - INFO - sampling strategy: sequential, unique conversations: 100, unique turn count: 100
2026-09-17 19:17:03.148 - dataset_manager - INFO - Generating inputs.json file at /root/llm_perf/artifacts/20260917_184420_MiniMaxAI_MiniMax-M2.7_c1,4,16,32,64/profile_runs/trial_0002/concurrency_4/inputs.json
2026-09-17 19:17:03.149 - PhaseOrchestrator_6f9fd695 - INFO - Initialized 1 phase(s): ['Profiling']
2026-09-17 19:17:03.151 - dataset_manager - INFO - inputs.json file generated in 0.00 seconds
2026-09-17 19:17:03.215 - dataset_manager - INFO - Dataset client initialized and freed 100 conversations from memory
2026-09-17 19:17:03.215 - dataset_manager - INFO - Dataset configured in 0.43 seconds
2026-09-17 19:17:03.216 - system_controller - INFO - All services configured in 3.29 seconds
2026-09-17 19:17:03.217 - system_controller - INFO - AIPerf System is CONFIGURED
2026-09-17 19:17:03.217 - server_metrics_manager - INFO - Server Metrics: Started 1 collector(s) successfully
2026-09-17 19:17:03.218 - system_controller - INFO - All services started profiling successfully
2026-09-17 19:17:03.219 - system_controller - INFO - AIPerf System is PROFILING
2026-09-17 19:17:03.219 - RateTiming - INFO - Creating interval generator: pattern=concurrency_burst, rate=None, smoothness=None
2026-09-17 19:17:03.220 - PhaseRunner - NOTICE - Phase profiling (profiling) started | phase_index=0 | profiling_index=0 | target: 300.0s duration
2026-09-17 19:17:03.221 - PhaseRunner - INFO - Waiting for event 'profiling phase sending' with timeout of 299.999166362s
2026-09-17 19:17:03.221 - records_manager - INFO - Credit phase start: profiling
2026-09-17 19:22:03.220 - PhaseRunner - INFO - Timeout of 299.999166362s elapsed for event 'profiling phase sending'
2026-09-17 19:22:03.221 - PhaseRunner - NOTICE - Phase profiling (profiling) sending complete | sent=132, completed=128, in_flight=4 | sessions: sent=132, completed=128 | timeout_triggered=True
2026-09-17 19:22:03.221 - PhaseRunner - INFO - Waiting for event 'profiling phase credits returned' with timeout of 29.99842492900001s
2026-09-17 19:22:03.222 - records_manager - INFO - Sent 132 requests. Waiting for all to complete...
2026-09-17 19:22:08.796 - PhaseRunner - NOTICE - Phase profiling (profiling) complete | completed=132, cancelled=0, errors=0 | sessions: completed=132, cancelled=0 | elapsed=305.58s
2026-09-17 19:22:08.797 - PhaseOrchestrator_6f9fd695 - NOTICE - All credits completed
2026-09-17 19:22:08.797 - system_controller - INFO - Received credits complete from 'timing_manager'
2026-09-17 19:22:08.797 - records_manager - INFO - Received CREDIT_PHASE_COMPLETE message, Phase complete: PhaseRecordsStats(phase=CreditPhase.PROFILING, phase_index=0, profiling_index=0, phase_name='profiling', phase_kind='profiling', start_ns=1789643823220391819, sent_end_ns=1789644123221095044, requests_end_ns=1789644128795998917, baseline_start_ns=1789643823220378762, baseline_end_ns=1789644128796005669, total_expected_requests=None, expected_duration_sec=None, expected_num_sessions=None, expected_grace_period_sec=None, final_requests_sent=None, final_requests_completed=132, final_requests_cancelled=0, final_request_errors=0, final_sent_sessions=None, final_completed_sessions=None, final_cancelled_sessions=None, timeout_triggered=True, grace_period_timeout_triggered=False, was_cancelled=False, records_end_ns=None, success_records=131, error_records=0)
2026-09-17 19:22:08.799 - records_manager - NOTICE - All requests have completed, please wait for the results to be processed (currently 131 of 132 records processed)...
2026-09-17 19:22:08.800 - records_manager - INFO - All credits complete, please wait for the results to be processed...
2026-09-17 19:22:08.801 - records_manager - INFO - Processed 132 valid requests and 0 errors (132 total).
2026-09-17 19:22:08.801 - records_manager - INFO - Received all records, processing now...
2026-09-17 19:22:08.802 - gpu_telemetry_manager - INFO - GPU Telemetry: Profiling complete, capturing final metrics...
2026-09-17 19:22:08.802 - records_manager - INFO - Waiting 2.0s for server metrics flush period...
2026-09-17 19:22:08.807 - server_metrics_manager - INFO - Server Metrics: Profiling complete, capturing final metrics...
2026-09-17 19:22:10.795 - records_manager - INFO - Processing records results...
2026-09-17 19:22:10.972 - system_controller - INFO - Waiting for result domains: server_metrics, telemetry
2026-09-17 19:22:10.973 - system_controller - INFO - Waiting for result domains: server_metrics
2026-09-17 19:22:11.302 - records_manager - INFO - _finalize_and_process_results completed
2026-09-17 19:22:11.308 - system_controller - INFO - All results received, initiating shutdown
2026-09-17 19:22:11.912 - ExporterManager - INFO - Exporting all records
2026-09-17 19:22:12.019 - ExporterManager - INFO - Exporting console data
