2026-09-16 18:48:22.597 - system_controller - INFO - Registered Worker Manager (id: 'worker_manager')
2026-09-16 18:48:22.608 - server_metrics_manager - INFO - Server Metrics: Discovered 1 endpoints: ['http://localhost:8000/metrics']
2026-09-16 18:48:22.630 - GPUTelemetryJSONLWriter_f6875e4e - INFO - GPU telemetry export enabled: /root/llm_perf/artifacts/20260916_183753_google_gemma-4-E4B-it-qat-w4a16-ct_c1,4,16,32,64,128,256/profile_runs/trial_0001/concurrency_16/gpu_telemetry_export.jsonl
2026-09-16 18:48:22.638 - OTelMetricsResultsProcessor_d9092458 - INFO - Telemetry streaming is disabled (set --otel-url and/or --mlflow-tracking-uri to enable)
2026-09-16 18:48:22.639 - RecordExportJSONLWriter_18e66941 - INFO - Record metrics export enabled: /root/llm_perf/artifacts/20260916_183753_google_gemma-4-E4B-it-qat-w4a16-ct_c1,4,16,32,64,128,256/profile_runs/trial_0001/concurrency_16/profile_export.jsonl
2026-09-16 18:48:22.662 - system_controller - INFO - Registered Records Manager (id: 'records_manager')
2026-09-16 18:48:22.666 - system_controller - INFO - Registered Record Processor (id: 'record_processor_d726702c')
2026-09-16 18:48:22.668 - system_controller - INFO - Registered Record Processor (id: 'record_processor_1412c0d3')
2026-09-16 18:48:22.670 - system_controller - INFO - Registered Record Processor (id: 'record_processor_8b7ee431')
2026-09-16 18:48:22.671 - system_controller - INFO - Registered Record Processor (id: 'record_processor_26ebfff2')
2026-09-16 18:48:22.714 - system_controller - INFO - Registered Gpu Telemetry Manager (id: 'gpu_telemetry_manager')
2026-09-16 18:48:22.723 - system_controller - INFO - Registered Dataset Manager (id: 'dataset_manager')
2026-09-16 18:48:22.728 - system_controller - INFO - Registered Server Metrics Manager (id: 'server_metrics_manager')
2026-09-16 18:48:22.781 - system_controller - INFO - Registered Timing Manager (id: 'timing_manager')
2026-09-16 18:48:22.802 - system_controller - INFO - Registered Worker (id: 'worker_439a0209')
2026-09-16 18:48:22.830 - system_controller - INFO - Registered Worker (id: 'worker_3fda5f61')
2026-09-16 18:48:22.912 - system_controller - INFO - Registered Worker (id: 'worker_d26b912e')
2026-09-16 18:48:22.913 - system_controller - INFO - Registered Worker (id: 'worker_c41f79bd')
2026-09-16 18:48:22.913 - system_controller - INFO - Registered Worker (id: 'worker_8d3d14e2')
2026-09-16 18:48:22.918 - system_controller - INFO - Registered Worker (id: 'worker_eb9f588e')
2026-09-16 18:48:22.918 - system_controller - INFO - Registered Worker (id: 'worker_d07157f6')
2026-09-16 18:48:22.919 - system_controller - INFO - Registered Worker (id: 'worker_c72f894c')
2026-09-16 18:48:22.920 - system_controller - INFO - Registered Worker (id: 'worker_c4b051af')
2026-09-16 18:48:22.920 - system_controller - INFO - Registered Worker (id: 'worker_c625a7e2')
2026-09-16 18:48:22.920 - system_controller - INFO - Registered Worker (id: 'worker_a739a8cf')
2026-09-16 18:48:22.922 - system_controller - INFO - Registered Worker (id: 'worker_567426c0')
2026-09-16 18:48:22.922 - system_controller - INFO - Registered Worker (id: 'worker_5bab44fa')
2026-09-16 18:48:22.924 - system_controller - INFO - Registered Worker (id: 'worker_0c4a8691')
2026-09-16 18:48:22.924 - system_controller - INFO - Registered Worker (id: 'worker_bcb6e585')
2026-09-16 18:48:22.925 - system_controller - INFO - Registered Worker (id: 'worker_1d1fdeac')
2026-09-16 18:48:23.092 - system_controller - INFO - AIPerf System is CONFIGURING
2026-09-16 18:48:23.093 - system_controller - INFO - Configuring all services to start profiling
2026-09-16 18:48:23.093 - timing_manager - INFO - Waiting for dataset to be configured before configuring timing
2026-09-16 18:48:23.093 - InferenceResultParser_86e0387e - INFO - Tokenization is disabled for this endpoint, skipping tokenizer configuration
2026-09-16 18:48:23.093 - InferenceResultParser_d306425f - INFO - Tokenization is disabled for this endpoint, skipping tokenizer configuration
2026-09-16 18:48:23.093 - InferenceResultParser_cf0ee6c7 - INFO - Tokenization is disabled for this endpoint, skipping tokenizer configuration
2026-09-16 18:48:23.093 - InferenceResultParser_5b3fb344 - INFO - Tokenization is disabled for this endpoint, skipping tokenizer configuration
2026-09-16 18:48:23.094 - dataset_manager - INFO - Configuring tokenizer(s) for dataset manager
2026-09-16 18:48:23.103 - server_metrics_manager - INFO - Server Metrics: Capturing baseline metrics...
2026-09-16 18:48:23.104 - gpu_telemetry_manager - INFO - GPU Telemetry: Capturing baseline metrics from pynvml://localhost
2026-09-16 18:48:23.113 - pynvml_collector - INFO - PyNVML initialized with 1 GPU(s) (1 with GPM support)
2026-09-16 18:48:23.116 - http://localhost:8000/metrics - INFO - Skipping unsupported summary metric: http_request_size_bytes
2026-09-16 18:48:23.116 - http://localhost:8000/metrics - INFO - Skipping unsupported summary metric: http_response_size_bytes
2026-09-16 18:48:23.118 - system_controller - INFO - Server metrics enabled - 1/1 endpoint(s) reachable.
2026-09-16 18:48:23.118 - system_controller - INFO - Waiting for result domains: profile, server_metrics, telemetry
2026-09-16 18:48:23.123 - system_controller - INFO - DCGM telemetry enabled - 1/1 endpoint(s) reachable
2026-09-16 18:48:24.293 - httpx - INFO - HTTP Request: HEAD https://huggingface.co/google/gemma-4-E4B-it-qat-w4a16-ct/resolve/main/config.json "HTTP/1.1 307 Temporary Redirect"
2026-09-16 18:48:24.298 - httpx - INFO - HTTP Request: HEAD https://huggingface.co/api/resolve-cache/models/google/gemma-4-E4B-it-qat-w4a16-ct/6cd26aaa2357fb2bad8c51699a7558a4d1a965bb/config.json?%2Fgoogle%2Fgemma-4-E4B-it-qat-w4a16-ct%2Fresolve%2Fmain%2Fconfig.json=&etag=%22cc8c5ca64e33c073a961fc35777c38badb2efd52%22 "HTTP/1.1 200 OK"
2026-09-16 18:48:24.514 - httpx - INFO - HTTP Request: HEAD https://huggingface.co/google/gemma-4-E4B-it-qat-w4a16-ct/resolve/main/tokenizer_config.json "HTTP/1.1 307 Temporary Redirect"
2026-09-16 18:48:24.520 - httpx - INFO - HTTP Request: HEAD https://huggingface.co/api/resolve-cache/models/google/gemma-4-E4B-it-qat-w4a16-ct/6cd26aaa2357fb2bad8c51699a7558a4d1a965bb/tokenizer_config.json?%2Fgoogle%2Fgemma-4-E4B-it-qat-w4a16-ct%2Fresolve%2Fmain%2Ftokenizer_config.json=&etag=%22b22e2c5c05597a7e8c0cb1cebdb7d45570772005%22 "HTTP/1.1 200 OK"
2026-09-16 18:48:24.721 - httpx - INFO - HTTP Request: GET https://huggingface.co/api/models/google/gemma-4-E4B-it-qat-w4a16-ct/tree/main/additional_chat_templates?recursive=false&expand=false "HTTP/1.1 404 Not Found"
2026-09-16 18:48:24.925 - httpx - INFO - HTTP Request: GET https://huggingface.co/api/models/google/gemma-4-E4B-it-qat-w4a16-ct/tree/main?recursive=true&expand=false "HTTP/1.1 200 OK"
2026-09-16 18:48:26.054 - httpx - INFO - HTTP Request: GET https://huggingface.co/api/models/google/gemma-4-E4B-it-qat-w4a16-ct "HTTP/1.1 200 OK"
2026-09-16 18:48:26.088 - dataset_manager - INFO - Tokenizer(s) configured in 2.99 seconds
2026-09-16 18:48:26.088 - dataset_manager - INFO - Configuring dataset for dataset_manager
2026-09-16 18:48:26.407 - MemoryMapDatasetBackingStore_c8536676 - INFO - Memory-mapped backing store initialized (streaming to /tmp/aiperf_mmap_339df4d1814c4a7c85cadcf63408b455/dataset.dat)
2026-09-16 18:48:26.413 - MemoryMapDatasetBackingStore_c8536676 - INFO - Data file finalized: 100 conversations, 0.53 MB
2026-09-16 18:48:26.413 - MemoryMapDatasetBackingStore_c8536676 - INFO - Index file created: /tmp/aiperf_mmap_339df4d1814c4a7c85cadcf63408b455/index.dat
2026-09-16 18:48:26.414 - dataset_manager - INFO - Backing store finalized: client_type=DatasetClientStoreType.MEMORY_MAP format=MemoryMapFormat.CONVERSATION data_file_path=PosixPath('/tmp/aiperf_mmap_339df4d1814c4a7c85cadcf63408b455/dataset.dat') index_file_path=PosixPath('/tmp/aiperf_mmap_339df4d1814c4a7c85cadcf63408b455/index.dat') conversation_count=100 total_size_bytes=555065 compressed=False compressed_data_file_path=None compressed_index_file_path=None compressed_size_bytes=0
2026-09-16 18:48:26.416 - dataset_manager - INFO - sampling strategy: sequential, unique conversations: 100, unique turn count: 100
2026-09-16 18:48:26.417 - dataset_manager - INFO - Generating inputs.json file at /root/llm_perf/artifacts/20260916_183753_google_gemma-4-E4B-it-qat-w4a16-ct_c1,4,16,32,64,128,256/profile_runs/trial_0001/concurrency_16/inputs.json
2026-09-16 18:48:26.419 - PhaseOrchestrator_5aad667d - INFO - Initialized 1 phase(s): ['Profiling']
2026-09-16 18:48:26.420 - dataset_manager - INFO - inputs.json file generated in 0.00 seconds
2026-09-16 18:48:26.499 - dataset_manager - INFO - Dataset client initialized and freed 100 conversations from memory
2026-09-16 18:48:26.500 - dataset_manager - INFO - Dataset configured in 0.41 seconds
2026-09-16 18:48:26.500 - system_controller - INFO - All services configured in 3.41 seconds
2026-09-16 18:48:26.501 - system_controller - INFO - AIPerf System is CONFIGURED
2026-09-16 18:48:26.502 - server_metrics_manager - INFO - Server Metrics: Started 1 collector(s) successfully
2026-09-16 18:48:26.503 - system_controller - INFO - All services started profiling successfully
2026-09-16 18:48:26.503 - system_controller - INFO - AIPerf System is PROFILING
2026-09-16 18:48:26.504 - RateTiming - INFO - Creating interval generator: pattern=concurrency_burst, rate=None, smoothness=None
2026-09-16 18:48:26.504 - PhaseRunner - NOTICE - Phase profiling (profiling) started | phase_index=0 | profiling_index=0 | target: 300.0s duration
2026-09-16 18:48:26.505 - PhaseRunner - INFO - Waiting for event 'profiling phase sending' with timeout of 299.999294235s
2026-09-16 18:48:26.505 - records_manager - INFO - Credit phase start: profiling
2026-09-16 18:53:26.504 - PhaseRunner - INFO - Timeout of 299.999294235s elapsed for event 'profiling phase sending'
2026-09-16 18:53:26.505 - PhaseRunner - NOTICE - Phase profiling (profiling) sending complete | sent=1,680, completed=1,664, in_flight=16 | sessions: sent=1,680, completed=1,664 | timeout_triggered=True
2026-09-16 18:53:26.505 - PhaseRunner - INFO - Waiting for event 'profiling phase credits returned' with timeout of 29.998975635000022s
2026-09-16 18:53:26.506 - records_manager - INFO - Sent 1,680 requests. Waiting for all to complete...
2026-09-16 18:53:26.902 - PhaseRunner - NOTICE - Phase profiling (profiling) complete | completed=1,680, cancelled=0, errors=0 | sessions: completed=1,680, cancelled=0 | elapsed=300.40s
2026-09-16 18:53:26.903 - PhaseOrchestrator_5aad667d - NOTICE - All credits completed
2026-09-16 18:53:26.903 - system_controller - INFO - Received credits complete from 'timing_manager'
2026-09-16 18:53:26.904 - records_manager - INFO - Received CREDIT_PHASE_COMPLETE message, Phase complete: PhaseRecordsStats(phase=CreditPhase.PROFILING, phase_index=0, profiling_index=0, phase_name='profiling', phase_kind='profiling', start_ns=1789555706504839847, sent_end_ns=1789556006505044429, requests_end_ns=1789556006902039344, baseline_start_ns=1789555706504827911, baseline_end_ns=1789556006902046736, total_expected_requests=None, expected_duration_sec=None, expected_num_sessions=None, expected_grace_period_sec=None, final_requests_sent=None, final_requests_completed=1680, final_requests_cancelled=0, final_request_errors=0, final_sent_sessions=None, final_completed_sessions=None, final_cancelled_sessions=None, timeout_triggered=True, grace_period_timeout_triggered=False, was_cancelled=False, records_end_ns=None, success_records=1668, error_records=0)
2026-09-16 18:53:26.906 - records_manager - NOTICE - All requests have completed, please wait for the results to be processed (currently 1,668 of 1,680 records processed)...
2026-09-16 18:53:26.906 - records_manager - INFO - All credits complete, please wait for the results to be processed...
2026-09-16 18:53:26.911 - records_manager - INFO - Processed 1680 valid requests and 0 errors (1680 total).
2026-09-16 18:53:26.911 - records_manager - INFO - Received all records, processing now...
2026-09-16 18:53:26.912 - records_manager - INFO - Waiting 2.0s for server metrics flush period...
2026-09-16 18:53:26.912 - gpu_telemetry_manager - INFO - GPU Telemetry: Profiling complete, capturing final metrics...
2026-09-16 18:53:26.913 - server_metrics_manager - INFO - Server Metrics: Profiling complete, capturing final metrics...
2026-09-16 18:53:28.901 - records_manager - INFO - Processing records results...
2026-09-16 18:53:29.785 - system_controller - INFO - Waiting for result domains: server_metrics, telemetry
2026-09-16 18:53:29.786 - system_controller - INFO - Waiting for result domains: server_metrics
2026-09-16 18:53:30.118 - records_manager - INFO - _finalize_and_process_results completed
2026-09-16 18:53:30.124 - system_controller - INFO - All results received, initiating shutdown
2026-09-16 18:53:30.728 - ExporterManager - INFO - Exporting all records
2026-09-16 18:53:30.838 - ExporterManager - INFO - Exporting console data
