2026-09-17 20:52:11.355 - system_controller - INFO - Registered Worker Manager (id: 'worker_manager')
2026-09-17 20:52:11.365 - server_metrics_manager - INFO - Server Metrics: Discovered 1 endpoints: ['http://localhost:8000/metrics']
2026-09-17 20:52:11.367 - system_controller - INFO - Registered Gpu Telemetry Manager (id: 'gpu_telemetry_manager')
2026-09-17 20:52:11.380 - system_controller - INFO - Registered Dataset Manager (id: 'dataset_manager')
2026-09-17 20:52:11.381 - system_controller - INFO - Registered Server Metrics Manager (id: 'server_metrics_manager')
2026-09-17 20:52:11.387 - GPUTelemetryJSONLWriter_453ecc9b - INFO - GPU telemetry export enabled: /root/llm_perf/artifacts/20260917_203021_RedHatAI_GLM-5.3-Flash-NVFP4_c1,4,16,32/profile_runs/trial_0002/concurrency_1/gpu_telemetry_export.jsonl
2026-09-17 20:52:11.393 - OTelMetricsResultsProcessor_a77f1650 - INFO - Telemetry streaming is disabled (set --otel-url and/or --mlflow-tracking-uri to enable)
2026-09-17 20:52:11.394 - RecordExportJSONLWriter_3fc9e4d0 - INFO - Record metrics export enabled: /root/llm_perf/artifacts/20260917_203021_RedHatAI_GLM-5.3-Flash-NVFP4_c1,4,16,32/profile_runs/trial_0002/concurrency_1/profile_export.jsonl
2026-09-17 20:52:11.417 - system_controller - INFO - Registered Records Manager (id: 'records_manager')
2026-09-17 20:52:11.452 - system_controller - INFO - Registered Timing Manager (id: 'timing_manager')
2026-09-17 20:52:11.460 - system_controller - INFO - Registered Worker (id: 'worker_d2b56471')
2026-09-17 20:52:11.488 - system_controller - INFO - Registered Record Processor (id: 'record_processor_7557a4ee')
2026-09-17 20:52:11.851 - system_controller - INFO - AIPerf System is CONFIGURING
2026-09-17 20:52:11.851 - system_controller - INFO - Configuring all services to start profiling
2026-09-17 20:52:11.852 - InferenceResultParser_bb8ec78d - INFO - Tokenization is disabled for this endpoint, skipping tokenizer configuration
2026-09-17 20:52:11.852 - timing_manager - INFO - Waiting for dataset to be configured before configuring timing
2026-09-17 20:52:11.852 - dataset_manager - INFO - Configuring tokenizer(s) for dataset manager
2026-09-17 20:52:11.861 - server_metrics_manager - INFO - Server Metrics: Capturing baseline metrics...
2026-09-17 20:52:11.863 - gpu_telemetry_manager - INFO - GPU Telemetry: Capturing baseline metrics from pynvml://localhost
2026-09-17 20:52:11.871 - pynvml_collector - INFO - PyNVML initialized with 1 GPU(s) (1 with GPM support)
2026-09-17 20:52:11.873 - http://localhost:8000/metrics - INFO - Skipping unsupported summary metric: http_request_size_bytes
2026-09-17 20:52:11.874 - http://localhost:8000/metrics - INFO - Skipping unsupported summary metric: http_response_size_bytes
2026-09-17 20:52:11.875 - system_controller - INFO - Server metrics enabled - 1/1 endpoint(s) reachable.
2026-09-17 20:52:11.875 - system_controller - INFO - Waiting for result domains: profile, server_metrics, telemetry
2026-09-17 20:52:11.881 - system_controller - INFO - DCGM telemetry enabled - 1/1 endpoint(s) reachable
2026-09-17 20:52:12.985 - httpx - INFO - HTTP Request: HEAD https://huggingface.co/RedHatAI/GLM-5.3-Flash-NVFP4/resolve/main/config.json "HTTP/1.1 307 Temporary Redirect"
2026-09-17 20:52:12.992 - httpx - INFO - HTTP Request: HEAD https://huggingface.co/api/resolve-cache/models/RedHatAI/GLM-5.3-Flash-NVFP4/c245560b6d7e62c329cd3042343b358a4279affd/config.json?%2FRedHatAI%2FGLM-5.3-Flash-NVFP4%2Fresolve%2Fmain%2Fconfig.json=&etag=%22e62581648d702e1d270189b4efdc001ac2844279%22 "HTTP/1.1 200 OK"
2026-09-17 20:52:13.213 - httpx - INFO - HTTP Request: HEAD https://huggingface.co/RedHatAI/GLM-5.3-Flash-NVFP4/resolve/main/tokenizer_config.json "HTTP/1.1 307 Temporary Redirect"
2026-09-17 20:52:13.219 - httpx - INFO - HTTP Request: HEAD https://huggingface.co/api/resolve-cache/models/RedHatAI/GLM-5.3-Flash-NVFP4/c245560b6d7e62c329cd3042343b358a4279affd/tokenizer_config.json?%2FRedHatAI%2FGLM-5.3-Flash-NVFP4%2Fresolve%2Fmain%2Ftokenizer_config.json=&etag=%220891a18eef6fc3d26dd2e87796ed39c7f91e3a77%22 "HTTP/1.1 200 OK"
2026-09-17 20:52:13.418 - httpx - INFO - HTTP Request: GET https://huggingface.co/api/models/RedHatAI/GLM-5.3-Flash-NVFP4/tree/main/additional_chat_templates?recursive=false&expand=false "HTTP/1.1 404 Not Found"
2026-09-17 20:52:13.620 - httpx - INFO - HTTP Request: GET https://huggingface.co/api/models/RedHatAI/GLM-5.3-Flash-NVFP4/tree/main?recursive=true&expand=false "HTTP/1.1 200 OK"
2026-09-17 20:52:15.002 - httpx - INFO - HTTP Request: GET https://huggingface.co/api/models/RedHatAI/GLM-5.3-Flash-NVFP4 "HTTP/1.1 200 OK"
2026-09-17 20:52:15.057 - dataset_manager - INFO - Tokenizer(s) configured in 3.20 seconds
2026-09-17 20:52:15.057 - dataset_manager - INFO - Configuring dataset for dataset_manager
2026-09-17 20:52:15.359 - MemoryMapDatasetBackingStore_2e7b1c5e - INFO - Memory-mapped backing store initialized (streaming to /tmp/aiperf_mmap_777b7a9151204c0aa958076f088dec84/dataset.dat)
2026-09-17 20:52:15.366 - MemoryMapDatasetBackingStore_2e7b1c5e - INFO - Data file finalized: 100 conversations, 0.50 MB
2026-09-17 20:52:15.368 - MemoryMapDatasetBackingStore_2e7b1c5e - INFO - Index file created: /tmp/aiperf_mmap_777b7a9151204c0aa958076f088dec84/index.dat
2026-09-17 20:52:15.368 - dataset_manager - INFO - Backing store finalized: client_type=DatasetClientStoreType.MEMORY_MAP format=MemoryMapFormat.CONVERSATION data_file_path=PosixPath('/tmp/aiperf_mmap_777b7a9151204c0aa958076f088dec84/dataset.dat') index_file_path=PosixPath('/tmp/aiperf_mmap_777b7a9151204c0aa958076f088dec84/index.dat') conversation_count=100 total_size_bytes=526821 compressed=False compressed_data_file_path=None compressed_index_file_path=None compressed_size_bytes=0
2026-09-17 20:52:15.370 - dataset_manager - INFO - sampling strategy: sequential, unique conversations: 100, unique turn count: 100
2026-09-17 20:52:15.371 - dataset_manager - INFO - Generating inputs.json file at /root/llm_perf/artifacts/20260917_203021_RedHatAI_GLM-5.3-Flash-NVFP4_c1,4,16,32/profile_runs/trial_0002/concurrency_1/inputs.json
2026-09-17 20:52:15.373 - PhaseOrchestrator_9a4ace4a - INFO - Initialized 1 phase(s): ['Profiling']
2026-09-17 20:52:15.374 - dataset_manager - INFO - inputs.json file generated in 0.00 seconds
2026-09-17 20:52:15.437 - dataset_manager - INFO - Dataset client initialized and freed 100 conversations from memory
2026-09-17 20:52:15.438 - dataset_manager - INFO - Dataset configured in 0.38 seconds
2026-09-17 20:52:15.439 - system_controller - INFO - All services configured in 3.59 seconds
2026-09-17 20:52:15.439 - system_controller - INFO - AIPerf System is CONFIGURED
2026-09-17 20:52:15.440 - server_metrics_manager - INFO - Server Metrics: Started 1 collector(s) successfully
2026-09-17 20:52:15.441 - system_controller - INFO - All services started profiling successfully
2026-09-17 20:52:15.441 - system_controller - INFO - AIPerf System is PROFILING
2026-09-17 20:52:15.442 - RateTiming - INFO - Creating interval generator: pattern=concurrency_burst, rate=None, smoothness=None
2026-09-17 20:52:15.442 - PhaseRunner - NOTICE - Phase profiling (profiling) started | phase_index=0 | profiling_index=0 | target: 300.0s duration
2026-09-17 20:52:15.443 - PhaseRunner - INFO - Waiting for event 'profiling phase sending' with timeout of 299.999160619s
2026-09-17 20:52:15.443 - records_manager - INFO - Credit phase start: profiling
2026-09-17 20:57:15.442 - PhaseRunner - INFO - Timeout of 299.999160619s elapsed for event 'profiling phase sending'
2026-09-17 20:57:15.443 - PhaseRunner - NOTICE - Phase profiling (profiling) sending complete | sent=79, completed=78, in_flight=1 | sessions: sent=79, completed=78 | timeout_triggered=True
2026-09-17 20:57:15.443 - PhaseRunner - INFO - Waiting for event 'profiling phase credits returned' with timeout of 29.99883913299999s
2026-09-17 20:57:15.444 - records_manager - INFO - Sent 79 requests. Waiting for all to complete...
2026-09-17 20:57:17.462 - PhaseRunner - NOTICE - Phase profiling (profiling) complete | completed=79, cancelled=0, errors=0 | sessions: completed=79, cancelled=0 | elapsed=302.02s
2026-09-17 20:57:17.463 - PhaseOrchestrator_9a4ace4a - NOTICE - All credits completed
2026-09-17 20:57:17.464 - system_controller - INFO - Received credits complete from 'timing_manager'
2026-09-17 20:57:17.463 - records_manager - INFO - Received CREDIT_PHASE_COMPLETE message, Phase complete: PhaseRecordsStats(phase=CreditPhase.PROFILING, phase_index=0, profiling_index=0, phase_name='profiling', phase_kind='profiling', start_ns=1789649535442718547, sent_end_ns=1789649835443009445, requests_end_ns=1789649837462774660, baseline_start_ns=1789649535442705459, baseline_end_ns=1789649837462782404, total_expected_requests=None, expected_duration_sec=None, expected_num_sessions=None, expected_grace_period_sec=None, final_requests_sent=None, final_requests_completed=79, final_requests_cancelled=0, final_request_errors=0, final_sent_sessions=None, final_completed_sessions=None, final_cancelled_sessions=None, timeout_triggered=True, grace_period_timeout_triggered=False, was_cancelled=False, records_end_ns=None, success_records=78, error_records=0)
2026-09-17 20:57:17.466 - records_manager - NOTICE - All requests have completed, please wait for the results to be processed (currently 78 of 79 records processed)...
2026-09-17 20:57:17.466 - records_manager - INFO - All credits complete, please wait for the results to be processed...
2026-09-17 20:57:17.468 - records_manager - INFO - Processed 79 valid requests and 0 errors (79 total).
2026-09-17 20:57:17.468 - records_manager - INFO - Received all records, processing now...
2026-09-17 20:57:17.469 - gpu_telemetry_manager - INFO - GPU Telemetry: Profiling complete, capturing final metrics...
2026-09-17 20:57:17.469 - records_manager - INFO - Waiting 2.0s for server metrics flush period...
2026-09-17 20:57:17.478 - server_metrics_manager - INFO - Server Metrics: Profiling complete, capturing final metrics...
2026-09-17 20:57:19.463 - records_manager - INFO - Processing records results...
2026-09-17 20:57:19.602 - system_controller - INFO - Waiting for result domains: server_metrics, telemetry
2026-09-17 20:57:19.603 - system_controller - INFO - Waiting for result domains: server_metrics
2026-09-17 20:57:19.907 - records_manager - INFO - _finalize_and_process_results completed
2026-09-17 20:57:19.911 - system_controller - INFO - All results received, initiating shutdown
2026-09-17 20:57:20.514 - ExporterManager - INFO - Exporting all records
2026-09-17 20:57:20.619 - ExporterManager - INFO - Exporting console data
