2026-09-16 16:39:16.191 - system_controller - INFO - Registered Worker Manager (id: 'worker_manager')
2026-09-16 16:39:16.202 - server_metrics_manager - INFO - Server Metrics: Discovered 1 endpoints: ['http://localhost:8000/metrics']
2026-09-16 16:39:16.204 - system_controller - INFO - Registered Gpu Telemetry Manager (id: 'gpu_telemetry_manager')
2026-09-16 16:39:16.216 - system_controller - INFO - Registered Dataset Manager (id: 'dataset_manager')
2026-09-16 16:39:16.223 - system_controller - INFO - Registered Server Metrics Manager (id: 'server_metrics_manager')
2026-09-16 16:39:16.223 - GPUTelemetryJSONLWriter_42d6ad54 - INFO - GPU telemetry export enabled: /root/llm_perf/artifacts/20260916_160706_google_gemma-4-26B-A4B-it_c1,4,16,32,64,128/profile_runs/trial_0002/concurrency_1/gpu_telemetry_export.jsonl
2026-09-16 16:39:16.229 - OTelMetricsResultsProcessor_7c9159f5 - INFO - Telemetry streaming is disabled (set --otel-url and/or --mlflow-tracking-uri to enable)
2026-09-16 16:39:16.230 - RecordExportJSONLWriter_54573c86 - INFO - Record metrics export enabled: /root/llm_perf/artifacts/20260916_160706_google_gemma-4-26B-A4B-it_c1,4,16,32,64,128/profile_runs/trial_0002/concurrency_1/profile_export.jsonl
2026-09-16 16:39:16.256 - system_controller - INFO - Registered Records Manager (id: 'records_manager')
2026-09-16 16:39:16.289 - system_controller - INFO - Registered Timing Manager (id: 'timing_manager')
2026-09-16 16:39:16.301 - system_controller - INFO - Registered Worker (id: 'worker_6ed472c6')
2026-09-16 16:39:16.332 - system_controller - INFO - Registered Record Processor (id: 'record_processor_d5657a7c')
2026-09-16 16:39:16.688 - system_controller - INFO - AIPerf System is CONFIGURING
2026-09-16 16:39:16.688 - system_controller - INFO - Configuring all services to start profiling
2026-09-16 16:39:16.689 - timing_manager - INFO - Waiting for dataset to be configured before configuring timing
2026-09-16 16:39:16.689 - InferenceResultParser_67791603 - INFO - Tokenization is disabled for this endpoint, skipping tokenizer configuration
2026-09-16 16:39:16.689 - dataset_manager - INFO - Configuring tokenizer(s) for dataset manager
2026-09-16 16:39:16.698 - server_metrics_manager - INFO - Server Metrics: Capturing baseline metrics...
2026-09-16 16:39:16.700 - gpu_telemetry_manager - INFO - GPU Telemetry: Capturing baseline metrics from pynvml://localhost
2026-09-16 16:39:16.708 - pynvml_collector - INFO - PyNVML initialized with 1 GPU(s) (1 with GPM support)
2026-09-16 16:39:16.711 - http://localhost:8000/metrics - INFO - Skipping unsupported summary metric: http_request_size_bytes
2026-09-16 16:39:16.711 - http://localhost:8000/metrics - INFO - Skipping unsupported summary metric: http_response_size_bytes
2026-09-16 16:39:16.712 - system_controller - INFO - Server metrics enabled - 1/1 endpoint(s) reachable.
2026-09-16 16:39:16.713 - system_controller - INFO - Waiting for result domains: profile, server_metrics, telemetry
2026-09-16 16:39:16.718 - system_controller - INFO - DCGM telemetry enabled - 1/1 endpoint(s) reachable
2026-09-16 16:39:17.841 - httpx - INFO - HTTP Request: HEAD https://huggingface.co/google/gemma-4-26B-A4B-it/resolve/main/config.json "HTTP/1.1 307 Temporary Redirect"
2026-09-16 16:39:17.847 - httpx - INFO - HTTP Request: HEAD https://huggingface.co/api/resolve-cache/models/google/gemma-4-26B-A4B-it/4d7ae4984b7db7de8f8457170b3f1a419ee76d52/config.json?%2Fgoogle%2Fgemma-4-26B-A4B-it%2Fresolve%2Fmain%2Fconfig.json=&etag=%22f42adcca257bb0865c506947671e7d0af52ac9c4%22 "HTTP/1.1 200 OK"
2026-09-16 16:39:18.062 - httpx - INFO - HTTP Request: HEAD https://huggingface.co/google/gemma-4-26B-A4B-it/resolve/main/tokenizer_config.json "HTTP/1.1 307 Temporary Redirect"
2026-09-16 16:39:18.067 - httpx - INFO - HTTP Request: HEAD https://huggingface.co/api/resolve-cache/models/google/gemma-4-26B-A4B-it/4d7ae4984b7db7de8f8457170b3f1a419ee76d52/tokenizer_config.json?%2Fgoogle%2Fgemma-4-26B-A4B-it%2Fresolve%2Fmain%2Ftokenizer_config.json=&etag=%226068e357379d36f823c377e30efb101fa2c67fe4%22 "HTTP/1.1 200 OK"
2026-09-16 16:39:18.262 - httpx - INFO - HTTP Request: GET https://huggingface.co/api/models/google/gemma-4-26B-A4B-it/tree/main/additional_chat_templates?recursive=false&expand=false "HTTP/1.1 404 Not Found"
2026-09-16 16:39:18.465 - httpx - INFO - HTTP Request: GET https://huggingface.co/api/models/google/gemma-4-26B-A4B-it/tree/main?recursive=true&expand=false "HTTP/1.1 200 OK"
2026-09-16 16:39:19.561 - httpx - INFO - HTTP Request: GET https://huggingface.co/api/models/google/gemma-4-26B-A4B-it "HTTP/1.1 200 OK"
2026-09-16 16:39:19.596 - dataset_manager - INFO - Tokenizer(s) configured in 2.91 seconds
2026-09-16 16:39:19.597 - dataset_manager - INFO - Configuring dataset for dataset_manager
2026-09-16 16:39:19.909 - MemoryMapDatasetBackingStore_40234da9 - INFO - Memory-mapped backing store initialized (streaming to /tmp/aiperf_mmap_5fe6d5e60eea448db01e30fe268d90c2/dataset.dat)
2026-09-16 16:39:19.915 - MemoryMapDatasetBackingStore_40234da9 - INFO - Data file finalized: 100 conversations, 0.53 MB
2026-09-16 16:39:19.916 - MemoryMapDatasetBackingStore_40234da9 - INFO - Index file created: /tmp/aiperf_mmap_5fe6d5e60eea448db01e30fe268d90c2/index.dat
2026-09-16 16:39:19.916 - dataset_manager - INFO - Backing store finalized: client_type=DatasetClientStoreType.MEMORY_MAP format=MemoryMapFormat.CONVERSATION data_file_path=PosixPath('/tmp/aiperf_mmap_5fe6d5e60eea448db01e30fe268d90c2/dataset.dat') index_file_path=PosixPath('/tmp/aiperf_mmap_5fe6d5e60eea448db01e30fe268d90c2/index.dat') conversation_count=100 total_size_bytes=553827 compressed=False compressed_data_file_path=None compressed_index_file_path=None compressed_size_bytes=0
2026-09-16 16:39:19.918 - dataset_manager - INFO - sampling strategy: sequential, unique conversations: 100, unique turn count: 100
2026-09-16 16:39:19.919 - dataset_manager - INFO - Generating inputs.json file at /root/llm_perf/artifacts/20260916_160706_google_gemma-4-26B-A4B-it_c1,4,16,32,64,128/profile_runs/trial_0002/concurrency_1/inputs.json
2026-09-16 16:39:19.921 - PhaseOrchestrator_06e13152 - INFO - Initialized 1 phase(s): ['Profiling']
2026-09-16 16:39:19.922 - dataset_manager - INFO - inputs.json file generated in 0.00 seconds
2026-09-16 16:39:19.999 - dataset_manager - INFO - Dataset client initialized and freed 100 conversations from memory
2026-09-16 16:39:20.000 - dataset_manager - INFO - Dataset configured in 0.40 seconds
2026-09-16 16:39:20.001 - system_controller - INFO - All services configured in 3.31 seconds
2026-09-16 16:39:20.001 - system_controller - INFO - AIPerf System is CONFIGURED
2026-09-16 16:39:20.002 - server_metrics_manager - INFO - Server Metrics: Started 1 collector(s) successfully
2026-09-16 16:39:20.003 - system_controller - INFO - All services started profiling successfully
2026-09-16 16:39:20.003 - system_controller - INFO - AIPerf System is PROFILING
2026-09-16 16:39:20.004 - RateTiming - INFO - Creating interval generator: pattern=concurrency_burst, rate=None, smoothness=None
2026-09-16 16:39:20.005 - PhaseRunner - NOTICE - Phase profiling (profiling) started | phase_index=0 | profiling_index=0 | target: 300.0s duration
2026-09-16 16:39:20.006 - PhaseRunner - INFO - Waiting for event 'profiling phase sending' with timeout of 299.999251702s
2026-09-16 16:39:20.006 - records_manager - INFO - Credit phase start: profiling
2026-09-16 16:44:20.005 - PhaseRunner - INFO - Timeout of 299.999251702s elapsed for event 'profiling phase sending'
2026-09-16 16:44:20.006 - PhaseRunner - NOTICE - Phase profiling (profiling) sending complete | sent=140, completed=139, in_flight=1 | sessions: sent=140, completed=139 | timeout_triggered=True
2026-09-16 16:44:20.006 - PhaseRunner - INFO - Waiting for event 'profiling phase credits returned' with timeout of 29.998439077s
2026-09-16 16:44:20.007 - records_manager - INFO - Sent 140 requests. Waiting for all to complete...
2026-09-16 16:44:20.410 - PhaseRunner - NOTICE - Phase profiling (profiling) complete | completed=140, cancelled=0, errors=0 | sessions: completed=140, cancelled=0 | elapsed=300.41s
2026-09-16 16:44:20.411 - PhaseOrchestrator_06e13152 - NOTICE - All credits completed
2026-09-16 16:44:20.411 - system_controller - INFO - Received credits complete from 'timing_manager'
2026-09-16 16:44:20.411 - records_manager - INFO - Received CREDIT_PHASE_COMPLETE message, Phase complete: PhaseRecordsStats(phase=CreditPhase.PROFILING, phase_index=0, profiling_index=0, phase_name='profiling', phase_kind='profiling', start_ns=1789547960005332992, sent_end_ns=1789548260006125906, requests_end_ns=1789548260410477951, baseline_start_ns=1789547960005320448, baseline_end_ns=1789548260410484351, total_expected_requests=None, expected_duration_sec=None, expected_num_sessions=None, expected_grace_period_sec=None, final_requests_sent=None, final_requests_completed=140, final_requests_cancelled=0, final_request_errors=0, final_sent_sessions=None, final_completed_sessions=None, final_cancelled_sessions=None, timeout_triggered=True, grace_period_timeout_triggered=False, was_cancelled=False, records_end_ns=None, success_records=139, error_records=0)
2026-09-16 16:44:20.413 - records_manager - NOTICE - All requests have completed, please wait for the results to be processed (currently 139 of 140 records processed)...
2026-09-16 16:44:20.414 - records_manager - INFO - All credits complete, please wait for the results to be processed...
2026-09-16 16:44:20.415 - records_manager - INFO - Processed 140 valid requests and 0 errors (140 total).
2026-09-16 16:44:20.415 - records_manager - INFO - Received all records, processing now...
2026-09-16 16:44:20.416 - gpu_telemetry_manager - INFO - GPU Telemetry: Profiling complete, capturing final metrics...
2026-09-16 16:44:20.416 - records_manager - INFO - Waiting 2.0s for server metrics flush period...
2026-09-16 16:44:20.421 - server_metrics_manager - INFO - Server Metrics: Profiling complete, capturing final metrics...
2026-09-16 16:44:22.409 - records_manager - INFO - Processing records results...
2026-09-16 16:44:22.594 - system_controller - INFO - Waiting for result domains: server_metrics, telemetry
2026-09-16 16:44:22.595 - system_controller - INFO - Waiting for result domains: server_metrics
2026-09-16 16:44:22.929 - records_manager - INFO - _finalize_and_process_results completed
2026-09-16 16:44:22.934 - system_controller - INFO - All results received, initiating shutdown
2026-09-16 16:44:23.538 - ExporterManager - INFO - Exporting all records
2026-09-16 16:44:23.649 - ExporterManager - INFO - Exporting console data
