2026-09-17 00:18:41.507 - system_controller - INFO - Registered Worker Manager (id: 'worker_manager')
2026-09-17 00:18:41.517 - server_metrics_manager - INFO - Server Metrics: Discovered 1 endpoints: ['http://localhost:8000/metrics']
2026-09-17 00:18:41.521 - system_controller - INFO - Registered Gpu Telemetry Manager (id: 'gpu_telemetry_manager')
2026-09-17 00:18:41.532 - system_controller - INFO - Registered Dataset Manager (id: 'dataset_manager')
2026-09-17 00:18:41.539 - GPUTelemetryJSONLWriter_8e420e10 - INFO - GPU telemetry export enabled: /root/llm_perf/artifacts/20260916_234041_nvidia_NVIDIA-Nemotron-3.5-Lightning-30B-A3B-NVFP4_c1,4,16,32,64,128,256/profile_runs/trial_0002/concurrency_1/gpu_telemetry_export.jsonl
2026-09-17 00:18:41.541 - system_controller - INFO - Registered Server Metrics Manager (id: 'server_metrics_manager')
2026-09-17 00:18:41.545 - OTelMetricsResultsProcessor_0f46c1be - INFO - Telemetry streaming is disabled (set --otel-url and/or --mlflow-tracking-uri to enable)
2026-09-17 00:18:41.546 - RecordExportJSONLWriter_196f0a23 - INFO - Record metrics export enabled: /root/llm_perf/artifacts/20260916_234041_nvidia_NVIDIA-Nemotron-3.5-Lightning-30B-A3B-NVFP4_c1,4,16,32,64,128,256/profile_runs/trial_0002/concurrency_1/profile_export.jsonl
2026-09-17 00:18:41.572 - system_controller - INFO - Registered Records Manager (id: 'records_manager')
2026-09-17 00:18:41.602 - system_controller - INFO - Registered Timing Manager (id: 'timing_manager')
2026-09-17 00:18:41.616 - system_controller - INFO - Registered Worker (id: 'worker_134b11c2')
2026-09-17 00:18:41.647 - system_controller - INFO - Registered Record Processor (id: 'record_processor_ab7ec481')
2026-09-17 00:18:42.003 - system_controller - INFO - AIPerf System is CONFIGURING
2026-09-17 00:18:42.003 - system_controller - INFO - Configuring all services to start profiling
2026-09-17 00:18:42.004 - timing_manager - INFO - Waiting for dataset to be configured before configuring timing
2026-09-17 00:18:42.004 - InferenceResultParser_69551049 - INFO - Tokenization is disabled for this endpoint, skipping tokenizer configuration
2026-09-17 00:18:42.004 - dataset_manager - INFO - Configuring tokenizer(s) for dataset manager
2026-09-17 00:18:42.012 - server_metrics_manager - INFO - Server Metrics: Capturing baseline metrics...
2026-09-17 00:18:42.015 - gpu_telemetry_manager - INFO - GPU Telemetry: Capturing baseline metrics from pynvml://localhost
2026-09-17 00:18:42.023 - pynvml_collector - INFO - PyNVML initialized with 1 GPU(s) (1 with GPM support)
2026-09-17 00:18:42.025 - http://localhost:8000/metrics - INFO - Skipping unsupported summary metric: http_request_size_bytes
2026-09-17 00:18:42.026 - http://localhost:8000/metrics - INFO - Skipping unsupported summary metric: http_response_size_bytes
2026-09-17 00:18:42.027 - system_controller - INFO - Server metrics enabled - 1/1 endpoint(s) reachable.
2026-09-17 00:18:42.028 - system_controller - INFO - Waiting for result domains: profile, server_metrics, telemetry
2026-09-17 00:18:42.033 - system_controller - INFO - DCGM telemetry enabled - 1/1 endpoint(s) reachable
2026-09-17 00:18:43.197 - httpx - INFO - HTTP Request: HEAD https://huggingface.co/nvidia/NVIDIA-Nemotron-3.5-Lightning-30B-A3B-NVFP4/resolve/main/config.json "HTTP/1.1 307 Temporary Redirect"
2026-09-17 00:18:43.203 - httpx - INFO - HTTP Request: HEAD https://huggingface.co/api/resolve-cache/models/nvidia/NVIDIA-Nemotron-3.5-Lightning-30B-A3B-NVFP4/bee7596271d1495f6992ae224aefde4410e816b8/config.json?%2Fnvidia%2FNVIDIA-Nemotron-3.5-Lightning-30B-A3B-NVFP4%2Fresolve%2Fmain%2Fconfig.json=&etag=%22ec1c51734e6cc510664d8a989861644d1f4b60f9%22 "HTTP/1.1 200 OK"
2026-09-17 00:18:43.478 - httpx - INFO - HTTP Request: HEAD https://huggingface.co/nvidia/NVIDIA-Nemotron-3.5-Lightning-30B-A3B-NVFP4/resolve/main/tokenizer_config.json "HTTP/1.1 307 Temporary Redirect"
2026-09-17 00:18:43.484 - httpx - INFO - HTTP Request: HEAD https://huggingface.co/api/resolve-cache/models/nvidia/NVIDIA-Nemotron-3.5-Lightning-30B-A3B-NVFP4/bee7596271d1495f6992ae224aefde4410e816b8/tokenizer_config.json?%2Fnvidia%2FNVIDIA-Nemotron-3.5-Lightning-30B-A3B-NVFP4%2Fresolve%2Fmain%2Ftokenizer_config.json=&etag=%22c96e5ad00986bfa0b666d4bc425666f1c51d6d1b%22 "HTTP/1.1 200 OK"
2026-09-17 00:18:43.690 - httpx - INFO - HTTP Request: GET https://huggingface.co/api/models/nvidia/NVIDIA-Nemotron-3.5-Lightning-30B-A3B-NVFP4/tree/main/additional_chat_templates?recursive=false&expand=false "HTTP/1.1 404 Not Found"
2026-09-17 00:18:43.889 - httpx - INFO - HTTP Request: GET https://huggingface.co/api/models/nvidia/NVIDIA-Nemotron-3.5-Lightning-30B-A3B-NVFP4/tree/main?recursive=true&expand=false "HTTP/1.1 200 OK"
2026-09-17 00:18:44.827 - httpx - INFO - HTTP Request: GET https://huggingface.co/api/models/nvidia/NVIDIA-Nemotron-3.5-Lightning-30B-A3B-NVFP4 "HTTP/1.1 200 OK"
2026-09-17 00:18:44.861 - dataset_manager - INFO - Tokenizer(s) configured in 2.86 seconds
2026-09-17 00:18:44.861 - dataset_manager - INFO - Configuring dataset for dataset_manager
2026-09-17 00:18:45.166 - MemoryMapDatasetBackingStore_93d8546a - INFO - Memory-mapped backing store initialized (streaming to /tmp/aiperf_mmap_a803ff17322b438f9c54c84e39a28919/dataset.dat)
2026-09-17 00:18:45.172 - MemoryMapDatasetBackingStore_93d8546a - INFO - Data file finalized: 100 conversations, 0.49 MB
2026-09-17 00:18:45.173 - MemoryMapDatasetBackingStore_93d8546a - INFO - Index file created: /tmp/aiperf_mmap_a803ff17322b438f9c54c84e39a28919/index.dat
2026-09-17 00:18:45.173 - dataset_manager - INFO - Backing store finalized: client_type=DatasetClientStoreType.MEMORY_MAP format=MemoryMapFormat.CONVERSATION data_file_path=PosixPath('/tmp/aiperf_mmap_a803ff17322b438f9c54c84e39a28919/dataset.dat') index_file_path=PosixPath('/tmp/aiperf_mmap_a803ff17322b438f9c54c84e39a28919/index.dat') conversation_count=100 total_size_bytes=515674 compressed=False compressed_data_file_path=None compressed_index_file_path=None compressed_size_bytes=0
2026-09-17 00:18:45.175 - dataset_manager - INFO - sampling strategy: sequential, unique conversations: 100, unique turn count: 100
2026-09-17 00:18:45.177 - dataset_manager - INFO - Generating inputs.json file at /root/llm_perf/artifacts/20260916_234041_nvidia_NVIDIA-Nemotron-3.5-Lightning-30B-A3B-NVFP4_c1,4,16,32,64,128,256/profile_runs/trial_0002/concurrency_1/inputs.json
2026-09-17 00:18:45.178 - PhaseOrchestrator_d0046e43 - INFO - Initialized 1 phase(s): ['Profiling']
2026-09-17 00:18:45.180 - dataset_manager - INFO - inputs.json file generated in 0.00 seconds
2026-09-17 00:18:45.243 - dataset_manager - INFO - Dataset client initialized and freed 100 conversations from memory
2026-09-17 00:18:45.244 - dataset_manager - INFO - Dataset configured in 0.38 seconds
2026-09-17 00:18:45.244 - system_controller - INFO - All services configured in 3.24 seconds
2026-09-17 00:18:45.245 - system_controller - INFO - AIPerf System is CONFIGURED
2026-09-17 00:18:45.246 - server_metrics_manager - INFO - Server Metrics: Started 1 collector(s) successfully
2026-09-17 00:18:45.246 - system_controller - INFO - All services started profiling successfully
2026-09-17 00:18:45.247 - system_controller - INFO - AIPerf System is PROFILING
2026-09-17 00:18:45.247 - RateTiming - INFO - Creating interval generator: pattern=concurrency_burst, rate=None, smoothness=None
2026-09-17 00:18:45.248 - PhaseRunner - NOTICE - Phase profiling (profiling) started | phase_index=0 | profiling_index=0 | target: 300.0s duration
2026-09-17 00:18:45.249 - PhaseRunner - INFO - Waiting for event 'profiling phase sending' with timeout of 299.999233434s
2026-09-17 00:18:45.249 - records_manager - INFO - Credit phase start: profiling
2026-09-17 00:23:45.248 - PhaseRunner - INFO - Timeout of 299.999233434s elapsed for event 'profiling phase sending'
2026-09-17 00:23:45.249 - PhaseRunner - NOTICE - Phase profiling (profiling) sending complete | sent=211, completed=210, in_flight=1 | sessions: sent=211, completed=210 | timeout_triggered=True
2026-09-17 00:23:45.249 - PhaseRunner - INFO - Waiting for event 'profiling phase credits returned' with timeout of 29.998507900999982s
2026-09-17 00:23:45.250 - records_manager - INFO - Sent 211 requests. Waiting for all to complete...
2026-09-17 00:23:45.923 - PhaseRunner - NOTICE - Phase profiling (profiling) complete | completed=211, cancelled=0, errors=0 | sessions: completed=211, cancelled=0 | elapsed=300.68s
2026-09-17 00:23:45.924 - PhaseOrchestrator_d0046e43 - NOTICE - All credits completed
2026-09-17 00:23:45.925 - system_controller - INFO - Received credits complete from 'timing_manager'
2026-09-17 00:23:45.924 - records_manager - INFO - Received CREDIT_PHASE_COMPLETE message, Phase complete: PhaseRecordsStats(phase=CreditPhase.PROFILING, phase_index=0, profiling_index=0, phase_name='profiling', phase_kind='profiling', start_ns=1789575525248352865, sent_end_ns=1789575825249021373, requests_end_ns=1789575825923806891, baseline_start_ns=1789575525248340161, baseline_end_ns=1789575825923813451, total_expected_requests=None, expected_duration_sec=None, expected_num_sessions=None, expected_grace_period_sec=None, final_requests_sent=None, final_requests_completed=211, final_requests_cancelled=0, final_request_errors=0, final_sent_sessions=None, final_completed_sessions=None, final_cancelled_sessions=None, timeout_triggered=True, grace_period_timeout_triggered=False, was_cancelled=False, records_end_ns=None, success_records=210, error_records=0)
2026-09-17 00:23:45.927 - records_manager - NOTICE - All requests have completed, please wait for the results to be processed (currently 210 of 211 records processed)...
2026-09-17 00:23:45.927 - records_manager - INFO - All credits complete, please wait for the results to be processed...
2026-09-17 00:23:45.928 - records_manager - INFO - Processed 211 valid requests and 0 errors (211 total).
2026-09-17 00:23:45.929 - records_manager - INFO - Received all records, processing now...
2026-09-17 00:23:45.930 - records_manager - INFO - Waiting 2.0s for server metrics flush period...
2026-09-17 00:23:45.929 - gpu_telemetry_manager - INFO - GPU Telemetry: Profiling complete, capturing final metrics...
2026-09-17 00:23:45.934 - server_metrics_manager - INFO - Server Metrics: Profiling complete, capturing final metrics...
2026-09-17 00:23:47.924 - records_manager - INFO - Processing records results...
2026-09-17 00:23:48.150 - system_controller - INFO - Waiting for result domains: server_metrics, telemetry
2026-09-17 00:23:48.150 - system_controller - INFO - Waiting for result domains: server_metrics
2026-09-17 00:23:48.449 - records_manager - INFO - _finalize_and_process_results completed
2026-09-17 00:23:48.453 - system_controller - INFO - All results received, initiating shutdown
2026-09-17 00:23:49.057 - ExporterManager - INFO - Exporting all records
2026-09-17 00:23:49.164 - ExporterManager - INFO - Exporting console data
