2026-09-16 18:38:03.675 - system_controller - INFO - Registered Worker Manager (id: 'worker_manager')
2026-09-16 18:38:03.686 - system_controller - INFO - Registered Gpu Telemetry Manager (id: 'gpu_telemetry_manager')
2026-09-16 18:38:03.687 - server_metrics_manager - INFO - Server Metrics: Discovered 1 endpoints: ['http://localhost:8000/metrics']
2026-09-16 18:38:03.688 - system_controller - INFO - Registered Dataset Manager (id: 'dataset_manager')
2026-09-16 18:38:03.707 - GPUTelemetryJSONLWriter_8aa18998 - INFO - GPU telemetry export enabled: /root/llm_perf/artifacts/20260916_183753_google_gemma-4-E4B-it-qat-w4a16-ct_c1,4,16,32,64,128,256/profile_runs/trial_0001/concurrency_1/gpu_telemetry_export.jsonl
2026-09-16 18:38:03.712 - system_controller - INFO - Registered Server Metrics Manager (id: 'server_metrics_manager')
2026-09-16 18:38:03.714 - OTelMetricsResultsProcessor_e376bcab - INFO - Telemetry streaming is disabled (set --otel-url and/or --mlflow-tracking-uri to enable)
2026-09-16 18:38:03.715 - RecordExportJSONLWriter_48a55acf - INFO - Record metrics export enabled: /root/llm_perf/artifacts/20260916_183753_google_gemma-4-E4B-it-qat-w4a16-ct_c1,4,16,32,64,128,256/profile_runs/trial_0001/concurrency_1/profile_export.jsonl
2026-09-16 18:38:03.737 - system_controller - INFO - Registered Records Manager (id: 'records_manager')
2026-09-16 18:38:03.781 - system_controller - INFO - Registered Timing Manager (id: 'timing_manager')
2026-09-16 18:38:03.803 - system_controller - INFO - Registered Worker (id: 'worker_8ccb4367')
2026-09-16 18:38:03.813 - system_controller - INFO - Registered Record Processor (id: 'record_processor_81b14d27')
2026-09-16 18:38:04.169 - system_controller - INFO - AIPerf System is CONFIGURING
2026-09-16 18:38:04.170 - system_controller - INFO - Configuring all services to start profiling
2026-09-16 18:38:04.170 - timing_manager - INFO - Waiting for dataset to be configured before configuring timing
2026-09-16 18:38:04.170 - InferenceResultParser_1adf81f3 - INFO - Tokenization is disabled for this endpoint, skipping tokenizer configuration
2026-09-16 18:38:04.171 - dataset_manager - INFO - Configuring tokenizer(s) for dataset manager
2026-09-16 18:38:04.178 - server_metrics_manager - INFO - Server Metrics: Capturing baseline metrics...
2026-09-16 18:38:04.181 - gpu_telemetry_manager - INFO - GPU Telemetry: Capturing baseline metrics from pynvml://localhost
2026-09-16 18:38:04.193 - pynvml_collector - INFO - PyNVML initialized with 1 GPU(s) (1 with GPM support)
2026-09-16 18:38:04.203 - system_controller - INFO - DCGM telemetry enabled - 1/1 endpoint(s) reachable
2026-09-16 18:38:04.203 - system_controller - INFO - Waiting for result domains: profile, server_metrics, telemetry
2026-09-16 18:38:04.232 - http://localhost:8000/metrics - INFO - Skipping unsupported summary metric: http_request_size_bytes
2026-09-16 18:38:04.233 - http://localhost:8000/metrics - INFO - Skipping unsupported summary metric: http_response_size_bytes
2026-09-16 18:38:04.234 - system_controller - INFO - Server metrics enabled - 1/1 endpoint(s) reachable.
2026-09-16 18:38:05.221 - httpx - INFO - HTTP Request: HEAD https://huggingface.co/google/gemma-4-E4B-it-qat-w4a16-ct/resolve/main/config.json "HTTP/1.1 307 Temporary Redirect"
2026-09-16 18:38:05.263 - httpx - INFO - HTTP Request: HEAD https://huggingface.co/api/resolve-cache/models/google/gemma-4-E4B-it-qat-w4a16-ct/6cd26aaa2357fb2bad8c51699a7558a4d1a965bb/config.json?%2Fgoogle%2Fgemma-4-E4B-it-qat-w4a16-ct%2Fresolve%2Fmain%2Fconfig.json=&etag=%22cc8c5ca64e33c073a961fc35777c38badb2efd52%22 "HTTP/1.1 200 OK"
2026-09-16 18:38:05.483 - httpx - INFO - HTTP Request: HEAD https://huggingface.co/google/gemma-4-E4B-it-qat-w4a16-ct/resolve/main/tokenizer_config.json "HTTP/1.1 307 Temporary Redirect"
2026-09-16 18:38:05.523 - httpx - INFO - HTTP Request: HEAD https://huggingface.co/api/resolve-cache/models/google/gemma-4-E4B-it-qat-w4a16-ct/6cd26aaa2357fb2bad8c51699a7558a4d1a965bb/tokenizer_config.json?%2Fgoogle%2Fgemma-4-E4B-it-qat-w4a16-ct%2Fresolve%2Fmain%2Ftokenizer_config.json=&etag=%22b22e2c5c05597a7e8c0cb1cebdb7d45570772005%22 "HTTP/1.1 200 OK"
2026-09-16 18:38:05.727 - httpx - INFO - HTTP Request: GET https://huggingface.co/api/models/google/gemma-4-E4B-it-qat-w4a16-ct/tree/main/additional_chat_templates?recursive=false&expand=false "HTTP/1.1 404 Not Found"
2026-09-16 18:38:05.937 - httpx - INFO - HTTP Request: GET https://huggingface.co/api/models/google/gemma-4-E4B-it-qat-w4a16-ct/tree/main?recursive=true&expand=false "HTTP/1.1 200 OK"
2026-09-16 18:38:07.055 - httpx - INFO - HTTP Request: GET https://huggingface.co/api/models/google/gemma-4-E4B-it-qat-w4a16-ct "HTTP/1.1 200 OK"
2026-09-16 18:38:07.086 - dataset_manager - INFO - Tokenizer(s) configured in 2.91 seconds
2026-09-16 18:38:07.087 - dataset_manager - INFO - Configuring dataset for dataset_manager
2026-09-16 18:38:07.404 - MemoryMapDatasetBackingStore_6ad609d5 - INFO - Memory-mapped backing store initialized (streaming to /tmp/aiperf_mmap_d64e967a20e4426084ac403504b5cd98/dataset.dat)
2026-09-16 18:38:07.410 - MemoryMapDatasetBackingStore_6ad609d5 - INFO - Data file finalized: 100 conversations, 0.53 MB
2026-09-16 18:38:07.411 - MemoryMapDatasetBackingStore_6ad609d5 - INFO - Index file created: /tmp/aiperf_mmap_d64e967a20e4426084ac403504b5cd98/index.dat
2026-09-16 18:38:07.411 - dataset_manager - INFO - Backing store finalized: client_type=DatasetClientStoreType.MEMORY_MAP format=MemoryMapFormat.CONVERSATION data_file_path=PosixPath('/tmp/aiperf_mmap_d64e967a20e4426084ac403504b5cd98/dataset.dat') index_file_path=PosixPath('/tmp/aiperf_mmap_d64e967a20e4426084ac403504b5cd98/index.dat') conversation_count=100 total_size_bytes=554727 compressed=False compressed_data_file_path=None compressed_index_file_path=None compressed_size_bytes=0
2026-09-16 18:38:07.413 - dataset_manager - INFO - sampling strategy: sequential, unique conversations: 100, unique turn count: 100
2026-09-16 18:38:07.414 - dataset_manager - INFO - Generating inputs.json file at /root/llm_perf/artifacts/20260916_183753_google_gemma-4-E4B-it-qat-w4a16-ct_c1,4,16,32,64,128,256/profile_runs/trial_0001/concurrency_1/inputs.json
2026-09-16 18:38:07.416 - PhaseOrchestrator_6782e7d0 - INFO - Initialized 1 phase(s): ['Profiling']
2026-09-16 18:38:07.417 - dataset_manager - INFO - inputs.json file generated in 0.00 seconds
2026-09-16 18:38:07.496 - dataset_manager - INFO - Dataset client initialized and freed 100 conversations from memory
2026-09-16 18:38:07.497 - dataset_manager - INFO - Dataset configured in 0.41 seconds
2026-09-16 18:38:07.497 - system_controller - INFO - All services configured in 3.33 seconds
2026-09-16 18:38:07.498 - system_controller - INFO - AIPerf System is CONFIGURED
2026-09-16 18:38:07.499 - server_metrics_manager - INFO - Server Metrics: Started 1 collector(s) successfully
2026-09-16 18:38:07.500 - system_controller - INFO - All services started profiling successfully
2026-09-16 18:38:07.500 - system_controller - INFO - AIPerf System is PROFILING
2026-09-16 18:38:07.501 - RateTiming - INFO - Creating interval generator: pattern=concurrency_burst, rate=None, smoothness=None
2026-09-16 18:38:07.502 - PhaseRunner - NOTICE - Phase profiling (profiling) started | phase_index=0 | profiling_index=0 | target: 300.0s duration
2026-09-16 18:38:07.502 - PhaseRunner - INFO - Waiting for event 'profiling phase sending' with timeout of 299.999260314s
2026-09-16 18:38:07.503 - records_manager - INFO - Credit phase start: profiling
2026-09-16 18:43:07.501 - PhaseRunner - INFO - Timeout of 299.999260314s elapsed for event 'profiling phase sending'
2026-09-16 18:43:07.502 - PhaseRunner - NOTICE - Phase profiling (profiling) sending complete | sent=113, completed=112, in_flight=1 | sessions: sent=113, completed=112 | timeout_triggered=True
2026-09-16 18:43:07.502 - PhaseRunner - INFO - Waiting for event 'profiling phase credits returned' with timeout of 29.99918850900002s
2026-09-16 18:43:07.502 - records_manager - INFO - Sent 113 requests. Waiting for all to complete...
2026-09-16 18:43:08.551 - PhaseRunner - NOTICE - Phase profiling (profiling) complete | completed=113, cancelled=0, errors=0 | sessions: completed=113, cancelled=0 | elapsed=301.05s
2026-09-16 18:43:08.551 - PhaseOrchestrator_6782e7d0 - NOTICE - All credits completed
2026-09-16 18:43:08.552 - system_controller - INFO - Received credits complete from 'timing_manager'
2026-09-16 18:43:08.552 - records_manager - INFO - Received CREDIT_PHASE_COMPLETE message, Phase complete: PhaseRecordsStats(phase=CreditPhase.PROFILING, phase_index=0, profiling_index=0, phase_name='profiling', phase_kind='profiling', start_ns=1789555087501995034, sent_end_ns=1789555387502020727, requests_end_ns=1789555388551013635, baseline_start_ns=1789555087501981497, baseline_end_ns=1789555388551020451, total_expected_requests=None, expected_duration_sec=None, expected_num_sessions=None, expected_grace_period_sec=None, final_requests_sent=None, final_requests_completed=113, final_requests_cancelled=0, final_request_errors=0, final_sent_sessions=None, final_completed_sessions=None, final_cancelled_sessions=None, timeout_triggered=True, grace_period_timeout_triggered=False, was_cancelled=False, records_end_ns=None, success_records=112, error_records=0)
2026-09-16 18:43:08.554 - records_manager - NOTICE - All requests have completed, please wait for the results to be processed (currently 112 of 113 records processed)...
2026-09-16 18:43:08.554 - records_manager - INFO - All credits complete, please wait for the results to be processed...
2026-09-16 18:43:08.556 - records_manager - INFO - Processed 113 valid requests and 0 errors (113 total).
2026-09-16 18:43:08.556 - records_manager - INFO - Received all records, processing now...
2026-09-16 18:43:08.557 - gpu_telemetry_manager - INFO - GPU Telemetry: Profiling complete, capturing final metrics...
2026-09-16 18:43:08.557 - records_manager - INFO - Waiting 2.0s for server metrics flush period...
2026-09-16 18:43:08.562 - server_metrics_manager - INFO - Server Metrics: Profiling complete, capturing final metrics...
2026-09-16 18:43:10.551 - records_manager - INFO - Processing records results...
2026-09-16 18:43:10.722 - system_controller - INFO - Waiting for result domains: server_metrics, telemetry
2026-09-16 18:43:10.723 - system_controller - INFO - Waiting for result domains: server_metrics
2026-09-16 18:43:11.063 - records_manager - INFO - _finalize_and_process_results completed
2026-09-16 18:43:11.068 - system_controller - INFO - All results received, initiating shutdown
2026-09-16 18:43:11.672 - ExporterManager - INFO - Exporting all records
2026-09-16 18:43:11.835 - ExporterManager - INFO - Exporting console data
