2026-09-16 18:15:18.840 - system_controller - INFO - Registered Worker Manager (id: 'worker_manager')
2026-09-16 18:15:18.851 - server_metrics_manager - INFO - Server Metrics: Discovered 1 endpoints: ['http://localhost:8000/metrics']
2026-09-16 18:15:18.872 - GPUTelemetryJSONLWriter_9907e9c3 - INFO - GPU telemetry export enabled: /root/llm_perf/artifacts/20260916_171715_google_gemma-4-E4B-it_c1,4,16,32,64,128,256/profile_runs/trial_0002/concurrency_64/gpu_telemetry_export.jsonl
2026-09-16 18:15:18.878 - OTelMetricsResultsProcessor_69863950 - INFO - Telemetry streaming is disabled (set --otel-url and/or --mlflow-tracking-uri to enable)
2026-09-16 18:15:18.880 - RecordExportJSONLWriter_a493fb54 - INFO - Record metrics export enabled: /root/llm_perf/artifacts/20260916_171715_google_gemma-4-E4B-it_c1,4,16,32,64,128,256/profile_runs/trial_0002/concurrency_64/profile_export.jsonl
2026-09-16 18:15:18.966 - system_controller - INFO - Registered Dataset Manager (id: 'dataset_manager')
2026-09-16 18:15:18.968 - system_controller - INFO - Registered Gpu Telemetry Manager (id: 'gpu_telemetry_manager')
2026-09-16 18:15:18.970 - system_controller - INFO - Registered Record Processor (id: 'record_processor_c6891138')
2026-09-16 18:15:18.972 - system_controller - INFO - Registered Record Processor (id: 'record_processor_7f161d80')
2026-09-16 18:15:18.974 - system_controller - INFO - Registered Record Processor (id: 'record_processor_1a6ad0ac')
2026-09-16 18:15:18.975 - system_controller - INFO - Registered Server Metrics Manager (id: 'server_metrics_manager')
2026-09-16 18:15:18.977 - system_controller - INFO - Registered Record Processor (id: 'record_processor_213d7d72')
2026-09-16 18:15:18.978 - system_controller - INFO - Registered Record Processor (id: 'record_processor_5dddd72a')
2026-09-16 18:15:18.979 - system_controller - INFO - Registered Record Processor (id: 'record_processor_2008d1d5')
2026-09-16 18:15:18.982 - system_controller - INFO - Registered Record Processor (id: 'record_processor_5c2b8378')
2026-09-16 18:15:18.983 - system_controller - INFO - Registered Record Processor (id: 'record_processor_3a8a30a7')
2026-09-16 18:15:19.004 - system_controller - INFO - Registered Records Manager (id: 'records_manager')
2026-09-16 18:15:19.057 - system_controller - INFO - Registered Timing Manager (id: 'timing_manager')
2026-09-16 18:15:19.078 - system_controller - INFO - Registered Worker (id: 'worker_5a78543f')
2026-09-16 18:15:19.105 - system_controller - INFO - Registered Worker (id: 'worker_aa42f710')
2026-09-16 18:15:19.106 - system_controller - INFO - Registered Worker (id: 'worker_bba4af79')
2026-09-16 18:15:19.107 - system_controller - INFO - Registered Worker (id: 'worker_cc0e594c')
2026-09-16 18:15:19.108 - system_controller - INFO - Registered Worker (id: 'worker_2b52f240')
2026-09-16 18:15:19.112 - system_controller - INFO - Registered Worker (id: 'worker_2b43bf0b')
2026-09-16 18:15:19.113 - system_controller - INFO - Registered Worker (id: 'worker_21728e24')
2026-09-16 18:15:19.113 - system_controller - INFO - Registered Worker (id: 'worker_ae0f64fa')
2026-09-16 18:15:19.118 - system_controller - INFO - Registered Worker (id: 'worker_100e4949')
2026-09-16 18:15:19.118 - system_controller - INFO - Registered Worker (id: 'worker_7daa1c62')
2026-09-16 18:15:19.121 - system_controller - INFO - Registered Worker (id: 'worker_81a24290')
2026-09-16 18:15:19.121 - system_controller - INFO - Registered Worker (id: 'worker_ccabf7c9')
2026-09-16 18:15:19.125 - system_controller - INFO - Registered Worker (id: 'worker_43641ea2')
2026-09-16 18:15:19.127 - system_controller - INFO - Registered Worker (id: 'worker_29938425')
2026-09-16 18:15:19.129 - system_controller - INFO - Registered Worker (id: 'worker_91915bb3')
2026-09-16 18:15:19.130 - system_controller - INFO - Registered Worker (id: 'worker_4b2028ca')
2026-09-16 18:15:19.133 - system_controller - INFO - Registered Worker (id: 'worker_19429816')
2026-09-16 18:15:19.165 - system_controller - INFO - Registered Worker (id: 'worker_27fd5bf8')
2026-09-16 18:15:19.167 - system_controller - INFO - Registered Worker (id: 'worker_23cc51fd')
2026-09-16 18:15:19.171 - system_controller - INFO - Registered Worker (id: 'worker_d4d75789')
2026-09-16 18:15:19.227 - system_controller - INFO - Registered Worker (id: 'worker_ae7d5cf2')
2026-09-16 18:15:19.229 - system_controller - INFO - Registered Worker (id: 'worker_a9ed1982')
2026-09-16 18:15:19.235 - system_controller - INFO - Registered Worker (id: 'worker_21172564')
2026-09-16 18:15:19.237 - system_controller - INFO - Registered Worker (id: 'worker_b8727e27')
2026-09-16 18:15:19.253 - system_controller - INFO - Registered Worker (id: 'worker_877706b3')
2026-09-16 18:15:19.254 - system_controller - INFO - Registered Worker (id: 'worker_bd9161ed')
2026-09-16 18:15:19.254 - system_controller - INFO - Registered Worker (id: 'worker_76a69220')
2026-09-16 18:15:19.256 - system_controller - INFO - Registered Worker (id: 'worker_060f95ed')
2026-09-16 18:15:19.262 - system_controller - INFO - Registered Worker (id: 'worker_0e8e9cd2')
2026-09-16 18:15:19.264 - system_controller - INFO - Registered Worker (id: 'worker_a55f0cf7')
2026-09-16 18:15:19.264 - system_controller - INFO - Registered Worker (id: 'worker_44280506')
2026-09-16 18:15:19.265 - system_controller - INFO - Registered Worker (id: 'worker_ce755f99')
2026-09-16 18:15:19.336 - system_controller - INFO - AIPerf System is CONFIGURING
2026-09-16 18:15:19.336 - system_controller - INFO - Configuring all services to start profiling
2026-09-16 18:15:19.337 - timing_manager - INFO - Waiting for dataset to be configured before configuring timing
2026-09-16 18:15:19.337 - InferenceResultParser_99452d23 - INFO - Tokenization is disabled for this endpoint, skipping tokenizer configuration
2026-09-16 18:15:19.337 - InferenceResultParser_00da92c9 - INFO - Tokenization is disabled for this endpoint, skipping tokenizer configuration
2026-09-16 18:15:19.337 - InferenceResultParser_20ee1eff - INFO - Tokenization is disabled for this endpoint, skipping tokenizer configuration
2026-09-16 18:15:19.337 - InferenceResultParser_54d57694 - INFO - Tokenization is disabled for this endpoint, skipping tokenizer configuration
2026-09-16 18:15:19.337 - InferenceResultParser_d732ece9 - INFO - Tokenization is disabled for this endpoint, skipping tokenizer configuration
2026-09-16 18:15:19.337 - InferenceResultParser_324949b6 - INFO - Tokenization is disabled for this endpoint, skipping tokenizer configuration
2026-09-16 18:15:19.337 - InferenceResultParser_9389d08b - INFO - Tokenization is disabled for this endpoint, skipping tokenizer configuration
2026-09-16 18:15:19.337 - InferenceResultParser_7883954a - INFO - Tokenization is disabled for this endpoint, skipping tokenizer configuration
2026-09-16 18:15:19.337 - dataset_manager - INFO - Configuring tokenizer(s) for dataset manager
2026-09-16 18:15:19.346 - server_metrics_manager - INFO - Server Metrics: Capturing baseline metrics...
2026-09-16 18:15:19.348 - gpu_telemetry_manager - INFO - GPU Telemetry: Capturing baseline metrics from pynvml://localhost
2026-09-16 18:15:19.356 - pynvml_collector - INFO - PyNVML initialized with 1 GPU(s) (1 with GPM support)
2026-09-16 18:15:19.360 - http://localhost:8000/metrics - INFO - Skipping unsupported summary metric: http_request_size_bytes
2026-09-16 18:15:19.360 - http://localhost:8000/metrics - INFO - Skipping unsupported summary metric: http_response_size_bytes
2026-09-16 18:15:19.361 - system_controller - INFO - Server metrics enabled - 1/1 endpoint(s) reachable.
2026-09-16 18:15:19.362 - system_controller - INFO - Waiting for result domains: profile, server_metrics, telemetry
2026-09-16 18:15:19.366 - system_controller - INFO - DCGM telemetry enabled - 1/1 endpoint(s) reachable
2026-09-16 18:15:20.498 - httpx - INFO - HTTP Request: HEAD https://huggingface.co/google/gemma-4-E4B-it/resolve/main/config.json "HTTP/1.1 307 Temporary Redirect"
2026-09-16 18:15:20.505 - httpx - INFO - HTTP Request: HEAD https://huggingface.co/api/resolve-cache/models/google/gemma-4-E4B-it/ee0ef6023621cff504d758262d4e04895a5af4a2/config.json?%2Fgoogle%2Fgemma-4-E4B-it%2Fresolve%2Fmain%2Fconfig.json=&etag=%22d68960fdcce766f2bfe41436325a8a483a74d125%22 "HTTP/1.1 200 OK"
2026-09-16 18:15:20.723 - httpx - INFO - HTTP Request: HEAD https://huggingface.co/google/gemma-4-E4B-it/resolve/main/tokenizer_config.json "HTTP/1.1 307 Temporary Redirect"
2026-09-16 18:15:20.728 - httpx - INFO - HTTP Request: HEAD https://huggingface.co/api/resolve-cache/models/google/gemma-4-E4B-it/ee0ef6023621cff504d758262d4e04895a5af4a2/tokenizer_config.json?%2Fgoogle%2Fgemma-4-E4B-it%2Fresolve%2Fmain%2Ftokenizer_config.json=&etag=%226068e357379d36f823c377e30efb101fa2c67fe4%22 "HTTP/1.1 200 OK"
2026-09-16 18:15:20.932 - httpx - INFO - HTTP Request: GET https://huggingface.co/api/models/google/gemma-4-E4B-it/tree/main/additional_chat_templates?recursive=false&expand=false "HTTP/1.1 404 Not Found"
2026-09-16 18:15:21.137 - httpx - INFO - HTTP Request: GET https://huggingface.co/api/models/google/gemma-4-E4B-it/tree/main?recursive=true&expand=false "HTTP/1.1 200 OK"
2026-09-16 18:15:22.285 - httpx - INFO - HTTP Request: GET https://huggingface.co/api/models/google/gemma-4-E4B-it "HTTP/1.1 200 OK"
2026-09-16 18:15:22.319 - dataset_manager - INFO - Tokenizer(s) configured in 2.98 seconds
2026-09-16 18:15:22.320 - dataset_manager - INFO - Configuring dataset for dataset_manager
2026-09-16 18:15:22.629 - MemoryMapDatasetBackingStore_30f0e708 - INFO - Memory-mapped backing store initialized (streaming to /tmp/aiperf_mmap_990d96ed98834ef2b9b60be68b9f6ee6/dataset.dat)
2026-09-16 18:15:22.635 - MemoryMapDatasetBackingStore_30f0e708 - INFO - Data file finalized: 100 conversations, 0.52 MB
2026-09-16 18:15:22.635 - MemoryMapDatasetBackingStore_30f0e708 - INFO - Index file created: /tmp/aiperf_mmap_990d96ed98834ef2b9b60be68b9f6ee6/index.dat
2026-09-16 18:15:22.636 - dataset_manager - INFO - Backing store finalized: client_type=DatasetClientStoreType.MEMORY_MAP format=MemoryMapFormat.CONVERSATION data_file_path=PosixPath('/tmp/aiperf_mmap_990d96ed98834ef2b9b60be68b9f6ee6/dataset.dat') index_file_path=PosixPath('/tmp/aiperf_mmap_990d96ed98834ef2b9b60be68b9f6ee6/index.dat') conversation_count=100 total_size_bytes=549602 compressed=False compressed_data_file_path=None compressed_index_file_path=None compressed_size_bytes=0
2026-09-16 18:15:22.638 - dataset_manager - INFO - sampling strategy: sequential, unique conversations: 100, unique turn count: 100
2026-09-16 18:15:22.639 - dataset_manager - INFO - Generating inputs.json file at /root/llm_perf/artifacts/20260916_171715_google_gemma-4-E4B-it_c1,4,16,32,64,128,256/profile_runs/trial_0002/concurrency_64/inputs.json
2026-09-16 18:15:22.641 - PhaseOrchestrator_a44b55d1 - INFO - Initialized 1 phase(s): ['Profiling']
2026-09-16 18:15:22.642 - dataset_manager - INFO - inputs.json file generated in 0.00 seconds
2026-09-16 18:15:22.722 - dataset_manager - INFO - Dataset client initialized and freed 100 conversations from memory
2026-09-16 18:15:22.723 - dataset_manager - INFO - Dataset configured in 0.40 seconds
2026-09-16 18:15:22.724 - system_controller - INFO - All services configured in 3.39 seconds
2026-09-16 18:15:22.724 - system_controller - INFO - AIPerf System is CONFIGURED
2026-09-16 18:15:22.725 - server_metrics_manager - INFO - Server Metrics: Started 1 collector(s) successfully
2026-09-16 18:15:22.726 - system_controller - INFO - All services started profiling successfully
2026-09-16 18:15:22.726 - system_controller - INFO - AIPerf System is PROFILING
2026-09-16 18:15:22.727 - RateTiming - INFO - Creating interval generator: pattern=concurrency_burst, rate=None, smoothness=None
2026-09-16 18:15:22.728 - PhaseRunner - NOTICE - Phase profiling (profiling) started | phase_index=0 | profiling_index=0 | target: 300.0s duration
2026-09-16 18:15:22.728 - PhaseRunner - INFO - Waiting for event 'profiling phase sending' with timeout of 299.999281209s
2026-09-16 18:15:22.729 - records_manager - INFO - Credit phase start: profiling
2026-09-16 18:20:22.727 - PhaseRunner - INFO - Timeout of 299.999281209s elapsed for event 'profiling phase sending'
2026-09-16 18:20:22.728 - PhaseRunner - NOTICE - Phase profiling (profiling) sending complete | sent=6,848, completed=6,784, in_flight=64 | sessions: sent=6,848, completed=6,784 | timeout_triggered=True
2026-09-16 18:20:22.728 - PhaseRunner - INFO - Waiting for event 'profiling phase credits returned' with timeout of 29.999199325999996s
2026-09-16 18:20:22.729 - records_manager - INFO - Sent 6,848 requests. Waiting for all to complete...
2026-09-16 18:20:25.106 - PhaseRunner - NOTICE - Phase profiling (profiling) complete | completed=6,848, cancelled=0, errors=0 | sessions: completed=6,848, cancelled=0 | elapsed=302.38s
2026-09-16 18:20:25.107 - PhaseOrchestrator_a44b55d1 - NOTICE - All credits completed
2026-09-16 18:20:25.108 - system_controller - INFO - Received credits complete from 'timing_manager'
2026-09-16 18:20:25.108 - records_manager - INFO - Received CREDIT_PHASE_COMPLETE message, Phase complete: PhaseRecordsStats(phase=CreditPhase.PROFILING, phase_index=0, profiling_index=0, phase_name='profiling', phase_kind='profiling', start_ns=1789553722728082840, sent_end_ns=1789554022728048914, requests_end_ns=1789554025106819444, baseline_start_ns=1789553722728068792, baseline_end_ns=1789554025106827508, total_expected_requests=None, expected_duration_sec=None, expected_num_sessions=None, expected_grace_period_sec=None, final_requests_sent=None, final_requests_completed=6848, final_requests_cancelled=0, final_request_errors=0, final_sent_sessions=None, final_completed_sessions=None, final_cancelled_sessions=None, timeout_triggered=True, grace_period_timeout_triggered=False, was_cancelled=False, records_end_ns=None, success_records=6784, error_records=0)
2026-09-16 18:20:25.110 - records_manager - NOTICE - All requests have completed, please wait for the results to be processed (currently 6,784 of 6,848 records processed)...
2026-09-16 18:20:25.111 - records_manager - INFO - All credits complete, please wait for the results to be processed...
2026-09-16 18:20:25.137 - records_manager - INFO - Processed 6848 valid requests and 0 errors (6848 total).
2026-09-16 18:20:25.137 - records_manager - INFO - Received all records, processing now...
2026-09-16 18:20:25.138 - server_metrics_manager - INFO - Server Metrics: Profiling complete, capturing final metrics...
2026-09-16 18:20:25.138 - gpu_telemetry_manager - INFO - GPU Telemetry: Profiling complete, capturing final metrics...
2026-09-16 18:20:25.139 - records_manager - INFO - Waiting 2.0s for server metrics flush period...
2026-09-16 18:20:27.107 - records_manager - INFO - Processing records results...
2026-09-16 18:20:27.995 - system_controller - INFO - Waiting for result domains: server_metrics, telemetry
2026-09-16 18:20:27.996 - system_controller - INFO - Waiting for result domains: server_metrics
2026-09-16 18:20:28.354 - records_manager - INFO - _finalize_and_process_results completed
2026-09-16 18:20:28.360 - system_controller - INFO - All results received, initiating shutdown
2026-09-16 18:20:28.963 - ExporterManager - INFO - Exporting all records
2026-09-16 18:20:29.074 - ExporterManager - INFO - Exporting console data
