2026-09-17 18:54:49.184 - system_controller - INFO - Registered Worker Manager (id: 'worker_manager')
2026-09-17 18:54:49.196 - server_metrics_manager - INFO - Server Metrics: Discovered 1 endpoints: ['http://localhost:8000/metrics']
2026-09-17 18:54:49.216 - GPUTelemetryJSONLWriter_bc2c1975 - INFO - GPU telemetry export enabled: /root/llm_perf/artifacts/20260917_184420_MiniMaxAI_MiniMax-M2.7_c1,4,16,32,64/profile_runs/trial_0001/concurrency_16/gpu_telemetry_export.jsonl
2026-09-17 18:54:49.222 - OTelMetricsResultsProcessor_75b28f9b - INFO - Telemetry streaming is disabled (set --otel-url and/or --mlflow-tracking-uri to enable)
2026-09-17 18:54:49.223 - RecordExportJSONLWriter_5e33f4f9 - INFO - Record metrics export enabled: /root/llm_perf/artifacts/20260917_184420_MiniMaxAI_MiniMax-M2.7_c1,4,16,32,64/profile_runs/trial_0001/concurrency_16/profile_export.jsonl
2026-09-17 18:54:49.248 - system_controller - INFO - Registered Server Metrics Manager (id: 'server_metrics_manager')
2026-09-17 18:54:49.259 - system_controller - INFO - Registered Record Processor (id: 'record_processor_1640585e')
2026-09-17 18:54:49.261 - system_controller - INFO - Registered Record Processor (id: 'record_processor_ba9b43c4')
2026-09-17 18:54:49.263 - system_controller - INFO - Registered Record Processor (id: 'record_processor_821eb709')
2026-09-17 18:54:49.263 - system_controller - INFO - Registered Record Processor (id: 'record_processor_5fcbe683')
2026-09-17 18:54:49.301 - system_controller - INFO - Registered Gpu Telemetry Manager (id: 'gpu_telemetry_manager')
2026-09-17 18:54:49.310 - system_controller - INFO - Registered Dataset Manager (id: 'dataset_manager')
2026-09-17 18:54:49.346 - system_controller - INFO - Registered Records Manager (id: 'records_manager')
2026-09-17 18:54:49.369 - system_controller - INFO - Registered Timing Manager (id: 'timing_manager')
2026-09-17 18:54:49.382 - system_controller - INFO - Registered Worker (id: 'worker_6ced1bd7')
2026-09-17 18:54:49.510 - system_controller - INFO - Registered Worker (id: 'worker_93b1ed48')
2026-09-17 18:54:49.510 - system_controller - INFO - Registered Worker (id: 'worker_5861c215')
2026-09-17 18:54:49.511 - system_controller - INFO - Registered Worker (id: 'worker_69ec0430')
2026-09-17 18:54:49.511 - system_controller - INFO - Registered Worker (id: 'worker_e597d59b')
2026-09-17 18:54:49.512 - system_controller - INFO - Registered Worker (id: 'worker_15558853')
2026-09-17 18:54:49.512 - system_controller - INFO - Registered Worker (id: 'worker_c4d06ee3')
2026-09-17 18:54:49.513 - system_controller - INFO - Registered Worker (id: 'worker_f5692cad')
2026-09-17 18:54:49.513 - system_controller - INFO - Registered Worker (id: 'worker_1f63cd2a')
2026-09-17 18:54:49.514 - system_controller - INFO - Registered Worker (id: 'worker_f07dfa5b')
2026-09-17 18:54:49.517 - system_controller - INFO - Registered Worker (id: 'worker_709a9dce')
2026-09-17 18:54:49.518 - system_controller - INFO - Registered Worker (id: 'worker_b0f05ea3')
2026-09-17 18:54:49.519 - system_controller - INFO - Registered Worker (id: 'worker_95500341')
2026-09-17 18:54:49.519 - system_controller - INFO - Registered Worker (id: 'worker_f1a3a500')
2026-09-17 18:54:49.521 - system_controller - INFO - Registered Worker (id: 'worker_b728b2ee')
2026-09-17 18:54:49.521 - system_controller - INFO - Registered Worker (id: 'worker_716c124f')
2026-09-17 18:54:49.680 - system_controller - INFO - AIPerf System is CONFIGURING
2026-09-17 18:54:49.681 - system_controller - INFO - Configuring all services to start profiling
2026-09-17 18:54:49.681 - timing_manager - INFO - Waiting for dataset to be configured before configuring timing
2026-09-17 18:54:49.681 - InferenceResultParser_add351ec - INFO - Tokenization is disabled for this endpoint, skipping tokenizer configuration
2026-09-17 18:54:49.681 - InferenceResultParser_282aec7f - INFO - Tokenization is disabled for this endpoint, skipping tokenizer configuration
2026-09-17 18:54:49.681 - InferenceResultParser_ac188b8f - INFO - Tokenization is disabled for this endpoint, skipping tokenizer configuration
2026-09-17 18:54:49.681 - InferenceResultParser_bf83f098 - INFO - Tokenization is disabled for this endpoint, skipping tokenizer configuration
2026-09-17 18:54:49.682 - dataset_manager - INFO - Configuring tokenizer(s) for dataset manager
2026-09-17 18:54:49.690 - server_metrics_manager - INFO - Server Metrics: Capturing baseline metrics...
2026-09-17 18:54:49.693 - gpu_telemetry_manager - INFO - GPU Telemetry: Capturing baseline metrics from pynvml://localhost
2026-09-17 18:54:49.702 - pynvml_collector - INFO - PyNVML initialized with 1 GPU(s) (1 with GPM support)
2026-09-17 18:54:49.703 - http://localhost:8000/metrics - INFO - Skipping unsupported summary metric: http_request_size_bytes
2026-09-17 18:54:49.704 - http://localhost:8000/metrics - INFO - Skipping unsupported summary metric: http_response_size_bytes
2026-09-17 18:54:49.705 - system_controller - INFO - Server metrics enabled - 1/1 endpoint(s) reachable.
2026-09-17 18:54:49.705 - system_controller - INFO - Waiting for result domains: profile, server_metrics, telemetry
2026-09-17 18:54:49.725 - system_controller - INFO - DCGM telemetry enabled - 1/1 endpoint(s) reachable
2026-09-17 18:54:50.812 - httpx - INFO - HTTP Request: HEAD https://huggingface.co/MiniMaxAI/MiniMax-M2.7/resolve/main/config.json "HTTP/1.1 307 Temporary Redirect"
2026-09-17 18:54:50.818 - httpx - INFO - HTTP Request: HEAD https://huggingface.co/api/resolve-cache/models/MiniMaxAI/MiniMax-M2.7/d494266a4affc0d2995ba1fa35c8481cbd84294b/config.json?%2FMiniMaxAI%2FMiniMax-M2.7%2Fresolve%2Fmain%2Fconfig.json=&etag=%22ba213004c5c8e8a10e7d47b7453cdc31827c840b%22 "HTTP/1.1 200 OK"
2026-09-17 18:54:51.019 - httpx - INFO - HTTP Request: HEAD https://huggingface.co/MiniMaxAI/MiniMax-M2.7/resolve/main/tokenizer_config.json "HTTP/1.1 307 Temporary Redirect"
2026-09-17 18:54:51.025 - httpx - INFO - HTTP Request: HEAD https://huggingface.co/api/resolve-cache/models/MiniMaxAI/MiniMax-M2.7/d494266a4affc0d2995ba1fa35c8481cbd84294b/tokenizer_config.json?%2FMiniMaxAI%2FMiniMax-M2.7%2Fresolve%2Fmain%2Ftokenizer_config.json=&etag=%22ff8e2ebcbdb03324603c0a734e459ec9968096ae%22 "HTTP/1.1 200 OK"
2026-09-17 18:54:51.220 - httpx - INFO - HTTP Request: HEAD https://huggingface.co/MiniMaxAI/MiniMax-M2.7/resolve/main/tokenizer_config.json "HTTP/1.1 307 Temporary Redirect"
2026-09-17 18:54:51.226 - httpx - INFO - HTTP Request: HEAD https://huggingface.co/api/resolve-cache/models/MiniMaxAI/MiniMax-M2.7/d494266a4affc0d2995ba1fa35c8481cbd84294b/tokenizer_config.json?%2FMiniMaxAI%2FMiniMax-M2.7%2Fresolve%2Fmain%2Ftokenizer_config.json=&etag=%22ff8e2ebcbdb03324603c0a734e459ec9968096ae%22 "HTTP/1.1 200 OK"
2026-09-17 18:54:51.428 - httpx - INFO - HTTP Request: GET https://huggingface.co/api/models/MiniMaxAI/MiniMax-M2.7/tree/main/additional_chat_templates?recursive=false&expand=false "HTTP/1.1 404 Not Found"
2026-09-17 18:54:51.635 - httpx - INFO - HTTP Request: GET https://huggingface.co/api/models/MiniMaxAI/MiniMax-M2.7/tree/main?recursive=true&expand=false "HTTP/1.1 200 OK"
2026-09-17 18:54:52.499 - httpx - INFO - HTTP Request: GET https://huggingface.co/api/models/MiniMaxAI/MiniMax-M2.7 "HTTP/1.1 200 OK"
2026-09-17 18:54:52.543 - dataset_manager - INFO - Tokenizer(s) configured in 2.86 seconds
2026-09-17 18:54:52.544 - dataset_manager - INFO - Configuring dataset for dataset_manager
2026-09-17 18:54:52.892 - MemoryMapDatasetBackingStore_27e8dd6d - INFO - Memory-mapped backing store initialized (streaming to /tmp/aiperf_mmap_01dd277b895b4957b403a45a2222c19a/dataset.dat)
2026-09-17 18:54:52.898 - MemoryMapDatasetBackingStore_27e8dd6d - INFO - Data file finalized: 100 conversations, 0.52 MB
2026-09-17 18:54:52.899 - MemoryMapDatasetBackingStore_27e8dd6d - INFO - Index file created: /tmp/aiperf_mmap_01dd277b895b4957b403a45a2222c19a/index.dat
2026-09-17 18:54:52.899 - dataset_manager - INFO - Backing store finalized: client_type=DatasetClientStoreType.MEMORY_MAP format=MemoryMapFormat.CONVERSATION data_file_path=PosixPath('/tmp/aiperf_mmap_01dd277b895b4957b403a45a2222c19a/dataset.dat') index_file_path=PosixPath('/tmp/aiperf_mmap_01dd277b895b4957b403a45a2222c19a/index.dat') conversation_count=100 total_size_bytes=543483 compressed=False compressed_data_file_path=None compressed_index_file_path=None compressed_size_bytes=0
2026-09-17 18:54:52.901 - dataset_manager - INFO - sampling strategy: sequential, unique conversations: 100, unique turn count: 100
2026-09-17 18:54:52.902 - dataset_manager - INFO - Generating inputs.json file at /root/llm_perf/artifacts/20260917_184420_MiniMaxAI_MiniMax-M2.7_c1,4,16,32,64/profile_runs/trial_0001/concurrency_16/inputs.json
2026-09-17 18:54:52.904 - PhaseOrchestrator_905c748e - INFO - Initialized 1 phase(s): ['Profiling']
2026-09-17 18:54:52.906 - dataset_manager - INFO - inputs.json file generated in 0.00 seconds
2026-09-17 18:54:52.968 - dataset_manager - INFO - Dataset client initialized and freed 100 conversations from memory
2026-09-17 18:54:52.968 - dataset_manager - INFO - Dataset configured in 0.42 seconds
2026-09-17 18:54:52.969 - system_controller - INFO - All services configured in 3.29 seconds
2026-09-17 18:54:52.970 - system_controller - INFO - AIPerf System is CONFIGURED
2026-09-17 18:54:52.971 - server_metrics_manager - INFO - Server Metrics: Started 1 collector(s) successfully
2026-09-17 18:54:52.971 - system_controller - INFO - All services started profiling successfully
2026-09-17 18:54:52.972 - system_controller - INFO - AIPerf System is PROFILING
2026-09-17 18:54:52.972 - RateTiming - INFO - Creating interval generator: pattern=concurrency_burst, rate=None, smoothness=None
2026-09-17 18:54:52.973 - PhaseRunner - NOTICE - Phase profiling (profiling) started | phase_index=0 | profiling_index=0 | target: 300.0s duration
2026-09-17 18:54:52.974 - PhaseRunner - INFO - Waiting for event 'profiling phase sending' with timeout of 299.999166525s
2026-09-17 18:54:52.974 - records_manager - INFO - Credit phase start: profiling
2026-09-17 18:59:52.974 - PhaseRunner - INFO - Timeout of 299.999166525s elapsed for event 'profiling phase sending'
2026-09-17 18:59:52.975 - PhaseRunner - NOTICE - Phase profiling (profiling) sending complete | sent=240, completed=224, in_flight=16 | sessions: sent=240, completed=224 | timeout_triggered=True
2026-09-17 18:59:52.976 - PhaseRunner - INFO - Waiting for event 'profiling phase credits returned' with timeout of 29.997212988s
2026-09-17 18:59:52.976 - records_manager - INFO - Sent 240 requests. Waiting for all to complete...
2026-09-17 19:00:05.638 - PhaseRunner - NOTICE - Phase profiling (profiling) complete | completed=240, cancelled=0, errors=0 | sessions: completed=240, cancelled=0 | elapsed=312.67s
2026-09-17 19:00:05.639 - PhaseOrchestrator_905c748e - NOTICE - All credits completed
2026-09-17 19:00:05.640 - system_controller - INFO - Received credits complete from 'timing_manager'
2026-09-17 19:00:05.639 - records_manager - INFO - Received CREDIT_PHASE_COMPLETE message, Phase complete: PhaseRecordsStats(phase=CreditPhase.PROFILING, phase_index=0, profiling_index=0, phase_name='profiling', phase_kind='profiling', start_ns=1789642492973288318, sent_end_ns=1789642792975201873, requests_end_ns=1789642805638432283, baseline_start_ns=1789642492973276446, baseline_end_ns=1789642805638441212, total_expected_requests=None, expected_duration_sec=None, expected_num_sessions=None, expected_grace_period_sec=None, final_requests_sent=None, final_requests_completed=240, final_requests_cancelled=0, final_request_errors=0, final_sent_sessions=None, final_completed_sessions=None, final_cancelled_sessions=None, timeout_triggered=True, grace_period_timeout_triggered=False, was_cancelled=False, records_end_ns=None, success_records=234, error_records=0)
2026-09-17 19:00:05.642 - records_manager - NOTICE - All requests have completed, please wait for the results to be processed (currently 234 of 240 records processed)...
2026-09-17 19:00:05.642 - records_manager - INFO - All credits complete, please wait for the results to be processed...
2026-09-17 19:00:05.647 - records_manager - INFO - Processed 240 valid requests and 0 errors (240 total).
2026-09-17 19:00:05.647 - records_manager - INFO - Received all records, processing now...
2026-09-17 19:00:05.648 - gpu_telemetry_manager - INFO - GPU Telemetry: Profiling complete, capturing final metrics...
2026-09-17 19:00:05.648 - records_manager - INFO - Waiting 2.0s for server metrics flush period...
2026-09-17 19:00:05.649 - server_metrics_manager - INFO - Server Metrics: Profiling complete, capturing final metrics...
2026-09-17 19:00:07.638 - records_manager - INFO - Processing records results...
2026-09-17 19:00:07.819 - system_controller - INFO - Waiting for result domains: server_metrics, telemetry
2026-09-17 19:00:07.820 - system_controller - INFO - Waiting for result domains: server_metrics
2026-09-17 19:00:08.154 - records_manager - INFO - _finalize_and_process_results completed
2026-09-17 19:00:08.164 - system_controller - INFO - All results received, initiating shutdown
2026-09-17 19:00:08.768 - ExporterManager - INFO - Exporting all records
2026-09-17 19:00:08.845 - ExporterManager - INFO - Exporting console data
