2026-09-17 18:49:35.275 - system_controller - INFO - Registered Worker Manager (id: 'worker_manager')
2026-09-17 18:49:35.286 - server_metrics_manager - INFO - Server Metrics: Discovered 1 endpoints: ['http://localhost:8000/metrics']
2026-09-17 18:49:35.303 - system_controller - INFO - Registered Server Metrics Manager (id: 'server_metrics_manager')
2026-09-17 18:49:35.308 - GPUTelemetryJSONLWriter_df627930 - INFO - GPU telemetry export enabled: /root/llm_perf/artifacts/20260917_184420_MiniMaxAI_MiniMax-M2.7_c1,4,16,32,64/profile_runs/trial_0001/concurrency_4/gpu_telemetry_export.jsonl
2026-09-17 18:49:35.314 - OTelMetricsResultsProcessor_5da6134a - INFO - Telemetry streaming is disabled (set --otel-url and/or --mlflow-tracking-uri to enable)
2026-09-17 18:49:35.315 - RecordExportJSONLWriter_8ed4f033 - INFO - Record metrics export enabled: /root/llm_perf/artifacts/20260917_184420_MiniMaxAI_MiniMax-M2.7_c1,4,16,32,64/profile_runs/trial_0001/concurrency_4/profile_export.jsonl
2026-09-17 18:49:35.320 - system_controller - INFO - Registered Record Processor (id: 'record_processor_031cdd62')
2026-09-17 18:49:35.337 - system_controller - INFO - Registered Records Manager (id: 'records_manager')
2026-09-17 18:49:35.385 - system_controller - INFO - Registered Gpu Telemetry Manager (id: 'gpu_telemetry_manager')
2026-09-17 18:49:35.401 - system_controller - INFO - Registered Dataset Manager (id: 'dataset_manager')
2026-09-17 18:49:35.408 - system_controller - INFO - Registered Timing Manager (id: 'timing_manager')
2026-09-17 18:49:35.429 - system_controller - INFO - Registered Worker (id: 'worker_c9ed72c1')
2026-09-17 18:49:35.430 - system_controller - INFO - Registered Worker (id: 'worker_18174b46')
2026-09-17 18:49:35.431 - system_controller - INFO - Registered Worker (id: 'worker_192e8182')
2026-09-17 18:49:35.433 - system_controller - INFO - Registered Worker (id: 'worker_1323b026')
2026-09-17 18:49:35.770 - system_controller - INFO - AIPerf System is CONFIGURING
2026-09-17 18:49:35.771 - system_controller - INFO - Configuring all services to start profiling
2026-09-17 18:49:35.771 - timing_manager - INFO - Waiting for dataset to be configured before configuring timing
2026-09-17 18:49:35.771 - InferenceResultParser_334f7870 - INFO - Tokenization is disabled for this endpoint, skipping tokenizer configuration
2026-09-17 18:49:35.772 - dataset_manager - INFO - Configuring tokenizer(s) for dataset manager
2026-09-17 18:49:35.781 - server_metrics_manager - INFO - Server Metrics: Capturing baseline metrics...
2026-09-17 18:49:35.783 - gpu_telemetry_manager - INFO - GPU Telemetry: Capturing baseline metrics from pynvml://localhost
2026-09-17 18:49:35.791 - pynvml_collector - INFO - PyNVML initialized with 1 GPU(s) (1 with GPM support)
2026-09-17 18:49:35.793 - http://localhost:8000/metrics - INFO - Skipping unsupported summary metric: http_request_size_bytes
2026-09-17 18:49:35.794 - http://localhost:8000/metrics - INFO - Skipping unsupported summary metric: http_response_size_bytes
2026-09-17 18:49:35.795 - system_controller - INFO - Server metrics enabled - 1/1 endpoint(s) reachable.
2026-09-17 18:49:35.796 - system_controller - INFO - Waiting for result domains: profile, server_metrics, telemetry
2026-09-17 18:49:35.801 - system_controller - INFO - DCGM telemetry enabled - 1/1 endpoint(s) reachable
2026-09-17 18:49:36.925 - httpx - INFO - HTTP Request: HEAD https://huggingface.co/MiniMaxAI/MiniMax-M2.7/resolve/main/config.json "HTTP/1.1 307 Temporary Redirect"
2026-09-17 18:49:36.966 - httpx - INFO - HTTP Request: HEAD https://huggingface.co/api/resolve-cache/models/MiniMaxAI/MiniMax-M2.7/d494266a4affc0d2995ba1fa35c8481cbd84294b/config.json?%2FMiniMaxAI%2FMiniMax-M2.7%2Fresolve%2Fmain%2Fconfig.json=&etag=%22ba213004c5c8e8a10e7d47b7453cdc31827c840b%22 "HTTP/1.1 200 OK"
2026-09-17 18:49:37.167 - httpx - INFO - HTTP Request: HEAD https://huggingface.co/MiniMaxAI/MiniMax-M2.7/resolve/main/tokenizer_config.json "HTTP/1.1 307 Temporary Redirect"
2026-09-17 18:49:37.173 - httpx - INFO - HTTP Request: HEAD https://huggingface.co/api/resolve-cache/models/MiniMaxAI/MiniMax-M2.7/d494266a4affc0d2995ba1fa35c8481cbd84294b/tokenizer_config.json?%2FMiniMaxAI%2FMiniMax-M2.7%2Fresolve%2Fmain%2Ftokenizer_config.json=&etag=%22ff8e2ebcbdb03324603c0a734e459ec9968096ae%22 "HTTP/1.1 200 OK"
2026-09-17 18:49:37.376 - httpx - INFO - HTTP Request: HEAD https://huggingface.co/MiniMaxAI/MiniMax-M2.7/resolve/main/tokenizer_config.json "HTTP/1.1 307 Temporary Redirect"
2026-09-17 18:49:37.382 - httpx - INFO - HTTP Request: HEAD https://huggingface.co/api/resolve-cache/models/MiniMaxAI/MiniMax-M2.7/d494266a4affc0d2995ba1fa35c8481cbd84294b/tokenizer_config.json?%2FMiniMaxAI%2FMiniMax-M2.7%2Fresolve%2Fmain%2Ftokenizer_config.json=&etag=%22ff8e2ebcbdb03324603c0a734e459ec9968096ae%22 "HTTP/1.1 200 OK"
2026-09-17 18:49:37.576 - httpx - INFO - HTTP Request: GET https://huggingface.co/api/models/MiniMaxAI/MiniMax-M2.7/tree/main/additional_chat_templates?recursive=false&expand=false "HTTP/1.1 404 Not Found"
2026-09-17 18:49:37.783 - httpx - INFO - HTTP Request: GET https://huggingface.co/api/models/MiniMaxAI/MiniMax-M2.7/tree/main?recursive=true&expand=false "HTTP/1.1 200 OK"
2026-09-17 18:49:38.627 - httpx - INFO - HTTP Request: GET https://huggingface.co/api/models/MiniMaxAI/MiniMax-M2.7 "HTTP/1.1 200 OK"
2026-09-17 18:49:38.670 - dataset_manager - INFO - Tokenizer(s) configured in 2.90 seconds
2026-09-17 18:49:38.671 - dataset_manager - INFO - Configuring dataset for dataset_manager
2026-09-17 18:49:39.024 - MemoryMapDatasetBackingStore_0e155a0f - INFO - Memory-mapped backing store initialized (streaming to /tmp/aiperf_mmap_4730e12f3f854ac8b77c42f96c2c02e4/dataset.dat)
2026-09-17 18:49:39.030 - MemoryMapDatasetBackingStore_0e155a0f - INFO - Data file finalized: 100 conversations, 0.52 MB
2026-09-17 18:49:39.032 - MemoryMapDatasetBackingStore_0e155a0f - INFO - Index file created: /tmp/aiperf_mmap_4730e12f3f854ac8b77c42f96c2c02e4/index.dat
2026-09-17 18:49:39.032 - dataset_manager - INFO - Backing store finalized: client_type=DatasetClientStoreType.MEMORY_MAP format=MemoryMapFormat.CONVERSATION data_file_path=PosixPath('/tmp/aiperf_mmap_4730e12f3f854ac8b77c42f96c2c02e4/dataset.dat') index_file_path=PosixPath('/tmp/aiperf_mmap_4730e12f3f854ac8b77c42f96c2c02e4/index.dat') conversation_count=100 total_size_bytes=543460 compressed=False compressed_data_file_path=None compressed_index_file_path=None compressed_size_bytes=0
2026-09-17 18:49:39.034 - dataset_manager - INFO - sampling strategy: sequential, unique conversations: 100, unique turn count: 100
2026-09-17 18:49:39.035 - dataset_manager - INFO - Generating inputs.json file at /root/llm_perf/artifacts/20260917_184420_MiniMaxAI_MiniMax-M2.7_c1,4,16,32,64/profile_runs/trial_0001/concurrency_4/inputs.json
2026-09-17 18:49:39.037 - PhaseOrchestrator_8ea6859d - INFO - Initialized 1 phase(s): ['Profiling']
2026-09-17 18:49:39.039 - dataset_manager - INFO - inputs.json file generated in 0.00 seconds
2026-09-17 18:49:39.101 - dataset_manager - INFO - Dataset client initialized and freed 100 conversations from memory
2026-09-17 18:49:39.102 - dataset_manager - INFO - Dataset configured in 0.43 seconds
2026-09-17 18:49:39.103 - system_controller - INFO - All services configured in 3.33 seconds
2026-09-17 18:49:39.103 - system_controller - INFO - AIPerf System is CONFIGURED
2026-09-17 18:49:39.104 - server_metrics_manager - INFO - Server Metrics: Started 1 collector(s) successfully
2026-09-17 18:49:39.105 - system_controller - INFO - All services started profiling successfully
2026-09-17 18:49:39.105 - system_controller - INFO - AIPerf System is PROFILING
2026-09-17 18:49:39.106 - RateTiming - INFO - Creating interval generator: pattern=concurrency_burst, rate=None, smoothness=None
2026-09-17 18:49:39.106 - PhaseRunner - NOTICE - Phase profiling (profiling) started | phase_index=0 | profiling_index=0 | target: 300.0s duration
2026-09-17 18:49:39.107 - PhaseRunner - INFO - Waiting for event 'profiling phase sending' with timeout of 299.999186782s
2026-09-17 18:49:39.107 - records_manager - INFO - Credit phase start: profiling
2026-09-17 18:54:39.106 - PhaseRunner - INFO - Timeout of 299.999186782s elapsed for event 'profiling phase sending'
2026-09-17 18:54:39.107 - PhaseRunner - NOTICE - Phase profiling (profiling) sending complete | sent=132, completed=128, in_flight=4 | sessions: sent=132, completed=128 | timeout_triggered=True
2026-09-17 18:54:39.107 - PhaseRunner - INFO - Waiting for event 'profiling phase credits returned' with timeout of 29.99888880200001s
2026-09-17 18:54:39.108 - records_manager - INFO - Sent 132 requests. Waiting for all to complete...
2026-09-17 18:54:44.915 - PhaseRunner - NOTICE - Phase profiling (profiling) complete | completed=132, cancelled=0, errors=0 | sessions: completed=132, cancelled=0 | elapsed=305.81s
2026-09-17 18:54:44.916 - PhaseOrchestrator_8ea6859d - NOTICE - All credits completed
2026-09-17 18:54:44.916 - system_controller - INFO - Received credits complete from 'timing_manager'
2026-09-17 18:54:44.916 - records_manager - INFO - Received CREDIT_PHASE_COMPLETE message, Phase complete: PhaseRecordsStats(phase=CreditPhase.PROFILING, phase_index=0, profiling_index=0, phase_name='profiling', phase_kind='profiling', start_ns=1789642179106801513, sent_end_ns=1789642479107091396, requests_end_ns=1789642484915358068, baseline_start_ns=1789642179106789001, baseline_end_ns=1789642484915365844, total_expected_requests=None, expected_duration_sec=None, expected_num_sessions=None, expected_grace_period_sec=None, final_requests_sent=None, final_requests_completed=132, final_requests_cancelled=0, final_request_errors=0, final_sent_sessions=None, final_completed_sessions=None, final_cancelled_sessions=None, timeout_triggered=True, grace_period_timeout_triggered=False, was_cancelled=False, records_end_ns=None, success_records=130, error_records=0)
2026-09-17 18:54:44.918 - records_manager - NOTICE - All requests have completed, please wait for the results to be processed (currently 130 of 132 records processed)...
2026-09-17 18:54:44.919 - records_manager - INFO - All credits complete, please wait for the results to be processed...
2026-09-17 18:54:44.922 - records_manager - INFO - Processed 132 valid requests and 0 errors (132 total).
2026-09-17 18:54:44.923 - records_manager - INFO - Received all records, processing now...
2026-09-17 18:54:44.923 - gpu_telemetry_manager - INFO - GPU Telemetry: Profiling complete, capturing final metrics...
2026-09-17 18:54:44.924 - records_manager - INFO - Waiting 2.0s for server metrics flush period...
2026-09-17 18:54:44.926 - server_metrics_manager - INFO - Server Metrics: Profiling complete, capturing final metrics...
2026-09-17 18:54:46.916 - records_manager - INFO - Processing records results...
2026-09-17 18:54:47.094 - system_controller - INFO - Waiting for result domains: server_metrics, telemetry
2026-09-17 18:54:47.094 - system_controller - INFO - Waiting for result domains: server_metrics
2026-09-17 18:54:47.447 - records_manager - INFO - _finalize_and_process_results completed
2026-09-17 18:54:47.451 - system_controller - INFO - All results received, initiating shutdown
2026-09-17 18:54:48.055 - ExporterManager - INFO - Exporting all records
2026-09-17 18:54:48.164 - ExporterManager - INFO - Exporting console data
