2026-09-16 17:17:25.524 - system_controller - INFO - Registered Worker Manager (id: 'worker_manager')
2026-09-16 17:17:25.535 - server_metrics_manager - INFO - Server Metrics: Discovered 1 endpoints: ['http://localhost:8000/metrics']
2026-09-16 17:17:25.536 - system_controller - INFO - Registered Dataset Manager (id: 'dataset_manager')
2026-09-16 17:17:25.541 - system_controller - INFO - Registered Gpu Telemetry Manager (id: 'gpu_telemetry_manager')
2026-09-16 17:17:25.549 - system_controller - INFO - Registered Server Metrics Manager (id: 'server_metrics_manager')
2026-09-16 17:17:25.556 - GPUTelemetryJSONLWriter_0c2645d8 - INFO - GPU telemetry export enabled: /root/llm_perf/artifacts/20260916_171715_google_gemma-4-E4B-it_c1,4,16,32,64,128,256/profile_runs/trial_0001/concurrency_1/gpu_telemetry_export.jsonl
2026-09-16 17:17:25.562 - OTelMetricsResultsProcessor_3023e4b0 - INFO - Telemetry streaming is disabled (set --otel-url and/or --mlflow-tracking-uri to enable)
2026-09-16 17:17:25.563 - RecordExportJSONLWriter_573fa40b - INFO - Record metrics export enabled: /root/llm_perf/artifacts/20260916_171715_google_gemma-4-E4B-it_c1,4,16,32,64,128,256/profile_runs/trial_0001/concurrency_1/profile_export.jsonl
2026-09-16 17:17:25.591 - system_controller - INFO - Registered Records Manager (id: 'records_manager')
2026-09-16 17:17:25.629 - system_controller - INFO - Registered Timing Manager (id: 'timing_manager')
2026-09-16 17:17:25.652 - system_controller - INFO - Registered Worker (id: 'worker_6c9e2711')
2026-09-16 17:17:25.669 - system_controller - INFO - Registered Record Processor (id: 'record_processor_8dc72772')
2026-09-16 17:17:26.018 - system_controller - INFO - AIPerf System is CONFIGURING
2026-09-16 17:17:26.019 - system_controller - INFO - Configuring all services to start profiling
2026-09-16 17:17:26.019 - timing_manager - INFO - Waiting for dataset to be configured before configuring timing
2026-09-16 17:17:26.019 - InferenceResultParser_dc8c3da1 - INFO - Tokenization is disabled for this endpoint, skipping tokenizer configuration
2026-09-16 17:17:26.020 - dataset_manager - INFO - Configuring tokenizer(s) for dataset manager
2026-09-16 17:17:26.027 - server_metrics_manager - INFO - Server Metrics: Capturing baseline metrics...
2026-09-16 17:17:26.030 - gpu_telemetry_manager - INFO - GPU Telemetry: Capturing baseline metrics from pynvml://localhost
2026-09-16 17:17:26.041 - pynvml_collector - INFO - PyNVML initialized with 1 GPU(s) (1 with GPM support)
2026-09-16 17:17:26.053 - system_controller - INFO - DCGM telemetry enabled - 1/1 endpoint(s) reachable
2026-09-16 17:17:26.054 - system_controller - INFO - Waiting for result domains: profile, server_metrics, telemetry
2026-09-16 17:17:26.080 - http://localhost:8000/metrics - INFO - Skipping unsupported summary metric: http_request_size_bytes
2026-09-16 17:17:26.080 - http://localhost:8000/metrics - INFO - Skipping unsupported summary metric: http_response_size_bytes
2026-09-16 17:17:26.082 - system_controller - INFO - Server metrics enabled - 1/1 endpoint(s) reachable.
2026-09-16 17:17:27.066 - httpx - INFO - HTTP Request: HEAD https://huggingface.co/google/gemma-4-E4B-it/resolve/main/config.json "HTTP/1.1 307 Temporary Redirect"
2026-09-16 17:17:27.107 - httpx - INFO - HTTP Request: HEAD https://huggingface.co/api/resolve-cache/models/google/gemma-4-E4B-it/ee0ef6023621cff504d758262d4e04895a5af4a2/config.json?%2Fgoogle%2Fgemma-4-E4B-it%2Fresolve%2Fmain%2Fconfig.json=&etag=%22d68960fdcce766f2bfe41436325a8a483a74d125%22 "HTTP/1.1 200 OK"
2026-09-16 17:17:27.322 - httpx - INFO - HTTP Request: HEAD https://huggingface.co/google/gemma-4-E4B-it/resolve/main/tokenizer_config.json "HTTP/1.1 307 Temporary Redirect"
2026-09-16 17:17:27.424 - httpx - INFO - HTTP Request: HEAD https://huggingface.co/api/resolve-cache/models/google/gemma-4-E4B-it/ee0ef6023621cff504d758262d4e04895a5af4a2/tokenizer_config.json?%2Fgoogle%2Fgemma-4-E4B-it%2Fresolve%2Fmain%2Ftokenizer_config.json=&etag=%226068e357379d36f823c377e30efb101fa2c67fe4%22 "HTTP/1.1 200 OK"
2026-09-16 17:17:27.627 - httpx - INFO - HTTP Request: GET https://huggingface.co/api/models/google/gemma-4-E4B-it/tree/main/additional_chat_templates?recursive=false&expand=false "HTTP/1.1 404 Not Found"
2026-09-16 17:17:27.831 - httpx - INFO - HTTP Request: GET https://huggingface.co/api/models/google/gemma-4-E4B-it/tree/main?recursive=true&expand=false "HTTP/1.1 200 OK"
2026-09-16 17:17:28.932 - httpx - INFO - HTTP Request: GET https://huggingface.co/api/models/google/gemma-4-E4B-it "HTTP/1.1 200 OK"
2026-09-16 17:17:28.966 - dataset_manager - INFO - Tokenizer(s) configured in 2.95 seconds
2026-09-16 17:17:28.967 - dataset_manager - INFO - Configuring dataset for dataset_manager
2026-09-16 17:17:29.286 - MemoryMapDatasetBackingStore_641da43a - INFO - Memory-mapped backing store initialized (streaming to /tmp/aiperf_mmap_b62ebf67d93d46ea80eb36f70eb96630/dataset.dat)
2026-09-16 17:17:29.292 - MemoryMapDatasetBackingStore_641da43a - INFO - Data file finalized: 100 conversations, 0.53 MB
2026-09-16 17:17:29.293 - MemoryMapDatasetBackingStore_641da43a - INFO - Index file created: /tmp/aiperf_mmap_b62ebf67d93d46ea80eb36f70eb96630/index.dat
2026-09-16 17:17:29.293 - dataset_manager - INFO - Backing store finalized: client_type=DatasetClientStoreType.MEMORY_MAP format=MemoryMapFormat.CONVERSATION data_file_path=PosixPath('/tmp/aiperf_mmap_b62ebf67d93d46ea80eb36f70eb96630/dataset.dat') index_file_path=PosixPath('/tmp/aiperf_mmap_b62ebf67d93d46ea80eb36f70eb96630/index.dat') conversation_count=100 total_size_bytes=553427 compressed=False compressed_data_file_path=None compressed_index_file_path=None compressed_size_bytes=0
2026-09-16 17:17:29.295 - dataset_manager - INFO - sampling strategy: sequential, unique conversations: 100, unique turn count: 100
2026-09-16 17:17:29.296 - dataset_manager - INFO - Generating inputs.json file at /root/llm_perf/artifacts/20260916_171715_google_gemma-4-E4B-it_c1,4,16,32,64,128,256/profile_runs/trial_0001/concurrency_1/inputs.json
2026-09-16 17:17:29.298 - PhaseOrchestrator_dbcc309f - INFO - Initialized 1 phase(s): ['Profiling']
2026-09-16 17:17:29.300 - dataset_manager - INFO - inputs.json file generated in 0.00 seconds
2026-09-16 17:17:29.377 - dataset_manager - INFO - Dataset client initialized and freed 100 conversations from memory
2026-09-16 17:17:29.378 - dataset_manager - INFO - Dataset configured in 0.41 seconds
2026-09-16 17:17:29.379 - system_controller - INFO - All services configured in 3.36 seconds
2026-09-16 17:17:29.379 - system_controller - INFO - AIPerf System is CONFIGURED
2026-09-16 17:17:29.380 - server_metrics_manager - INFO - Server Metrics: Started 1 collector(s) successfully
2026-09-16 17:17:29.381 - system_controller - INFO - All services started profiling successfully
2026-09-16 17:17:29.381 - system_controller - INFO - AIPerf System is PROFILING
2026-09-16 17:17:29.382 - RateTiming - INFO - Creating interval generator: pattern=concurrency_burst, rate=None, smoothness=None
2026-09-16 17:17:29.383 - PhaseRunner - NOTICE - Phase profiling (profiling) started | phase_index=0 | profiling_index=0 | target: 300.0s duration
2026-09-16 17:17:29.383 - PhaseRunner - INFO - Waiting for event 'profiling phase sending' with timeout of 299.999257566s
2026-09-16 17:17:29.384 - records_manager - INFO - Credit phase start: profiling
2026-09-16 17:22:29.382 - PhaseRunner - INFO - Timeout of 299.999257566s elapsed for event 'profiling phase sending'
2026-09-16 17:22:29.383 - PhaseRunner - NOTICE - Phase profiling (profiling) sending complete | sent=137, completed=136, in_flight=1 | sessions: sent=137, completed=136 | timeout_triggered=True
2026-09-16 17:22:29.383 - PhaseRunner - INFO - Waiting for event 'profiling phase credits returned' with timeout of 29.999127113999975s
2026-09-16 17:22:29.384 - records_manager - INFO - Sent 137 requests. Waiting for all to complete...
2026-09-16 17:22:30.741 - PhaseRunner - NOTICE - Phase profiling (profiling) complete | completed=137, cancelled=0, errors=0 | sessions: completed=137, cancelled=0 | elapsed=301.36s
2026-09-16 17:22:30.742 - PhaseOrchestrator_dbcc309f - NOTICE - All credits completed
2026-09-16 17:22:30.743 - system_controller - INFO - Received credits complete from 'timing_manager'
2026-09-16 17:22:30.742 - records_manager - INFO - Received CREDIT_PHASE_COMPLETE message, Phase complete: PhaseRecordsStats(phase=CreditPhase.PROFILING, phase_index=0, profiling_index=0, phase_name='profiling', phase_kind='profiling', start_ns=1789550249382972487, sent_end_ns=1789550549383073412, requests_end_ns=1789550550741663252, baseline_start_ns=1789550249382959271, baseline_end_ns=1789550550741669236, total_expected_requests=None, expected_duration_sec=None, expected_num_sessions=None, expected_grace_period_sec=None, final_requests_sent=None, final_requests_completed=137, final_requests_cancelled=0, final_request_errors=0, final_sent_sessions=None, final_completed_sessions=None, final_cancelled_sessions=None, timeout_triggered=True, grace_period_timeout_triggered=False, was_cancelled=False, records_end_ns=None, success_records=136, error_records=0)
2026-09-16 17:22:30.744 - records_manager - NOTICE - All requests have completed, please wait for the results to be processed (currently 136 of 137 records processed)...
2026-09-16 17:22:30.745 - records_manager - INFO - All credits complete, please wait for the results to be processed...
2026-09-16 17:22:30.746 - records_manager - INFO - Processed 137 valid requests and 0 errors (137 total).
2026-09-16 17:22:30.747 - records_manager - INFO - Received all records, processing now...
2026-09-16 17:22:30.747 - gpu_telemetry_manager - INFO - GPU Telemetry: Profiling complete, capturing final metrics...
2026-09-16 17:22:30.748 - records_manager - INFO - Waiting 2.0s for server metrics flush period...
2026-09-16 17:22:30.753 - server_metrics_manager - INFO - Server Metrics: Profiling complete, capturing final metrics...
2026-09-16 17:22:32.742 - records_manager - INFO - Processing records results...
2026-09-16 17:22:32.930 - system_controller - INFO - Waiting for result domains: server_metrics, telemetry
2026-09-16 17:22:32.931 - system_controller - INFO - Waiting for result domains: server_metrics
2026-09-16 17:22:33.262 - records_manager - INFO - _finalize_and_process_results completed
2026-09-16 17:22:33.267 - system_controller - INFO - All results received, initiating shutdown
2026-09-16 17:22:33.873 - ExporterManager - INFO - Exporting all records
2026-09-16 17:22:34.029 - ExporterManager - INFO - Exporting console data
