2026-09-16 23:46:10.644 - system_controller - INFO - Registered Worker Manager (id: 'worker_manager')
2026-09-16 23:46:10.658 - server_metrics_manager - INFO - Server Metrics: Discovered 1 endpoints: ['http://localhost:8000/metrics']
2026-09-16 23:46:10.674 - system_controller - INFO - Registered Server Metrics Manager (id: 'server_metrics_manager')
2026-09-16 23:46:10.677 - GPUTelemetryJSONLWriter_bdb784cb - INFO - GPU telemetry export enabled: /root/llm_perf/artifacts/20260916_234041_nvidia_NVIDIA-Nemotron-3.5-Lightning-30B-A3B-NVFP4_c1,4,16,32,64,128,256/profile_runs/trial_0001/concurrency_4/gpu_telemetry_export.jsonl
2026-09-16 23:46:10.683 - OTelMetricsResultsProcessor_d706a45f - INFO - Telemetry streaming is disabled (set --otel-url and/or --mlflow-tracking-uri to enable)
2026-09-16 23:46:10.684 - RecordExportJSONLWriter_2f6e7f1d - INFO - Record metrics export enabled: /root/llm_perf/artifacts/20260916_234041_nvidia_NVIDIA-Nemotron-3.5-Lightning-30B-A3B-NVFP4_c1,4,16,32,64,128,256/profile_runs/trial_0001/concurrency_4/profile_export.jsonl
2026-09-16 23:46:10.687 - system_controller - INFO - Registered Record Processor (id: 'record_processor_fe75defd')
2026-09-16 23:46:10.700 - system_controller - INFO - Registered Records Manager (id: 'records_manager')
2026-09-16 23:46:10.765 - system_controller - INFO - Registered Gpu Telemetry Manager (id: 'gpu_telemetry_manager')
2026-09-16 23:46:10.770 - system_controller - INFO - Registered Timing Manager (id: 'timing_manager')
2026-09-16 23:46:10.770 - system_controller - INFO - Registered Dataset Manager (id: 'dataset_manager')
2026-09-16 23:46:10.784 - system_controller - INFO - Registered Worker (id: 'worker_e670acb5')
2026-09-16 23:46:10.811 - system_controller - INFO - Registered Worker (id: 'worker_7b3df708')
2026-09-16 23:46:10.811 - system_controller - INFO - Registered Worker (id: 'worker_c9eab2ba')
2026-09-16 23:46:10.817 - system_controller - INFO - Registered Worker (id: 'worker_01867cf0')
2026-09-16 23:46:11.139 - system_controller - INFO - AIPerf System is CONFIGURING
2026-09-16 23:46:11.140 - system_controller - INFO - Configuring all services to start profiling
2026-09-16 23:46:11.140 - timing_manager - INFO - Waiting for dataset to be configured before configuring timing
2026-09-16 23:46:11.140 - InferenceResultParser_4e934bcc - INFO - Tokenization is disabled for this endpoint, skipping tokenizer configuration
2026-09-16 23:46:11.141 - dataset_manager - INFO - Configuring tokenizer(s) for dataset manager
2026-09-16 23:46:11.149 - server_metrics_manager - INFO - Server Metrics: Capturing baseline metrics...
2026-09-16 23:46:11.154 - gpu_telemetry_manager - INFO - GPU Telemetry: Capturing baseline metrics from pynvml://localhost
2026-09-16 23:46:11.162 - pynvml_collector - INFO - PyNVML initialized with 1 GPU(s) (1 with GPM support)
2026-09-16 23:46:11.163 - http://localhost:8000/metrics - INFO - Skipping unsupported summary metric: http_request_size_bytes
2026-09-16 23:46:11.164 - http://localhost:8000/metrics - INFO - Skipping unsupported summary metric: http_response_size_bytes
2026-09-16 23:46:11.165 - system_controller - INFO - Server metrics enabled - 1/1 endpoint(s) reachable.
2026-09-16 23:46:11.165 - system_controller - INFO - Waiting for result domains: profile, server_metrics, telemetry
2026-09-16 23:46:11.176 - system_controller - INFO - DCGM telemetry enabled - 1/1 endpoint(s) reachable
2026-09-16 23:46:12.325 - httpx - INFO - HTTP Request: HEAD https://huggingface.co/nvidia/NVIDIA-Nemotron-3.5-Lightning-30B-A3B-NVFP4/resolve/main/config.json "HTTP/1.1 307 Temporary Redirect"
2026-09-16 23:46:12.335 - httpx - INFO - HTTP Request: HEAD https://huggingface.co/api/resolve-cache/models/nvidia/NVIDIA-Nemotron-3.5-Lightning-30B-A3B-NVFP4/bee7596271d1495f6992ae224aefde4410e816b8/config.json?%2Fnvidia%2FNVIDIA-Nemotron-3.5-Lightning-30B-A3B-NVFP4%2Fresolve%2Fmain%2Fconfig.json=&etag=%22ec1c51734e6cc510664d8a989861644d1f4b60f9%22 "HTTP/1.1 200 OK"
2026-09-16 23:46:12.620 - httpx - INFO - HTTP Request: HEAD https://huggingface.co/nvidia/NVIDIA-Nemotron-3.5-Lightning-30B-A3B-NVFP4/resolve/main/tokenizer_config.json "HTTP/1.1 307 Temporary Redirect"
2026-09-16 23:46:12.630 - httpx - INFO - HTTP Request: HEAD https://huggingface.co/api/resolve-cache/models/nvidia/NVIDIA-Nemotron-3.5-Lightning-30B-A3B-NVFP4/bee7596271d1495f6992ae224aefde4410e816b8/tokenizer_config.json?%2Fnvidia%2FNVIDIA-Nemotron-3.5-Lightning-30B-A3B-NVFP4%2Fresolve%2Fmain%2Ftokenizer_config.json=&etag=%22c96e5ad00986bfa0b666d4bc425666f1c51d6d1b%22 "HTTP/1.1 200 OK"
2026-09-16 23:46:12.833 - httpx - INFO - HTTP Request: GET https://huggingface.co/api/models/nvidia/NVIDIA-Nemotron-3.5-Lightning-30B-A3B-NVFP4/tree/main/additional_chat_templates?recursive=false&expand=false "HTTP/1.1 404 Not Found"
2026-09-16 23:46:13.038 - httpx - INFO - HTTP Request: GET https://huggingface.co/api/models/nvidia/NVIDIA-Nemotron-3.5-Lightning-30B-A3B-NVFP4/tree/main?recursive=true&expand=false "HTTP/1.1 200 OK"
2026-09-16 23:46:14.212 - httpx - INFO - HTTP Request: GET https://huggingface.co/api/models/nvidia/NVIDIA-Nemotron-3.5-Lightning-30B-A3B-NVFP4 "HTTP/1.1 200 OK"
2026-09-16 23:46:14.280 - dataset_manager - INFO - Tokenizer(s) configured in 3.14 seconds
2026-09-16 23:46:14.280 - dataset_manager - INFO - Configuring dataset for dataset_manager
2026-09-16 23:46:14.614 - MemoryMapDatasetBackingStore_3afdf73f - INFO - Memory-mapped backing store initialized (streaming to /tmp/aiperf_mmap_cb7bca7f22154cb893de68f06bf6ea3b/dataset.dat)
2026-09-16 23:46:14.621 - MemoryMapDatasetBackingStore_3afdf73f - INFO - Data file finalized: 100 conversations, 0.49 MB
2026-09-16 23:46:14.623 - MemoryMapDatasetBackingStore_3afdf73f - INFO - Index file created: /tmp/aiperf_mmap_cb7bca7f22154cb893de68f06bf6ea3b/index.dat
2026-09-16 23:46:14.624 - dataset_manager - INFO - Backing store finalized: client_type=DatasetClientStoreType.MEMORY_MAP format=MemoryMapFormat.CONVERSATION data_file_path=PosixPath('/tmp/aiperf_mmap_cb7bca7f22154cb893de68f06bf6ea3b/dataset.dat') index_file_path=PosixPath('/tmp/aiperf_mmap_cb7bca7f22154cb893de68f06bf6ea3b/index.dat') conversation_count=100 total_size_bytes=517705 compressed=False compressed_data_file_path=None compressed_index_file_path=None compressed_size_bytes=0
2026-09-16 23:46:14.626 - dataset_manager - INFO - sampling strategy: sequential, unique conversations: 100, unique turn count: 100
2026-09-16 23:46:14.627 - dataset_manager - INFO - Generating inputs.json file at /root/llm_perf/artifacts/20260916_234041_nvidia_NVIDIA-Nemotron-3.5-Lightning-30B-A3B-NVFP4_c1,4,16,32,64,128,256/profile_runs/trial_0001/concurrency_4/inputs.json
2026-09-16 23:46:14.629 - PhaseOrchestrator_0e0e100b - INFO - Initialized 1 phase(s): ['Profiling']
2026-09-16 23:46:14.636 - dataset_manager - INFO - inputs.json file generated in 0.01 seconds
2026-09-16 23:46:14.718 - dataset_manager - INFO - Dataset client initialized and freed 100 conversations from memory
2026-09-16 23:46:14.719 - dataset_manager - INFO - Dataset configured in 0.44 seconds
2026-09-16 23:46:14.719 - system_controller - INFO - All services configured in 3.58 seconds
2026-09-16 23:46:14.720 - system_controller - INFO - AIPerf System is CONFIGURED
2026-09-16 23:46:14.721 - server_metrics_manager - INFO - Server Metrics: Started 1 collector(s) successfully
2026-09-16 23:46:14.722 - system_controller - INFO - All services started profiling successfully
2026-09-16 23:46:14.722 - system_controller - INFO - AIPerf System is PROFILING
2026-09-16 23:46:14.723 - RateTiming - INFO - Creating interval generator: pattern=concurrency_burst, rate=None, smoothness=None
2026-09-16 23:46:14.723 - PhaseRunner - NOTICE - Phase profiling (profiling) started | phase_index=0 | profiling_index=0 | target: 300.0s duration
2026-09-16 23:46:14.724 - PhaseRunner - INFO - Waiting for event 'profiling phase sending' with timeout of 299.99920124s
2026-09-16 23:46:14.725 - records_manager - INFO - Credit phase start: profiling
2026-09-16 23:51:14.723 - PhaseRunner - INFO - Timeout of 299.99920124s elapsed for event 'profiling phase sending'
2026-09-16 23:51:14.724 - PhaseRunner - NOTICE - Phase profiling (profiling) sending complete | sent=688, completed=684, in_flight=4 | sessions: sent=688, completed=684 | timeout_triggered=True
2026-09-16 23:51:14.725 - PhaseRunner - INFO - Waiting for event 'profiling phase credits returned' with timeout of 29.998823844000015s
2026-09-16 23:51:14.725 - records_manager - INFO - Sent 688 requests. Waiting for all to complete...
2026-09-16 23:51:16.167 - PhaseRunner - NOTICE - Phase profiling (profiling) complete | completed=688, cancelled=0, errors=0 | sessions: completed=688, cancelled=0 | elapsed=301.44s
2026-09-16 23:51:16.168 - PhaseOrchestrator_0e0e100b - NOTICE - All credits completed
2026-09-16 23:51:16.169 - system_controller - INFO - Received credits complete from 'timing_manager'
2026-09-16 23:51:16.169 - records_manager - INFO - Received CREDIT_PHASE_COMPLETE message, Phase complete: PhaseRecordsStats(phase=CreditPhase.PROFILING, phase_index=0, profiling_index=0, phase_name='profiling', phase_kind='profiling', start_ns=1789573574723932031, sent_end_ns=1789573874724113490, requests_end_ns=1789573876167555478, baseline_start_ns=1789573574723919647, baseline_end_ns=1789573876167563702, total_expected_requests=None, expected_duration_sec=None, expected_num_sessions=None, expected_grace_period_sec=None, final_requests_sent=None, final_requests_completed=688, final_requests_cancelled=0, final_request_errors=0, final_sent_sessions=None, final_completed_sessions=None, final_cancelled_sessions=None, timeout_triggered=True, grace_period_timeout_triggered=False, was_cancelled=False, records_end_ns=None, success_records=684, error_records=0)
2026-09-16 23:51:16.171 - records_manager - NOTICE - All requests have completed, please wait for the results to be processed (currently 684 of 688 records processed)...
2026-09-16 23:51:16.172 - records_manager - INFO - All credits complete, please wait for the results to be processed...
2026-09-16 23:51:16.178 - records_manager - INFO - Processed 688 valid requests and 0 errors (688 total).
2026-09-16 23:51:16.179 - records_manager - INFO - Received all records, processing now...
2026-09-16 23:51:16.180 - server_metrics_manager - INFO - Server Metrics: Profiling complete, capturing final metrics...
2026-09-16 23:51:16.180 - gpu_telemetry_manager - INFO - GPU Telemetry: Profiling complete, capturing final metrics...
2026-09-16 23:51:16.181 - records_manager - INFO - Waiting 2.0s for server metrics flush period...
2026-09-16 23:51:18.168 - records_manager - INFO - Processing records results...
2026-09-16 23:51:18.826 - system_controller - INFO - Waiting for result domains: server_metrics, telemetry
2026-09-16 23:51:18.827 - system_controller - INFO - Waiting for result domains: server_metrics
2026-09-16 23:51:19.129 - records_manager - INFO - _finalize_and_process_results completed
2026-09-16 23:51:19.134 - system_controller - INFO - All results received, initiating shutdown
2026-09-16 23:51:19.738 - ExporterManager - INFO - Exporting all records
2026-09-16 23:51:19.847 - ExporterManager - INFO - Exporting console data
