2026-09-16 23:08:27.123 - system_controller - INFO - Registered Worker Manager (id: 'worker_manager')
2026-09-16 23:08:27.135 - server_metrics_manager - INFO - Server Metrics: Discovered 1 endpoints: ['http://localhost:8000/metrics']
2026-09-16 23:08:27.150 - system_controller - INFO - Registered Dataset Manager (id: 'dataset_manager')
2026-09-16 23:08:27.155 - system_controller - INFO - Registered Server Metrics Manager (id: 'server_metrics_manager')
2026-09-16 23:08:27.156 - GPUTelemetryJSONLWriter_89c13527 - INFO - GPU telemetry export enabled: /root/llm_perf/artifacts/20260916_223047_nvidia_NVIDIA-Nemotron-3-Super-120B-A12B-NVFP4_c1,4,16,32,64,128/profile_runs/trial_0002/concurrency_4/gpu_telemetry_export.jsonl
2026-09-16 23:08:27.162 - OTelMetricsResultsProcessor_80852441 - INFO - Telemetry streaming is disabled (set --otel-url and/or --mlflow-tracking-uri to enable)
2026-09-16 23:08:27.163 - RecordExportJSONLWriter_9d11fbc7 - INFO - Record metrics export enabled: /root/llm_perf/artifacts/20260916_223047_nvidia_NVIDIA-Nemotron-3-Super-120B-A12B-NVFP4_c1,4,16,32,64,128/profile_runs/trial_0002/concurrency_4/profile_export.jsonl
2026-09-16 23:08:27.164 - system_controller - INFO - Registered Record Processor (id: 'record_processor_b2eb3f75')
2026-09-16 23:08:27.188 - system_controller - INFO - Registered Records Manager (id: 'records_manager')
2026-09-16 23:08:27.240 - system_controller - INFO - Registered Gpu Telemetry Manager (id: 'gpu_telemetry_manager')
2026-09-16 23:08:27.256 - system_controller - INFO - Registered Timing Manager (id: 'timing_manager')
2026-09-16 23:08:27.265 - system_controller - INFO - Registered Worker (id: 'worker_7405ae95')
2026-09-16 23:08:27.280 - system_controller - INFO - Registered Worker (id: 'worker_81206a63')
2026-09-16 23:08:27.280 - system_controller - INFO - Registered Worker (id: 'worker_d43286c0')
2026-09-16 23:08:27.280 - system_controller - INFO - Registered Worker (id: 'worker_5c5709cd')
2026-09-16 23:08:27.620 - system_controller - INFO - AIPerf System is CONFIGURING
2026-09-16 23:08:27.620 - system_controller - INFO - Configuring all services to start profiling
2026-09-16 23:08:27.621 - timing_manager - INFO - Waiting for dataset to be configured before configuring timing
2026-09-16 23:08:27.621 - InferenceResultParser_d47a297f - INFO - Tokenization is disabled for this endpoint, skipping tokenizer configuration
2026-09-16 23:08:27.621 - dataset_manager - INFO - Configuring tokenizer(s) for dataset manager
2026-09-16 23:08:27.630 - server_metrics_manager - INFO - Server Metrics: Capturing baseline metrics...
2026-09-16 23:08:27.631 - gpu_telemetry_manager - INFO - GPU Telemetry: Capturing baseline metrics from pynvml://localhost
2026-09-16 23:08:27.640 - pynvml_collector - INFO - PyNVML initialized with 1 GPU(s) (1 with GPM support)
2026-09-16 23:08:27.642 - http://localhost:8000/metrics - INFO - Skipping unsupported summary metric: http_request_size_bytes
2026-09-16 23:08:27.643 - http://localhost:8000/metrics - INFO - Skipping unsupported summary metric: http_response_size_bytes
2026-09-16 23:08:27.644 - system_controller - INFO - Server metrics enabled - 1/1 endpoint(s) reachable.
2026-09-16 23:08:27.644 - system_controller - INFO - Waiting for result domains: profile, server_metrics, telemetry
2026-09-16 23:08:27.654 - system_controller - INFO - DCGM telemetry enabled - 1/1 endpoint(s) reachable
2026-09-16 23:08:28.789 - httpx - INFO - HTTP Request: HEAD https://huggingface.co/nvidia/NVIDIA-Nemotron-3-Super-120B-A12B-NVFP4/resolve/main/config.json "HTTP/1.1 307 Temporary Redirect"
2026-09-16 23:08:28.796 - httpx - INFO - HTTP Request: HEAD https://huggingface.co/api/resolve-cache/models/nvidia/NVIDIA-Nemotron-3-Super-120B-A12B-NVFP4/ff433f5493e25d631c9f12b5d55c674229923d02/config.json?%2Fnvidia%2FNVIDIA-Nemotron-3-Super-120B-A12B-NVFP4%2Fresolve%2Fmain%2Fconfig.json=&etag=%2225fdfa00f468ad953fc5516aeab78a128332da1a%22 "HTTP/1.1 200 OK"
2026-09-16 23:08:29.494 - httpx - INFO - HTTP Request: HEAD https://huggingface.co/nvidia/NVIDIA-Nemotron-3-Super-120B-A12B-NVFP4/resolve/main/tokenizer_config.json "HTTP/1.1 307 Temporary Redirect"
2026-09-16 23:08:29.500 - httpx - INFO - HTTP Request: HEAD https://huggingface.co/api/resolve-cache/models/nvidia/NVIDIA-Nemotron-3-Super-120B-A12B-NVFP4/ff433f5493e25d631c9f12b5d55c674229923d02/tokenizer_config.json?%2Fnvidia%2FNVIDIA-Nemotron-3-Super-120B-A12B-NVFP4%2Fresolve%2Fmain%2Ftokenizer_config.json=&etag=%22c96e5ad00986bfa0b666d4bc425666f1c51d6d1b%22 "HTTP/1.1 200 OK"
2026-09-16 23:08:29.704 - httpx - INFO - HTTP Request: GET https://huggingface.co/api/models/nvidia/NVIDIA-Nemotron-3-Super-120B-A12B-NVFP4/tree/main/additional_chat_templates?recursive=false&expand=false "HTTP/1.1 404 Not Found"
2026-09-16 23:08:29.901 - httpx - INFO - HTTP Request: GET https://huggingface.co/api/models/nvidia/NVIDIA-Nemotron-3-Super-120B-A12B-NVFP4/tree/main?recursive=true&expand=false "HTTP/1.1 200 OK"
2026-09-16 23:08:30.856 - httpx - INFO - HTTP Request: GET https://huggingface.co/api/models/nvidia/NVIDIA-Nemotron-3-Super-120B-A12B-NVFP4 "HTTP/1.1 200 OK"
2026-09-16 23:08:31.037 - dataset_manager - INFO - Tokenizer(s) configured in 3.42 seconds
2026-09-16 23:08:31.038 - dataset_manager - INFO - Configuring dataset for dataset_manager
2026-09-16 23:08:31.382 - MemoryMapDatasetBackingStore_a9610816 - INFO - Memory-mapped backing store initialized (streaming to /tmp/aiperf_mmap_f800d5c160884065bbfe47e561aa22a4/dataset.dat)
2026-09-16 23:08:31.388 - MemoryMapDatasetBackingStore_a9610816 - INFO - Data file finalized: 100 conversations, 0.49 MB
2026-09-16 23:08:31.389 - MemoryMapDatasetBackingStore_a9610816 - INFO - Index file created: /tmp/aiperf_mmap_f800d5c160884065bbfe47e561aa22a4/index.dat
2026-09-16 23:08:31.389 - dataset_manager - INFO - Backing store finalized: client_type=DatasetClientStoreType.MEMORY_MAP format=MemoryMapFormat.CONVERSATION data_file_path=PosixPath('/tmp/aiperf_mmap_f800d5c160884065bbfe47e561aa22a4/dataset.dat') index_file_path=PosixPath('/tmp/aiperf_mmap_f800d5c160884065bbfe47e561aa22a4/index.dat') conversation_count=100 total_size_bytes=517305 compressed=False compressed_data_file_path=None compressed_index_file_path=None compressed_size_bytes=0
2026-09-16 23:08:31.391 - dataset_manager - INFO - sampling strategy: sequential, unique conversations: 100, unique turn count: 100
2026-09-16 23:08:31.392 - dataset_manager - INFO - Generating inputs.json file at /root/llm_perf/artifacts/20260916_223047_nvidia_NVIDIA-Nemotron-3-Super-120B-A12B-NVFP4_c1,4,16,32,64,128/profile_runs/trial_0002/concurrency_4/inputs.json
2026-09-16 23:08:31.394 - PhaseOrchestrator_2afe2360 - INFO - Initialized 1 phase(s): ['Profiling']
2026-09-16 23:08:31.398 - dataset_manager - INFO - inputs.json file generated in 0.00 seconds
2026-09-16 23:08:31.461 - dataset_manager - INFO - Dataset client initialized and freed 100 conversations from memory
2026-09-16 23:08:31.462 - dataset_manager - INFO - Dataset configured in 0.42 seconds
2026-09-16 23:08:31.462 - system_controller - INFO - All services configured in 3.84 seconds
2026-09-16 23:08:31.463 - system_controller - INFO - AIPerf System is CONFIGURED
2026-09-16 23:08:31.464 - server_metrics_manager - INFO - Server Metrics: Started 1 collector(s) successfully
2026-09-16 23:08:31.465 - system_controller - INFO - All services started profiling successfully
2026-09-16 23:08:31.465 - system_controller - INFO - AIPerf System is PROFILING
2026-09-16 23:08:31.465 - RateTiming - INFO - Creating interval generator: pattern=concurrency_burst, rate=None, smoothness=None
2026-09-16 23:08:31.466 - PhaseRunner - NOTICE - Phase profiling (profiling) started | phase_index=0 | profiling_index=0 | target: 300.0s duration
2026-09-16 23:08:31.467 - PhaseRunner - INFO - Waiting for event 'profiling phase sending' with timeout of 299.999335865s
2026-09-16 23:08:31.467 - records_manager - INFO - Credit phase start: profiling
2026-09-16 23:13:31.466 - PhaseRunner - INFO - Timeout of 299.999335865s elapsed for event 'profiling phase sending'
2026-09-16 23:13:31.467 - PhaseRunner - NOTICE - Phase profiling (profiling) sending complete | sent=360, completed=356, in_flight=4 | sessions: sent=360, completed=356 | timeout_triggered=True
2026-09-16 23:13:31.467 - PhaseRunner - INFO - Waiting for event 'profiling phase credits returned' with timeout of 29.998655358000008s
2026-09-16 23:13:31.467 - records_manager - INFO - Sent 360 requests. Waiting for all to complete...
2026-09-16 23:13:31.504 - PhaseRunner - NOTICE - Phase profiling (profiling) complete | completed=360, cancelled=0, errors=0 | sessions: completed=360, cancelled=0 | elapsed=300.04s
2026-09-16 23:13:31.505 - PhaseOrchestrator_2afe2360 - NOTICE - All credits completed
2026-09-16 23:13:31.506 - system_controller - INFO - Received credits complete from 'timing_manager'
2026-09-16 23:13:31.505 - records_manager - INFO - Received CREDIT_PHASE_COMPLETE message, Phase complete: PhaseRecordsStats(phase=CreditPhase.PROFILING, phase_index=0, profiling_index=0, phase_name='profiling', phase_kind='profiling', start_ns=1789571311466485545, sent_end_ns=1789571611467050692, requests_end_ns=1789571611504808784, baseline_start_ns=1789571311466473801, baseline_end_ns=1789571611504815632, total_expected_requests=None, expected_duration_sec=None, expected_num_sessions=None, expected_grace_period_sec=None, final_requests_sent=None, final_requests_completed=360, final_requests_cancelled=0, final_request_errors=0, final_sent_sessions=None, final_completed_sessions=None, final_cancelled_sessions=None, timeout_triggered=True, grace_period_timeout_triggered=False, was_cancelled=False, records_end_ns=None, success_records=357, error_records=0)
2026-09-16 23:13:31.508 - records_manager - NOTICE - All requests have completed, please wait for the results to be processed (currently 357 of 360 records processed)...
2026-09-16 23:13:31.508 - records_manager - INFO - All credits complete, please wait for the results to be processed...
2026-09-16 23:13:31.517 - records_manager - INFO - Processed 360 valid requests and 0 errors (360 total).
2026-09-16 23:13:31.517 - records_manager - INFO - Received all records, processing now...
2026-09-16 23:13:31.518 - server_metrics_manager - INFO - Server Metrics: Profiling complete, capturing final metrics...
2026-09-16 23:13:31.518 - gpu_telemetry_manager - INFO - GPU Telemetry: Profiling complete, capturing final metrics...
2026-09-16 23:13:31.518 - records_manager - INFO - Waiting 2.0s for server metrics flush period...
2026-09-16 23:13:33.505 - records_manager - INFO - Processing records results...
2026-09-16 23:13:33.850 - system_controller - INFO - Waiting for result domains: server_metrics, telemetry
2026-09-16 23:13:33.851 - system_controller - INFO - Waiting for result domains: server_metrics
2026-09-16 23:13:34.156 - records_manager - INFO - _finalize_and_process_results completed
2026-09-16 23:13:34.160 - system_controller - INFO - All results received, initiating shutdown
2026-09-16 23:13:34.763 - ExporterManager - INFO - Exporting all records
2026-09-16 23:13:34.871 - ExporterManager - INFO - Exporting console data
