2026-09-16 19:58:15.091 - system_controller - INFO - Registered Worker Manager (id: 'worker_manager')
2026-09-16 19:58:15.103 - server_metrics_manager - INFO - Server Metrics: Discovered 1 endpoints: ['http://localhost:8000/metrics']
2026-09-16 19:58:15.103 - system_controller - INFO - Registered Dataset Manager (id: 'dataset_manager')
2026-09-16 19:58:15.107 - system_controller - INFO - Registered Gpu Telemetry Manager (id: 'gpu_telemetry_manager')
2026-09-16 19:58:15.124 - GPUTelemetryJSONLWriter_4179c6cb - INFO - GPU telemetry export enabled: /root/llm_perf/artifacts/20260916_195805_ibm-granite_granite-4.2-30b_c1,4,16,32,64,128/profile_runs/trial_0001/concurrency_1/gpu_telemetry_export.jsonl
2026-09-16 19:58:15.128 - system_controller - INFO - Registered Server Metrics Manager (id: 'server_metrics_manager')
2026-09-16 19:58:15.130 - OTelMetricsResultsProcessor_b577d941 - INFO - Telemetry streaming is disabled (set --otel-url and/or --mlflow-tracking-uri to enable)
2026-09-16 19:58:15.131 - RecordExportJSONLWriter_8df5abfb - INFO - Record metrics export enabled: /root/llm_perf/artifacts/20260916_195805_ibm-granite_granite-4.2-30b_c1,4,16,32,64,128/profile_runs/trial_0001/concurrency_1/profile_export.jsonl
2026-09-16 19:58:15.155 - system_controller - INFO - Registered Records Manager (id: 'records_manager')
2026-09-16 19:58:15.199 - system_controller - INFO - Registered Timing Manager (id: 'timing_manager')
2026-09-16 19:58:15.212 - system_controller - INFO - Registered Worker (id: 'worker_2639d7d2')
2026-09-16 19:58:15.238 - system_controller - INFO - Registered Record Processor (id: 'record_processor_df6eab3a')
2026-09-16 19:58:15.586 - system_controller - INFO - AIPerf System is CONFIGURING
2026-09-16 19:58:15.586 - system_controller - INFO - Configuring all services to start profiling
2026-09-16 19:58:15.587 - timing_manager - INFO - Waiting for dataset to be configured before configuring timing
2026-09-16 19:58:15.587 - InferenceResultParser_56e926f3 - INFO - Tokenization is disabled for this endpoint, skipping tokenizer configuration
2026-09-16 19:58:15.588 - dataset_manager - INFO - Configuring tokenizer(s) for dataset manager
2026-09-16 19:58:15.595 - server_metrics_manager - INFO - Server Metrics: Capturing baseline metrics...
2026-09-16 19:58:15.598 - gpu_telemetry_manager - INFO - GPU Telemetry: Capturing baseline metrics from pynvml://localhost
2026-09-16 19:58:15.611 - pynvml_collector - INFO - PyNVML initialized with 1 GPU(s) (1 with GPM support)
2026-09-16 19:58:15.622 - system_controller - INFO - DCGM telemetry enabled - 1/1 endpoint(s) reachable
2026-09-16 19:58:15.622 - system_controller - INFO - Waiting for result domains: profile, server_metrics, telemetry
2026-09-16 19:58:15.650 - http://localhost:8000/metrics - INFO - Skipping unsupported summary metric: http_request_size_bytes
2026-09-16 19:58:15.650 - http://localhost:8000/metrics - INFO - Skipping unsupported summary metric: http_response_size_bytes
2026-09-16 19:58:15.651 - system_controller - INFO - Server metrics enabled - 1/1 endpoint(s) reachable.
2026-09-16 19:58:16.651 - httpx - INFO - HTTP Request: HEAD https://huggingface.co/ibm-granite/granite-4.2-30b/resolve/main/config.json "HTTP/1.1 307 Temporary Redirect"
2026-09-16 19:58:16.689 - httpx - INFO - HTTP Request: HEAD https://huggingface.co/api/resolve-cache/models/ibm-granite/granite-4.2-30b/9e668ce1c538387ef24d3644e9b0606647762636/config.json?%2Fibm-granite%2Fgranite-4.2-30b%2Fresolve%2Fmain%2Fconfig.json=&etag=%2244e67eb085e68158de41f04810c159ba73f04e0c%22 "HTTP/1.1 200 OK"
2026-09-16 19:58:16.888 - httpx - INFO - HTTP Request: HEAD https://huggingface.co/ibm-granite/granite-4.2-30b/resolve/main/tokenizer_config.json "HTTP/1.1 307 Temporary Redirect"
2026-09-16 19:58:16.894 - httpx - INFO - HTTP Request: HEAD https://huggingface.co/api/resolve-cache/models/ibm-granite/granite-4.2-30b/9e668ce1c538387ef24d3644e9b0606647762636/tokenizer_config.json?%2Fibm-granite%2Fgranite-4.2-30b%2Fresolve%2Fmain%2Ftokenizer_config.json=&etag=%2257e792da3e95fb4b48532fd6f477d35ebd479947%22 "HTTP/1.1 200 OK"
2026-09-16 19:58:17.091 - httpx - INFO - HTTP Request: HEAD https://huggingface.co/ibm-granite/granite-4.2-30b/resolve/main/tokenizer_config.json "HTTP/1.1 307 Temporary Redirect"
2026-09-16 19:58:17.097 - httpx - INFO - HTTP Request: HEAD https://huggingface.co/api/resolve-cache/models/ibm-granite/granite-4.2-30b/9e668ce1c538387ef24d3644e9b0606647762636/tokenizer_config.json?%2Fibm-granite%2Fgranite-4.2-30b%2Fresolve%2Fmain%2Ftokenizer_config.json=&etag=%2257e792da3e95fb4b48532fd6f477d35ebd479947%22 "HTTP/1.1 200 OK"
2026-09-16 19:58:17.326 - httpx - INFO - HTTP Request: GET https://huggingface.co/api/models/ibm-granite/granite-4.2-30b/tree/main/additional_chat_templates?recursive=false&expand=false "HTTP/1.1 404 Not Found"
2026-09-16 19:58:17.532 - httpx - INFO - HTTP Request: GET https://huggingface.co/api/models/ibm-granite/granite-4.2-30b/tree/main?recursive=true&expand=false "HTTP/1.1 200 OK"
2026-09-16 19:58:18.039 - httpx - INFO - HTTP Request: GET https://huggingface.co/api/models/ibm-granite/granite-4.2-30b "HTTP/1.1 200 OK"
2026-09-16 19:58:18.057 - dataset_manager - INFO - Tokenizer(s) configured in 2.47 seconds
2026-09-16 19:58:18.057 - dataset_manager - INFO - Configuring dataset for dataset_manager
2026-09-16 19:58:18.422 - MemoryMapDatasetBackingStore_04cbc740 - INFO - Memory-mapped backing store initialized (streaming to /tmp/aiperf_mmap_e47f5ac0d1244b92ab826b7a5f03fd0e/dataset.dat)
2026-09-16 19:58:18.428 - MemoryMapDatasetBackingStore_04cbc740 - INFO - Data file finalized: 100 conversations, 0.50 MB
2026-09-16 19:58:18.431 - MemoryMapDatasetBackingStore_04cbc740 - INFO - Index file created: /tmp/aiperf_mmap_e47f5ac0d1244b92ab826b7a5f03fd0e/index.dat
2026-09-16 19:58:18.431 - dataset_manager - INFO - Backing store finalized: client_type=DatasetClientStoreType.MEMORY_MAP format=MemoryMapFormat.CONVERSATION data_file_path=PosixPath('/tmp/aiperf_mmap_e47f5ac0d1244b92ab826b7a5f03fd0e/dataset.dat') index_file_path=PosixPath('/tmp/aiperf_mmap_e47f5ac0d1244b92ab826b7a5f03fd0e/index.dat') conversation_count=100 total_size_bytes=527966 compressed=False compressed_data_file_path=None compressed_index_file_path=None compressed_size_bytes=0
2026-09-16 19:58:18.433 - dataset_manager - INFO - sampling strategy: sequential, unique conversations: 100, unique turn count: 100
2026-09-16 19:58:18.434 - dataset_manager - INFO - Generating inputs.json file at /root/llm_perf/artifacts/20260916_195805_ibm-granite_granite-4.2-30b_c1,4,16,32,64,128/profile_runs/trial_0001/concurrency_1/inputs.json
2026-09-16 19:58:18.436 - PhaseOrchestrator_ebc74328 - INFO - Initialized 1 phase(s): ['Profiling']
2026-09-16 19:58:18.438 - dataset_manager - INFO - inputs.json file generated in 0.00 seconds
2026-09-16 19:58:18.502 - dataset_manager - INFO - Dataset client initialized and freed 100 conversations from memory
2026-09-16 19:58:18.502 - dataset_manager - INFO - Dataset configured in 0.44 seconds
2026-09-16 19:58:18.503 - system_controller - INFO - All services configured in 2.92 seconds
2026-09-16 19:58:18.503 - system_controller - INFO - AIPerf System is CONFIGURED
2026-09-16 19:58:18.504 - server_metrics_manager - INFO - Server Metrics: Started 1 collector(s) successfully
2026-09-16 19:58:18.505 - system_controller - INFO - All services started profiling successfully
2026-09-16 19:58:18.505 - system_controller - INFO - AIPerf System is PROFILING
2026-09-16 19:58:18.506 - RateTiming - INFO - Creating interval generator: pattern=concurrency_burst, rate=None, smoothness=None
2026-09-16 19:58:18.507 - PhaseRunner - NOTICE - Phase profiling (profiling) started | phase_index=0 | profiling_index=0 | target: 300.0s duration
2026-09-16 19:58:18.507 - PhaseRunner - INFO - Waiting for event 'profiling phase sending' with timeout of 299.999287866s
2026-09-16 19:58:18.508 - records_manager - INFO - Credit phase start: profiling
2026-09-16 20:03:18.506 - PhaseRunner - INFO - Timeout of 299.999287866s elapsed for event 'profiling phase sending'
2026-09-16 20:03:18.507 - PhaseRunner - NOTICE - Phase profiling (profiling) sending complete | sent=48, completed=47, in_flight=1 | sessions: sent=48, completed=47 | timeout_triggered=True
2026-09-16 20:03:18.507 - PhaseRunner - INFO - Waiting for event 'profiling phase credits returned' with timeout of 29.99916358600001s
2026-09-16 20:03:18.507 - records_manager - INFO - Sent 48 requests. Waiting for all to complete...
2026-09-16 20:03:21.717 - PhaseRunner - NOTICE - Phase profiling (profiling) complete | completed=48, cancelled=0, errors=0 | sessions: completed=48, cancelled=0 | elapsed=303.21s
2026-09-16 20:03:21.717 - PhaseOrchestrator_ebc74328 - NOTICE - All credits completed
2026-09-16 20:03:21.718 - system_controller - INFO - Received credits complete from 'timing_manager'
2026-09-16 20:03:21.718 - records_manager - INFO - Received CREDIT_PHASE_COMPLETE message, Phase complete: PhaseRecordsStats(phase=CreditPhase.PROFILING, phase_index=0, profiling_index=0, phase_name='profiling', phase_kind='profiling', start_ns=1789559898507005029, sent_end_ns=1789560198507080732, requests_end_ns=1789560201716923294, baseline_start_ns=1789559898506991045, baseline_end_ns=1789560201716929854, total_expected_requests=None, expected_duration_sec=None, expected_num_sessions=None, expected_grace_period_sec=None, final_requests_sent=None, final_requests_completed=48, final_requests_cancelled=0, final_request_errors=0, final_sent_sessions=None, final_completed_sessions=None, final_cancelled_sessions=None, timeout_triggered=True, grace_period_timeout_triggered=False, was_cancelled=False, records_end_ns=None, success_records=47, error_records=0)
2026-09-16 20:03:21.720 - records_manager - NOTICE - All requests have completed, please wait for the results to be processed (currently 47 of 48 records processed)...
2026-09-16 20:03:21.720 - records_manager - INFO - All credits complete, please wait for the results to be processed...
2026-09-16 20:03:21.722 - records_manager - INFO - Processed 48 valid requests and 0 errors (48 total).
2026-09-16 20:03:21.722 - records_manager - INFO - Received all records, processing now...
2026-09-16 20:03:21.723 - gpu_telemetry_manager - INFO - GPU Telemetry: Profiling complete, capturing final metrics...
2026-09-16 20:03:21.723 - records_manager - INFO - Waiting 2.0s for server metrics flush period...
2026-09-16 20:03:21.727 - server_metrics_manager - INFO - Server Metrics: Profiling complete, capturing final metrics...
2026-09-16 20:03:23.717 - records_manager - INFO - Processing records results...
2026-09-16 20:03:23.841 - system_controller - INFO - Waiting for result domains: server_metrics, telemetry
2026-09-16 20:03:23.842 - system_controller - INFO - Waiting for result domains: server_metrics
2026-09-16 20:03:24.172 - records_manager - INFO - _finalize_and_process_results completed
2026-09-16 20:03:24.177 - system_controller - INFO - All results received, initiating shutdown
2026-09-16 20:03:24.782 - ExporterManager - INFO - Exporting all records
2026-09-16 20:03:24.936 - ExporterManager - INFO - Exporting console data
