2026-09-16 16:07:08.928 - aiperf.cli_runner._multi_run - INFO - ================================================================================
2026-09-16 16:07:08.931 - aiperf.cli_runner._multi_run - INFO - Starting Multi-Run Benchmark
2026-09-16 16:07:08.931 - aiperf.cli_runner._multi_run - INFO -   Configurations: 6
2026-09-16 16:07:08.931 - aiperf.cli_runner._multi_run - INFO -   Trials per config: 2
2026-09-16 16:07:08.932 - aiperf.cli_runner._multi_run - INFO -   Total runs: 12
2026-09-16 16:07:08.932 - aiperf.cli_runner._multi_run - INFO -   Confidence level: 95%
2026-09-16 16:07:08.932 - aiperf.cli_runner._multi_run - INFO -   Cooldown between runs: 60.0s
2026-09-16 16:07:08.933 - aiperf.cli_runner._multi_run - INFO - ================================================================================
2026-09-16 16:07:08.933 - aiperf.cli_runner._multi_run - INFO -   Estimated duration: 4620s
2026-09-16 16:07:08.935 - aiperf.orchestrator.orchestrator - INFO - Starting multi-run benchmark (repeated): 2 trials x 6 variations
2026-09-16 16:07:08.935 - aiperf.orchestrator.orchestrator - INFO - [v0 t0] Executing run_0001...
2026-09-16 16:07:09.734 - aiperf.cli_runner._single_run - INFO - Starting AIPerf System
2026-09-16 16:07:09.743 - aiperf.config.resolution.resolvers - INFO - [OK] Tokenizer google/gemma-4-26B-A4B-it detected
2026-09-16 16:07:09.743 - aiperf.config.resolution.resolvers - INFO - 1 tokenizer validated | 0.0s
2026-09-16 16:07:09.744 - aiperf.config.resolution.resolvers - INFO - HF cache hit (skipping prefetch): ['google/gemma-4-26B-A4B-it']
2026-09-16 16:12:17.391 - aiperf.orchestrator.orchestrator - INFO - [v1 t0] Executing run_0001...
2026-09-16 16:12:18.195 - aiperf.cli_runner._single_run - INFO - Starting AIPerf System
2026-09-16 16:12:18.203 - aiperf.config.resolution.resolvers - INFO - [OK] Tokenizer google/gemma-4-26B-A4B-it detected
2026-09-16 16:12:18.204 - aiperf.config.resolution.resolvers - INFO - 1 tokenizer validated | 0.0s
2026-09-16 16:12:18.204 - aiperf.config.resolution.resolvers - INFO - HF cache hit (skipping prefetch): ['google/gemma-4-26B-A4B-it']
2026-09-16 16:17:26.956 - aiperf.orchestrator.orchestrator - INFO - [v2 t0] Executing run_0001...
2026-09-16 16:17:27.766 - aiperf.cli_runner._single_run - INFO - Starting AIPerf System
2026-09-16 16:17:27.774 - aiperf.config.resolution.resolvers - INFO - [OK] Tokenizer google/gemma-4-26B-A4B-it detected
2026-09-16 16:17:27.775 - aiperf.config.resolution.resolvers - INFO - 1 tokenizer validated | 0.0s
2026-09-16 16:17:27.775 - aiperf.config.resolution.resolvers - INFO - HF cache hit (skipping prefetch): ['google/gemma-4-26B-A4B-it']
2026-09-16 16:22:36.760 - aiperf.orchestrator.orchestrator - INFO - [v3 t0] Executing run_0001...
2026-09-16 16:22:37.554 - aiperf.cli_runner._single_run - INFO - Starting AIPerf System
2026-09-16 16:22:37.562 - aiperf.config.resolution.resolvers - INFO - [OK] Tokenizer google/gemma-4-26B-A4B-it detected
2026-09-16 16:22:37.563 - aiperf.config.resolution.resolvers - INFO - 1 tokenizer validated | 0.0s
2026-09-16 16:22:37.563 - aiperf.config.resolution.resolvers - INFO - HF cache hit (skipping prefetch): ['google/gemma-4-26B-A4B-it']
2026-09-16 16:27:47.467 - aiperf.orchestrator.orchestrator - INFO - [v4 t0] Executing run_0001...
2026-09-16 16:27:48.256 - aiperf.cli_runner._single_run - INFO - Starting AIPerf System
2026-09-16 16:27:48.265 - aiperf.config.resolution.resolvers - INFO - [OK] Tokenizer google/gemma-4-26B-A4B-it detected
2026-09-16 16:27:48.265 - aiperf.config.resolution.resolvers - INFO - 1 tokenizer validated | 0.0s
2026-09-16 16:27:48.266 - aiperf.config.resolution.resolvers - INFO - HF cache hit (skipping prefetch): ['google/gemma-4-26B-A4B-it']
2026-09-16 16:32:57.477 - aiperf.orchestrator.orchestrator - INFO - [v5 t0] Executing run_0001...
2026-09-16 16:32:58.253 - aiperf.cli_runner._single_run - INFO - Starting AIPerf System
2026-09-16 16:32:58.261 - aiperf.config.resolution.resolvers - INFO - [OK] Tokenizer google/gemma-4-26B-A4B-it detected
2026-09-16 16:32:58.262 - aiperf.config.resolution.resolvers - INFO - 1 tokenizer validated | 0.0s
2026-09-16 16:32:58.262 - aiperf.config.resolution.resolvers - INFO - HF cache hit (skipping prefetch): ['google/gemma-4-26B-A4B-it']
2026-09-16 16:38:15.146 - aiperf.orchestrator.orchestrator - INFO - Inter-trial cooldown: 60.0s
2026-09-16 16:39:15.207 - aiperf.orchestrator.orchestrator - INFO - [v0 t1] Executing run_0002...
2026-09-16 16:39:16.011 - aiperf.cli_runner._single_run - INFO - Starting AIPerf System
2026-09-16 16:39:16.019 - aiperf.config.resolution.resolvers - INFO - [OK] Tokenizer google/gemma-4-26B-A4B-it detected
2026-09-16 16:39:16.020 - aiperf.config.resolution.resolvers - INFO - 1 tokenizer validated | 0.0s
2026-09-16 16:39:16.020 - aiperf.config.resolution.resolvers - INFO - HF cache hit (skipping prefetch): ['google/gemma-4-26B-A4B-it']
2026-09-16 16:44:23.754 - aiperf.cli_runner._multi_run - INFO - 
                                                                                                                                 
  phases.profiling.concurrency   output_token_throughput   time_to_first_token   inter_token_latency   request_latency   trials  
 ━━━━━━━━━━━━━━━━━━━━━━━━━━━━━━━━━━━━━━━━━━━━━━━━━━━━━━━━━━━━━━━━━━━━━━━━━━━━━━━━━━━━━━━━━━━━━━━━━━━━━━━━━━━━━━━━━━━━━━━━━━━━━━━ 
                             1                                                                                                2  
                                                                                                                                 

2026-09-16 16:44:23.756 - aiperf.orchestrator.orchestrator - INFO - [v1 t1] Executing run_0002...
2026-09-16 16:44:24.569 - aiperf.cli_runner._single_run - INFO - Starting AIPerf System
2026-09-16 16:44:24.578 - aiperf.config.resolution.resolvers - INFO - [OK] Tokenizer google/gemma-4-26B-A4B-it detected
2026-09-16 16:44:24.578 - aiperf.config.resolution.resolvers - INFO - 1 tokenizer validated | 0.0s
2026-09-16 16:44:24.579 - aiperf.config.resolution.resolvers - INFO - HF cache hit (skipping prefetch): ['google/gemma-4-26B-A4B-it']
2026-09-16 16:49:33.456 - aiperf.cli_runner._multi_run - INFO - 
                                                                                                                                 
  phases.profiling.concurrency   output_token_throughput   time_to_first_token   inter_token_latency   request_latency   trials  
 ━━━━━━━━━━━━━━━━━━━━━━━━━━━━━━━━━━━━━━━━━━━━━━━━━━━━━━━━━━━━━━━━━━━━━━━━━━━━━━━━━━━━━━━━━━━━━━━━━━━━━━━━━━━━━━━━━━━━━━━━━━━━━━━ 
                             1                                                                                                2  
                             4                                                                                                2  
                                                                                                                                 

2026-09-16 16:49:33.459 - aiperf.orchestrator.orchestrator - INFO - [v2 t1] Executing run_0002...
2026-09-16 16:49:34.265 - aiperf.cli_runner._single_run - INFO - Starting AIPerf System
2026-09-16 16:49:34.274 - aiperf.config.resolution.resolvers - INFO - [OK] Tokenizer google/gemma-4-26B-A4B-it detected
2026-09-16 16:49:34.274 - aiperf.config.resolution.resolvers - INFO - 1 tokenizer validated | 0.0s
2026-09-16 16:49:34.275 - aiperf.config.resolution.resolvers - INFO - HF cache hit (skipping prefetch): ['google/gemma-4-26B-A4B-it']
2026-09-16 16:54:43.511 - aiperf.cli_runner._multi_run - INFO - 
                                                                                                                                 
  phases.profiling.concurrency   output_token_throughput   time_to_first_token   inter_token_latency   request_latency   trials  
 ━━━━━━━━━━━━━━━━━━━━━━━━━━━━━━━━━━━━━━━━━━━━━━━━━━━━━━━━━━━━━━━━━━━━━━━━━━━━━━━━━━━━━━━━━━━━━━━━━━━━━━━━━━━━━━━━━━━━━━━━━━━━━━━ 
                             1                                                                                                2  
                             4                                                                                                2  
                            16                                                                                                2  
                                                                                                                                 

2026-09-16 16:54:43.514 - aiperf.orchestrator.orchestrator - INFO - [v3 t1] Executing run_0002...
2026-09-16 16:54:44.294 - aiperf.cli_runner._single_run - INFO - Starting AIPerf System
2026-09-16 16:54:44.302 - aiperf.config.resolution.resolvers - INFO - [OK] Tokenizer google/gemma-4-26B-A4B-it detected
2026-09-16 16:54:44.303 - aiperf.config.resolution.resolvers - INFO - 1 tokenizer validated | 0.0s
2026-09-16 16:54:44.303 - aiperf.config.resolution.resolvers - INFO - HF cache hit (skipping prefetch): ['google/gemma-4-26B-A4B-it']
2026-09-16 16:59:54.895 - aiperf.cli_runner._multi_run - INFO - 
                                                                                                                                 
  phases.profiling.concurrency   output_token_throughput   time_to_first_token   inter_token_latency   request_latency   trials  
 ━━━━━━━━━━━━━━━━━━━━━━━━━━━━━━━━━━━━━━━━━━━━━━━━━━━━━━━━━━━━━━━━━━━━━━━━━━━━━━━━━━━━━━━━━━━━━━━━━━━━━━━━━━━━━━━━━━━━━━━━━━━━━━━ 
                             1                                                                                                2  
                             4                                                                                                2  
                            16                                                                                                2  
                            32                                                                                                2  
                                                                                                                                 

2026-09-16 16:59:54.897 - aiperf.orchestrator.orchestrator - INFO - [v4 t1] Executing run_0002...
2026-09-16 16:59:55.684 - aiperf.cli_runner._single_run - INFO - Starting AIPerf System
2026-09-16 16:59:55.692 - aiperf.config.resolution.resolvers - INFO - [OK] Tokenizer google/gemma-4-26B-A4B-it detected
2026-09-16 16:59:55.692 - aiperf.config.resolution.resolvers - INFO - 1 tokenizer validated | 0.0s
2026-09-16 16:59:55.693 - aiperf.config.resolution.resolvers - INFO - HF cache hit (skipping prefetch): ['google/gemma-4-26B-A4B-it']
2026-09-16 17:05:05.149 - aiperf.cli_runner._multi_run - INFO - 
                                                                                                                                 
  phases.profiling.concurrency   output_token_throughput   time_to_first_token   inter_token_latency   request_latency   trials  
 ━━━━━━━━━━━━━━━━━━━━━━━━━━━━━━━━━━━━━━━━━━━━━━━━━━━━━━━━━━━━━━━━━━━━━━━━━━━━━━━━━━━━━━━━━━━━━━━━━━━━━━━━━━━━━━━━━━━━━━━━━━━━━━━ 
                             1                                                                                                2  
                             4                                                                                                2  
                            16                                                                                                2  
                            32                                                                                                2  
                            64                                                                                                2  
                                                                                                                                 

2026-09-16 17:05:05.152 - aiperf.orchestrator.orchestrator - INFO - [v5 t1] Executing run_0002...
2026-09-16 17:05:05.931 - aiperf.cli_runner._single_run - INFO - Starting AIPerf System
2026-09-16 17:05:05.939 - aiperf.config.resolution.resolvers - INFO - [OK] Tokenizer google/gemma-4-26B-A4B-it detected
2026-09-16 17:05:05.940 - aiperf.config.resolution.resolvers - INFO - 1 tokenizer validated | 0.0s
2026-09-16 17:05:05.940 - aiperf.config.resolution.resolvers - INFO - HF cache hit (skipping prefetch): ['google/gemma-4-26B-A4B-it']
2026-09-16 17:10:22.804 - aiperf.cli_runner._multi_run - INFO - 
                                                                                                                                 
  phases.profiling.concurrency   output_token_throughput   time_to_first_token   inter_token_latency   request_latency   trials  
 ━━━━━━━━━━━━━━━━━━━━━━━━━━━━━━━━━━━━━━━━━━━━━━━━━━━━━━━━━━━━━━━━━━━━━━━━━━━━━━━━━━━━━━━━━━━━━━━━━━━━━━━━━━━━━━━━━━━━━━━━━━━━━━━ 
                             1                                                                                                2  
                             4                                                                                                2  
                            16                                                                                                2  
                            32                                                                                                2  
                            64                                                                                                2  
                           128                                                                                                2  
                                                                                                                                 

2026-09-16 17:10:22.807 - aiperf.orchestrator.orchestrator - INFO - Repeated mode complete: 12/12 runs successful
2026-09-16 17:10:22.808 - aiperf.cli_runner._multi_run - INFO - ================================================================================
2026-09-16 17:10:22.808 - aiperf.cli_runner._multi_run - INFO - ================================================================================
2026-09-16 17:10:22.809 - aiperf.cli_runner._multi_run - INFO - Computing aggregate statistics...
2026-09-16 17:10:23.018 - AggregateSweepJsonExporter - INFO - Exported aggregate data to: /root/llm_perf/artifacts/20260916_160706_google_gemma-4-26B-A4B-it_c1,4,16,32,64,128/aggregate/sweep_aggregate/profile_export_aiperf_sweep.json
2026-09-16 17:10:23.019 - AggregateSweepCsvExporter - INFO - Exported aggregate data to: /root/llm_perf/artifacts/20260916_160706_google_gemma-4-26B-A4B-it_c1,4,16,32,64,128/aggregate/sweep_aggregate/profile_export_aiperf_sweep.csv
2026-09-16 17:10:23.020 - AggregateConfidenceJsonExporter - INFO - Exported aggregate data to: /root/llm_perf/artifacts/20260916_160706_google_gemma-4-26B-A4B-it_c1,4,16,32,64,128/aggregate/concurrency_1/profile_export_aiperf_aggregate.json
2026-09-16 17:10:23.020 - aiperf.cli_runner._multi_run - INFO - Sweep aggregate JSON written to: /root/llm_perf/artifacts/20260916_160706_google_gemma-4-26B-A4B-it_c1,4,16,32,64,128/aggregate/sweep_aggregate/profile_export_aiperf_sweep.json
2026-09-16 17:10:23.021 - aiperf.cli_runner._multi_run - INFO - Sweep aggregate CSV written to: /root/llm_perf/artifacts/20260916_160706_google_gemma-4-26B-A4B-it_c1,4,16,32,64,128/aggregate/sweep_aggregate/profile_export_aiperf_sweep.csv
2026-09-16 17:10:23.021 - aiperf.cli_runner._multi_run - INFO - 
2026-09-16 17:10:23.021 - aiperf.cli_runner._multi_run - INFO - Best Configurations:
2026-09-16 17:10:23.022 - aiperf.cli_runner._multi_run - INFO -   Best throughput: concurrency=128 (14.10 requests/sec)
2026-09-16 17:10:23.022 - aiperf.cli_runner._multi_run - INFO -   Best latency (p99): concurrency=1 (43.82 ms)
2026-09-16 17:10:23.022 - aiperf.cli_runner._multi_run - INFO -   Pareto optimal points: [{'concurrency': 1}, {'concurrency': 4}, {'concurrency': 16}, {'concurrency': 32}, {'concurrency': 64}, {'concurrency': 128}]
2026-09-16 17:10:23.023 - AggregateConfidenceCsvExporter - INFO - Exported aggregate data to: /root/llm_perf/artifacts/20260916_160706_google_gemma-4-26B-A4B-it_c1,4,16,32,64,128/aggregate/concurrency_1/profile_export_aiperf_aggregate.csv
2026-09-16 17:10:23.024 - aiperf.cli_runner._multi_run - INFO - Per-variation aggregate (phases.profiling.concurrency=1) JSON: /root/llm_perf/artifacts/20260916_160706_google_gemma-4-26B-A4B-it_c1,4,16,32,64,128/aggregate/concurrency_1/profile_export_aiperf_aggregate.json; CSV: /root/llm_perf/artifacts/20260916_160706_google_gemma-4-26B-A4B-it_c1,4,16,32,64,128/aggregate/concurrency_1/profile_export_aiperf_aggregate.csv
2026-09-16 17:10:23.053 - AggregateConfidenceCsvExporter - INFO - Exported aggregate data to: /root/llm_perf/artifacts/20260916_160706_google_gemma-4-26B-A4B-it_c1,4,16,32,64,128/aggregate/concurrency_4/profile_export_aiperf_aggregate.csv
2026-09-16 17:10:23.053 - AggregateConfidenceJsonExporter - INFO - Exported aggregate data to: /root/llm_perf/artifacts/20260916_160706_google_gemma-4-26B-A4B-it_c1,4,16,32,64,128/aggregate/concurrency_4/profile_export_aiperf_aggregate.json
2026-09-16 17:10:23.054 - aiperf.cli_runner._multi_run - INFO - Per-variation aggregate (phases.profiling.concurrency=4) JSON: /root/llm_perf/artifacts/20260916_160706_google_gemma-4-26B-A4B-it_c1,4,16,32,64,128/aggregate/concurrency_4/profile_export_aiperf_aggregate.json; CSV: /root/llm_perf/artifacts/20260916_160706_google_gemma-4-26B-A4B-it_c1,4,16,32,64,128/aggregate/concurrency_4/profile_export_aiperf_aggregate.csv
2026-09-16 17:10:23.083 - AggregateConfidenceCsvExporter - INFO - Exported aggregate data to: /root/llm_perf/artifacts/20260916_160706_google_gemma-4-26B-A4B-it_c1,4,16,32,64,128/aggregate/concurrency_16/profile_export_aiperf_aggregate.csv
2026-09-16 17:10:23.084 - AggregateConfidenceJsonExporter - INFO - Exported aggregate data to: /root/llm_perf/artifacts/20260916_160706_google_gemma-4-26B-A4B-it_c1,4,16,32,64,128/aggregate/concurrency_16/profile_export_aiperf_aggregate.json
2026-09-16 17:10:23.084 - aiperf.cli_runner._multi_run - INFO - Per-variation aggregate (phases.profiling.concurrency=16) JSON: /root/llm_perf/artifacts/20260916_160706_google_gemma-4-26B-A4B-it_c1,4,16,32,64,128/aggregate/concurrency_16/profile_export_aiperf_aggregate.json; CSV: /root/llm_perf/artifacts/20260916_160706_google_gemma-4-26B-A4B-it_c1,4,16,32,64,128/aggregate/concurrency_16/profile_export_aiperf_aggregate.csv
2026-09-16 17:10:23.113 - AggregateConfidenceCsvExporter - INFO - Exported aggregate data to: /root/llm_perf/artifacts/20260916_160706_google_gemma-4-26B-A4B-it_c1,4,16,32,64,128/aggregate/concurrency_32/profile_export_aiperf_aggregate.csv
2026-09-16 17:10:23.114 - AggregateConfidenceJsonExporter - INFO - Exported aggregate data to: /root/llm_perf/artifacts/20260916_160706_google_gemma-4-26B-A4B-it_c1,4,16,32,64,128/aggregate/concurrency_32/profile_export_aiperf_aggregate.json
2026-09-16 17:10:23.114 - aiperf.cli_runner._multi_run - INFO - Per-variation aggregate (phases.profiling.concurrency=32) JSON: /root/llm_perf/artifacts/20260916_160706_google_gemma-4-26B-A4B-it_c1,4,16,32,64,128/aggregate/concurrency_32/profile_export_aiperf_aggregate.json; CSV: /root/llm_perf/artifacts/20260916_160706_google_gemma-4-26B-A4B-it_c1,4,16,32,64,128/aggregate/concurrency_32/profile_export_aiperf_aggregate.csv
2026-09-16 17:10:23.144 - AggregateConfidenceCsvExporter - INFO - Exported aggregate data to: /root/llm_perf/artifacts/20260916_160706_google_gemma-4-26B-A4B-it_c1,4,16,32,64,128/aggregate/concurrency_64/profile_export_aiperf_aggregate.csv
2026-09-16 17:10:23.144 - AggregateConfidenceJsonExporter - INFO - Exported aggregate data to: /root/llm_perf/artifacts/20260916_160706_google_gemma-4-26B-A4B-it_c1,4,16,32,64,128/aggregate/concurrency_64/profile_export_aiperf_aggregate.json
2026-09-16 17:10:23.145 - aiperf.cli_runner._multi_run - INFO - Per-variation aggregate (phases.profiling.concurrency=64) JSON: /root/llm_perf/artifacts/20260916_160706_google_gemma-4-26B-A4B-it_c1,4,16,32,64,128/aggregate/concurrency_64/profile_export_aiperf_aggregate.json; CSV: /root/llm_perf/artifacts/20260916_160706_google_gemma-4-26B-A4B-it_c1,4,16,32,64,128/aggregate/concurrency_64/profile_export_aiperf_aggregate.csv
2026-09-16 17:10:23.174 - AggregateConfidenceJsonExporter - INFO - Exported aggregate data to: /root/llm_perf/artifacts/20260916_160706_google_gemma-4-26B-A4B-it_c1,4,16,32,64,128/aggregate/concurrency_128/profile_export_aiperf_aggregate.json
2026-09-16 17:10:23.174 - AggregateConfidenceCsvExporter - INFO - Exported aggregate data to: /root/llm_perf/artifacts/20260916_160706_google_gemma-4-26B-A4B-it_c1,4,16,32,64,128/aggregate/concurrency_128/profile_export_aiperf_aggregate.csv
2026-09-16 17:10:23.175 - aiperf.cli_runner._multi_run - INFO - Per-variation aggregate (phases.profiling.concurrency=128) JSON: /root/llm_perf/artifacts/20260916_160706_google_gemma-4-26B-A4B-it_c1,4,16,32,64,128/aggregate/concurrency_128/profile_export_aiperf_aggregate.json; CSV: /root/llm_perf/artifacts/20260916_160706_google_gemma-4-26B-A4B-it_c1,4,16,32,64,128/aggregate/concurrency_128/profile_export_aiperf_aggregate.csv
