2026-09-16 19:15:22.155 - system_controller - INFO - Registered Worker Manager (id: 'worker_manager')
2026-09-16 19:15:22.166 - server_metrics_manager - INFO - Server Metrics: Discovered 1 endpoints: ['http://localhost:8000/metrics']
2026-09-16 19:15:22.177 - system_controller - INFO - Registered Gpu Telemetry Manager (id: 'gpu_telemetry_manager')
2026-09-16 19:15:22.181 - system_controller - INFO - Registered Dataset Manager (id: 'dataset_manager')
2026-09-16 19:15:22.185 - system_controller - INFO - Registered Server Metrics Manager (id: 'server_metrics_manager')
2026-09-16 19:15:22.188 - GPUTelemetryJSONLWriter_a1078724 - INFO - GPU telemetry export enabled: /root/llm_perf/artifacts/20260916_183753_google_gemma-4-E4B-it-qat-w4a16-ct_c1,4,16,32,64,128,256/profile_runs/trial_0002/concurrency_1/gpu_telemetry_export.jsonl
2026-09-16 19:15:22.194 - OTelMetricsResultsProcessor_cba7741d - INFO - Telemetry streaming is disabled (set --otel-url and/or --mlflow-tracking-uri to enable)
2026-09-16 19:15:22.195 - RecordExportJSONLWriter_424c6cb1 - INFO - Record metrics export enabled: /root/llm_perf/artifacts/20260916_183753_google_gemma-4-E4B-it-qat-w4a16-ct_c1,4,16,32,64,128,256/profile_runs/trial_0002/concurrency_1/profile_export.jsonl
2026-09-16 19:15:22.218 - system_controller - INFO - Registered Records Manager (id: 'records_manager')
2026-09-16 19:15:22.254 - system_controller - INFO - Registered Timing Manager (id: 'timing_manager')
2026-09-16 19:15:22.264 - system_controller - INFO - Registered Worker (id: 'worker_f98bec06')
2026-09-16 19:15:22.293 - system_controller - INFO - Registered Record Processor (id: 'record_processor_bf42e010')
2026-09-16 19:15:22.652 - system_controller - INFO - AIPerf System is CONFIGURING
2026-09-16 19:15:22.652 - system_controller - INFO - Configuring all services to start profiling
2026-09-16 19:15:22.653 - timing_manager - INFO - Waiting for dataset to be configured before configuring timing
2026-09-16 19:15:22.653 - InferenceResultParser_27feb5c8 - INFO - Tokenization is disabled for this endpoint, skipping tokenizer configuration
2026-09-16 19:15:22.653 - dataset_manager - INFO - Configuring tokenizer(s) for dataset manager
2026-09-16 19:15:22.661 - server_metrics_manager - INFO - Server Metrics: Capturing baseline metrics...
2026-09-16 19:15:22.664 - gpu_telemetry_manager - INFO - GPU Telemetry: Capturing baseline metrics from pynvml://localhost
2026-09-16 19:15:22.672 - pynvml_collector - INFO - PyNVML initialized with 1 GPU(s) (1 with GPM support)
2026-09-16 19:15:22.675 - http://localhost:8000/metrics - INFO - Skipping unsupported summary metric: http_request_size_bytes
2026-09-16 19:15:22.676 - http://localhost:8000/metrics - INFO - Skipping unsupported summary metric: http_response_size_bytes
2026-09-16 19:15:22.677 - system_controller - INFO - Server metrics enabled - 1/1 endpoint(s) reachable.
2026-09-16 19:15:22.677 - system_controller - INFO - Waiting for result domains: profile, server_metrics, telemetry
2026-09-16 19:15:22.682 - system_controller - INFO - DCGM telemetry enabled - 1/1 endpoint(s) reachable
2026-09-16 19:15:23.839 - httpx - INFO - HTTP Request: HEAD https://huggingface.co/google/gemma-4-E4B-it-qat-w4a16-ct/resolve/main/config.json "HTTP/1.1 307 Temporary Redirect"
2026-09-16 19:15:23.845 - httpx - INFO - HTTP Request: HEAD https://huggingface.co/api/resolve-cache/models/google/gemma-4-E4B-it-qat-w4a16-ct/6cd26aaa2357fb2bad8c51699a7558a4d1a965bb/config.json?%2Fgoogle%2Fgemma-4-E4B-it-qat-w4a16-ct%2Fresolve%2Fmain%2Fconfig.json=&etag=%22cc8c5ca64e33c073a961fc35777c38badb2efd52%22 "HTTP/1.1 200 OK"
2026-09-16 19:15:24.071 - httpx - INFO - HTTP Request: HEAD https://huggingface.co/google/gemma-4-E4B-it-qat-w4a16-ct/resolve/main/tokenizer_config.json "HTTP/1.1 307 Temporary Redirect"
2026-09-16 19:15:24.077 - httpx - INFO - HTTP Request: HEAD https://huggingface.co/api/resolve-cache/models/google/gemma-4-E4B-it-qat-w4a16-ct/6cd26aaa2357fb2bad8c51699a7558a4d1a965bb/tokenizer_config.json?%2Fgoogle%2Fgemma-4-E4B-it-qat-w4a16-ct%2Fresolve%2Fmain%2Ftokenizer_config.json=&etag=%22b22e2c5c05597a7e8c0cb1cebdb7d45570772005%22 "HTTP/1.1 200 OK"
2026-09-16 19:15:24.277 - httpx - INFO - HTTP Request: GET https://huggingface.co/api/models/google/gemma-4-E4B-it-qat-w4a16-ct/tree/main/additional_chat_templates?recursive=false&expand=false "HTTP/1.1 404 Not Found"
2026-09-16 19:15:24.480 - httpx - INFO - HTTP Request: GET https://huggingface.co/api/models/google/gemma-4-E4B-it-qat-w4a16-ct/tree/main?recursive=true&expand=false "HTTP/1.1 200 OK"
2026-09-16 19:15:25.613 - httpx - INFO - HTTP Request: GET https://huggingface.co/api/models/google/gemma-4-E4B-it-qat-w4a16-ct "HTTP/1.1 200 OK"
2026-09-16 19:15:25.641 - dataset_manager - INFO - Tokenizer(s) configured in 2.99 seconds
2026-09-16 19:15:25.642 - dataset_manager - INFO - Configuring dataset for dataset_manager
2026-09-16 19:15:25.954 - MemoryMapDatasetBackingStore_8e50a909 - INFO - Memory-mapped backing store initialized (streaming to /tmp/aiperf_mmap_7b0c9023c41f4ae59c2133d6ee33c848/dataset.dat)
2026-09-16 19:15:25.960 - MemoryMapDatasetBackingStore_8e50a909 - INFO - Data file finalized: 100 conversations, 0.53 MB
2026-09-16 19:15:25.961 - MemoryMapDatasetBackingStore_8e50a909 - INFO - Index file created: /tmp/aiperf_mmap_7b0c9023c41f4ae59c2133d6ee33c848/index.dat
2026-09-16 19:15:25.961 - dataset_manager - INFO - Backing store finalized: client_type=DatasetClientStoreType.MEMORY_MAP format=MemoryMapFormat.CONVERSATION data_file_path=PosixPath('/tmp/aiperf_mmap_7b0c9023c41f4ae59c2133d6ee33c848/dataset.dat') index_file_path=PosixPath('/tmp/aiperf_mmap_7b0c9023c41f4ae59c2133d6ee33c848/index.dat') conversation_count=100 total_size_bytes=554727 compressed=False compressed_data_file_path=None compressed_index_file_path=None compressed_size_bytes=0
2026-09-16 19:15:25.963 - dataset_manager - INFO - sampling strategy: sequential, unique conversations: 100, unique turn count: 100
2026-09-16 19:15:25.964 - dataset_manager - INFO - Generating inputs.json file at /root/llm_perf/artifacts/20260916_183753_google_gemma-4-E4B-it-qat-w4a16-ct_c1,4,16,32,64,128,256/profile_runs/trial_0002/concurrency_1/inputs.json
2026-09-16 19:15:25.966 - PhaseOrchestrator_e5af9059 - INFO - Initialized 1 phase(s): ['Profiling']
2026-09-16 19:15:25.967 - dataset_manager - INFO - inputs.json file generated in 0.00 seconds
2026-09-16 19:15:26.045 - dataset_manager - INFO - Dataset client initialized and freed 100 conversations from memory
2026-09-16 19:15:26.046 - dataset_manager - INFO - Dataset configured in 0.40 seconds
2026-09-16 19:15:26.046 - system_controller - INFO - All services configured in 3.39 seconds
2026-09-16 19:15:26.047 - system_controller - INFO - AIPerf System is CONFIGURED
2026-09-16 19:15:26.048 - server_metrics_manager - INFO - Server Metrics: Started 1 collector(s) successfully
2026-09-16 19:15:26.049 - system_controller - INFO - All services started profiling successfully
2026-09-16 19:15:26.049 - system_controller - INFO - AIPerf System is PROFILING
2026-09-16 19:15:26.050 - RateTiming - INFO - Creating interval generator: pattern=concurrency_burst, rate=None, smoothness=None
2026-09-16 19:15:26.050 - PhaseRunner - NOTICE - Phase profiling (profiling) started | phase_index=0 | profiling_index=0 | target: 300.0s duration
2026-09-16 19:15:26.051 - PhaseRunner - INFO - Waiting for event 'profiling phase sending' with timeout of 299.999245274s
2026-09-16 19:15:26.051 - records_manager - INFO - Credit phase start: profiling
2026-09-16 19:20:26.050 - PhaseRunner - INFO - Timeout of 299.999245274s elapsed for event 'profiling phase sending'
2026-09-16 19:20:26.051 - PhaseRunner - NOTICE - Phase profiling (profiling) sending complete | sent=114, completed=113, in_flight=1 | sessions: sent=114, completed=113 | timeout_triggered=True
2026-09-16 19:20:26.051 - PhaseRunner - INFO - Waiting for event 'profiling phase credits returned' with timeout of 29.999058596999987s
2026-09-16 19:20:26.051 - records_manager - INFO - Sent 114 requests. Waiting for all to complete...
2026-09-16 19:20:27.381 - PhaseRunner - NOTICE - Phase profiling (profiling) complete | completed=114, cancelled=0, errors=0 | sessions: completed=114, cancelled=0 | elapsed=301.33s
2026-09-16 19:20:27.381 - PhaseOrchestrator_e5af9059 - NOTICE - All credits completed
2026-09-16 19:20:27.382 - system_controller - INFO - Received credits complete from 'timing_manager'
2026-09-16 19:20:27.382 - records_manager - INFO - Received CREDIT_PHASE_COMPLETE message, Phase complete: PhaseRecordsStats(phase=CreditPhase.PROFILING, phase_index=0, profiling_index=0, phase_name='profiling', phase_kind='profiling', start_ns=1789557326050880964, sent_end_ns=1789557626051047065, requests_end_ns=1789557627380950207, baseline_start_ns=1789557326050867460, baseline_end_ns=1789557627380958783, total_expected_requests=None, expected_duration_sec=None, expected_num_sessions=None, expected_grace_period_sec=None, final_requests_sent=None, final_requests_completed=114, final_requests_cancelled=0, final_request_errors=0, final_sent_sessions=None, final_completed_sessions=None, final_cancelled_sessions=None, timeout_triggered=True, grace_period_timeout_triggered=False, was_cancelled=False, records_end_ns=None, success_records=113, error_records=0)
2026-09-16 19:20:27.384 - records_manager - NOTICE - All requests have completed, please wait for the results to be processed (currently 113 of 114 records processed)...
2026-09-16 19:20:27.384 - records_manager - INFO - All credits complete, please wait for the results to be processed...
2026-09-16 19:20:27.386 - records_manager - INFO - Processed 114 valid requests and 0 errors (114 total).
2026-09-16 19:20:27.387 - records_manager - INFO - Received all records, processing now...
2026-09-16 19:20:27.387 - gpu_telemetry_manager - INFO - GPU Telemetry: Profiling complete, capturing final metrics...
2026-09-16 19:20:27.387 - server_metrics_manager - INFO - Server Metrics: Profiling complete, capturing final metrics...
2026-09-16 19:20:27.388 - records_manager - INFO - Waiting 2.0s for server metrics flush period...
2026-09-16 19:20:29.381 - records_manager - INFO - Processing records results...
2026-09-16 19:20:29.549 - system_controller - INFO - Waiting for result domains: server_metrics, telemetry
2026-09-16 19:20:29.549 - system_controller - INFO - Waiting for result domains: server_metrics
2026-09-16 19:20:29.893 - records_manager - INFO - _finalize_and_process_results completed
2026-09-16 19:20:29.899 - system_controller - INFO - All results received, initiating shutdown
2026-09-16 19:20:30.527 - ExporterManager - INFO - Exporting all records
2026-09-16 19:20:30.641 - ExporterManager - INFO - Exporting console data
