2026-09-16 19:03:50.736 - system_controller - INFO - Registered Worker Manager (id: 'worker_manager')
2026-09-16 19:03:50.747 - server_metrics_manager - INFO - Server Metrics: Discovered 1 endpoints: ['http://localhost:8000/metrics']
2026-09-16 19:03:50.769 - GPUTelemetryJSONLWriter_b133725a - INFO - GPU telemetry export enabled: /root/llm_perf/artifacts/20260916_183753_google_gemma-4-E4B-it-qat-w4a16-ct_c1,4,16,32,64,128,256/profile_runs/trial_0001/concurrency_128/gpu_telemetry_export.jsonl
2026-09-16 19:03:50.776 - OTelMetricsResultsProcessor_dd72e55d - INFO - Telemetry streaming is disabled (set --otel-url and/or --mlflow-tracking-uri to enable)
2026-09-16 19:03:50.777 - RecordExportJSONLWriter_22466b45 - INFO - Record metrics export enabled: /root/llm_perf/artifacts/20260916_183753_google_gemma-4-E4B-it-qat-w4a16-ct_c1,4,16,32,64,128,256/profile_runs/trial_0001/concurrency_128/profile_export.jsonl
2026-09-16 19:03:50.864 - system_controller - INFO - Registered Gpu Telemetry Manager (id: 'gpu_telemetry_manager')
2026-09-16 19:03:50.866 - system_controller - INFO - Registered Dataset Manager (id: 'dataset_manager')
2026-09-16 19:03:50.869 - system_controller - INFO - Registered Record Processor (id: 'record_processor_491c442c')
2026-09-16 19:03:50.870 - system_controller - INFO - Registered Record Processor (id: 'record_processor_ce7e5b17')
2026-09-16 19:03:50.872 - system_controller - INFO - Registered Server Metrics Manager (id: 'server_metrics_manager')
2026-09-16 19:03:50.873 - system_controller - INFO - Registered Record Processor (id: 'record_processor_ec3dc8d1')
2026-09-16 19:03:50.873 - system_controller - INFO - Registered Record Processor (id: 'record_processor_408fe200')
2026-09-16 19:03:50.875 - system_controller - INFO - Registered Record Processor (id: 'record_processor_db013684')
2026-09-16 19:03:50.878 - system_controller - INFO - Registered Record Processor (id: 'record_processor_762eb596')
2026-09-16 19:03:50.880 - system_controller - INFO - Registered Record Processor (id: 'record_processor_3d25af0f')
2026-09-16 19:03:50.881 - system_controller - INFO - Registered Record Processor (id: 'record_processor_26e1eed9')
2026-09-16 19:03:50.898 - system_controller - INFO - Registered Records Manager (id: 'records_manager')
2026-09-16 19:03:50.956 - system_controller - INFO - Registered Timing Manager (id: 'timing_manager')
2026-09-16 19:03:50.970 - system_controller - INFO - Registered Worker (id: 'worker_c3c2c760')
2026-09-16 19:03:50.994 - system_controller - INFO - Registered Worker (id: 'worker_10769b2f')
2026-09-16 19:03:51.002 - system_controller - INFO - Registered Worker (id: 'worker_24b1e4e0')
2026-09-16 19:03:51.003 - system_controller - INFO - Registered Worker (id: 'worker_15a90c09')
2026-09-16 19:03:51.005 - system_controller - INFO - Registered Worker (id: 'worker_72a09535')
2026-09-16 19:03:51.013 - system_controller - INFO - Registered Worker (id: 'worker_cd56d7d1')
2026-09-16 19:03:51.014 - system_controller - INFO - Registered Worker (id: 'worker_d456bdb5')
2026-09-16 19:03:51.016 - system_controller - INFO - Registered Worker (id: 'worker_32ad9c17')
2026-09-16 19:03:51.018 - system_controller - INFO - Registered Worker (id: 'worker_8b301be8')
2026-09-16 19:03:51.018 - system_controller - INFO - Registered Worker (id: 'worker_38f304a6')
2026-09-16 19:03:51.019 - system_controller - INFO - Registered Worker (id: 'worker_8ce48976')
2026-09-16 19:03:51.019 - system_controller - INFO - Registered Worker (id: 'worker_a58263c2')
2026-09-16 19:03:51.020 - system_controller - INFO - Registered Worker (id: 'worker_fdbd9f29')
2026-09-16 19:03:51.025 - system_controller - INFO - Registered Worker (id: 'worker_b5a4ffb7')
2026-09-16 19:03:51.026 - system_controller - INFO - Registered Worker (id: 'worker_1960f20b')
2026-09-16 19:03:51.027 - system_controller - INFO - Registered Worker (id: 'worker_476ce927')
2026-09-16 19:03:51.027 - system_controller - INFO - Registered Worker (id: 'worker_2a90b0af')
2026-09-16 19:03:51.029 - system_controller - INFO - Registered Worker (id: 'worker_28838b82')
2026-09-16 19:03:51.031 - system_controller - INFO - Registered Worker (id: 'worker_24b6d2e0')
2026-09-16 19:03:51.033 - system_controller - INFO - Registered Worker (id: 'worker_d5735503')
2026-09-16 19:03:51.056 - system_controller - INFO - Registered Worker (id: 'worker_bbde680b')
2026-09-16 19:03:51.058 - system_controller - INFO - Registered Worker (id: 'worker_3b53c19d')
2026-09-16 19:03:51.067 - system_controller - INFO - Registered Worker (id: 'worker_839a320f')
2026-09-16 19:03:51.068 - system_controller - INFO - Registered Worker (id: 'worker_5198ef69')
2026-09-16 19:03:51.132 - system_controller - INFO - Registered Worker (id: 'worker_1bdb8554')
2026-09-16 19:03:51.150 - system_controller - INFO - Registered Worker (id: 'worker_7415d9f3')
2026-09-16 19:03:51.152 - system_controller - INFO - Registered Worker (id: 'worker_2741c753')
2026-09-16 19:03:51.154 - system_controller - INFO - Registered Worker (id: 'worker_9be0fc44')
2026-09-16 19:03:51.154 - system_controller - INFO - Registered Worker (id: 'worker_db6b4424')
2026-09-16 19:03:51.154 - system_controller - INFO - Registered Worker (id: 'worker_47972c35')
2026-09-16 19:03:51.155 - system_controller - INFO - Registered Worker (id: 'worker_be0575f8')
2026-09-16 19:03:51.155 - system_controller - INFO - Registered Worker (id: 'worker_74283602')
2026-09-16 19:03:51.232 - system_controller - INFO - AIPerf System is CONFIGURING
2026-09-16 19:03:51.232 - system_controller - INFO - Configuring all services to start profiling
2026-09-16 19:03:51.233 - timing_manager - INFO - Waiting for dataset to be configured before configuring timing
2026-09-16 19:03:51.233 - InferenceResultParser_34cc45f5 - INFO - Tokenization is disabled for this endpoint, skipping tokenizer configuration
2026-09-16 19:03:51.233 - InferenceResultParser_645bfc3a - INFO - Tokenization is disabled for this endpoint, skipping tokenizer configuration
2026-09-16 19:03:51.233 - InferenceResultParser_91251441 - INFO - Tokenization is disabled for this endpoint, skipping tokenizer configuration
2026-09-16 19:03:51.233 - InferenceResultParser_a8f72334 - INFO - Tokenization is disabled for this endpoint, skipping tokenizer configuration
2026-09-16 19:03:51.233 - InferenceResultParser_5ab3a51e - INFO - Tokenization is disabled for this endpoint, skipping tokenizer configuration
2026-09-16 19:03:51.233 - InferenceResultParser_fd52e1f9 - INFO - Tokenization is disabled for this endpoint, skipping tokenizer configuration
2026-09-16 19:03:51.233 - InferenceResultParser_fab432cf - INFO - Tokenization is disabled for this endpoint, skipping tokenizer configuration
2026-09-16 19:03:51.233 - InferenceResultParser_f0425106 - INFO - Tokenization is disabled for this endpoint, skipping tokenizer configuration
2026-09-16 19:03:51.234 - dataset_manager - INFO - Configuring tokenizer(s) for dataset manager
2026-09-16 19:03:51.242 - server_metrics_manager - INFO - Server Metrics: Capturing baseline metrics...
2026-09-16 19:03:51.244 - gpu_telemetry_manager - INFO - GPU Telemetry: Capturing baseline metrics from pynvml://localhost
2026-09-16 19:03:51.253 - pynvml_collector - INFO - PyNVML initialized with 1 GPU(s) (1 with GPM support)
2026-09-16 19:03:51.255 - http://localhost:8000/metrics - INFO - Skipping unsupported summary metric: http_request_size_bytes
2026-09-16 19:03:51.256 - http://localhost:8000/metrics - INFO - Skipping unsupported summary metric: http_response_size_bytes
2026-09-16 19:03:51.257 - system_controller - INFO - Server metrics enabled - 1/1 endpoint(s) reachable.
2026-09-16 19:03:51.258 - system_controller - INFO - Waiting for result domains: profile, server_metrics, telemetry
2026-09-16 19:03:51.268 - system_controller - INFO - DCGM telemetry enabled - 1/1 endpoint(s) reachable
2026-09-16 19:03:52.393 - httpx - INFO - HTTP Request: HEAD https://huggingface.co/google/gemma-4-E4B-it-qat-w4a16-ct/resolve/main/config.json "HTTP/1.1 307 Temporary Redirect"
2026-09-16 19:03:52.398 - httpx - INFO - HTTP Request: HEAD https://huggingface.co/api/resolve-cache/models/google/gemma-4-E4B-it-qat-w4a16-ct/6cd26aaa2357fb2bad8c51699a7558a4d1a965bb/config.json?%2Fgoogle%2Fgemma-4-E4B-it-qat-w4a16-ct%2Fresolve%2Fmain%2Fconfig.json=&etag=%22cc8c5ca64e33c073a961fc35777c38badb2efd52%22 "HTTP/1.1 200 OK"
2026-09-16 19:03:52.614 - httpx - INFO - HTTP Request: HEAD https://huggingface.co/google/gemma-4-E4B-it-qat-w4a16-ct/resolve/main/tokenizer_config.json "HTTP/1.1 307 Temporary Redirect"
2026-09-16 19:03:52.620 - httpx - INFO - HTTP Request: HEAD https://huggingface.co/api/resolve-cache/models/google/gemma-4-E4B-it-qat-w4a16-ct/6cd26aaa2357fb2bad8c51699a7558a4d1a965bb/tokenizer_config.json?%2Fgoogle%2Fgemma-4-E4B-it-qat-w4a16-ct%2Fresolve%2Fmain%2Ftokenizer_config.json=&etag=%22b22e2c5c05597a7e8c0cb1cebdb7d45570772005%22 "HTTP/1.1 200 OK"
2026-09-16 19:03:52.817 - httpx - INFO - HTTP Request: GET https://huggingface.co/api/models/google/gemma-4-E4B-it-qat-w4a16-ct/tree/main/additional_chat_templates?recursive=false&expand=false "HTTP/1.1 404 Not Found"
2026-09-16 19:03:53.015 - httpx - INFO - HTTP Request: GET https://huggingface.co/api/models/google/gemma-4-E4B-it-qat-w4a16-ct/tree/main?recursive=true&expand=false "HTTP/1.1 200 OK"
2026-09-16 19:03:54.134 - httpx - INFO - HTTP Request: GET https://huggingface.co/api/models/google/gemma-4-E4B-it-qat-w4a16-ct "HTTP/1.1 200 OK"
2026-09-16 19:03:54.166 - dataset_manager - INFO - Tokenizer(s) configured in 2.93 seconds
2026-09-16 19:03:54.167 - dataset_manager - INFO - Configuring dataset for dataset_manager
2026-09-16 19:03:54.474 - MemoryMapDatasetBackingStore_fecbf8e5 - INFO - Memory-mapped backing store initialized (streaming to /tmp/aiperf_mmap_ecfa06441c6f45adb617e5b47617ac93/dataset.dat)
2026-09-16 19:03:54.480 - MemoryMapDatasetBackingStore_fecbf8e5 - INFO - Data file finalized: 100 conversations, 0.53 MB
2026-09-16 19:03:54.481 - MemoryMapDatasetBackingStore_fecbf8e5 - INFO - Index file created: /tmp/aiperf_mmap_ecfa06441c6f45adb617e5b47617ac93/index.dat
2026-09-16 19:03:54.481 - dataset_manager - INFO - Backing store finalized: client_type=DatasetClientStoreType.MEMORY_MAP format=MemoryMapFormat.CONVERSATION data_file_path=PosixPath('/tmp/aiperf_mmap_ecfa06441c6f45adb617e5b47617ac93/dataset.dat') index_file_path=PosixPath('/tmp/aiperf_mmap_ecfa06441c6f45adb617e5b47617ac93/index.dat') conversation_count=100 total_size_bytes=552573 compressed=False compressed_data_file_path=None compressed_index_file_path=None compressed_size_bytes=0
2026-09-16 19:03:54.483 - dataset_manager - INFO - sampling strategy: sequential, unique conversations: 100, unique turn count: 100
2026-09-16 19:03:54.484 - dataset_manager - INFO - Generating inputs.json file at /root/llm_perf/artifacts/20260916_183753_google_gemma-4-E4B-it-qat-w4a16-ct_c1,4,16,32,64,128,256/profile_runs/trial_0001/concurrency_128/inputs.json
2026-09-16 19:03:54.486 - PhaseOrchestrator_3fe5d3a7 - INFO - Initialized 1 phase(s): ['Profiling']
2026-09-16 19:03:54.488 - dataset_manager - INFO - inputs.json file generated in 0.00 seconds
2026-09-16 19:03:54.568 - dataset_manager - INFO - Dataset client initialized and freed 100 conversations from memory
2026-09-16 19:03:54.569 - dataset_manager - INFO - Dataset configured in 0.40 seconds
2026-09-16 19:03:54.570 - system_controller - INFO - All services configured in 3.34 seconds
2026-09-16 19:03:54.570 - system_controller - INFO - AIPerf System is CONFIGURED
2026-09-16 19:03:54.571 - server_metrics_manager - INFO - Server Metrics: Started 1 collector(s) successfully
2026-09-16 19:03:54.572 - system_controller - INFO - All services started profiling successfully
2026-09-16 19:03:54.572 - system_controller - INFO - AIPerf System is PROFILING
2026-09-16 19:03:54.573 - RateTiming - INFO - Creating interval generator: pattern=concurrency_burst, rate=None, smoothness=None
2026-09-16 19:03:54.574 - PhaseRunner - NOTICE - Phase profiling (profiling) started | phase_index=0 | profiling_index=0 | target: 300.0s duration
2026-09-16 19:03:54.574 - PhaseRunner - INFO - Waiting for event 'profiling phase sending' with timeout of 299.999272762s
2026-09-16 19:03:54.575 - records_manager - INFO - Credit phase start: profiling
2026-09-16 19:08:54.573 - PhaseRunner - INFO - Timeout of 299.999272762s elapsed for event 'profiling phase sending'
2026-09-16 19:08:54.574 - PhaseRunner - NOTICE - Phase profiling (profiling) sending complete | sent=6,912, completed=6,784, in_flight=128 | sessions: sent=6,912, completed=6,784 | timeout_triggered=True
2026-09-16 19:08:54.574 - PhaseRunner - INFO - Waiting for event 'profiling phase credits returned' with timeout of 29.99905838699999s
2026-09-16 19:08:54.575 - records_manager - INFO - Sent 6,912 requests. Waiting for all to complete...
2026-09-16 19:08:54.751 - PhaseRunner - NOTICE - Phase profiling (profiling) complete | completed=6,912, cancelled=0, errors=0 | sessions: completed=6,912, cancelled=0 | elapsed=300.18s
2026-09-16 19:08:54.751 - PhaseOrchestrator_3fe5d3a7 - NOTICE - All credits completed
2026-09-16 19:08:54.752 - system_controller - INFO - Received credits complete from 'timing_manager'
2026-09-16 19:08:54.752 - records_manager - INFO - Received CREDIT_PHASE_COMPLETE message, Phase complete: PhaseRecordsStats(phase=CreditPhase.PROFILING, phase_index=0, profiling_index=0, phase_name='profiling', phase_kind='profiling', start_ns=1789556634573959668, sent_end_ns=1789556934574067417, requests_end_ns=1789556934750829856, baseline_start_ns=1789556634573945652, baseline_end_ns=1789556934750837920, total_expected_requests=None, expected_duration_sec=None, expected_num_sessions=None, expected_grace_period_sec=None, final_requests_sent=None, final_requests_completed=6912, final_requests_cancelled=0, final_request_errors=0, final_sent_sessions=None, final_completed_sessions=None, final_cancelled_sessions=None, timeout_triggered=True, grace_period_timeout_triggered=False, was_cancelled=False, records_end_ns=None, success_records=6851, error_records=0)
2026-09-16 19:08:54.754 - records_manager - NOTICE - All requests have completed, please wait for the results to be processed (currently 6,851 of 6,912 records processed)...
2026-09-16 19:08:54.755 - records_manager - INFO - All credits complete, please wait for the results to be processed...
2026-09-16 19:08:54.779 - records_manager - INFO - Processed 6912 valid requests and 0 errors (6912 total).
2026-09-16 19:08:54.780 - records_manager - INFO - Received all records, processing now...
2026-09-16 19:08:54.781 - gpu_telemetry_manager - INFO - GPU Telemetry: Profiling complete, capturing final metrics...
2026-09-16 19:08:54.781 - server_metrics_manager - INFO - Server Metrics: Profiling complete, capturing final metrics...
2026-09-16 19:08:54.781 - records_manager - INFO - Waiting 2.0s for server metrics flush period...
2026-09-16 19:08:56.751 - records_manager - INFO - Processing records results...
2026-09-16 19:08:57.563 - system_controller - INFO - Waiting for result domains: server_metrics, telemetry
2026-09-16 19:08:57.563 - system_controller - INFO - Waiting for result domains: server_metrics
2026-09-16 19:08:57.959 - records_manager - INFO - _finalize_and_process_results completed
2026-09-16 19:08:57.964 - system_controller - INFO - All results received, initiating shutdown
2026-09-16 19:08:58.592 - ExporterManager - INFO - Exporting all records
2026-09-16 19:08:58.700 - ExporterManager - INFO - Exporting console data
