2026-09-17 00:07:03.863 - system_controller - INFO - Registered Worker Manager (id: 'worker_manager')
2026-09-17 00:07:03.876 - server_metrics_manager - INFO - Server Metrics: Discovered 1 endpoints: ['http://localhost:8000/metrics']
2026-09-17 00:07:03.905 - GPUTelemetryJSONLWriter_50dd84ed - INFO - GPU telemetry export enabled: /root/llm_perf/artifacts/20260916_234041_nvidia_NVIDIA-Nemotron-3.5-Lightning-30B-A3B-NVFP4_c1,4,16,32,64,128,256/profile_runs/trial_0001/concurrency_128/gpu_telemetry_export.jsonl
2026-09-17 00:07:03.914 - OTelMetricsResultsProcessor_341da16c - INFO - Telemetry streaming is disabled (set --otel-url and/or --mlflow-tracking-uri to enable)
2026-09-17 00:07:03.916 - RecordExportJSONLWriter_43ed9b59 - INFO - Record metrics export enabled: /root/llm_perf/artifacts/20260916_234041_nvidia_NVIDIA-Nemotron-3.5-Lightning-30B-A3B-NVFP4_c1,4,16,32,64,128,256/profile_runs/trial_0001/concurrency_128/profile_export.jsonl
2026-09-17 00:07:04.020 - system_controller - INFO - Registered Server Metrics Manager (id: 'server_metrics_manager')
2026-09-17 00:07:04.023 - system_controller - INFO - Registered Gpu Telemetry Manager (id: 'gpu_telemetry_manager')
2026-09-17 00:07:04.024 - system_controller - INFO - Registered Dataset Manager (id: 'dataset_manager')
2026-09-17 00:07:04.032 - system_controller - INFO - Registered Record Processor (id: 'record_processor_b024b84f')
2026-09-17 00:07:04.033 - system_controller - INFO - Registered Record Processor (id: 'record_processor_2993bcdf')
2026-09-17 00:07:04.034 - system_controller - INFO - Registered Record Processor (id: 'record_processor_54001078')
2026-09-17 00:07:04.036 - system_controller - INFO - Registered Record Processor (id: 'record_processor_ed1165ff')
2026-09-17 00:07:04.040 - system_controller - INFO - Registered Record Processor (id: 'record_processor_d08f39b9')
2026-09-17 00:07:04.043 - system_controller - INFO - Registered Record Processor (id: 'record_processor_d51a28d5')
2026-09-17 00:07:04.046 - system_controller - INFO - Registered Records Manager (id: 'records_manager')
2026-09-17 00:07:04.047 - system_controller - INFO - Registered Record Processor (id: 'record_processor_f9f4b73a')
2026-09-17 00:07:04.048 - system_controller - INFO - Registered Record Processor (id: 'record_processor_02571e05')
2026-09-17 00:07:04.290 - system_controller - INFO - Registered Timing Manager (id: 'timing_manager')
2026-09-17 00:07:04.321 - system_controller - INFO - Registered Worker (id: 'worker_bb0ce271')
2026-09-17 00:07:04.323 - system_controller - INFO - Registered Worker (id: 'worker_7fe6abd6')
2026-09-17 00:07:04.323 - system_controller - INFO - Registered Worker (id: 'worker_f0f87a46')
2026-09-17 00:07:04.326 - system_controller - INFO - Registered Worker (id: 'worker_e2c24742')
2026-09-17 00:07:04.326 - system_controller - INFO - Registered Worker (id: 'worker_a96680d4')
2026-09-17 00:07:04.327 - system_controller - INFO - Registered Worker (id: 'worker_02dd3aaf')
2026-09-17 00:07:04.327 - system_controller - INFO - Registered Worker (id: 'worker_dfc93328')
2026-09-17 00:07:04.328 - system_controller - INFO - Registered Worker (id: 'worker_2b5bf1ed')
2026-09-17 00:07:04.333 - system_controller - INFO - Registered Worker (id: 'worker_d5179738')
2026-09-17 00:07:04.334 - system_controller - INFO - Registered Worker (id: 'worker_95bf74b6')
2026-09-17 00:07:04.342 - system_controller - INFO - Registered Worker (id: 'worker_97f310b0')
2026-09-17 00:07:04.346 - system_controller - INFO - Registered Worker (id: 'worker_c127da4d')
2026-09-17 00:07:04.346 - system_controller - INFO - Registered Worker (id: 'worker_adf07d1e')
2026-09-17 00:07:04.348 - system_controller - INFO - Registered Worker (id: 'worker_dd17e20c')
2026-09-17 00:07:04.356 - system_controller - INFO - AIPerf System is CONFIGURING
2026-09-17 00:07:04.357 - system_controller - INFO - Configuring all services to start profiling
2026-09-17 00:07:04.358 - system_controller - INFO - Registered Worker (id: 'worker_4001aca5')
2026-09-17 00:07:04.358 - timing_manager - INFO - Waiting for dataset to be configured before configuring timing
2026-09-17 00:07:04.358 - InferenceResultParser_dcbc20bb - INFO - Tokenization is disabled for this endpoint, skipping tokenizer configuration
2026-09-17 00:07:04.358 - InferenceResultParser_1fa2f6b8 - INFO - Tokenization is disabled for this endpoint, skipping tokenizer configuration
2026-09-17 00:07:04.358 - InferenceResultParser_f48609dd - INFO - Tokenization is disabled for this endpoint, skipping tokenizer configuration
2026-09-17 00:07:04.358 - InferenceResultParser_c9f9994c - INFO - Tokenization is disabled for this endpoint, skipping tokenizer configuration
2026-09-17 00:07:04.358 - InferenceResultParser_f5072a33 - INFO - Tokenization is disabled for this endpoint, skipping tokenizer configuration
2026-09-17 00:07:04.358 - InferenceResultParser_560facbc - INFO - Tokenization is disabled for this endpoint, skipping tokenizer configuration
2026-09-17 00:07:04.358 - InferenceResultParser_dd4ffec0 - INFO - Tokenization is disabled for this endpoint, skipping tokenizer configuration
2026-09-17 00:07:04.358 - InferenceResultParser_6999eb51 - INFO - Tokenization is disabled for this endpoint, skipping tokenizer configuration
2026-09-17 00:07:04.359 - dataset_manager - INFO - Configuring tokenizer(s) for dataset manager
2026-09-17 00:07:04.365 - system_controller - INFO - Registered Worker (id: 'worker_a1f8be43')
2026-09-17 00:07:04.369 - server_metrics_manager - INFO - Server Metrics: Capturing baseline metrics...
2026-09-17 00:07:04.372 - gpu_telemetry_manager - INFO - GPU Telemetry: Capturing baseline metrics from pynvml://localhost
2026-09-17 00:07:04.383 - pynvml_collector - INFO - PyNVML initialized with 1 GPU(s) (1 with GPM support)
2026-09-17 00:07:04.385 - http://localhost:8000/metrics - INFO - Skipping unsupported summary metric: http_request_size_bytes
2026-09-17 00:07:04.385 - http://localhost:8000/metrics - INFO - Skipping unsupported summary metric: http_response_size_bytes
2026-09-17 00:07:04.391 - system_controller - INFO - Server metrics enabled - 1/1 endpoint(s) reachable.
2026-09-17 00:07:04.392 - system_controller - INFO - Waiting for result domains: profile, server_metrics, telemetry
2026-09-17 00:07:04.393 - system_controller - INFO - Registered Worker (id: 'worker_5232358b')
2026-09-17 00:07:04.393 - system_controller - INFO - Registered Worker (id: 'worker_57471eaf')
2026-09-17 00:07:04.394 - system_controller - INFO - Registered Worker (id: 'worker_8ace6492')
2026-09-17 00:07:04.395 - system_controller - INFO - DCGM telemetry enabled - 1/1 endpoint(s) reachable
2026-09-17 00:07:04.403 - system_controller - INFO - Registered Worker (id: 'worker_829491e4')
2026-09-17 00:07:04.412 - system_controller - INFO - Registered Worker (id: 'worker_eb92d1a0')
2026-09-17 00:07:04.412 - system_controller - INFO - Registered Worker (id: 'worker_dd8b5581')
2026-09-17 00:07:04.415 - system_controller - INFO - Registered Worker (id: 'worker_dfafca06')
2026-09-17 00:07:04.425 - system_controller - INFO - Registered Worker (id: 'worker_7dc547f6')
2026-09-17 00:07:04.433 - system_controller - INFO - Registered Worker (id: 'worker_7df05909')
2026-09-17 00:07:04.458 - system_controller - INFO - Registered Worker (id: 'worker_db6d3124')
2026-09-17 00:07:04.467 - system_controller - INFO - Registered Worker (id: 'worker_fa9f6e69')
2026-09-17 00:07:04.471 - system_controller - INFO - Registered Worker (id: 'worker_32c25f8b')
2026-09-17 00:07:04.483 - system_controller - INFO - Registered Worker (id: 'worker_8d2f1753')
2026-09-17 00:07:04.489 - system_controller - INFO - Registered Worker (id: 'worker_240f819e')
2026-09-17 00:07:04.502 - system_controller - INFO - Registered Worker (id: 'worker_b0888e8a')
2026-09-17 00:07:04.512 - system_controller - INFO - Registered Worker (id: 'worker_a1d58f9f')
2026-09-17 00:07:15.611 - httpx - INFO - HTTP Request: HEAD https://huggingface.co/nvidia/NVIDIA-Nemotron-3.5-Lightning-30B-A3B-NVFP4/resolve/main/config.json "HTTP/1.1 307 Temporary Redirect"
2026-09-17 00:07:15.622 - httpx - INFO - HTTP Request: HEAD https://huggingface.co/api/resolve-cache/models/nvidia/NVIDIA-Nemotron-3.5-Lightning-30B-A3B-NVFP4/bee7596271d1495f6992ae224aefde4410e816b8/config.json?%2Fnvidia%2FNVIDIA-Nemotron-3.5-Lightning-30B-A3B-NVFP4%2Fresolve%2Fmain%2Fconfig.json=&etag=%22ec1c51734e6cc510664d8a989861644d1f4b60f9%22 "HTTP/1.1 200 OK"
2026-09-17 00:07:16.132 - httpx - INFO - HTTP Request: HEAD https://huggingface.co/nvidia/NVIDIA-Nemotron-3.5-Lightning-30B-A3B-NVFP4/resolve/main/tokenizer_config.json "HTTP/1.1 307 Temporary Redirect"
2026-09-17 00:07:16.142 - httpx - INFO - HTTP Request: HEAD https://huggingface.co/api/resolve-cache/models/nvidia/NVIDIA-Nemotron-3.5-Lightning-30B-A3B-NVFP4/bee7596271d1495f6992ae224aefde4410e816b8/tokenizer_config.json?%2Fnvidia%2FNVIDIA-Nemotron-3.5-Lightning-30B-A3B-NVFP4%2Fresolve%2Fmain%2Ftokenizer_config.json=&etag=%22c96e5ad00986bfa0b666d4bc425666f1c51d6d1b%22 "HTTP/1.1 200 OK"
2026-09-17 00:07:16.357 - httpx - INFO - HTTP Request: GET https://huggingface.co/api/models/nvidia/NVIDIA-Nemotron-3.5-Lightning-30B-A3B-NVFP4/tree/main/additional_chat_templates?recursive=false&expand=false "HTTP/1.1 404 Not Found"
2026-09-17 00:07:16.584 - httpx - INFO - HTTP Request: GET https://huggingface.co/api/models/nvidia/NVIDIA-Nemotron-3.5-Lightning-30B-A3B-NVFP4/tree/main?recursive=true&expand=false "HTTP/1.1 200 OK"
2026-09-17 00:07:17.754 - httpx - INFO - HTTP Request: GET https://huggingface.co/api/models/nvidia/NVIDIA-Nemotron-3.5-Lightning-30B-A3B-NVFP4 "HTTP/1.1 200 OK"
2026-09-17 00:07:17.845 - dataset_manager - INFO - Tokenizer(s) configured in 13.48 seconds
2026-09-17 00:07:17.845 - dataset_manager - INFO - Configuring dataset for dataset_manager
2026-09-17 00:07:18.185 - MemoryMapDatasetBackingStore_334a6c09 - INFO - Memory-mapped backing store initialized (streaming to /tmp/aiperf_mmap_2dca9297cf71459b93d46a69b7b5af16/dataset.dat)
2026-09-17 00:07:18.193 - MemoryMapDatasetBackingStore_334a6c09 - INFO - Data file finalized: 100 conversations, 0.50 MB
2026-09-17 00:07:18.195 - MemoryMapDatasetBackingStore_334a6c09 - INFO - Index file created: /tmp/aiperf_mmap_2dca9297cf71459b93d46a69b7b5af16/index.dat
2026-09-17 00:07:18.195 - dataset_manager - INFO - Backing store finalized: client_type=DatasetClientStoreType.MEMORY_MAP format=MemoryMapFormat.CONVERSATION data_file_path=PosixPath('/tmp/aiperf_mmap_2dca9297cf71459b93d46a69b7b5af16/dataset.dat') index_file_path=PosixPath('/tmp/aiperf_mmap_2dca9297cf71459b93d46a69b7b5af16/index.dat') conversation_count=100 total_size_bytes=520624 compressed=False compressed_data_file_path=None compressed_index_file_path=None compressed_size_bytes=0
2026-09-17 00:07:18.197 - dataset_manager - INFO - sampling strategy: sequential, unique conversations: 100, unique turn count: 100
2026-09-17 00:07:18.199 - dataset_manager - INFO - Generating inputs.json file at /root/llm_perf/artifacts/20260916_234041_nvidia_NVIDIA-Nemotron-3.5-Lightning-30B-A3B-NVFP4_c1,4,16,32,64,128,256/profile_runs/trial_0001/concurrency_128/inputs.json
2026-09-17 00:07:18.202 - PhaseOrchestrator_904278b3 - INFO - Initialized 1 phase(s): ['Profiling']
2026-09-17 00:07:18.202 - system_controller - WARNING - Received command response for service we were not expecting: worker_7df05909. Ignoring.
2026-09-17 00:07:18.204 - system_controller - WARNING - Received command response for service we were not expecting: worker_4001aca5. Ignoring.
2026-09-17 00:07:18.204 - system_controller - WARNING - Received command response for service we were not expecting: worker_db6d3124. Ignoring.
2026-09-17 00:07:18.209 - dataset_manager - INFO - inputs.json file generated in 0.01 seconds
2026-09-17 00:07:18.320 - dataset_manager - INFO - Dataset client initialized and freed 100 conversations from memory
2026-09-17 00:07:18.321 - dataset_manager - INFO - Dataset configured in 0.47 seconds
2026-09-17 00:07:18.322 - system_controller - INFO - All services configured in 13.96 seconds
2026-09-17 00:07:18.322 - system_controller - INFO - AIPerf System is CONFIGURED
2026-09-17 00:07:18.324 - server_metrics_manager - INFO - Server Metrics: Started 1 collector(s) successfully
2026-09-17 00:07:18.325 - system_controller - INFO - All services started profiling successfully
2026-09-17 00:07:18.326 - system_controller - INFO - AIPerf System is PROFILING
2026-09-17 00:07:18.327 - RateTiming - INFO - Creating interval generator: pattern=concurrency_burst, rate=None, smoothness=None
2026-09-17 00:07:18.328 - PhaseRunner - NOTICE - Phase profiling (profiling) started | phase_index=0 | profiling_index=0 | target: 300.0s duration
2026-09-17 00:07:18.329 - PhaseRunner - INFO - Waiting for event 'profiling phase sending' with timeout of 299.999022295s
2026-09-17 00:07:18.329 - records_manager - INFO - Credit phase start: profiling
2026-09-17 00:07:26.482 - EventLoopMonitor - WARNING - Event loop for worker_db6d3124 is taking too long to run. Overhead: 25.26ms
2026-09-17 00:12:18.329 - PhaseRunner - INFO - Timeout of 299.999022295s elapsed for event 'profiling phase sending'
2026-09-17 00:12:18.330 - PhaseRunner - NOTICE - Phase profiling (profiling) sending complete | sent=4,736, completed=4,608, in_flight=128 | sessions: sent=4,736, completed=4,608 | timeout_triggered=True
2026-09-17 00:12:18.332 - PhaseRunner - INFO - Waiting for event 'profiling phase credits returned' with timeout of 29.995691293999982s
2026-09-17 00:12:18.332 - records_manager - INFO - Sent 4,736 requests. Waiting for all to complete...
2026-09-17 00:12:19.150 - PhaseRunner - NOTICE - Phase profiling (profiling) complete | completed=4,736, cancelled=0, errors=0 | sessions: completed=4,736, cancelled=0 | elapsed=300.82s
2026-09-17 00:12:19.152 - PhaseOrchestrator_904278b3 - NOTICE - All credits completed
2026-09-17 00:12:19.154 - system_controller - INFO - Received credits complete from 'timing_manager'
2026-09-17 00:12:19.159 - records_manager - INFO - Received CREDIT_PHASE_COMPLETE message, Phase complete: PhaseRecordsStats(phase=CreditPhase.PROFILING, phase_index=0, profiling_index=0, phase_name='profiling', phase_kind='profiling', start_ns=1789574838328065736, sent_end_ns=1789575138330768159, requests_end_ns=1789575139150437449, baseline_start_ns=1789574838328047688, baseline_end_ns=1789575139150464969, total_expected_requests=None, expected_duration_sec=None, expected_num_sessions=None, expected_grace_period_sec=None, final_requests_sent=None, final_requests_completed=4736, final_requests_cancelled=0, final_request_errors=0, final_sent_sessions=None, final_completed_sessions=None, final_cancelled_sessions=None, timeout_triggered=True, grace_period_timeout_triggered=False, was_cancelled=False, records_end_ns=None, success_records=4688, error_records=0)
2026-09-17 00:12:19.162 - records_manager - NOTICE - All requests have completed, please wait for the results to be processed (currently 4,688 of 4,736 records processed)...
2026-09-17 00:12:19.170 - records_manager - INFO - All credits complete, please wait for the results to be processed...
2026-09-17 00:12:19.242 - records_manager - INFO - Processed 4736 valid requests and 0 errors (4736 total).
2026-09-17 00:12:19.242 - records_manager - INFO - Received all records, processing now...
2026-09-17 00:12:19.244 - records_manager - INFO - Waiting 1.9s for server metrics flush period...
2026-09-17 00:12:19.244 - server_metrics_manager - INFO - Server Metrics: Profiling complete, capturing final metrics...
2026-09-17 00:12:19.244 - gpu_telemetry_manager - INFO - GPU Telemetry: Profiling complete, capturing final metrics...
2026-09-17 00:12:21.151 - records_manager - INFO - Processing records results...
2026-09-17 00:12:25.058 - system_controller - INFO - Waiting for result domains: server_metrics, telemetry
2026-09-17 00:12:25.060 - system_controller - INFO - Waiting for result domains: server_metrics
2026-09-17 00:12:25.355 - records_manager - INFO - _finalize_and_process_results completed
2026-09-17 00:12:25.359 - system_controller - INFO - All results received, initiating shutdown
2026-09-17 00:12:25.970 - ExporterManager - INFO - Exporting all records
2026-09-17 00:12:26.083 - ExporterManager - INFO - Exporting console data
